Lint and Type Check	UNKNOWN STEP	﻿2025-08-21T04:31:46.3164017Z Current runner version: '2.328.0'
Lint and Type Check	UNKNOWN STEP	2025-08-21T04:31:46.3194810Z ##[group]Runner Image Provisioner
Lint and Type Check	UNKNOWN STEP	2025-08-21T04:31:46.3195999Z Hosted Compute Agent
Lint and Type Check	UNKNOWN STEP	2025-08-21T04:31:46.3196763Z Version: 20250818.377
Lint and Type Check	UNKNOWN STEP	2025-08-21T04:31:46.3197799Z Commit: 3c593e9f75fe0b87e893bca80d6e12ba089c61fc
Lint and Type Check	UNKNOWN STEP	2025-08-21T04:31:46.3198979Z Build Date: 2025-08-18T14:52:18Z
Lint and Type Check	UNKNOWN STEP	2025-08-21T04:31:46.3199835Z ##[endgroup]
Lint and Type Check	UNKNOWN STEP	2025-08-21T04:31:46.3200714Z ##[group]Operating System
Lint and Type Check	UNKNOWN STEP	2025-08-21T04:31:46.3201781Z Ubuntu
Lint and Type Check	UNKNOWN STEP	2025-08-21T04:31:46.3202603Z 24.04.2
Lint and Type Check	UNKNOWN STEP	2025-08-21T04:31:46.3203290Z LTS
Lint and Type Check	UNKNOWN STEP	2025-08-21T04:31:46.3203979Z ##[endgroup]
Lint and Type Check	UNKNOWN STEP	2025-08-21T04:31:46.3204750Z ##[group]Runner Image
Lint and Type Check	UNKNOWN STEP	2025-08-21T04:31:46.3205760Z Image: ubuntu-24.04
Lint and Type Check	UNKNOWN STEP	2025-08-21T04:31:46.3206544Z Version: 20250818.1.0
Lint and Type Check	UNKNOWN STEP	2025-08-21T04:31:46.3208224Z Included Software: https://github.com/actions/runner-images/blob/ubuntu24/20250818.1/images/ubuntu/Ubuntu2404-Readme.md
Lint and Type Check	UNKNOWN STEP	2025-08-21T04:31:46.3210779Z Image Release: https://github.com/actions/runner-images/releases/tag/ubuntu24%2F20250818.1
Lint and Type Check	UNKNOWN STEP	2025-08-21T04:31:46.3212753Z ##[endgroup]
Lint and Type Check	UNKNOWN STEP	2025-08-21T04:31:46.3214511Z ##[group]GITHUB_TOKEN Permissions
Lint and Type Check	UNKNOWN STEP	2025-08-21T04:31:46.3216983Z Contents: read
Lint and Type Check	UNKNOWN STEP	2025-08-21T04:31:46.3217827Z Metadata: read
Lint and Type Check	UNKNOWN STEP	2025-08-21T04:31:46.3218667Z Packages: read
Lint and Type Check	UNKNOWN STEP	2025-08-21T04:31:46.3219444Z ##[endgroup]
Lint and Type Check	UNKNOWN STEP	2025-08-21T04:31:46.3222813Z Secret source: Actions
Lint and Type Check	UNKNOWN STEP	2025-08-21T04:31:46.3224173Z Prepare workflow directory
Lint and Type Check	UNKNOWN STEP	2025-08-21T04:31:46.3754931Z Prepare all required actions
Lint and Type Check	UNKNOWN STEP	2025-08-21T04:31:46.3809251Z Getting action download info
Lint and Type Check	UNKNOWN STEP	2025-08-21T04:31:46.6190129Z Download action repository 'actions/checkout@v4' (SHA:08eba0b27e820071cde6df949e0beb9ba4906955)
Lint and Type Check	UNKNOWN STEP	2025-08-21T04:31:46.6913805Z Download action repository 'astral-sh/setup-uv@v3' (SHA:caf0cab7a618c569241d31dcd442f54681755d39)
Lint and Type Check	UNKNOWN STEP	2025-08-21T04:31:47.0696499Z Complete job name: Lint and Type Check
Lint and Type Check	UNKNOWN STEP	2025-08-21T04:31:47.1362748Z ##[group]Run actions/checkout@v4
Lint and Type Check	UNKNOWN STEP	2025-08-21T04:31:47.1363557Z with:
Lint and Type Check	UNKNOWN STEP	2025-08-21T04:31:47.1364024Z   repository: brightlikethelight/music21-mcp-server
Lint and Type Check	UNKNOWN STEP	2025-08-21T04:31:47.1364789Z   token: ***
Lint and Type Check	UNKNOWN STEP	2025-08-21T04:31:47.1365180Z   ssh-strict: true
Lint and Type Check	UNKNOWN STEP	2025-08-21T04:31:47.1365566Z   ssh-user: git
Lint and Type Check	UNKNOWN STEP	2025-08-21T04:31:47.1365952Z   persist-credentials: true
Lint and Type Check	UNKNOWN STEP	2025-08-21T04:31:47.1366427Z   clean: true
Lint and Type Check	UNKNOWN STEP	2025-08-21T04:31:47.1366820Z   sparse-checkout-cone-mode: true
Lint and Type Check	UNKNOWN STEP	2025-08-21T04:31:47.1367283Z   fetch-depth: 1
Lint and Type Check	UNKNOWN STEP	2025-08-21T04:31:47.1367657Z   fetch-tags: false
Lint and Type Check	UNKNOWN STEP	2025-08-21T04:31:47.1368045Z   show-progress: true
Lint and Type Check	UNKNOWN STEP	2025-08-21T04:31:47.1368426Z   lfs: false
Lint and Type Check	UNKNOWN STEP	2025-08-21T04:31:47.1368777Z   submodules: false
Lint and Type Check	UNKNOWN STEP	2025-08-21T04:31:47.1369169Z   set-safe-directory: true
Lint and Type Check	UNKNOWN STEP	2025-08-21T04:31:47.1369775Z env:
Lint and Type Check	UNKNOWN STEP	2025-08-21T04:31:47.1370139Z   PYTHON_VERSION: 3.11
Lint and Type Check	UNKNOWN STEP	2025-08-21T04:31:47.1370568Z   UV_CACHE_DIR: /tmp/.uv-cache
Lint and Type Check	UNKNOWN STEP	2025-08-21T04:31:47.1371011Z ##[endgroup]
Lint and Type Check	UNKNOWN STEP	2025-08-21T04:31:47.2449347Z Syncing repository: brightlikethelight/music21-mcp-server
Lint and Type Check	UNKNOWN STEP	2025-08-21T04:31:47.2452347Z ##[group]Getting Git version info
Lint and Type Check	UNKNOWN STEP	2025-08-21T04:31:47.2453722Z Working directory is '/home/runner/work/music21-mcp-server/music21-mcp-server'
Lint and Type Check	UNKNOWN STEP	2025-08-21T04:31:47.2455584Z [command]/usr/bin/git version
Lint and Type Check	UNKNOWN STEP	2025-08-21T04:31:47.2487584Z git version 2.51.0
Lint and Type Check	UNKNOWN STEP	2025-08-21T04:31:47.2515146Z ##[endgroup]
Lint and Type Check	UNKNOWN STEP	2025-08-21T04:31:47.2530164Z Temporarily overriding HOME='/home/runner/work/_temp/5d84f629-efd1-4976-8f2e-f1de24b52114' before making global git config changes
Lint and Type Check	UNKNOWN STEP	2025-08-21T04:31:47.2532816Z Adding repository directory to the temporary git global config as a safe directory
Lint and Type Check	UNKNOWN STEP	2025-08-21T04:31:47.2543658Z [command]/usr/bin/git config --global --add safe.directory /home/runner/work/music21-mcp-server/music21-mcp-server
Lint and Type Check	UNKNOWN STEP	2025-08-21T04:31:47.2576889Z Deleting the contents of '/home/runner/work/music21-mcp-server/music21-mcp-server'
Lint and Type Check	UNKNOWN STEP	2025-08-21T04:31:47.2580500Z ##[group]Initializing the repository
Lint and Type Check	UNKNOWN STEP	2025-08-21T04:31:47.2585741Z [command]/usr/bin/git init /home/runner/work/music21-mcp-server/music21-mcp-server
Lint and Type Check	UNKNOWN STEP	2025-08-21T04:31:47.2641496Z hint: Using 'master' as the name for the initial branch. This default branch name
Lint and Type Check	UNKNOWN STEP	2025-08-21T04:31:47.2643083Z hint: is subject to change. To configure the initial branch name to use in all
Lint and Type Check	UNKNOWN STEP	2025-08-21T04:31:47.2644600Z hint: of your new repositories, which will suppress this warning, call:
Lint and Type Check	UNKNOWN STEP	2025-08-21T04:31:47.2645465Z hint:
Lint and Type Check	UNKNOWN STEP	2025-08-21T04:31:47.2645942Z hint: 	git config --global init.defaultBranch <name>
Lint and Type Check	UNKNOWN STEP	2025-08-21T04:31:47.2646492Z hint:
Lint and Type Check	UNKNOWN STEP	2025-08-21T04:31:47.2647017Z hint: Names commonly chosen instead of 'master' are 'main', 'trunk' and
Lint and Type Check	UNKNOWN STEP	2025-08-21T04:31:47.2647867Z hint: 'development'. The just-created branch can be renamed via this command:
Lint and Type Check	UNKNOWN STEP	2025-08-21T04:31:47.2648532Z hint:
Lint and Type Check	UNKNOWN STEP	2025-08-21T04:31:47.2648902Z hint: 	git branch -m <name>
Lint and Type Check	UNKNOWN STEP	2025-08-21T04:31:47.2649385Z hint:
Lint and Type Check	UNKNOWN STEP	2025-08-21T04:31:47.2650065Z hint: Disable this message with "git config set advice.defaultBranchName false"
Lint and Type Check	UNKNOWN STEP	2025-08-21T04:31:47.2651125Z Initialized empty Git repository in /home/runner/work/music21-mcp-server/music21-mcp-server/.git/
Lint and Type Check	UNKNOWN STEP	2025-08-21T04:31:47.2656001Z [command]/usr/bin/git remote add origin https://github.com/brightlikethelight/music21-mcp-server
Lint and Type Check	UNKNOWN STEP	2025-08-21T04:31:47.2687156Z ##[endgroup]
Lint and Type Check	UNKNOWN STEP	2025-08-21T04:31:47.2687884Z ##[group]Disabling automatic garbage collection
Lint and Type Check	UNKNOWN STEP	2025-08-21T04:31:47.2691515Z [command]/usr/bin/git config --local gc.auto 0
Lint and Type Check	UNKNOWN STEP	2025-08-21T04:31:47.2718479Z ##[endgroup]
Lint and Type Check	UNKNOWN STEP	2025-08-21T04:31:47.2719124Z ##[group]Setting up auth
Lint and Type Check	UNKNOWN STEP	2025-08-21T04:31:47.2725660Z [command]/usr/bin/git config --local --name-only --get-regexp core\.sshCommand
Lint and Type Check	UNKNOWN STEP	2025-08-21T04:31:47.2754629Z [command]/usr/bin/git submodule foreach --recursive sh -c "git config --local --name-only --get-regexp 'core\.sshCommand' && git config --local --unset-all 'core.sshCommand' || :"
Lint and Type Check	UNKNOWN STEP	2025-08-21T04:31:47.3038292Z [command]/usr/bin/git config --local --name-only --get-regexp http\.https\:\/\/github\.com\/\.extraheader
Lint and Type Check	UNKNOWN STEP	2025-08-21T04:31:47.3072854Z [command]/usr/bin/git submodule foreach --recursive sh -c "git config --local --name-only --get-regexp 'http\.https\:\/\/github\.com\/\.extraheader' && git config --local --unset-all 'http.https://github.com/.extraheader' || :"
Lint and Type Check	UNKNOWN STEP	2025-08-21T04:31:47.3311026Z [command]/usr/bin/git config --local http.https://github.com/.extraheader AUTHORIZATION: basic ***
Lint and Type Check	UNKNOWN STEP	2025-08-21T04:31:47.3347090Z ##[endgroup]
Lint and Type Check	UNKNOWN STEP	2025-08-21T04:31:47.3348312Z ##[group]Fetching the repository
Lint and Type Check	UNKNOWN STEP	2025-08-21T04:31:47.3368833Z [command]/usr/bin/git -c protocol.version=2 fetch --no-tags --prune --no-recurse-submodules --depth=1 origin +9d8df043cf11fb0d04458db3b85ff4ca4514fbe1:refs/remotes/origin/main
Lint and Type Check	UNKNOWN STEP	2025-08-21T04:31:47.6663395Z From https://github.com/brightlikethelight/music21-mcp-server
Lint and Type Check	UNKNOWN STEP	2025-08-21T04:31:47.6665036Z  * [new ref]         9d8df043cf11fb0d04458db3b85ff4ca4514fbe1 -> origin/main
Lint and Type Check	UNKNOWN STEP	2025-08-21T04:31:47.6704660Z ##[endgroup]
Lint and Type Check	UNKNOWN STEP	2025-08-21T04:31:47.6705940Z ##[group]Determining the checkout info
Lint and Type Check	UNKNOWN STEP	2025-08-21T04:31:47.6708892Z ##[endgroup]
Lint and Type Check	UNKNOWN STEP	2025-08-21T04:31:47.6713995Z [command]/usr/bin/git sparse-checkout disable
Lint and Type Check	UNKNOWN STEP	2025-08-21T04:31:47.6757036Z [command]/usr/bin/git config --local --unset-all extensions.worktreeConfig
Lint and Type Check	UNKNOWN STEP	2025-08-21T04:31:47.6786274Z ##[group]Checking out the ref
Lint and Type Check	UNKNOWN STEP	2025-08-21T04:31:47.6790552Z [command]/usr/bin/git checkout --progress --force -B main refs/remotes/origin/main
Lint and Type Check	UNKNOWN STEP	2025-08-21T04:31:47.6965655Z Switched to a new branch 'main'
Lint and Type Check	UNKNOWN STEP	2025-08-21T04:31:47.6967561Z branch 'main' set up to track 'origin/main'.
Lint and Type Check	UNKNOWN STEP	2025-08-21T04:31:47.6974762Z ##[endgroup]
Lint and Type Check	UNKNOWN STEP	2025-08-21T04:31:47.7008228Z [command]/usr/bin/git log -1 --format=%H
Lint and Type Check	UNKNOWN STEP	2025-08-21T04:31:47.7029200Z 9d8df043cf11fb0d04458db3b85ff4ca4514fbe1
Lint and Type Check	UNKNOWN STEP	2025-08-21T04:31:47.7286390Z ##[group]Run astral-sh/setup-uv@v3
Lint and Type Check	UNKNOWN STEP	2025-08-21T04:31:47.7287470Z with:
Lint and Type Check	UNKNOWN STEP	2025-08-21T04:31:47.7288179Z   enable-cache: true
Lint and Type Check	UNKNOWN STEP	2025-08-21T04:31:47.7289110Z   cache-dependency-glob: **/pyproject.toml
Lint and Type Check	UNKNOWN STEP	2025-08-21T04:31:47.7290285Z   version: latest
Lint and Type Check	UNKNOWN STEP	2025-08-21T04:31:47.7291664Z   github-token: ***
Lint and Type Check	UNKNOWN STEP	2025-08-21T04:31:47.7292499Z   prune-cache: true
Lint and Type Check	UNKNOWN STEP	2025-08-21T04:31:47.7293273Z env:
Lint and Type Check	UNKNOWN STEP	2025-08-21T04:31:47.7293956Z   PYTHON_VERSION: 3.11
Lint and Type Check	UNKNOWN STEP	2025-08-21T04:31:47.7294822Z   UV_CACHE_DIR: /tmp/.uv-cache
Lint and Type Check	UNKNOWN STEP	2025-08-21T04:31:47.7295755Z ##[endgroup]
Lint and Type Check	UNKNOWN STEP	2025-08-21T04:31:47.8885827Z Downloading uv from "https://github.com/astral-sh/uv/releases/latest/download/uv-x86_64-unknown-linux-gnu.tar.gz" ...
Lint and Type Check	UNKNOWN STEP	2025-08-21T04:31:48.2372166Z [command]/usr/bin/tar xz --warning=no-unknown-keyword --overwrite -C /home/runner/work/_temp/4a6696b5-5865-478c-a228-fa5c49713a5f -f /home/runner/work/_temp/054db565-ee4d-4ce7-8b79-b942ad856fba
Lint and Type Check	UNKNOWN STEP	2025-08-21T04:31:48.6281030Z Added /opt/hostedtoolcache/uv/0.8.12/x86_64 to the path
Lint and Type Check	UNKNOWN STEP	2025-08-21T04:31:48.6282628Z Added /home/runner/.local/bin to the path
Lint and Type Check	UNKNOWN STEP	2025-08-21T04:31:48.6286572Z Successfully installed uv version 0.8.12
Lint and Type Check	UNKNOWN STEP	2025-08-21T04:31:48.6308189Z Set UV_CACHE_DIR to /home/runner/work/_temp/setup-uv-cache
Lint and Type Check	UNKNOWN STEP	2025-08-21T04:31:48.6309057Z Searching files using cache dependency glob: **/pyproject.toml
Lint and Type Check	UNKNOWN STEP	2025-08-21T04:31:48.6483612Z /home/runner/work/music21-mcp-server/music21-mcp-server/pyproject.toml
Lint and Type Check	UNKNOWN STEP	2025-08-21T04:31:48.6578694Z Found 1 files to hash.
Lint and Type Check	UNKNOWN STEP	2025-08-21T04:31:48.6580046Z Trying to restore uv cache from GitHub Actions cache with key: setup-uv-1-x86_64-unknown-linux-gnu-0.8.12-dfd76498a6433122478989026e6d417bf7a3dab92c1f5cf22735798f58f9afe7
Lint and Type Check	UNKNOWN STEP	2025-08-21T04:31:48.7789907Z ##[warning]Failed to restore: Cache service responded with 400
Lint and Type Check	UNKNOWN STEP	2025-08-21T04:31:48.7797391Z No GitHub Actions cache found for key: setup-uv-1-x86_64-unknown-linux-gnu-0.8.12-dfd76498a6433122478989026e6d417bf7a3dab92c1f5cf22735798f58f9afe7
Lint and Type Check	UNKNOWN STEP	2025-08-21T04:31:48.7923461Z ##[group]Run uv python install 3.11
Lint and Type Check	UNKNOWN STEP	2025-08-21T04:31:48.7923955Z [36;1muv python install 3.11[0m
Lint and Type Check	UNKNOWN STEP	2025-08-21T04:31:48.7992071Z shell: /usr/bin/bash -e {0}
Lint and Type Check	UNKNOWN STEP	2025-08-21T04:31:48.7992470Z env:
Lint and Type Check	UNKNOWN STEP	2025-08-21T04:31:48.7992795Z   PYTHON_VERSION: 3.11
Lint and Type Check	UNKNOWN STEP	2025-08-21T04:31:48.7993211Z   UV_CACHE_DIR: /home/runner/work/_temp/setup-uv-cache
Lint and Type Check	UNKNOWN STEP	2025-08-21T04:31:48.7993628Z ##[endgroup]
Lint and Type Check	UNKNOWN STEP	2025-08-21T04:31:48.9298522Z Downloading cpython-3.11.13-linux-x86_64-gnu (download) (27.7MiB)
Lint and Type Check	UNKNOWN STEP	2025-08-21T04:31:49.7234652Z  Downloading cpython-3.11.13-linux-x86_64-gnu (download)
Lint and Type Check	UNKNOWN STEP	2025-08-21T04:31:49.7285073Z Installed Python 3.11.13 in 915ms
Lint and Type Check	UNKNOWN STEP	2025-08-21T04:31:49.7285625Z  + cpython-3.11.13-linux-x86_64-gnu (python3.11)
Lint and Type Check	UNKNOWN STEP	2025-08-21T04:31:49.7334289Z ##[group]Run uv sync --dev
Lint and Type Check	UNKNOWN STEP	2025-08-21T04:31:49.7334597Z [36;1muv sync --dev[0m
Lint and Type Check	UNKNOWN STEP	2025-08-21T04:31:49.7334817Z [36;1muv add --dev ruff mypy[0m
Lint and Type Check	UNKNOWN STEP	2025-08-21T04:31:49.7376415Z shell: /usr/bin/bash -e {0}
Lint and Type Check	UNKNOWN STEP	2025-08-21T04:31:49.7376641Z env:
Lint and Type Check	UNKNOWN STEP	2025-08-21T04:31:49.7376813Z   PYTHON_VERSION: 3.11
Lint and Type Check	UNKNOWN STEP	2025-08-21T04:31:49.7377046Z   UV_CACHE_DIR: /home/runner/work/_temp/setup-uv-cache
Lint and Type Check	UNKNOWN STEP	2025-08-21T04:31:49.7377315Z ##[endgroup]
Lint and Type Check	UNKNOWN STEP	2025-08-21T04:31:49.8707700Z Using CPython 3.11.13
Lint and Type Check	UNKNOWN STEP	2025-08-21T04:31:49.8708147Z Creating virtual environment at: .venv
Lint and Type Check	UNKNOWN STEP	2025-08-21T04:31:49.8783234Z Resolved 104 packages in 0.98ms
Lint and Type Check	UNKNOWN STEP	2025-08-21T04:31:49.8914861Z    Building music21-mcp-server @ file:///home/runner/work/music21-mcp-server/music21-mcp-server
Lint and Type Check	UNKNOWN STEP	2025-08-21T04:31:49.9428213Z Downloading cryptography (4.2MiB)
Lint and Type Check	UNKNOWN STEP	2025-08-21T04:31:49.9431114Z Downloading pillow (6.3MiB)
Lint and Type Check	UNKNOWN STEP	2025-08-21T04:31:49.9437594Z Downloading pip (1.7MiB)
Lint and Type Check	UNKNOWN STEP	2025-08-21T04:31:49.9439741Z Downloading pygments (1.2MiB)
Lint and Type Check	UNKNOWN STEP	2025-08-21T04:31:49.9445292Z Downloading setuptools (1.1MiB)
Lint and Type Check	UNKNOWN STEP	2025-08-21T04:31:49.9449102Z Downloading scipy (33.6MiB)
Lint and Type Check	UNKNOWN STEP	2025-08-21T04:31:49.9458227Z Downloading music21 (19.2MiB)
Lint and Type Check	UNKNOWN STEP	2025-08-21T04:31:49.9462709Z Downloading fonttools (4.7MiB)
Lint and Type Check	UNKNOWN STEP	2025-08-21T04:31:49.9472710Z Downloading kiwisolver (1.4MiB)
Lint and Type Check	UNKNOWN STEP	2025-08-21T04:31:49.9477488Z Downloading matplotlib (8.2MiB)
Lint and Type Check	UNKNOWN STEP	2025-08-21T04:31:49.9484607Z Downloading pydantic-core (1.9MiB)
Lint and Type Check	UNKNOWN STEP	2025-08-21T04:31:49.9498402Z Downloading numpy (16.1MiB)
Lint and Type Check	UNKNOWN STEP	2025-08-21T04:31:50.3415690Z  Downloading kiwisolver
Lint and Type Check	UNKNOWN STEP	2025-08-21T04:31:50.4033390Z  Downloading pydantic-core
Lint and Type Check	UNKNOWN STEP	2025-08-21T04:31:50.4486029Z    Building midiutil==1.2.1
Lint and Type Check	UNKNOWN STEP	2025-08-21T04:31:50.6836895Z  Downloading pygments
Lint and Type Check	UNKNOWN STEP	2025-08-21T04:31:50.7314015Z  Downloading cryptography
Lint and Type Check	UNKNOWN STEP	2025-08-21T04:31:50.7722114Z  Downloading pip
Lint and Type Check	UNKNOWN STEP	2025-08-21T04:31:50.8443555Z  Downloading setuptools
Lint and Type Check	UNKNOWN STEP	2025-08-21T04:31:50.8478628Z  Downloading fonttools
Lint and Type Check	UNKNOWN STEP	2025-08-21T04:31:50.9075645Z  Downloading pillow
Lint and Type Check	UNKNOWN STEP	2025-08-21T04:31:51.0685071Z  Downloading matplotlib
Lint and Type Check	UNKNOWN STEP	2025-08-21T04:31:51.5208561Z       Built music21-mcp-server @ file:///home/runner/work/music21-mcp-server/music21-mcp-server
Lint and Type Check	UNKNOWN STEP	2025-08-21T04:31:51.5340171Z  Downloading numpy
Lint and Type Check	UNKNOWN STEP	2025-08-21T04:31:51.6428667Z       Built midiutil==1.2.1
Lint and Type Check	UNKNOWN STEP	2025-08-21T04:31:51.7221911Z  Downloading scipy
Lint and Type Check	UNKNOWN STEP	2025-08-21T04:31:52.4712079Z  Downloading music21
Lint and Type Check	UNKNOWN STEP	2025-08-21T04:31:52.4714699Z Prepared 98 packages in 2.59s
Lint and Type Check	UNKNOWN STEP	2025-08-21T04:31:52.6921951Z Installed 98 packages in 220ms
Lint and Type Check	UNKNOWN STEP	2025-08-21T04:31:52.6922799Z  + aiofiles==24.1.0
Lint and Type Check	UNKNOWN STEP	2025-08-21T04:31:52.6923370Z  + annotated-types==0.7.0
Lint and Type Check	UNKNOWN STEP	2025-08-21T04:31:52.6923853Z  + anyio==4.9.0
Lint and Type Check	UNKNOWN STEP	2025-08-21T04:31:52.6924240Z  + attrs==25.3.0
Lint and Type Check	UNKNOWN STEP	2025-08-21T04:31:52.6924465Z  + authlib==1.6.0
Lint and Type Check	UNKNOWN STEP	2025-08-21T04:31:52.6925782Z  + bandit==1.8.6
Lint and Type Check	UNKNOWN STEP	2025-08-21T04:31:52.6926159Z  + bleach==6.2.0
Lint and Type Check	UNKNOWN STEP	2025-08-21T04:31:52.6926488Z  + boolean-py==5.0
Lint and Type Check	UNKNOWN STEP	2025-08-21T04:31:52.6926952Z  + cachecontrol==0.14.3
Lint and Type Check	UNKNOWN STEP	2025-08-21T04:31:52.6927302Z  + cachetools==6.1.0
Lint and Type Check	UNKNOWN STEP	2025-08-21T04:31:52.6927640Z  + certifi==2025.7.14
Lint and Type Check	UNKNOWN STEP	2025-08-21T04:31:52.6928036Z  + cffi==1.17.1
Lint and Type Check	UNKNOWN STEP	2025-08-21T04:31:52.6928374Z  + chardet==5.2.0
Lint and Type Check	UNKNOWN STEP	2025-08-21T04:31:52.6928817Z  + charset-normalizer==3.4.2
Lint and Type Check	UNKNOWN STEP	2025-08-21T04:31:52.6929210Z  + click==8.2.1
Lint and Type Check	UNKNOWN STEP	2025-08-21T04:31:52.6929525Z  + contourpy==1.3.2
Lint and Type Check	UNKNOWN STEP	2025-08-21T04:31:52.6929853Z  + cryptography==45.0.5
Lint and Type Check	UNKNOWN STEP	2025-08-21T04:31:52.6930178Z  + cycler==0.12.1
Lint and Type Check	UNKNOWN STEP	2025-08-21T04:31:52.6930597Z  + cyclonedx-python-lib==9.1.0
Lint and Type Check	UNKNOWN STEP	2025-08-21T04:31:52.6930986Z  + defusedxml==0.7.1
Lint and Type Check	UNKNOWN STEP	2025-08-21T04:31:52.6931442Z  + dparse==0.6.4
Lint and Type Check	UNKNOWN STEP	2025-08-21T04:31:52.6931832Z  + exceptiongroup==1.3.0
Lint and Type Check	UNKNOWN STEP	2025-08-21T04:31:52.6932205Z  + fastapi==0.116.1
Lint and Type Check	UNKNOWN STEP	2025-08-21T04:31:52.6932623Z  + fastmcp==2.9.0
Lint and Type Check	UNKNOWN STEP	2025-08-21T04:31:52.6933009Z  + filelock==3.12.4
Lint and Type Check	UNKNOWN STEP	2025-08-21T04:31:52.6933422Z  + fonttools==4.59.0
Lint and Type Check	UNKNOWN STEP	2025-08-21T04:31:52.6933836Z  + h11==0.16.0
Lint and Type Check	UNKNOWN STEP	2025-08-21T04:31:52.6934182Z  + httpcore==1.0.9
Lint and Type Check	UNKNOWN STEP	2025-08-21T04:31:52.6934574Z  + httpx==0.28.1
Lint and Type Check	UNKNOWN STEP	2025-08-21T04:31:52.6934925Z  + httpx-sse==0.4.1
Lint and Type Check	UNKNOWN STEP	2025-08-21T04:31:52.6935287Z  + idna==3.10
Lint and Type Check	UNKNOWN STEP	2025-08-21T04:31:52.6935586Z  + jinja2==3.1.6
Lint and Type Check	UNKNOWN STEP	2025-08-21T04:31:52.6935943Z  + joblib==1.5.1
Lint and Type Check	UNKNOWN STEP	2025-08-21T04:31:52.6936279Z  + jsonpickle==4.1.1
Lint and Type Check	UNKNOWN STEP	2025-08-21T04:31:52.6936952Z  + jsonschema==4.25.0
Lint and Type Check	UNKNOWN STEP	2025-08-21T04:31:52.6937371Z  + jsonschema-specifications==2025.4.1
Lint and Type Check	UNKNOWN STEP	2025-08-21T04:31:52.6937808Z  + kiwisolver==1.4.8
Lint and Type Check	UNKNOWN STEP	2025-08-21T04:31:52.6938154Z  + license-expression==30.4.4
Lint and Type Check	UNKNOWN STEP	2025-08-21T04:31:52.6938555Z  + markdown-it-py==3.0.0
Lint and Type Check	UNKNOWN STEP	2025-08-21T04:31:52.6938899Z  + markupsafe==3.0.2
Lint and Type Check	UNKNOWN STEP	2025-08-21T04:31:52.6939228Z  + marshmallow==4.0.0
Lint and Type Check	UNKNOWN STEP	2025-08-21T04:31:52.6939569Z  + matplotlib==3.10.3
Lint and Type Check	UNKNOWN STEP	2025-08-21T04:31:52.7000920Z  + mcp==1.12.0
Lint and Type Check	UNKNOWN STEP	2025-08-21T04:31:52.7001111Z  + mdurl==0.1.2
Lint and Type Check	UNKNOWN STEP	2025-08-21T04:31:52.7001447Z  + midiutil==1.2.1
Lint and Type Check	UNKNOWN STEP	2025-08-21T04:31:52.7001654Z  + more-itertools==10.7.0
Lint and Type Check	UNKNOWN STEP	2025-08-21T04:31:52.7001869Z  + msgpack==1.1.1
Lint and Type Check	UNKNOWN STEP	2025-08-21T04:31:52.7002073Z  + music21==9.7.1
Lint and Type Check	UNKNOWN STEP	2025-08-21T04:31:52.7002453Z  + music21-mcp-server==1.0.0 (from file:///home/runner/work/music21-mcp-server/music21-mcp-server)
Lint and Type Check	UNKNOWN STEP	2025-08-21T04:31:52.7002894Z  + numpy==2.3.1
Lint and Type Check	UNKNOWN STEP	2025-08-21T04:31:52.7003103Z  + openapi-pydantic==0.5.1
Lint and Type Check	UNKNOWN STEP	2025-08-21T04:31:52.7003353Z  + packageurl-python==0.17.1
Lint and Type Check	UNKNOWN STEP	2025-08-21T04:31:52.7003598Z  + packaging==25.0
Lint and Type Check	UNKNOWN STEP	2025-08-21T04:31:52.7003808Z  + pathvalidate==3.3.1
Lint and Type Check	UNKNOWN STEP	2025-08-21T04:31:52.7004003Z  + pbr==6.1.1
Lint and Type Check	UNKNOWN STEP	2025-08-21T04:31:52.7004161Z  + pillow==11.3.0
Lint and Type Check	UNKNOWN STEP	2025-08-21T04:31:52.7004329Z  + pip==25.1.1
Lint and Type Check	UNKNOWN STEP	2025-08-21T04:31:52.7004486Z  + pip-api==0.0.34
Lint and Type Check	UNKNOWN STEP	2025-08-21T04:31:52.7004659Z  + pip-audit==2.9.0
Lint and Type Check	UNKNOWN STEP	2025-08-21T04:31:52.7004851Z  + pip-requirements-parser==32.0.1
Lint and Type Check	UNKNOWN STEP	2025-08-21T04:31:52.7005104Z  + platformdirs==4.3.8
Lint and Type Check	UNKNOWN STEP	2025-08-21T04:31:52.7005298Z  + psutil==6.0.0
Lint and Type Check	UNKNOWN STEP	2025-08-21T04:31:52.7005485Z  + py-serializable==2.1.0
Lint and Type Check	UNKNOWN STEP	2025-08-21T04:31:52.7005682Z  + pycparser==2.22
Lint and Type Check	UNKNOWN STEP	2025-08-21T04:31:52.7005863Z  + pydantic==2.11.7
Lint and Type Check	UNKNOWN STEP	2025-08-21T04:31:52.7006114Z  + pydantic-core==2.33.2
Lint and Type Check	UNKNOWN STEP	2025-08-21T04:31:52.7006315Z  + pydantic-settings==2.10.1
Lint and Type Check	UNKNOWN STEP	2025-08-21T04:31:52.7006521Z  + pygments==2.19.2
Lint and Type Check	UNKNOWN STEP	2025-08-21T04:31:52.7006692Z  + pyparsing==3.2.3
Lint and Type Check	UNKNOWN STEP	2025-08-21T04:31:52.7006874Z  + python-dateutil==2.9.0.post0
Lint and Type Check	UNKNOWN STEP	2025-08-21T04:31:52.7007089Z  + python-dotenv==1.1.1
Lint and Type Check	UNKNOWN STEP	2025-08-21T04:31:52.7007285Z  + python-multipart==0.0.20
Lint and Type Check	UNKNOWN STEP	2025-08-21T04:31:52.7007498Z  + pyyaml==6.0.2
Lint and Type Check	UNKNOWN STEP	2025-08-21T04:31:52.7007690Z  + referencing==0.36.2
Lint and Type Check	UNKNOWN STEP	2025-08-21T04:31:52.7008076Z  + requests==2.32.4
Lint and Type Check	UNKNOWN STEP	2025-08-21T04:31:52.7008239Z  + rich==14.0.0
Lint and Type Check	UNKNOWN STEP	2025-08-21T04:31:52.7008411Z  + rpds-py==0.26.0
Lint and Type Check	UNKNOWN STEP	2025-08-21T04:31:52.7008580Z  + ruamel-yaml==0.18.14
Lint and Type Check	UNKNOWN STEP	2025-08-21T04:31:52.7008772Z  + ruamel-yaml-clib==0.2.12
Lint and Type Check	UNKNOWN STEP	2025-08-21T04:31:52.7008990Z  + safety==3.2.9
Lint and Type Check	UNKNOWN STEP	2025-08-21T04:31:52.7009157Z  + safety-schemas==0.0.5
Lint and Type Check	UNKNOWN STEP	2025-08-21T04:31:52.7009343Z  + scipy==1.16.0
Lint and Type Check	UNKNOWN STEP	2025-08-21T04:31:52.7009509Z  + setuptools==80.9.0
Lint and Type Check	UNKNOWN STEP	2025-08-21T04:31:52.7009697Z  + shellingham==1.5.4
Lint and Type Check	UNKNOWN STEP	2025-08-21T04:31:52.7009863Z  + six==1.17.0
Lint and Type Check	UNKNOWN STEP	2025-08-21T04:31:52.7010027Z  + sniffio==1.3.1
Lint and Type Check	UNKNOWN STEP	2025-08-21T04:31:52.7010199Z  + sortedcontainers==2.4.0
Lint and Type Check	UNKNOWN STEP	2025-08-21T04:31:52.7010400Z  + sse-starlette==2.4.1
Lint and Type Check	UNKNOWN STEP	2025-08-21T04:31:52.7010577Z  + starlette==0.47.2
Lint and Type Check	UNKNOWN STEP	2025-08-21T04:31:52.7010754Z  + stevedore==5.4.1
Lint and Type Check	UNKNOWN STEP	2025-08-21T04:31:52.7010916Z  + toml==0.10.2
Lint and Type Check	UNKNOWN STEP	2025-08-21T04:31:52.7011079Z  + typer==0.16.0
Lint and Type Check	UNKNOWN STEP	2025-08-21T04:31:52.7011504Z  + typing-extensions==4.14.1
Lint and Type Check	UNKNOWN STEP	2025-08-21T04:31:52.7011873Z  + typing-inspection==0.4.1
Lint and Type Check	UNKNOWN STEP	2025-08-21T04:31:52.7012217Z  + urllib3==2.5.0
Lint and Type Check	UNKNOWN STEP	2025-08-21T04:31:52.7012494Z  + uvicorn==0.35.0
Lint and Type Check	UNKNOWN STEP	2025-08-21T04:31:52.7012786Z  + webcolors==24.11.1
Lint and Type Check	UNKNOWN STEP	2025-08-21T04:31:52.7013084Z  + webencodings==0.5.1
Lint and Type Check	UNKNOWN STEP	2025-08-21T04:31:53.1943819Z Resolved 108 packages in 426ms
Lint and Type Check	UNKNOWN STEP	2025-08-21T04:31:53.2234579Z    Building music21-mcp-server @ file:///home/runner/work/music21-mcp-server/music21-mcp-server
Lint and Type Check	UNKNOWN STEP	2025-08-21T04:31:53.2439422Z Downloading ruff (12.4MiB)
Lint and Type Check	UNKNOWN STEP	2025-08-21T04:31:53.2547781Z Downloading mypy (12.0MiB)
Lint and Type Check	UNKNOWN STEP	2025-08-21T04:31:53.4717146Z  Downloading ruff
Lint and Type Check	UNKNOWN STEP	2025-08-21T04:31:53.6617511Z  Downloading mypy
Lint and Type Check	UNKNOWN STEP	2025-08-21T04:31:53.6760518Z       Built music21-mcp-server @ file:///home/runner/work/music21-mcp-server/music21-mcp-server
Lint and Type Check	UNKNOWN STEP	2025-08-21T04:31:53.6768981Z Prepared 5 packages in 454ms
Lint and Type Check	UNKNOWN STEP	2025-08-21T04:31:53.6774929Z Uninstalled 1 package in 0.50ms
Lint and Type Check	UNKNOWN STEP	2025-08-21T04:31:53.7017252Z Installed 5 packages in 24ms
Lint and Type Check	UNKNOWN STEP	2025-08-21T04:31:53.7018769Z  ~ music21-mcp-server==1.0.0 (from file:///home/runner/work/music21-mcp-server/music21-mcp-server)
Lint and Type Check	UNKNOWN STEP	2025-08-21T04:31:53.7019521Z  + mypy==1.17.1
Lint and Type Check	UNKNOWN STEP	2025-08-21T04:31:53.7019812Z  + mypy-extensions==1.1.0
Lint and Type Check	UNKNOWN STEP	2025-08-21T04:31:53.7020155Z  + pathspec==0.12.1
Lint and Type Check	UNKNOWN STEP	2025-08-21T04:31:53.7020440Z  + ruff==0.12.9
Lint and Type Check	UNKNOWN STEP	2025-08-21T04:31:53.7148985Z ##[group]Run uv run ruff check src/ tests/ --output-format=github
Lint and Type Check	UNKNOWN STEP	2025-08-21T04:31:53.7149445Z [36;1muv run ruff check src/ tests/ --output-format=github[0m
Lint and Type Check	UNKNOWN STEP	2025-08-21T04:31:53.7190632Z shell: /usr/bin/bash -e {0}
Lint and Type Check	UNKNOWN STEP	2025-08-21T04:31:53.7190849Z env:
Lint and Type Check	UNKNOWN STEP	2025-08-21T04:31:53.7191011Z   PYTHON_VERSION: 3.11
Lint and Type Check	UNKNOWN STEP	2025-08-21T04:31:53.7191505Z   UV_CACHE_DIR: /home/runner/work/_temp/setup-uv-cache
Lint and Type Check	UNKNOWN STEP	2025-08-21T04:31:53.7191778Z ##[endgroup]
Lint and Type Check	UNKNOWN STEP	2025-08-21T04:31:53.7785425Z ##[group]Run uv run ruff format --check src/ tests/
Lint and Type Check	UNKNOWN STEP	2025-08-21T04:31:53.7785783Z [36;1muv run ruff format --check src/ tests/[0m
Lint and Type Check	UNKNOWN STEP	2025-08-21T04:31:53.7826538Z shell: /usr/bin/bash -e {0}
Lint and Type Check	UNKNOWN STEP	2025-08-21T04:31:53.7826751Z env:
Lint and Type Check	UNKNOWN STEP	2025-08-21T04:31:53.7826913Z   PYTHON_VERSION: 3.11
Lint and Type Check	UNKNOWN STEP	2025-08-21T04:31:53.7827153Z   UV_CACHE_DIR: /home/runner/work/_temp/setup-uv-cache
Lint and Type Check	UNKNOWN STEP	2025-08-21T04:31:53.7827428Z ##[endgroup]
Lint and Type Check	UNKNOWN STEP	2025-08-21T04:31:53.8357001Z 71 files already formatted
Lint and Type Check	UNKNOWN STEP	2025-08-21T04:31:53.8411423Z ##[group]Run uv run mypy src/music21_mcp/ --ignore-missing-imports
Lint and Type Check	UNKNOWN STEP	2025-08-21T04:31:53.8411862Z [36;1muv run mypy src/music21_mcp/ --ignore-missing-imports[0m
Lint and Type Check	UNKNOWN STEP	2025-08-21T04:31:53.8452484Z shell: /usr/bin/bash -e {0}
Lint and Type Check	UNKNOWN STEP	2025-08-21T04:31:53.8452708Z env:
Lint and Type Check	UNKNOWN STEP	2025-08-21T04:31:53.8452871Z   PYTHON_VERSION: 3.11
Lint and Type Check	UNKNOWN STEP	2025-08-21T04:31:53.8453109Z   UV_CACHE_DIR: /home/runner/work/_temp/setup-uv-cache
Lint and Type Check	UNKNOWN STEP	2025-08-21T04:31:53.8453375Z ##[endgroup]
Lint and Type Check	UNKNOWN STEP	2025-08-21T04:32:15.6866622Z Success: no issues found in 39 source files
Lint and Type Check	UNKNOWN STEP	2025-08-21T04:32:15.7274674Z Post job cleanup.
Lint and Type Check	UNKNOWN STEP	2025-08-21T04:32:15.8700740Z Pruning cache...
Lint and Type Check	UNKNOWN STEP	2025-08-21T04:32:16.1472334Z Saving cache path: /home/runner/work/_temp/setup-uv-cache
Lint and Type Check	UNKNOWN STEP	2025-08-21T04:32:16.1619605Z [command]/usr/bin/tar --posix -cf cache.tzst --exclude cache.tzst -P -C /home/runner/work/music21-mcp-server/music21-mcp-server --files-from manifest.txt --use-compress-program zstdmt
Lint and Type Check	UNKNOWN STEP	2025-08-21T04:32:16.3718368Z ##[warning]Failed to save: <h2>Our services aren't available right now</h2><p>We're working to restore all services as soon as possible. Please check back soon.</p>0UKGmaAAAAADK6sSl5trpSo93nqRdFo8JQkwyQUEyMDMwMTA5MDA1AEVkZ2U=
Lint and Type Check	UNKNOWN STEP	2025-08-21T04:32:16.3737568Z cache saved with the key: setup-uv-1-x86_64-unknown-linux-gnu-0.8.12-dfd76498a6433122478989026e6d417bf7a3dab92c1f5cf22735798f58f9afe7
Lint and Type Check	UNKNOWN STEP	2025-08-21T04:32:16.3840546Z Post job cleanup.
Lint and Type Check	UNKNOWN STEP	2025-08-21T04:32:16.4758855Z [command]/usr/bin/git version
Lint and Type Check	UNKNOWN STEP	2025-08-21T04:32:16.4797473Z git version 2.51.0
Lint and Type Check	UNKNOWN STEP	2025-08-21T04:32:16.4841458Z Temporarily overriding HOME='/home/runner/work/_temp/4e661412-afad-4636-8c2b-2582c3a430cb' before making global git config changes
Lint and Type Check	UNKNOWN STEP	2025-08-21T04:32:16.4842742Z Adding repository directory to the temporary git global config as a safe directory
Lint and Type Check	UNKNOWN STEP	2025-08-21T04:32:16.4853941Z [command]/usr/bin/git config --global --add safe.directory /home/runner/work/music21-mcp-server/music21-mcp-server
Lint and Type Check	UNKNOWN STEP	2025-08-21T04:32:16.4887597Z [command]/usr/bin/git config --local --name-only --get-regexp core\.sshCommand
Lint and Type Check	UNKNOWN STEP	2025-08-21T04:32:16.4919313Z [command]/usr/bin/git submodule foreach --recursive sh -c "git config --local --name-only --get-regexp 'core\.sshCommand' && git config --local --unset-all 'core.sshCommand' || :"
Lint and Type Check	UNKNOWN STEP	2025-08-21T04:32:16.5139619Z [command]/usr/bin/git config --local --name-only --get-regexp http\.https\:\/\/github\.com\/\.extraheader
Lint and Type Check	UNKNOWN STEP	2025-08-21T04:32:16.5159331Z http.https://github.com/.extraheader
Lint and Type Check	UNKNOWN STEP	2025-08-21T04:32:16.5171475Z [command]/usr/bin/git config --local --unset-all http.https://github.com/.extraheader
Lint and Type Check	UNKNOWN STEP	2025-08-21T04:32:16.5200181Z [command]/usr/bin/git submodule foreach --recursive sh -c "git config --local --name-only --get-regexp 'http\.https\:\/\/github\.com\/\.extraheader' && git config --local --unset-all 'http.https://github.com/.extraheader' || :"
Lint and Type Check	UNKNOWN STEP	2025-08-21T04:32:16.5515641Z Cleaning up orphan processes
Security Scan	UNKNOWN STEP	﻿2025-08-21T04:32:22.4089540Z Current runner version: '2.328.0'
Security Scan	UNKNOWN STEP	2025-08-21T04:32:22.4112786Z ##[group]Runner Image Provisioner
Security Scan	UNKNOWN STEP	2025-08-21T04:32:22.4113688Z Hosted Compute Agent
Security Scan	UNKNOWN STEP	2025-08-21T04:32:22.4114248Z Version: 20250818.377
Security Scan	UNKNOWN STEP	2025-08-21T04:32:22.4114828Z Commit: 3c593e9f75fe0b87e893bca80d6e12ba089c61fc
Security Scan	UNKNOWN STEP	2025-08-21T04:32:22.4115841Z Build Date: 2025-08-18T14:52:18Z
Security Scan	UNKNOWN STEP	2025-08-21T04:32:22.4116460Z ##[endgroup]
Security Scan	UNKNOWN STEP	2025-08-21T04:32:22.4116956Z ##[group]Operating System
Security Scan	UNKNOWN STEP	2025-08-21T04:32:22.4117594Z Ubuntu
Security Scan	UNKNOWN STEP	2025-08-21T04:32:22.4118057Z 24.04.2
Security Scan	UNKNOWN STEP	2025-08-21T04:32:22.4118526Z LTS
Security Scan	UNKNOWN STEP	2025-08-21T04:32:22.4119000Z ##[endgroup]
Security Scan	UNKNOWN STEP	2025-08-21T04:32:22.4119557Z ##[group]Runner Image
Security Scan	UNKNOWN STEP	2025-08-21T04:32:22.4120063Z Image: ubuntu-24.04
Security Scan	UNKNOWN STEP	2025-08-21T04:32:22.4120617Z Version: 20250818.1.0
Security Scan	UNKNOWN STEP	2025-08-21T04:32:22.4121637Z Included Software: https://github.com/actions/runner-images/blob/ubuntu24/20250818.1/images/ubuntu/Ubuntu2404-Readme.md
Security Scan	UNKNOWN STEP	2025-08-21T04:32:22.4123129Z Image Release: https://github.com/actions/runner-images/releases/tag/ubuntu24%2F20250818.1
Security Scan	UNKNOWN STEP	2025-08-21T04:32:22.4124222Z ##[endgroup]
Security Scan	UNKNOWN STEP	2025-08-21T04:32:22.4125249Z ##[group]GITHUB_TOKEN Permissions
Security Scan	UNKNOWN STEP	2025-08-21T04:32:22.4127244Z Contents: read
Security Scan	UNKNOWN STEP	2025-08-21T04:32:22.4127794Z Metadata: read
Security Scan	UNKNOWN STEP	2025-08-21T04:32:22.4128262Z Packages: read
Security Scan	UNKNOWN STEP	2025-08-21T04:32:22.4128934Z ##[endgroup]
Security Scan	UNKNOWN STEP	2025-08-21T04:32:22.4130917Z Secret source: Actions
Security Scan	UNKNOWN STEP	2025-08-21T04:32:22.4131588Z Prepare workflow directory
Security Scan	UNKNOWN STEP	2025-08-21T04:32:22.4503047Z Prepare all required actions
Security Scan	UNKNOWN STEP	2025-08-21T04:32:22.4546699Z Getting action download info
Security Scan	UNKNOWN STEP	2025-08-21T04:32:22.9032328Z Download action repository 'actions/checkout@v4' (SHA:08eba0b27e820071cde6df949e0beb9ba4906955)
Security Scan	UNKNOWN STEP	2025-08-21T04:32:22.9898935Z Download action repository 'astral-sh/setup-uv@v3' (SHA:caf0cab7a618c569241d31dcd442f54681755d39)
Security Scan	UNKNOWN STEP	2025-08-21T04:32:23.5705211Z Download action repository 'actions/upload-artifact@v4' (SHA:ea165f8d65b6e75b540449e92b4886f43607fa02)
Security Scan	UNKNOWN STEP	2025-08-21T04:32:23.8067367Z Complete job name: Security Scan
Security Scan	UNKNOWN STEP	2025-08-21T04:32:23.8763367Z ##[group]Run actions/checkout@v4
Security Scan	UNKNOWN STEP	2025-08-21T04:32:23.8764573Z with:
Security Scan	UNKNOWN STEP	2025-08-21T04:32:23.8765110Z   repository: brightlikethelight/music21-mcp-server
Security Scan	UNKNOWN STEP	2025-08-21T04:32:23.8766036Z   token: ***
Security Scan	UNKNOWN STEP	2025-08-21T04:32:23.8766425Z   ssh-strict: true
Security Scan	UNKNOWN STEP	2025-08-21T04:32:23.8766820Z   ssh-user: git
Security Scan	UNKNOWN STEP	2025-08-21T04:32:23.8767219Z   persist-credentials: true
Security Scan	UNKNOWN STEP	2025-08-21T04:32:23.8767673Z   clean: true
Security Scan	UNKNOWN STEP	2025-08-21T04:32:23.8768073Z   sparse-checkout-cone-mode: true
Security Scan	UNKNOWN STEP	2025-08-21T04:32:23.8768568Z   fetch-depth: 1
Security Scan	UNKNOWN STEP	2025-08-21T04:32:23.8768952Z   fetch-tags: false
Security Scan	UNKNOWN STEP	2025-08-21T04:32:23.8769360Z   show-progress: true
Security Scan	UNKNOWN STEP	2025-08-21T04:32:23.8769762Z   lfs: false
Security Scan	UNKNOWN STEP	2025-08-21T04:32:23.8770135Z   submodules: false
Security Scan	UNKNOWN STEP	2025-08-21T04:32:23.8770541Z   set-safe-directory: true
Security Scan	UNKNOWN STEP	2025-08-21T04:32:23.8771303Z env:
Security Scan	UNKNOWN STEP	2025-08-21T04:32:23.8771707Z   PYTHON_VERSION: 3.11
Security Scan	UNKNOWN STEP	2025-08-21T04:32:23.8772152Z   UV_CACHE_DIR: /tmp/.uv-cache
Security Scan	UNKNOWN STEP	2025-08-21T04:32:23.8772604Z ##[endgroup]
Security Scan	UNKNOWN STEP	2025-08-21T04:32:23.9833099Z Syncing repository: brightlikethelight/music21-mcp-server
Security Scan	UNKNOWN STEP	2025-08-21T04:32:23.9834982Z ##[group]Getting Git version info
Security Scan	UNKNOWN STEP	2025-08-21T04:32:23.9836114Z Working directory is '/home/runner/work/music21-mcp-server/music21-mcp-server'
Security Scan	UNKNOWN STEP	2025-08-21T04:32:23.9837227Z [command]/usr/bin/git version
Security Scan	UNKNOWN STEP	2025-08-21T04:32:24.0790669Z git version 2.51.0
Security Scan	UNKNOWN STEP	2025-08-21T04:32:24.0818134Z ##[endgroup]
Security Scan	UNKNOWN STEP	2025-08-21T04:32:24.0832696Z Temporarily overriding HOME='/home/runner/work/_temp/3a5213d7-90be-4b1d-933a-9df12d3cc677' before making global git config changes
Security Scan	UNKNOWN STEP	2025-08-21T04:32:24.0834238Z Adding repository directory to the temporary git global config as a safe directory
Security Scan	UNKNOWN STEP	2025-08-21T04:32:24.0845863Z [command]/usr/bin/git config --global --add safe.directory /home/runner/work/music21-mcp-server/music21-mcp-server
Security Scan	UNKNOWN STEP	2025-08-21T04:32:24.0921700Z Deleting the contents of '/home/runner/work/music21-mcp-server/music21-mcp-server'
Security Scan	UNKNOWN STEP	2025-08-21T04:32:24.0925055Z ##[group]Initializing the repository
Security Scan	UNKNOWN STEP	2025-08-21T04:32:24.0929620Z [command]/usr/bin/git init /home/runner/work/music21-mcp-server/music21-mcp-server
Security Scan	UNKNOWN STEP	2025-08-21T04:32:24.1766594Z hint: Using 'master' as the name for the initial branch. This default branch name
Security Scan	UNKNOWN STEP	2025-08-21T04:32:24.1768211Z hint: is subject to change. To configure the initial branch name to use in all
Security Scan	UNKNOWN STEP	2025-08-21T04:32:24.1769290Z hint: of your new repositories, which will suppress this warning, call:
Security Scan	UNKNOWN STEP	2025-08-21T04:32:24.1770103Z hint:
Security Scan	UNKNOWN STEP	2025-08-21T04:32:24.1770670Z hint: 	git config --global init.defaultBranch <name>
Security Scan	UNKNOWN STEP	2025-08-21T04:32:24.1771361Z hint:
Security Scan	UNKNOWN STEP	2025-08-21T04:32:24.1772018Z hint: Names commonly chosen instead of 'master' are 'main', 'trunk' and
Security Scan	UNKNOWN STEP	2025-08-21T04:32:24.1773091Z hint: 'development'. The just-created branch can be renamed via this command:
Security Scan	UNKNOWN STEP	2025-08-21T04:32:24.1773935Z hint:
Security Scan	UNKNOWN STEP	2025-08-21T04:32:24.1774379Z hint: 	git branch -m <name>
Security Scan	UNKNOWN STEP	2025-08-21T04:32:24.1774910Z hint:
Security Scan	UNKNOWN STEP	2025-08-21T04:32:24.1775770Z hint: Disable this message with "git config set advice.defaultBranchName false"
Security Scan	UNKNOWN STEP	2025-08-21T04:32:24.1798923Z Initialized empty Git repository in /home/runner/work/music21-mcp-server/music21-mcp-server/.git/
Security Scan	UNKNOWN STEP	2025-08-21T04:32:24.1812851Z [command]/usr/bin/git remote add origin https://github.com/brightlikethelight/music21-mcp-server
Security Scan	UNKNOWN STEP	2025-08-21T04:32:24.1919768Z ##[endgroup]
Security Scan	UNKNOWN STEP	2025-08-21T04:32:24.1921180Z ##[group]Disabling automatic garbage collection
Security Scan	UNKNOWN STEP	2025-08-21T04:32:24.1924078Z [command]/usr/bin/git config --local gc.auto 0
Security Scan	UNKNOWN STEP	2025-08-21T04:32:24.1954227Z ##[endgroup]
Security Scan	UNKNOWN STEP	2025-08-21T04:32:24.1955517Z ##[group]Setting up auth
Security Scan	UNKNOWN STEP	2025-08-21T04:32:24.1962211Z [command]/usr/bin/git config --local --name-only --get-regexp core\.sshCommand
Security Scan	UNKNOWN STEP	2025-08-21T04:32:24.1993146Z [command]/usr/bin/git submodule foreach --recursive sh -c "git config --local --name-only --get-regexp 'core\.sshCommand' && git config --local --unset-all 'core.sshCommand' || :"
Security Scan	UNKNOWN STEP	2025-08-21T04:32:24.3331530Z [command]/usr/bin/git config --local --name-only --get-regexp http\.https\:\/\/github\.com\/\.extraheader
Security Scan	UNKNOWN STEP	2025-08-21T04:32:24.3364363Z [command]/usr/bin/git submodule foreach --recursive sh -c "git config --local --name-only --get-regexp 'http\.https\:\/\/github\.com\/\.extraheader' && git config --local --unset-all 'http.https://github.com/.extraheader' || :"
Security Scan	UNKNOWN STEP	2025-08-21T04:32:24.3604954Z [command]/usr/bin/git config --local http.https://github.com/.extraheader AUTHORIZATION: basic ***
Security Scan	UNKNOWN STEP	2025-08-21T04:32:24.3639425Z ##[endgroup]
Security Scan	UNKNOWN STEP	2025-08-21T04:32:24.3640433Z ##[group]Fetching the repository
Security Scan	UNKNOWN STEP	2025-08-21T04:32:24.3656398Z [command]/usr/bin/git -c protocol.version=2 fetch --no-tags --prune --no-recurse-submodules --depth=1 origin +9d8df043cf11fb0d04458db3b85ff4ca4514fbe1:refs/remotes/origin/main
Security Scan	UNKNOWN STEP	2025-08-21T04:32:24.9728842Z From https://github.com/brightlikethelight/music21-mcp-server
Security Scan	UNKNOWN STEP	2025-08-21T04:32:24.9732186Z  * [new ref]         9d8df043cf11fb0d04458db3b85ff4ca4514fbe1 -> origin/main
Security Scan	UNKNOWN STEP	2025-08-21T04:32:24.9799518Z ##[endgroup]
Security Scan	UNKNOWN STEP	2025-08-21T04:32:24.9801446Z ##[group]Determining the checkout info
Security Scan	UNKNOWN STEP	2025-08-21T04:32:24.9803537Z ##[endgroup]
Security Scan	UNKNOWN STEP	2025-08-21T04:32:24.9806014Z [command]/usr/bin/git sparse-checkout disable
Security Scan	UNKNOWN STEP	2025-08-21T04:32:24.9882691Z [command]/usr/bin/git config --local --unset-all extensions.worktreeConfig
Security Scan	UNKNOWN STEP	2025-08-21T04:32:24.9909908Z ##[group]Checking out the ref
Security Scan	UNKNOWN STEP	2025-08-21T04:32:24.9912986Z [command]/usr/bin/git checkout --progress --force -B main refs/remotes/origin/main
Security Scan	UNKNOWN STEP	2025-08-21T04:32:25.0121320Z Switched to a new branch 'main'
Security Scan	UNKNOWN STEP	2025-08-21T04:32:25.0123260Z branch 'main' set up to track 'origin/main'.
Security Scan	UNKNOWN STEP	2025-08-21T04:32:25.0130965Z ##[endgroup]
Security Scan	UNKNOWN STEP	2025-08-21T04:32:25.0164515Z [command]/usr/bin/git log -1 --format=%H
Security Scan	UNKNOWN STEP	2025-08-21T04:32:25.0185232Z 9d8df043cf11fb0d04458db3b85ff4ca4514fbe1
Security Scan	UNKNOWN STEP	2025-08-21T04:32:25.0449510Z ##[group]Run astral-sh/setup-uv@v3
Security Scan	UNKNOWN STEP	2025-08-21T04:32:25.0450623Z with:
Security Scan	UNKNOWN STEP	2025-08-21T04:32:25.0451399Z   version: latest
Security Scan	UNKNOWN STEP	2025-08-21T04:32:25.0452605Z   github-token: ***
Security Scan	UNKNOWN STEP	2025-08-21T04:32:25.0453491Z   enable-cache: false
Security Scan	UNKNOWN STEP	2025-08-21T04:32:25.0454457Z   cache-dependency-glob: **/uv.lock
Security Scan	UNKNOWN STEP	2025-08-21T04:32:25.0455771Z   prune-cache: true
Security Scan	UNKNOWN STEP	2025-08-21T04:32:25.0456622Z env:
Security Scan	UNKNOWN STEP	2025-08-21T04:32:25.0457386Z   PYTHON_VERSION: 3.11
Security Scan	UNKNOWN STEP	2025-08-21T04:32:25.0458316Z   UV_CACHE_DIR: /tmp/.uv-cache
Security Scan	UNKNOWN STEP	2025-08-21T04:32:25.0459311Z ##[endgroup]
Security Scan	UNKNOWN STEP	2025-08-21T04:32:25.2069352Z Downloading uv from "https://github.com/astral-sh/uv/releases/latest/download/uv-x86_64-unknown-linux-gnu.tar.gz" ...
Security Scan	UNKNOWN STEP	2025-08-21T04:32:25.7172795Z [command]/usr/bin/tar xz --warning=no-unknown-keyword --overwrite -C /home/runner/work/_temp/67c99530-836e-4ae9-8f09-d43026f242f6 -f /home/runner/work/_temp/41300140-9c80-40d9-8afb-a24446100d7a
Security Scan	UNKNOWN STEP	2025-08-21T04:32:26.1116247Z Added /opt/hostedtoolcache/uv/0.8.12/x86_64 to the path
Security Scan	UNKNOWN STEP	2025-08-21T04:32:26.1118920Z Added /home/runner/.local/bin to the path
Security Scan	UNKNOWN STEP	2025-08-21T04:32:26.1122647Z Successfully installed uv version 0.8.12
Security Scan	UNKNOWN STEP	2025-08-21T04:32:26.1147848Z Set UV_CACHE_DIR to /home/runner/work/_temp/setup-uv-cache
Security Scan	UNKNOWN STEP	2025-08-21T04:32:26.1292434Z ##[group]Run uv python install 3.11
Security Scan	UNKNOWN STEP	2025-08-21T04:32:26.1293600Z [36;1muv python install 3.11[0m
Security Scan	UNKNOWN STEP	2025-08-21T04:32:26.1446154Z shell: /usr/bin/bash -e {0}
Security Scan	UNKNOWN STEP	2025-08-21T04:32:26.1447126Z env:
Security Scan	UNKNOWN STEP	2025-08-21T04:32:26.1447863Z   PYTHON_VERSION: 3.11
Security Scan	UNKNOWN STEP	2025-08-21T04:32:26.1448908Z   UV_CACHE_DIR: /home/runner/work/_temp/setup-uv-cache
Security Scan	UNKNOWN STEP	2025-08-21T04:32:26.1450125Z ##[endgroup]
Security Scan	UNKNOWN STEP	2025-08-21T04:32:26.3620787Z Downloading cpython-3.11.13-linux-x86_64-gnu (download) (27.7MiB)
Security Scan	UNKNOWN STEP	2025-08-21T04:32:27.1665099Z  Downloading cpython-3.11.13-linux-x86_64-gnu (download)
Security Scan	UNKNOWN STEP	2025-08-21T04:32:27.1710002Z Installed Python 3.11.13 in 1.01s
Security Scan	UNKNOWN STEP	2025-08-21T04:32:27.1710688Z  + cpython-3.11.13-linux-x86_64-gnu (python3.11)
Security Scan	UNKNOWN STEP	2025-08-21T04:32:27.1764716Z ##[group]Run uv sync --dev
Security Scan	UNKNOWN STEP	2025-08-21T04:32:27.1765042Z [36;1muv sync --dev[0m
Security Scan	UNKNOWN STEP	2025-08-21T04:32:27.1765333Z [36;1muv add --dev bandit[toml] pip-audit safety[0m
Security Scan	UNKNOWN STEP	2025-08-21T04:32:27.1806060Z shell: /usr/bin/bash -e {0}
Security Scan	UNKNOWN STEP	2025-08-21T04:32:27.1806310Z env:
Security Scan	UNKNOWN STEP	2025-08-21T04:32:27.1806512Z   PYTHON_VERSION: 3.11
Security Scan	UNKNOWN STEP	2025-08-21T04:32:27.1806784Z   UV_CACHE_DIR: /home/runner/work/_temp/setup-uv-cache
Security Scan	UNKNOWN STEP	2025-08-21T04:32:27.1807081Z ##[endgroup]
Security Scan	UNKNOWN STEP	2025-08-21T04:32:27.3163477Z Using CPython 3.11.13
Security Scan	UNKNOWN STEP	2025-08-21T04:32:27.3163990Z Creating virtual environment at: .venv
Security Scan	UNKNOWN STEP	2025-08-21T04:32:27.3239950Z Resolved 104 packages in 0.98ms
Security Scan	UNKNOWN STEP	2025-08-21T04:32:27.3360685Z    Building music21-mcp-server @ file:///home/runner/work/music21-mcp-server/music21-mcp-server
Security Scan	UNKNOWN STEP	2025-08-21T04:32:27.3534715Z Downloading pydantic-core (1.9MiB)
Security Scan	UNKNOWN STEP	2025-08-21T04:32:27.3537503Z Downloading setuptools (1.1MiB)
Security Scan	UNKNOWN STEP	2025-08-21T04:32:27.3598613Z Downloading kiwisolver (1.4MiB)
Security Scan	UNKNOWN STEP	2025-08-21T04:32:27.3786106Z Downloading cryptography (4.2MiB)
Security Scan	UNKNOWN STEP	2025-08-21T04:32:27.3802134Z Downloading pygments (1.2MiB)
Security Scan	UNKNOWN STEP	2025-08-21T04:32:27.3805199Z Downloading pillow (6.3MiB)
Security Scan	UNKNOWN STEP	2025-08-21T04:32:27.3810931Z Downloading pip (1.7MiB)
Security Scan	UNKNOWN STEP	2025-08-21T04:32:27.3826502Z Downloading matplotlib (8.2MiB)
Security Scan	UNKNOWN STEP	2025-08-21T04:32:27.3829342Z Downloading music21 (19.2MiB)
Security Scan	UNKNOWN STEP	2025-08-21T04:32:27.3832188Z Downloading scipy (33.6MiB)
Security Scan	UNKNOWN STEP	2025-08-21T04:32:27.3835077Z Downloading numpy (16.1MiB)
Security Scan	UNKNOWN STEP	2025-08-21T04:32:27.3983402Z Downloading fonttools (4.7MiB)
Security Scan	UNKNOWN STEP	2025-08-21T04:32:27.7763262Z  Downloading kiwisolver
Security Scan	UNKNOWN STEP	2025-08-21T04:32:27.8329219Z  Downloading pydantic-core
Security Scan	UNKNOWN STEP	2025-08-21T04:32:27.8843261Z    Building midiutil==1.2.1
Security Scan	UNKNOWN STEP	2025-08-21T04:32:28.0874183Z  Downloading pygments
Security Scan	UNKNOWN STEP	2025-08-21T04:32:28.1146813Z  Downloading cryptography
Security Scan	UNKNOWN STEP	2025-08-21T04:32:28.1807133Z  Downloading pip
Security Scan	UNKNOWN STEP	2025-08-21T04:32:28.2119979Z  Downloading fonttools
Security Scan	UNKNOWN STEP	2025-08-21T04:32:28.2227768Z  Downloading setuptools
Security Scan	UNKNOWN STEP	2025-08-21T04:32:28.2286573Z  Downloading pillow
Security Scan	UNKNOWN STEP	2025-08-21T04:32:28.3893763Z  Downloading matplotlib
Security Scan	UNKNOWN STEP	2025-08-21T04:32:28.8296157Z  Downloading numpy
Security Scan	UNKNOWN STEP	2025-08-21T04:32:28.8679849Z       Built music21-mcp-server @ file:///home/runner/work/music21-mcp-server/music21-mcp-server
Security Scan	UNKNOWN STEP	2025-08-21T04:32:29.0520639Z       Built midiutil==1.2.1
Security Scan	UNKNOWN STEP	2025-08-21T04:32:29.0893493Z  Downloading scipy
Security Scan	UNKNOWN STEP	2025-08-21T04:32:29.7433199Z  Downloading music21
Security Scan	UNKNOWN STEP	2025-08-21T04:32:29.7435856Z Prepared 98 packages in 2.41s
Security Scan	UNKNOWN STEP	2025-08-21T04:32:30.0097538Z Installed 98 packages in 265ms
Security Scan	UNKNOWN STEP	2025-08-21T04:32:30.0098188Z  + aiofiles==24.1.0
Security Scan	UNKNOWN STEP	2025-08-21T04:32:30.0098891Z  + annotated-types==0.7.0
Security Scan	UNKNOWN STEP	2025-08-21T04:32:30.0099331Z  + anyio==4.9.0
Security Scan	UNKNOWN STEP	2025-08-21T04:32:30.0099693Z  + attrs==25.3.0
Security Scan	UNKNOWN STEP	2025-08-21T04:32:30.0101363Z  + authlib==1.6.0
Security Scan	UNKNOWN STEP	2025-08-21T04:32:30.0102187Z  + bandit==1.8.6
Security Scan	UNKNOWN STEP	2025-08-21T04:32:30.0102525Z  + bleach==6.2.0
Security Scan	UNKNOWN STEP	2025-08-21T04:32:30.0102871Z  + boolean-py==5.0
Security Scan	UNKNOWN STEP	2025-08-21T04:32:30.0103234Z  + cachecontrol==0.14.3
Security Scan	UNKNOWN STEP	2025-08-21T04:32:30.0103625Z  + cachetools==6.1.0
Security Scan	UNKNOWN STEP	2025-08-21T04:32:30.0103987Z  + certifi==2025.7.14
Security Scan	UNKNOWN STEP	2025-08-21T04:32:30.0104365Z  + cffi==1.17.1
Security Scan	UNKNOWN STEP	2025-08-21T04:32:30.0104866Z  + chardet==5.2.0
Security Scan	UNKNOWN STEP	2025-08-21T04:32:30.0105274Z  + charset-normalizer==3.4.2
Security Scan	UNKNOWN STEP	2025-08-21T04:32:30.0105972Z  + click==8.2.1
Security Scan	UNKNOWN STEP	2025-08-21T04:32:30.0106352Z  + contourpy==1.3.2
Security Scan	UNKNOWN STEP	2025-08-21T04:32:30.0106763Z  + cryptography==45.0.5
Security Scan	UNKNOWN STEP	2025-08-21T04:32:30.0107161Z  + cycler==0.12.1
Security Scan	UNKNOWN STEP	2025-08-21T04:32:30.0107571Z  + cyclonedx-python-lib==9.1.0
Security Scan	UNKNOWN STEP	2025-08-21T04:32:30.0108025Z  + defusedxml==0.7.1
Security Scan	UNKNOWN STEP	2025-08-21T04:32:30.0108412Z  + dparse==0.6.4
Security Scan	UNKNOWN STEP	2025-08-21T04:32:30.0108790Z  + exceptiongroup==1.3.0
Security Scan	UNKNOWN STEP	2025-08-21T04:32:30.0109218Z  + fastapi==0.116.1
Security Scan	UNKNOWN STEP	2025-08-21T04:32:30.0109593Z  + fastmcp==2.9.0
Security Scan	UNKNOWN STEP	2025-08-21T04:32:30.0109952Z  + filelock==3.12.4
Security Scan	UNKNOWN STEP	2025-08-21T04:32:30.0110335Z  + fonttools==4.59.0
Security Scan	UNKNOWN STEP	2025-08-21T04:32:30.0110724Z  + h11==0.16.0
Security Scan	UNKNOWN STEP	2025-08-21T04:32:30.0111083Z  + httpcore==1.0.9
Security Scan	UNKNOWN STEP	2025-08-21T04:32:30.0111450Z  + httpx==0.28.1
Security Scan	UNKNOWN STEP	2025-08-21T04:32:30.0111834Z  + httpx-sse==0.4.1
Security Scan	UNKNOWN STEP	2025-08-21T04:32:30.0112196Z  + idna==3.10
Security Scan	UNKNOWN STEP	2025-08-21T04:32:30.0112548Z  + jinja2==3.1.6
Security Scan	UNKNOWN STEP	2025-08-21T04:32:30.0113063Z  + joblib==1.5.1
Security Scan	UNKNOWN STEP	2025-08-21T04:32:30.0113861Z  + jsonpickle==4.1.1
Security Scan	UNKNOWN STEP	2025-08-21T04:32:30.0114284Z  + jsonschema==4.25.0
Security Scan	UNKNOWN STEP	2025-08-21T04:32:30.0114735Z  + jsonschema-specifications==2025.4.1
Security Scan	UNKNOWN STEP	2025-08-21T04:32:30.0115182Z  + kiwisolver==1.4.8
Security Scan	UNKNOWN STEP	2025-08-21T04:32:30.0115517Z  + license-expression==30.4.4
Security Scan	UNKNOWN STEP	2025-08-21T04:32:30.0116073Z  + markdown-it-py==3.0.0
Security Scan	UNKNOWN STEP	2025-08-21T04:32:30.0116421Z  + markupsafe==3.0.2
Security Scan	UNKNOWN STEP	2025-08-21T04:32:30.0116737Z  + marshmallow==4.0.0
Security Scan	UNKNOWN STEP	2025-08-21T04:32:30.0117058Z  + matplotlib==3.10.3
Security Scan	UNKNOWN STEP	2025-08-21T04:32:30.0117364Z  + mcp==1.12.0
Security Scan	UNKNOWN STEP	2025-08-21T04:32:30.0117657Z  + mdurl==0.1.2
Security Scan	UNKNOWN STEP	2025-08-21T04:32:30.0117947Z  + midiutil==1.2.1
Security Scan	UNKNOWN STEP	2025-08-21T04:32:30.0118263Z  + more-itertools==10.7.0
Security Scan	UNKNOWN STEP	2025-08-21T04:32:30.0118610Z  + msgpack==1.1.1
Security Scan	UNKNOWN STEP	2025-08-21T04:32:30.0118926Z  + music21==9.7.1
Security Scan	UNKNOWN STEP	2025-08-21T04:32:30.0119532Z  + music21-mcp-server==1.0.0 (from file:///home/runner/work/music21-mcp-server/music21-mcp-server)
Security Scan	UNKNOWN STEP	2025-08-21T04:32:30.0120226Z  + numpy==2.3.1
Security Scan	UNKNOWN STEP	2025-08-21T04:32:30.0120547Z  + openapi-pydantic==0.5.1
Security Scan	UNKNOWN STEP	2025-08-21T04:32:30.0120921Z  + packageurl-python==0.17.1
Security Scan	UNKNOWN STEP	2025-08-21T04:32:30.0121302Z  + packaging==25.0
Security Scan	UNKNOWN STEP	2025-08-21T04:32:30.0121614Z  + pathvalidate==3.3.1
Security Scan	UNKNOWN STEP	2025-08-21T04:32:30.0121952Z  + pbr==6.1.1
Security Scan	UNKNOWN STEP	2025-08-21T04:32:30.0122237Z  + pillow==11.3.0
Security Scan	UNKNOWN STEP	2025-08-21T04:32:30.0122532Z  + pip==25.1.1
Security Scan	UNKNOWN STEP	2025-08-21T04:32:30.0122835Z  + pip-api==0.0.34
Security Scan	UNKNOWN STEP	2025-08-21T04:32:30.0123129Z  + pip-audit==2.9.0
Security Scan	UNKNOWN STEP	2025-08-21T04:32:30.0123476Z  + pip-requirements-parser==32.0.1
Security Scan	UNKNOWN STEP	2025-08-21T04:32:30.0123890Z  + platformdirs==4.3.8
Security Scan	UNKNOWN STEP	2025-08-21T04:32:30.0124211Z  + psutil==6.0.0
Security Scan	UNKNOWN STEP	2025-08-21T04:32:30.0124514Z  + py-serializable==2.1.0
Security Scan	UNKNOWN STEP	2025-08-21T04:32:30.0124860Z  + pycparser==2.22
Security Scan	UNKNOWN STEP	2025-08-21T04:32:30.0125155Z  + pydantic==2.11.7
Security Scan	UNKNOWN STEP	2025-08-21T04:32:30.0125483Z  + pydantic-core==2.33.2
Security Scan	UNKNOWN STEP	2025-08-21T04:32:30.0126420Z  + pydantic-settings==2.10.1
Security Scan	UNKNOWN STEP	2025-08-21T04:32:30.0126784Z  + pygments==2.19.2
Security Scan	UNKNOWN STEP	2025-08-21T04:32:30.0127092Z  + pyparsing==3.2.3
Security Scan	UNKNOWN STEP	2025-08-21T04:32:30.0127411Z  + python-dateutil==2.9.0.post0
Security Scan	UNKNOWN STEP	2025-08-21T04:32:30.0127790Z  + python-dotenv==1.1.1
Security Scan	UNKNOWN STEP	2025-08-21T04:32:30.0128129Z  + python-multipart==0.0.20
Security Scan	UNKNOWN STEP	2025-08-21T04:32:30.0128495Z  + pyyaml==6.0.2
Security Scan	UNKNOWN STEP	2025-08-21T04:32:30.0128791Z  + referencing==0.36.2
Security Scan	UNKNOWN STEP	2025-08-21T04:32:30.0129135Z  + requests==2.32.4
Security Scan	UNKNOWN STEP	2025-08-21T04:32:30.0129429Z  + rich==14.0.0
Security Scan	UNKNOWN STEP	2025-08-21T04:32:30.0129720Z  + rpds-py==0.26.0
Security Scan	UNKNOWN STEP	2025-08-21T04:32:30.0130034Z  + ruamel-yaml==0.18.14
Security Scan	UNKNOWN STEP	2025-08-21T04:32:30.0130367Z  + ruamel-yaml-clib==0.2.12
Security Scan	UNKNOWN STEP	2025-08-21T04:32:30.0130708Z  + safety==3.2.9
Security Scan	UNKNOWN STEP	2025-08-21T04:32:30.0131006Z  + safety-schemas==0.0.5
Security Scan	UNKNOWN STEP	2025-08-21T04:32:30.0131341Z  + scipy==1.16.0
Security Scan	UNKNOWN STEP	2025-08-21T04:32:30.0131633Z  + setuptools==80.9.0
Security Scan	UNKNOWN STEP	2025-08-21T04:32:30.0131964Z  + shellingham==1.5.4
Security Scan	UNKNOWN STEP	2025-08-21T04:32:30.0132279Z  + six==1.17.0
Security Scan	UNKNOWN STEP	2025-08-21T04:32:30.0132775Z  + sniffio==1.3.1
Security Scan	UNKNOWN STEP	2025-08-21T04:32:30.0133124Z  + sortedcontainers==2.4.0
Security Scan	UNKNOWN STEP	2025-08-21T04:32:30.0133488Z  + sse-starlette==2.4.1
Security Scan	UNKNOWN STEP	2025-08-21T04:32:30.0133822Z  + starlette==0.47.2
Security Scan	UNKNOWN STEP	2025-08-21T04:32:30.0134128Z  + stevedore==5.4.1
Security Scan	UNKNOWN STEP	2025-08-21T04:32:30.0134426Z  + toml==0.10.2
Security Scan	UNKNOWN STEP	2025-08-21T04:32:30.0134705Z  + typer==0.16.0
Security Scan	UNKNOWN STEP	2025-08-21T04:32:30.0135034Z  + typing-extensions==4.14.1
Security Scan	UNKNOWN STEP	2025-08-21T04:32:30.0135407Z  + typing-inspection==0.4.1
Security Scan	UNKNOWN STEP	2025-08-21T04:32:30.0135903Z  + urllib3==2.5.0
Security Scan	UNKNOWN STEP	2025-08-21T04:32:30.0136192Z  + uvicorn==0.35.0
Security Scan	UNKNOWN STEP	2025-08-21T04:32:30.0136458Z  + webcolors==24.11.1
Security Scan	UNKNOWN STEP	2025-08-21T04:32:30.0136757Z  + webencodings==0.5.1
Security Scan	UNKNOWN STEP	2025-08-21T04:32:30.0878688Z Resolved 104 packages in 0.97ms
Security Scan	UNKNOWN STEP	2025-08-21T04:32:30.0912534Z Audited 98 packages in 0.19ms
Security Scan	UNKNOWN STEP	2025-08-21T04:32:30.0959270Z ##[group]Run # Generate JSON report (may exit with 1 if any issues found)
Security Scan	UNKNOWN STEP	2025-08-21T04:32:30.0959789Z [36;1m# Generate JSON report (may exit with 1 if any issues found)[0m
Security Scan	UNKNOWN STEP	2025-08-21T04:32:30.0960212Z [36;1muv run bandit -r src/ -f json -o bandit-results.json || true[0m
Security Scan	UNKNOWN STEP	2025-08-21T04:32:30.0960534Z [36;1m[0m
Security Scan	UNKNOWN STEP	2025-08-21T04:32:30.0960723Z [36;1m# Only fail CI on HIGH severity issues[0m
Security Scan	UNKNOWN STEP	2025-08-21T04:32:30.0961040Z [36;1m# Skip tests that are not relevant for music analysis:[0m
Security Scan	UNKNOWN STEP	2025-08-21T04:32:30.0961372Z [36;1m# B311: random (used for music generation, not crypto)[0m
Security Scan	UNKNOWN STEP	2025-08-21T04:32:30.0961758Z [36;1m# B110,B112: try/except patterns (acceptable for optional operations)[0m
Security Scan	UNKNOWN STEP	2025-08-21T04:32:30.0962133Z [36;1m# B104: bind all interfaces (needed for HTTP server)[0m
Security Scan	UNKNOWN STEP	2025-08-21T04:32:30.0962472Z [36;1m# B101: assert used (acceptable in non-production code)[0m
Security Scan	UNKNOWN STEP	2025-08-21T04:32:30.0962812Z [36;1muv run bandit -r src/ -lll -s B311,B110,B112,B104,B101[0m
Security Scan	UNKNOWN STEP	2025-08-21T04:32:30.1002740Z shell: /usr/bin/bash -e {0}
Security Scan	UNKNOWN STEP	2025-08-21T04:32:30.1002963Z env:
Security Scan	UNKNOWN STEP	2025-08-21T04:32:30.1003133Z   PYTHON_VERSION: 3.11
Security Scan	UNKNOWN STEP	2025-08-21T04:32:30.1003377Z   UV_CACHE_DIR: /home/runner/work/_temp/setup-uv-cache
Security Scan	UNKNOWN STEP	2025-08-21T04:32:30.1003658Z ##[endgroup]
Security Scan	UNKNOWN STEP	2025-08-21T04:32:30.4441053Z [main]	INFO	profile include tests: None
Security Scan	UNKNOWN STEP	2025-08-21T04:32:30.4441686Z [main]	INFO	profile exclude tests: None
Security Scan	UNKNOWN STEP	2025-08-21T04:32:30.4442217Z [main]	INFO	cli include tests: None
Security Scan	UNKNOWN STEP	2025-08-21T04:32:30.4442577Z [main]	INFO	cli exclude tests: None
Security Scan	UNKNOWN STEP	2025-08-21T04:32:31.2813706Z [json]	INFO	JSON output written to file: bandit-results.json
Security Scan	UNKNOWN STEP	2025-08-21T04:32:31.4893272Z [main]	INFO	profile include tests: None
Security Scan	UNKNOWN STEP	2025-08-21T04:32:31.4893860Z [main]	INFO	profile exclude tests: None
Security Scan	UNKNOWN STEP	2025-08-21T04:32:31.4894332Z [main]	INFO	cli include tests: None
Security Scan	UNKNOWN STEP	2025-08-21T04:32:31.4894844Z [main]	INFO	cli exclude tests: B311,B110,B112,B104,B101
Security Scan	UNKNOWN STEP	2025-08-21T04:32:31.4895448Z [main]	INFO	running on Python 3.11.13
Security Scan	UNKNOWN STEP	2025-08-21T04:32:32.3162820Z Run started:2025-08-21 04:32:32.316033
Security Scan	UNKNOWN STEP	2025-08-21T04:32:32.3163283Z 
Security Scan	UNKNOWN STEP	2025-08-21T04:32:32.3163443Z Test results:
Security Scan	UNKNOWN STEP	2025-08-21T04:32:32.3163849Z 	No issues identified.
Security Scan	UNKNOWN STEP	2025-08-21T04:32:32.3164129Z 
Security Scan	UNKNOWN STEP	2025-08-21T04:32:32.3164280Z Code scanned:
Security Scan	UNKNOWN STEP	2025-08-21T04:32:32.3164684Z 	Total lines of code: 10547
Security Scan	UNKNOWN STEP	2025-08-21T04:32:32.3165187Z 	Total lines skipped (#nosec): 0
Security Scan	UNKNOWN STEP	2025-08-21T04:32:32.3166348Z 	Total potential issues skipped due to specifically being disabled (e.g., #nosec BXXX): 0
Security Scan	UNKNOWN STEP	2025-08-21T04:32:32.3166910Z 
Security Scan	UNKNOWN STEP	2025-08-21T04:32:32.3167020Z Run metrics:
Security Scan	UNKNOWN STEP	2025-08-21T04:32:32.3167284Z 	Total issues (by severity):
Security Scan	UNKNOWN STEP	2025-08-21T04:32:32.3167593Z 		Undefined: 0
Security Scan	UNKNOWN STEP	2025-08-21T04:32:32.3167830Z 		Low: 1
Security Scan	UNKNOWN STEP	2025-08-21T04:32:32.3168053Z 		Medium: 0
Security Scan	UNKNOWN STEP	2025-08-21T04:32:32.3168273Z 		High: 0
Security Scan	UNKNOWN STEP	2025-08-21T04:32:32.3168526Z 	Total issues (by confidence):
Security Scan	UNKNOWN STEP	2025-08-21T04:32:32.3168842Z 		Undefined: 0
Security Scan	UNKNOWN STEP	2025-08-21T04:32:32.3169096Z 		Low: 0
Security Scan	UNKNOWN STEP	2025-08-21T04:32:32.3169310Z 		Medium: 1
Security Scan	UNKNOWN STEP	2025-08-21T04:32:32.3169536Z 		High: 0
Security Scan	UNKNOWN STEP	2025-08-21T04:32:32.3169763Z Files skipped (0):
Security Scan	UNKNOWN STEP	2025-08-21T04:32:32.3767784Z ##[group]Run uv run pip-audit --desc --format=json --output=pip-audit-results.json
Security Scan	UNKNOWN STEP	2025-08-21T04:32:32.3768333Z [36;1muv run pip-audit --desc --format=json --output=pip-audit-results.json[0m
Security Scan	UNKNOWN STEP	2025-08-21T04:32:32.3768694Z [36;1muv run pip-audit --desc[0m
Security Scan	UNKNOWN STEP	2025-08-21T04:32:32.3808582Z shell: /usr/bin/bash -e {0}
Security Scan	UNKNOWN STEP	2025-08-21T04:32:32.3808795Z env:
Security Scan	UNKNOWN STEP	2025-08-21T04:32:32.3808969Z   PYTHON_VERSION: 3.11
Security Scan	UNKNOWN STEP	2025-08-21T04:32:32.3809201Z   UV_CACHE_DIR: /home/runner/work/_temp/setup-uv-cache
Security Scan	UNKNOWN STEP	2025-08-21T04:32:32.3809468Z ##[endgroup]
Security Scan	UNKNOWN STEP	2025-08-21T04:32:35.6054563Z No known vulnerabilities found
Security Scan	UNKNOWN STEP	2025-08-21T04:32:36.5150037Z No known vulnerabilities found
Security Scan	UNKNOWN STEP	2025-08-21T04:32:36.5152913Z Name               Skip Reason
Security Scan	UNKNOWN STEP	2025-08-21T04:32:36.5153637Z ------------------ ---------------------------------------------------------------------------------
Security Scan	UNKNOWN STEP	2025-08-21T04:32:36.5154576Z music21-mcp-server Dependency not found on PyPI and could not be audited: music21-mcp-server (1.0.0)
Security Scan	UNKNOWN STEP	2025-08-21T04:32:36.5711423Z ##[group]Run actions/upload-artifact@v4
Security Scan	UNKNOWN STEP	2025-08-21T04:32:36.5711914Z with:
Security Scan	UNKNOWN STEP	2025-08-21T04:32:36.5712207Z   name: security-results
Security Scan	UNKNOWN STEP	2025-08-21T04:32:36.5712996Z   path: bandit-results.json
Security Scan	UNKNOWN STEP	pip-audit-results.json
Security Scan	UNKNOWN STEP	# safety-results.json (disabled due to compatibility issue)
Security Scan	UNKNOWN STEP	
Security Scan	UNKNOWN STEP	2025-08-21T04:32:36.5713848Z   if-no-files-found: warn
Security Scan	UNKNOWN STEP	2025-08-21T04:32:36.5714217Z   compression-level: 6
Security Scan	UNKNOWN STEP	2025-08-21T04:32:36.5714571Z   overwrite: false
Security Scan	UNKNOWN STEP	2025-08-21T04:32:36.5714906Z   include-hidden-files: false
Security Scan	UNKNOWN STEP	2025-08-21T04:32:36.5715277Z env:
Security Scan	UNKNOWN STEP	2025-08-21T04:32:36.5715795Z   PYTHON_VERSION: 3.11
Security Scan	UNKNOWN STEP	2025-08-21T04:32:36.5716229Z   UV_CACHE_DIR: /home/runner/work/_temp/setup-uv-cache
Security Scan	UNKNOWN STEP	2025-08-21T04:32:36.5716688Z ##[endgroup]
Security Scan	UNKNOWN STEP	2025-08-21T04:32:36.7959891Z Multiple search paths detected. Calculating the least common ancestor of all paths
Security Scan	UNKNOWN STEP	2025-08-21T04:32:36.7963897Z The least common ancestor is /home/runner/work/music21-mcp-server/music21-mcp-server. This will be the root directory of the artifact
Security Scan	UNKNOWN STEP	2025-08-21T04:32:36.7965098Z With the provided path, there will be 2 files uploaded
Security Scan	UNKNOWN STEP	2025-08-21T04:32:36.7970575Z Artifact name is valid!
Security Scan	UNKNOWN STEP	2025-08-21T04:32:36.7972076Z Root directory input is valid!
Security Scan	UNKNOWN STEP	2025-08-21T04:32:37.0943229Z Beginning upload of artifact content to blob storage
Security Scan	UNKNOWN STEP	2025-08-21T04:32:37.4062948Z Uploaded bytes 6349
Security Scan	UNKNOWN STEP	2025-08-21T04:32:37.4858142Z Finished uploading artifact content to blob storage!
Security Scan	UNKNOWN STEP	2025-08-21T04:32:37.4861115Z SHA256 digest of uploaded artifact zip is 3cc7a213f3efccfeea9a573356f7c1bfc4ea30249e337e8a87bb042da12eb222
Security Scan	UNKNOWN STEP	2025-08-21T04:32:37.4863762Z Finalizing artifact upload
Security Scan	UNKNOWN STEP	2025-08-21T04:32:37.6220447Z Artifact security-results.zip successfully finalized. Artifact ID 3815490289
Security Scan	UNKNOWN STEP	2025-08-21T04:32:37.6221624Z Artifact security-results has been successfully uploaded! Final size is 6349 bytes. Artifact ID is 3815490289
Security Scan	UNKNOWN STEP	2025-08-21T04:32:37.6229474Z Artifact download URL: https://github.com/brightlikethelight/music21-mcp-server/actions/runs/17117151570/artifacts/3815490289
Security Scan	UNKNOWN STEP	2025-08-21T04:32:37.6344637Z Post job cleanup.
Security Scan	UNKNOWN STEP	2025-08-21T04:32:37.7894059Z Post job cleanup.
Security Scan	UNKNOWN STEP	2025-08-21T04:32:37.8847501Z [command]/usr/bin/git version
Security Scan	UNKNOWN STEP	2025-08-21T04:32:37.8883762Z git version 2.51.0
Security Scan	UNKNOWN STEP	2025-08-21T04:32:37.8929329Z Temporarily overriding HOME='/home/runner/work/_temp/99ec5ec1-5bf7-456f-ae9a-75f44ebc8b86' before making global git config changes
Security Scan	UNKNOWN STEP	2025-08-21T04:32:37.8930687Z Adding repository directory to the temporary git global config as a safe directory
Security Scan	UNKNOWN STEP	2025-08-21T04:32:37.8943365Z [command]/usr/bin/git config --global --add safe.directory /home/runner/work/music21-mcp-server/music21-mcp-server
Security Scan	UNKNOWN STEP	2025-08-21T04:32:37.8980066Z [command]/usr/bin/git config --local --name-only --get-regexp core\.sshCommand
Security Scan	UNKNOWN STEP	2025-08-21T04:32:37.9013082Z [command]/usr/bin/git submodule foreach --recursive sh -c "git config --local --name-only --get-regexp 'core\.sshCommand' && git config --local --unset-all 'core.sshCommand' || :"
Security Scan	UNKNOWN STEP	2025-08-21T04:32:37.9244372Z [command]/usr/bin/git config --local --name-only --get-regexp http\.https\:\/\/github\.com\/\.extraheader
Security Scan	UNKNOWN STEP	2025-08-21T04:32:37.9268467Z http.https://github.com/.extraheader
Security Scan	UNKNOWN STEP	2025-08-21T04:32:37.9281220Z [command]/usr/bin/git config --local --unset-all http.https://github.com/.extraheader
Security Scan	UNKNOWN STEP	2025-08-21T04:32:37.9312365Z [command]/usr/bin/git submodule foreach --recursive sh -c "git config --local --name-only --get-regexp 'http\.https\:\/\/github\.com\/\.extraheader' && git config --local --unset-all 'http.https://github.com/.extraheader' || :"
Security Scan	UNKNOWN STEP	2025-08-21T04:32:37.9638815Z Cleaning up orphan processes
Run Tests (3.11)	UNKNOWN STEP	﻿2025-08-21T04:32:20.9072003Z Current runner version: '2.328.0'
Run Tests (3.11)	UNKNOWN STEP	2025-08-21T04:32:20.9096337Z ##[group]Runner Image Provisioner
Run Tests (3.11)	UNKNOWN STEP	2025-08-21T04:32:20.9097111Z Hosted Compute Agent
Run Tests (3.11)	UNKNOWN STEP	2025-08-21T04:32:20.9097656Z Version: 20250818.377
Run Tests (3.11)	UNKNOWN STEP	2025-08-21T04:32:20.9098386Z Commit: 3c593e9f75fe0b87e893bca80d6e12ba089c61fc
Run Tests (3.11)	UNKNOWN STEP	2025-08-21T04:32:20.9099053Z Build Date: 2025-08-18T14:52:18Z
Run Tests (3.11)	UNKNOWN STEP	2025-08-21T04:32:20.9099643Z ##[endgroup]
Run Tests (3.11)	UNKNOWN STEP	2025-08-21T04:32:20.9100616Z ##[group]Operating System
Run Tests (3.11)	UNKNOWN STEP	2025-08-21T04:32:20.9101225Z Ubuntu
Run Tests (3.11)	UNKNOWN STEP	2025-08-21T04:32:20.9101684Z 24.04.2
Run Tests (3.11)	UNKNOWN STEP	2025-08-21T04:32:20.9102219Z LTS
Run Tests (3.11)	UNKNOWN STEP	2025-08-21T04:32:20.9102652Z ##[endgroup]
Run Tests (3.11)	UNKNOWN STEP	2025-08-21T04:32:20.9103159Z ##[group]Runner Image
Run Tests (3.11)	UNKNOWN STEP	2025-08-21T04:32:20.9103787Z Image: ubuntu-24.04
Run Tests (3.11)	UNKNOWN STEP	2025-08-21T04:32:20.9104276Z Version: 20250818.1.0
Run Tests (3.11)	UNKNOWN STEP	2025-08-21T04:32:20.9105285Z Included Software: https://github.com/actions/runner-images/blob/ubuntu24/20250818.1/images/ubuntu/Ubuntu2404-Readme.md
Run Tests (3.11)	UNKNOWN STEP	2025-08-21T04:32:20.9106833Z Image Release: https://github.com/actions/runner-images/releases/tag/ubuntu24%2F20250818.1
Run Tests (3.11)	UNKNOWN STEP	2025-08-21T04:32:20.9107790Z ##[endgroup]
Run Tests (3.11)	UNKNOWN STEP	2025-08-21T04:32:20.9109007Z ##[group]GITHUB_TOKEN Permissions
Run Tests (3.11)	UNKNOWN STEP	2025-08-21T04:32:20.9111125Z Contents: read
Run Tests (3.11)	UNKNOWN STEP	2025-08-21T04:32:20.9111776Z Metadata: read
Run Tests (3.11)	UNKNOWN STEP	2025-08-21T04:32:20.9112288Z Packages: read
Run Tests (3.11)	UNKNOWN STEP	2025-08-21T04:32:20.9112802Z ##[endgroup]
Run Tests (3.11)	UNKNOWN STEP	2025-08-21T04:32:20.9115343Z Secret source: Actions
Run Tests (3.11)	UNKNOWN STEP	2025-08-21T04:32:20.9116376Z Prepare workflow directory
Run Tests (3.11)	UNKNOWN STEP	2025-08-21T04:32:20.9508769Z Prepare all required actions
Run Tests (3.11)	UNKNOWN STEP	2025-08-21T04:32:20.9547557Z Getting action download info
Run Tests (3.11)	UNKNOWN STEP	2025-08-21T04:32:21.2921155Z Download action repository 'actions/checkout@v4' (SHA:08eba0b27e820071cde6df949e0beb9ba4906955)
Run Tests (3.11)	UNKNOWN STEP	2025-08-21T04:32:21.6207165Z Download action repository 'astral-sh/setup-uv@v3' (SHA:caf0cab7a618c569241d31dcd442f54681755d39)
Run Tests (3.11)	UNKNOWN STEP	2025-08-21T04:32:22.0544412Z Download action repository 'actions/upload-artifact@v4' (SHA:ea165f8d65b6e75b540449e92b4886f43607fa02)
Run Tests (3.11)	UNKNOWN STEP	2025-08-21T04:32:22.2189057Z Download action repository 'codecov/codecov-action@v4' (SHA:b9fd7d16f6d7d1b5d2bec1a2887e65ceed900238)
Run Tests (3.11)	UNKNOWN STEP	2025-08-21T04:32:22.6545943Z Complete job name: Run Tests (3.11)
Run Tests (3.11)	UNKNOWN STEP	2025-08-21T04:32:22.7220523Z ##[group]Run actions/checkout@v4
Run Tests (3.11)	UNKNOWN STEP	2025-08-21T04:32:22.7221473Z with:
Run Tests (3.11)	UNKNOWN STEP	2025-08-21T04:32:22.7221935Z   fetch-depth: 0
Run Tests (3.11)	UNKNOWN STEP	2025-08-21T04:32:22.7222454Z   repository: brightlikethelight/music21-mcp-server
Run Tests (3.11)	UNKNOWN STEP	2025-08-21T04:32:22.7223329Z   token: ***
Run Tests (3.11)	UNKNOWN STEP	2025-08-21T04:32:22.7223803Z   ssh-strict: true
Run Tests (3.11)	UNKNOWN STEP	2025-08-21T04:32:22.7224246Z   ssh-user: git
Run Tests (3.11)	UNKNOWN STEP	2025-08-21T04:32:22.7224678Z   persist-credentials: true
Run Tests (3.11)	UNKNOWN STEP	2025-08-21T04:32:22.7225159Z   clean: true
Run Tests (3.11)	UNKNOWN STEP	2025-08-21T04:32:22.7225597Z   sparse-checkout-cone-mode: true
Run Tests (3.11)	UNKNOWN STEP	2025-08-21T04:32:22.7226112Z   fetch-tags: false
Run Tests (3.11)	UNKNOWN STEP	2025-08-21T04:32:22.7226560Z   show-progress: true
Run Tests (3.11)	UNKNOWN STEP	2025-08-21T04:32:22.7227002Z   lfs: false
Run Tests (3.11)	UNKNOWN STEP	2025-08-21T04:32:22.7227393Z   submodules: false
Run Tests (3.11)	UNKNOWN STEP	2025-08-21T04:32:22.7227821Z   set-safe-directory: true
Run Tests (3.11)	UNKNOWN STEP	2025-08-21T04:32:22.7228534Z env:
Run Tests (3.11)	UNKNOWN STEP	2025-08-21T04:32:22.7228943Z   PYTHON_VERSION: 3.11
Run Tests (3.11)	UNKNOWN STEP	2025-08-21T04:32:22.7229405Z   UV_CACHE_DIR: /tmp/.uv-cache
Run Tests (3.11)	UNKNOWN STEP	2025-08-21T04:32:22.7229890Z ##[endgroup]
Run Tests (3.11)	UNKNOWN STEP	2025-08-21T04:32:22.8312427Z Syncing repository: brightlikethelight/music21-mcp-server
Run Tests (3.11)	UNKNOWN STEP	2025-08-21T04:32:22.8314698Z ##[group]Getting Git version info
Run Tests (3.11)	UNKNOWN STEP	2025-08-21T04:32:22.8315548Z Working directory is '/home/runner/work/music21-mcp-server/music21-mcp-server'
Run Tests (3.11)	UNKNOWN STEP	2025-08-21T04:32:22.8316796Z [command]/usr/bin/git version
Run Tests (3.11)	UNKNOWN STEP	2025-08-21T04:32:22.8336583Z git version 2.51.0
Run Tests (3.11)	UNKNOWN STEP	2025-08-21T04:32:22.8364281Z ##[endgroup]
Run Tests (3.11)	UNKNOWN STEP	2025-08-21T04:32:22.8387306Z Temporarily overriding HOME='/home/runner/work/_temp/ceb221ee-044d-48e8-8108-0a15a2df4f94' before making global git config changes
Run Tests (3.11)	UNKNOWN STEP	2025-08-21T04:32:22.8389447Z Adding repository directory to the temporary git global config as a safe directory
Run Tests (3.11)	UNKNOWN STEP	2025-08-21T04:32:22.8393070Z [command]/usr/bin/git config --global --add safe.directory /home/runner/work/music21-mcp-server/music21-mcp-server
Run Tests (3.11)	UNKNOWN STEP	2025-08-21T04:32:22.8429943Z Deleting the contents of '/home/runner/work/music21-mcp-server/music21-mcp-server'
Run Tests (3.11)	UNKNOWN STEP	2025-08-21T04:32:22.8433874Z ##[group]Initializing the repository
Run Tests (3.11)	UNKNOWN STEP	2025-08-21T04:32:22.8437879Z [command]/usr/bin/git init /home/runner/work/music21-mcp-server/music21-mcp-server
Run Tests (3.11)	UNKNOWN STEP	2025-08-21T04:32:22.8496806Z hint: Using 'master' as the name for the initial branch. This default branch name
Run Tests (3.11)	UNKNOWN STEP	2025-08-21T04:32:22.8499756Z hint: is subject to change. To configure the initial branch name to use in all
Run Tests (3.11)	UNKNOWN STEP	2025-08-21T04:32:22.8501631Z hint: of your new repositories, which will suppress this warning, call:
Run Tests (3.11)	UNKNOWN STEP	2025-08-21T04:32:22.8502757Z hint:
Run Tests (3.11)	UNKNOWN STEP	2025-08-21T04:32:22.8503502Z hint: 	git config --global init.defaultBranch <name>
Run Tests (3.11)	UNKNOWN STEP	2025-08-21T04:32:22.8504245Z hint:
Run Tests (3.11)	UNKNOWN STEP	2025-08-21T04:32:22.8504993Z hint: Names commonly chosen instead of 'master' are 'main', 'trunk' and
Run Tests (3.11)	UNKNOWN STEP	2025-08-21T04:32:22.8506497Z hint: 'development'. The just-created branch can be renamed via this command:
Run Tests (3.11)	UNKNOWN STEP	2025-08-21T04:32:22.8507655Z hint:
Run Tests (3.11)	UNKNOWN STEP	2025-08-21T04:32:22.8508292Z hint: 	git branch -m <name>
Run Tests (3.11)	UNKNOWN STEP	2025-08-21T04:32:22.8508844Z hint:
Run Tests (3.11)	UNKNOWN STEP	2025-08-21T04:32:22.8509441Z hint: Disable this message with "git config set advice.defaultBranchName false"
Run Tests (3.11)	UNKNOWN STEP	2025-08-21T04:32:22.8511098Z Initialized empty Git repository in /home/runner/work/music21-mcp-server/music21-mcp-server/.git/
Run Tests (3.11)	UNKNOWN STEP	2025-08-21T04:32:22.8514560Z [command]/usr/bin/git remote add origin https://github.com/brightlikethelight/music21-mcp-server
Run Tests (3.11)	UNKNOWN STEP	2025-08-21T04:32:22.8547374Z ##[endgroup]
Run Tests (3.11)	UNKNOWN STEP	2025-08-21T04:32:22.8548537Z ##[group]Disabling automatic garbage collection
Run Tests (3.11)	UNKNOWN STEP	2025-08-21T04:32:22.8551110Z [command]/usr/bin/git config --local gc.auto 0
Run Tests (3.11)	UNKNOWN STEP	2025-08-21T04:32:22.8580972Z ##[endgroup]
Run Tests (3.11)	UNKNOWN STEP	2025-08-21T04:32:22.8582102Z ##[group]Setting up auth
Run Tests (3.11)	UNKNOWN STEP	2025-08-21T04:32:22.8588153Z [command]/usr/bin/git config --local --name-only --get-regexp core\.sshCommand
Run Tests (3.11)	UNKNOWN STEP	2025-08-21T04:32:22.8619563Z [command]/usr/bin/git submodule foreach --recursive sh -c "git config --local --name-only --get-regexp 'core\.sshCommand' && git config --local --unset-all 'core.sshCommand' || :"
Run Tests (3.11)	UNKNOWN STEP	2025-08-21T04:32:22.8889951Z [command]/usr/bin/git config --local --name-only --get-regexp http\.https\:\/\/github\.com\/\.extraheader
Run Tests (3.11)	UNKNOWN STEP	2025-08-21T04:32:22.8919511Z [command]/usr/bin/git submodule foreach --recursive sh -c "git config --local --name-only --get-regexp 'http\.https\:\/\/github\.com\/\.extraheader' && git config --local --unset-all 'http.https://github.com/.extraheader' || :"
Run Tests (3.11)	UNKNOWN STEP	2025-08-21T04:32:22.9150985Z [command]/usr/bin/git config --local http.https://github.com/.extraheader AUTHORIZATION: basic ***
Run Tests (3.11)	UNKNOWN STEP	2025-08-21T04:32:22.9194840Z ##[endgroup]
Run Tests (3.11)	UNKNOWN STEP	2025-08-21T04:32:22.9195781Z ##[group]Fetching the repository
Run Tests (3.11)	UNKNOWN STEP	2025-08-21T04:32:22.9209879Z [command]/usr/bin/git -c protocol.version=2 fetch --prune --no-recurse-submodules origin +refs/heads/*:refs/remotes/origin/* +refs/tags/*:refs/tags/*
Run Tests (3.11)	UNKNOWN STEP	2025-08-21T04:32:23.4294369Z From https://github.com/brightlikethelight/music21-mcp-server
Run Tests (3.11)	UNKNOWN STEP	2025-08-21T04:32:23.4298912Z  * [new branch]      dependabot/github_actions/actions/checkout-5 -> origin/dependabot/github_actions/actions/checkout-5
Run Tests (3.11)	UNKNOWN STEP	2025-08-21T04:32:23.4302977Z  * [new branch]      dependabot/github_actions/actions/setup-python-5 -> origin/dependabot/github_actions/actions/setup-python-5
Run Tests (3.11)	UNKNOWN STEP	2025-08-21T04:32:23.4306651Z  * [new branch]      dependabot/github_actions/astral-sh/setup-uv-6 -> origin/dependabot/github_actions/astral-sh/setup-uv-6
Run Tests (3.11)	UNKNOWN STEP	2025-08-21T04:32:23.4310964Z  * [new branch]      dependabot/github_actions/codecov/codecov-action-5 -> origin/dependabot/github_actions/codecov/codecov-action-5
Run Tests (3.11)	UNKNOWN STEP	2025-08-21T04:32:23.4314860Z  * [new branch]      dependabot/pip/fastapi-0.116.1 -> origin/dependabot/pip/fastapi-0.116.1
Run Tests (3.11)	UNKNOWN STEP	2025-08-21T04:32:23.4318222Z  * [new branch]      dependabot/pip/pre-commit-tw-4.2.0 -> origin/dependabot/pip/pre-commit-tw-4.2.0
Run Tests (3.11)	UNKNOWN STEP	2025-08-21T04:32:23.4320801Z  * [new branch]      dependabot/pip/pydantic-2.11.7 -> origin/dependabot/pip/pydantic-2.11.7
Run Tests (3.11)	UNKNOWN STEP	2025-08-21T04:32:23.4323097Z  * [new branch]      dependabot/pip/types-psutil-tw-7.0.0 -> origin/dependabot/pip/types-psutil-tw-7.0.0
Run Tests (3.11)	UNKNOWN STEP	2025-08-21T04:32:23.4325582Z  * [new branch]      dependabot/pip/uvicorn-standard--0.35.0 -> origin/dependabot/pip/uvicorn-standard--0.35.0
Run Tests (3.11)	UNKNOWN STEP	2025-08-21T04:32:23.4327498Z  * [new branch]      main       -> origin/main
Run Tests (3.11)	UNKNOWN STEP	2025-08-21T04:32:23.4352086Z [command]/usr/bin/git branch --list --remote origin/main
Run Tests (3.11)	UNKNOWN STEP	2025-08-21T04:32:23.4376228Z   origin/main
Run Tests (3.11)	UNKNOWN STEP	2025-08-21T04:32:23.4384860Z [command]/usr/bin/git rev-parse refs/remotes/origin/main
Run Tests (3.11)	UNKNOWN STEP	2025-08-21T04:32:23.4404767Z 9d8df043cf11fb0d04458db3b85ff4ca4514fbe1
Run Tests (3.11)	UNKNOWN STEP	2025-08-21T04:32:23.4411811Z ##[endgroup]
Run Tests (3.11)	UNKNOWN STEP	2025-08-21T04:32:23.4413856Z ##[group]Determining the checkout info
Run Tests (3.11)	UNKNOWN STEP	2025-08-21T04:32:23.4416396Z ##[endgroup]
Run Tests (3.11)	UNKNOWN STEP	2025-08-21T04:32:23.4417761Z [command]/usr/bin/git sparse-checkout disable
Run Tests (3.11)	UNKNOWN STEP	2025-08-21T04:32:23.4452917Z [command]/usr/bin/git config --local --unset-all extensions.worktreeConfig
Run Tests (3.11)	UNKNOWN STEP	2025-08-21T04:32:23.4478694Z ##[group]Checking out the ref
Run Tests (3.11)	UNKNOWN STEP	2025-08-21T04:32:23.4481186Z [command]/usr/bin/git checkout --progress --force -B main refs/remotes/origin/main
Run Tests (3.11)	UNKNOWN STEP	2025-08-21T04:32:23.4664123Z Switched to a new branch 'main'
Run Tests (3.11)	UNKNOWN STEP	2025-08-21T04:32:23.4666243Z branch 'main' set up to track 'origin/main'.
Run Tests (3.11)	UNKNOWN STEP	2025-08-21T04:32:23.4677452Z ##[endgroup]
Run Tests (3.11)	UNKNOWN STEP	2025-08-21T04:32:23.4712225Z [command]/usr/bin/git log -1 --format=%H
Run Tests (3.11)	UNKNOWN STEP	2025-08-21T04:32:23.4734558Z 9d8df043cf11fb0d04458db3b85ff4ca4514fbe1
Run Tests (3.11)	UNKNOWN STEP	2025-08-21T04:32:23.4994563Z ##[group]Run astral-sh/setup-uv@v3
Run Tests (3.11)	UNKNOWN STEP	2025-08-21T04:32:23.4995683Z with:
Run Tests (3.11)	UNKNOWN STEP	2025-08-21T04:32:23.4996462Z   enable-cache: true
Run Tests (3.11)	UNKNOWN STEP	2025-08-21T04:32:23.4997372Z   version: latest
Run Tests (3.11)	UNKNOWN STEP	2025-08-21T04:32:23.4998611Z   github-token: ***
Run Tests (3.11)	UNKNOWN STEP	2025-08-21T04:32:23.4999547Z   cache-dependency-glob: **/uv.lock
Run Tests (3.11)	UNKNOWN STEP	2025-08-21T04:32:23.5000814Z   prune-cache: true
Run Tests (3.11)	UNKNOWN STEP	2025-08-21T04:32:23.5001653Z env:
Run Tests (3.11)	UNKNOWN STEP	2025-08-21T04:32:23.5002420Z   PYTHON_VERSION: 3.11
Run Tests (3.11)	UNKNOWN STEP	2025-08-21T04:32:23.5003354Z   UV_CACHE_DIR: /tmp/.uv-cache
Run Tests (3.11)	UNKNOWN STEP	2025-08-21T04:32:23.5004345Z ##[endgroup]
Run Tests (3.11)	UNKNOWN STEP	2025-08-21T04:32:23.6637309Z Downloading uv from "https://github.com/astral-sh/uv/releases/latest/download/uv-x86_64-unknown-linux-gnu.tar.gz" ...
Run Tests (3.11)	UNKNOWN STEP	2025-08-21T04:32:24.0910617Z [command]/usr/bin/tar xz --warning=no-unknown-keyword --overwrite -C /home/runner/work/_temp/148783c7-884e-472c-9153-684c3bc3163b -f /home/runner/work/_temp/94d2e01e-9d1f-4427-8508-ccc15f2a564d
Run Tests (3.11)	UNKNOWN STEP	2025-08-21T04:32:24.4879600Z Added /opt/hostedtoolcache/uv/0.8.12/x86_64 to the path
Run Tests (3.11)	UNKNOWN STEP	2025-08-21T04:32:24.4883139Z Added /home/runner/.local/bin to the path
Run Tests (3.11)	UNKNOWN STEP	2025-08-21T04:32:24.4887442Z Successfully installed uv version 0.8.12
Run Tests (3.11)	UNKNOWN STEP	2025-08-21T04:32:24.4908552Z Set UV_CACHE_DIR to /home/runner/work/_temp/setup-uv-cache
Run Tests (3.11)	UNKNOWN STEP	2025-08-21T04:32:24.4910989Z Searching files using cache dependency glob: **/uv.lock
Run Tests (3.11)	UNKNOWN STEP	2025-08-21T04:32:24.5185807Z /home/runner/work/music21-mcp-server/music21-mcp-server/uv.lock
Run Tests (3.11)	UNKNOWN STEP	2025-08-21T04:32:24.5214154Z Found 1 files to hash.
Run Tests (3.11)	UNKNOWN STEP	2025-08-21T04:32:24.5218425Z Trying to restore uv cache from GitHub Actions cache with key: setup-uv-1-x86_64-unknown-linux-gnu-0.8.12-8fa48ae63ace3844ac3557b85585f9543a46916205256a6804701b9faff037d7
Run Tests (3.11)	UNKNOWN STEP	2025-08-21T04:32:24.5668882Z ##[warning]Failed to restore: Cache service responded with 400
Run Tests (3.11)	UNKNOWN STEP	2025-08-21T04:32:24.5684407Z No GitHub Actions cache found for key: setup-uv-1-x86_64-unknown-linux-gnu-0.8.12-8fa48ae63ace3844ac3557b85585f9543a46916205256a6804701b9faff037d7
Run Tests (3.11)	UNKNOWN STEP	2025-08-21T04:32:24.5812516Z ##[group]Run uv python install 3.11
Run Tests (3.11)	UNKNOWN STEP	2025-08-21T04:32:24.5813635Z [36;1muv python install 3.11[0m
Run Tests (3.11)	UNKNOWN STEP	2025-08-21T04:32:24.5888086Z shell: /usr/bin/bash -e {0}
Run Tests (3.11)	UNKNOWN STEP	2025-08-21T04:32:24.5888955Z env:
Run Tests (3.11)	UNKNOWN STEP	2025-08-21T04:32:24.5889577Z   PYTHON_VERSION: 3.11
Run Tests (3.11)	UNKNOWN STEP	2025-08-21T04:32:24.5890791Z   UV_CACHE_DIR: /home/runner/work/_temp/setup-uv-cache
Run Tests (3.11)	UNKNOWN STEP	2025-08-21T04:32:24.5891880Z ##[endgroup]
Run Tests (3.11)	UNKNOWN STEP	2025-08-21T04:32:24.7387609Z Downloading cpython-3.11.13-linux-x86_64-gnu (download) (27.7MiB)
Run Tests (3.11)	UNKNOWN STEP	2025-08-21T04:32:25.5049922Z  Downloading cpython-3.11.13-linux-x86_64-gnu (download)
Run Tests (3.11)	UNKNOWN STEP	2025-08-21T04:32:25.5103313Z Installed Python 3.11.13 in 904ms
Run Tests (3.11)	UNKNOWN STEP	2025-08-21T04:32:25.5104977Z  + cpython-3.11.13-linux-x86_64-gnu (python3.11)
Run Tests (3.11)	UNKNOWN STEP	2025-08-21T04:32:25.5188789Z ##[group]Run sudo apt-get update
Run Tests (3.11)	UNKNOWN STEP	2025-08-21T04:32:25.5189773Z [36;1msudo apt-get update[0m
Run Tests (3.11)	UNKNOWN STEP	2025-08-21T04:32:25.5191078Z [36;1msudo apt-get install -y fluidsynth musescore3[0m
Run Tests (3.11)	UNKNOWN STEP	2025-08-21T04:32:25.5235219Z shell: /usr/bin/bash -e {0}
Run Tests (3.11)	UNKNOWN STEP	2025-08-21T04:32:25.5236044Z env:
Run Tests (3.11)	UNKNOWN STEP	2025-08-21T04:32:25.5236677Z   PYTHON_VERSION: 3.11
Run Tests (3.11)	UNKNOWN STEP	2025-08-21T04:32:25.5237806Z   UV_CACHE_DIR: /home/runner/work/_temp/setup-uv-cache
Run Tests (3.11)	UNKNOWN STEP	2025-08-21T04:32:25.5238847Z ##[endgroup]
Run Tests (3.11)	UNKNOWN STEP	2025-08-21T04:32:25.6155664Z Get:1 file:/etc/apt/apt-mirrors.txt Mirrorlist [144 B]
Run Tests (3.11)	UNKNOWN STEP	2025-08-21T04:32:25.6498839Z Hit:2 http://azure.archive.ubuntu.com/ubuntu noble InRelease
Run Tests (3.11)	UNKNOWN STEP	2025-08-21T04:32:25.6521964Z Get:3 http://azure.archive.ubuntu.com/ubuntu noble-updates InRelease [126 kB]
Run Tests (3.11)	UNKNOWN STEP	2025-08-21T04:32:25.6571006Z Get:4 http://azure.archive.ubuntu.com/ubuntu noble-backports InRelease [126 kB]
Run Tests (3.11)	UNKNOWN STEP	2025-08-21T04:32:25.6598988Z Get:5 http://azure.archive.ubuntu.com/ubuntu noble-security InRelease [126 kB]
Run Tests (3.11)	UNKNOWN STEP	2025-08-21T04:32:25.6622673Z Hit:6 https://packages.microsoft.com/repos/azure-cli noble InRelease
Run Tests (3.11)	UNKNOWN STEP	2025-08-21T04:32:25.6854952Z Get:7 https://packages.microsoft.com/ubuntu/24.04/prod noble InRelease [3600 B]
Run Tests (3.11)	UNKNOWN STEP	2025-08-21T04:32:25.7944717Z Get:8 http://azure.archive.ubuntu.com/ubuntu noble-updates/main amd64 Packages [1350 kB]
Run Tests (3.11)	UNKNOWN STEP	2025-08-21T04:32:25.8138845Z Get:9 http://azure.archive.ubuntu.com/ubuntu noble-updates/main Translation-en [268 kB]
Run Tests (3.11)	UNKNOWN STEP	2025-08-21T04:32:25.8162854Z Get:10 http://azure.archive.ubuntu.com/ubuntu noble-updates/main amd64 Components [175 kB]
Run Tests (3.11)	UNKNOWN STEP	2025-08-21T04:32:25.8212621Z Get:11 http://azure.archive.ubuntu.com/ubuntu noble-updates/universe amd64 Packages [1123 kB]
Run Tests (3.11)	UNKNOWN STEP	2025-08-21T04:32:25.8335900Z Get:12 http://azure.archive.ubuntu.com/ubuntu noble-updates/universe Translation-en [288 kB]
Run Tests (3.11)	UNKNOWN STEP	2025-08-21T04:32:25.8371504Z Get:13 http://azure.archive.ubuntu.com/ubuntu noble-updates/universe amd64 Components [376 kB]
Run Tests (3.11)	UNKNOWN STEP	2025-08-21T04:32:25.8414925Z Get:14 http://azure.archive.ubuntu.com/ubuntu noble-updates/restricted amd64 Packages [1728 kB]
Run Tests (3.11)	UNKNOWN STEP	2025-08-21T04:32:25.8528283Z Get:15 http://azure.archive.ubuntu.com/ubuntu noble-updates/restricted Translation-en [382 kB]
Run Tests (3.11)	UNKNOWN STEP	2025-08-21T04:32:25.8612508Z Get:16 http://azure.archive.ubuntu.com/ubuntu noble-updates/restricted amd64 Components [212 B]
Run Tests (3.11)	UNKNOWN STEP	2025-08-21T04:32:25.8620360Z Get:17 http://azure.archive.ubuntu.com/ubuntu noble-updates/multiverse amd64 Components [940 B]
Run Tests (3.11)	UNKNOWN STEP	2025-08-21T04:32:25.9071853Z Get:18 http://azure.archive.ubuntu.com/ubuntu noble-backports/main amd64 Components [7072 B]
Run Tests (3.11)	UNKNOWN STEP	2025-08-21T04:32:25.9087112Z Get:19 http://azure.archive.ubuntu.com/ubuntu noble-backports/universe amd64 Components [19.2 kB]
Run Tests (3.11)	UNKNOWN STEP	2025-08-21T04:32:25.9096551Z Get:20 http://azure.archive.ubuntu.com/ubuntu noble-backports/restricted amd64 Components [216 B]
Run Tests (3.11)	UNKNOWN STEP	2025-08-21T04:32:25.9106380Z Get:21 http://azure.archive.ubuntu.com/ubuntu noble-backports/multiverse amd64 Components [212 B]
Run Tests (3.11)	UNKNOWN STEP	2025-08-21T04:32:25.9224061Z Get:22 http://azure.archive.ubuntu.com/ubuntu noble-security/main amd64 Packages [1083 kB]
Run Tests (3.11)	UNKNOWN STEP	2025-08-21T04:32:25.9329052Z Get:23 http://azure.archive.ubuntu.com/ubuntu noble-security/main Translation-en [187 kB]
Run Tests (3.11)	UNKNOWN STEP	2025-08-21T04:32:25.9347919Z Get:24 http://azure.archive.ubuntu.com/ubuntu noble-security/main amd64 Components [21.5 kB]
Run Tests (3.11)	UNKNOWN STEP	2025-08-21T04:32:25.9361835Z Get:25 http://azure.archive.ubuntu.com/ubuntu noble-security/universe amd64 Packages [881 kB]
Run Tests (3.11)	UNKNOWN STEP	2025-08-21T04:32:25.9433074Z Get:26 http://azure.archive.ubuntu.com/ubuntu noble-security/universe Translation-en [195 kB]
Run Tests (3.11)	UNKNOWN STEP	2025-08-21T04:32:25.9463834Z Get:27 http://azure.archive.ubuntu.com/ubuntu noble-security/universe amd64 Components [52.2 kB]
Run Tests (3.11)	UNKNOWN STEP	2025-08-21T04:32:25.9488087Z Get:28 http://azure.archive.ubuntu.com/ubuntu noble-security/restricted amd64 Packages [1631 kB]
Run Tests (3.11)	UNKNOWN STEP	2025-08-21T04:32:25.9611619Z Get:29 http://azure.archive.ubuntu.com/ubuntu noble-security/restricted Translation-en [361 kB]
Run Tests (3.11)	UNKNOWN STEP	2025-08-21T04:32:25.9656215Z Get:30 http://azure.archive.ubuntu.com/ubuntu noble-security/restricted amd64 Components [212 B]
Run Tests (3.11)	UNKNOWN STEP	2025-08-21T04:32:25.9672848Z Get:31 http://azure.archive.ubuntu.com/ubuntu noble-security/multiverse amd64 Components [208 B]
Run Tests (3.11)	UNKNOWN STEP	2025-08-21T04:32:26.0600378Z Get:32 https://packages.microsoft.com/ubuntu/24.04/prod noble/main arm64 Packages [33.2 kB]
Run Tests (3.11)	UNKNOWN STEP	2025-08-21T04:32:26.0778612Z Get:33 https://packages.microsoft.com/ubuntu/24.04/prod noble/main amd64 Packages [48.0 kB]
Run Tests (3.11)	UNKNOWN STEP	2025-08-21T04:32:26.1044155Z Get:34 https://packages.microsoft.com/ubuntu/24.04/prod noble/main armhf Packages [9870 B]
Run Tests (3.11)	UNKNOWN STEP	2025-08-21T04:32:30.2454400Z Fetched 10.6 MB in 1s (8189 kB/s)
Run Tests (3.11)	UNKNOWN STEP	2025-08-21T04:32:31.0211892Z Reading package lists...
Run Tests (3.11)	UNKNOWN STEP	2025-08-21T04:32:31.0537600Z Reading package lists...
Run Tests (3.11)	UNKNOWN STEP	2025-08-21T04:32:31.2712568Z Building dependency tree...
Run Tests (3.11)	UNKNOWN STEP	2025-08-21T04:32:31.2724140Z Reading state information...
Run Tests (3.11)	UNKNOWN STEP	2025-08-21T04:32:31.4744705Z The following additional packages will be installed:
Run Tests (3.11)	UNKNOWN STEP	2025-08-21T04:32:31.4745811Z   desktop-file-utils fluid-soundfont-gm fonts-freefont-ttf libasyncns0 libb2-1
Run Tests (3.11)	UNKNOWN STEP	2025-08-21T04:32:31.4746953Z   libdecor-0-0 libdecor-0-plugin-1-gtk libdouble-conversion3 libegl-mesa0
Run Tests (3.11)	UNKNOWN STEP	2025-08-21T04:32:31.4748089Z   libegl1 libflac12t64 libfluidsynth3 libinput-bin libinput10
Run Tests (3.11)	UNKNOWN STEP	2025-08-21T04:32:31.4749013Z   libinstpatch-1.0-2 libjack-jackd2-0 libmd4c0 libmp3lame0 libmpg123-0t64
Run Tests (3.11)	UNKNOWN STEP	2025-08-21T04:32:31.4750499Z   libmtdev1t64 libopengl0 libopus0 libpipewire-0.3-0t64 libpipewire-0.3-common
Run Tests (3.11)	UNKNOWN STEP	2025-08-21T04:32:31.4751586Z   libpoppler-qt5-1t64 libpoppler134 libportaudio2 libportmidi0 libproxy1v5
Run Tests (3.11)	UNKNOWN STEP	2025-08-21T04:32:31.4752578Z   libpulse0 libqt5core5t64 libqt5dbus5t64 libqt5gui5t64 libqt5help5
Run Tests (3.11)	UNKNOWN STEP	2025-08-21T04:32:31.4753374Z   libqt5network5t64 libqt5printsupport5t64 libqt5qml5 libqt5qmlmodels5
Run Tests (3.11)	UNKNOWN STEP	2025-08-21T04:32:31.4754162Z   libqt5qmlworkerscript5 libqt5quick5 libqt5sql5-sqlite libqt5sql5t64
Run Tests (3.11)	UNKNOWN STEP	2025-08-21T04:32:31.4754985Z   libqt5svg5 libqt5waylandclient5 libqt5waylandcompositor5 libqt5widgets5t64
Run Tests (3.11)	UNKNOWN STEP	2025-08-21T04:32:31.4755849Z   libqt5xml5t64 libqt5xmlpatterns5 libqt6core6t64 libqt6dbus6t64 libqt6gui6t64
Run Tests (3.11)	UNKNOWN STEP	2025-08-21T04:32:31.4756712Z   libqt6network6t64 libqt6opengl6t64 libqt6qml6 libqt6qmlmodels6 libqt6quick6
Run Tests (3.11)	UNKNOWN STEP	2025-08-21T04:32:31.4757420Z   libqt6waylandclient6 libqt6waylandcompositor6
Run Tests (3.11)	UNKNOWN STEP	2025-08-21T04:32:31.4757933Z   libqt6waylandeglclienthwintegration6
Run Tests (3.11)	UNKNOWN STEP	2025-08-21T04:32:31.4758368Z   libqt6waylandeglcompositorhwintegration6 libqt6widgets6t64
Run Tests (3.11)	UNKNOWN STEP	2025-08-21T04:32:31.4758893Z   libqt6wlshellintegration6 libsamplerate0 libsdl2-2.0-0 libsndfile1
Run Tests (3.11)	UNKNOWN STEP	2025-08-21T04:32:31.4759403Z   libspa-0.2-modules libts0t64 libvorbisenc2 libwacom-common libwacom9
Run Tests (3.11)	UNKNOWN STEP	2025-08-21T04:32:31.4759940Z   libwebrtc-audio-processing1 libxcb-icccm4 libxcb-image0 libxcb-keysyms1
Run Tests (3.11)	UNKNOWN STEP	2025-08-21T04:32:31.4760673Z   libxcb-render-util0 libxcb-shape0 libxcb-util1 libxcb-xinerama0
Run Tests (3.11)	UNKNOWN STEP	2025-08-21T04:32:31.4761087Z   libxcb-xinput0 libxcb-xkb1 libxkbcommon-x11-0
Run Tests (3.11)	UNKNOWN STEP	2025-08-21T04:32:31.4761547Z   musescore-general-soundfont-small musescore3-common poppler-data
Run Tests (3.11)	UNKNOWN STEP	2025-08-21T04:32:31.4762048Z   qml-module-qt-labs-folderlistmodel qml-module-qt-labs-settings
Run Tests (3.11)	UNKNOWN STEP	2025-08-21T04:32:31.4762597Z   qml-module-qtgraphicaleffects qml-module-qtqml qml-module-qtqml-models2
Run Tests (3.11)	UNKNOWN STEP	2025-08-21T04:32:31.4763156Z   qml-module-qtquick-controls qml-module-qtquick-dialogs
Run Tests (3.11)	UNKNOWN STEP	2025-08-21T04:32:31.4763571Z   qml-module-qtquick-layouts qml-module-qtquick-privatewidgets
Run Tests (3.11)	UNKNOWN STEP	2025-08-21T04:32:31.4764040Z   qml-module-qtquick-window2 qml-module-qtquick2 qsynth qt5-gtk-platformtheme
Run Tests (3.11)	UNKNOWN STEP	2025-08-21T04:32:31.4764525Z   qt6-gtk-platformtheme qt6-qpa-plugins qt6-translations-l10n qt6-wayland
Run Tests (3.11)	UNKNOWN STEP	2025-08-21T04:32:31.4764932Z   qttranslations5-l10n qtwayland5 timgm6mb-soundfont
Run Tests (3.11)	UNKNOWN STEP	2025-08-21T04:32:31.4766277Z Suggested packages:
Run Tests (3.11)	UNKNOWN STEP	2025-08-21T04:32:31.4766860Z   fluid-soundfont-gs jackd2 opus-tools pipewire pulseaudio qgnomeplatform-qt5
Run Tests (3.11)	UNKNOWN STEP	2025-08-21T04:32:31.4767695Z   qt5-image-formats-plugins qt5-qmltooling-plugins qt6-qmltooling-plugins
Run Tests (3.11)	UNKNOWN STEP	2025-08-21T04:32:31.4768411Z   libwacom-bin pulseaudio-utils poppler-utils ghostscript
Run Tests (3.11)	UNKNOWN STEP	2025-08-21T04:32:31.4769101Z   fonts-japanese-mincho | fonts-ipafont-mincho fonts-japanese-gothic
Run Tests (3.11)	UNKNOWN STEP	2025-08-21T04:32:31.4769831Z   | fonts-ipafont-gothic fonts-arphic-ukai fonts-arphic-uming fonts-nanum
Run Tests (3.11)	UNKNOWN STEP	2025-08-21T04:32:31.4770396Z   jackd
Run Tests (3.11)	UNKNOWN STEP	2025-08-21T04:32:31.5342961Z The following NEW packages will be installed:
Run Tests (3.11)	UNKNOWN STEP	2025-08-21T04:32:31.5344024Z   desktop-file-utils fluid-soundfont-gm fluidsynth fonts-freefont-ttf
Run Tests (3.11)	UNKNOWN STEP	2025-08-21T04:32:31.5344719Z   libasyncns0 libb2-1 libdecor-0-0 libdecor-0-plugin-1-gtk
Run Tests (3.11)	UNKNOWN STEP	2025-08-21T04:32:31.5345519Z   libdouble-conversion3 libegl-mesa0 libegl1 libflac12t64 libfluidsynth3
Run Tests (3.11)	UNKNOWN STEP	2025-08-21T04:32:31.5346583Z   libinput-bin libinput10 libinstpatch-1.0-2 libjack-jackd2-0 libmd4c0
Run Tests (3.11)	UNKNOWN STEP	2025-08-21T04:32:31.5347165Z   libmp3lame0 libmpg123-0t64 libmtdev1t64 libopengl0 libopus0
Run Tests (3.11)	UNKNOWN STEP	2025-08-21T04:32:31.5347722Z   libpipewire-0.3-0t64 libpipewire-0.3-common libpoppler-qt5-1t64
Run Tests (3.11)	UNKNOWN STEP	2025-08-21T04:32:31.5348297Z   libpoppler134 libportaudio2 libportmidi0 libproxy1v5 libpulse0
Run Tests (3.11)	UNKNOWN STEP	2025-08-21T04:32:31.5349232Z   libqt5core5t64 libqt5dbus5t64 libqt5gui5t64 libqt5help5 libqt5network5t64
Run Tests (3.11)	UNKNOWN STEP	2025-08-21T04:32:31.5349916Z   libqt5printsupport5t64 libqt5qml5 libqt5qmlmodels5 libqt5qmlworkerscript5
Run Tests (3.11)	UNKNOWN STEP	2025-08-21T04:32:31.5350988Z   libqt5quick5 libqt5sql5-sqlite libqt5sql5t64 libqt5svg5 libqt5waylandclient5
Run Tests (3.11)	UNKNOWN STEP	2025-08-21T04:32:31.5351691Z   libqt5waylandcompositor5 libqt5widgets5t64 libqt5xml5t64 libqt5xmlpatterns5
Run Tests (3.11)	UNKNOWN STEP	2025-08-21T04:32:31.5352325Z   libqt6core6t64 libqt6dbus6t64 libqt6gui6t64 libqt6network6t64
Run Tests (3.11)	UNKNOWN STEP	2025-08-21T04:32:31.5353026Z   libqt6opengl6t64 libqt6qml6 libqt6qmlmodels6 libqt6quick6
Run Tests (3.11)	UNKNOWN STEP	2025-08-21T04:32:31.5353535Z   libqt6waylandclient6 libqt6waylandcompositor6
Run Tests (3.11)	UNKNOWN STEP	2025-08-21T04:32:31.5354019Z   libqt6waylandeglclienthwintegration6
Run Tests (3.11)	UNKNOWN STEP	2025-08-21T04:32:31.5354471Z   libqt6waylandeglcompositorhwintegration6 libqt6widgets6t64
Run Tests (3.11)	UNKNOWN STEP	2025-08-21T04:32:31.5354958Z   libqt6wlshellintegration6 libsamplerate0 libsdl2-2.0-0 libsndfile1
Run Tests (3.11)	UNKNOWN STEP	2025-08-21T04:32:31.5355455Z   libspa-0.2-modules libts0t64 libvorbisenc2 libwacom-common libwacom9
Run Tests (3.11)	UNKNOWN STEP	2025-08-21T04:32:31.5355966Z   libwebrtc-audio-processing1 libxcb-icccm4 libxcb-image0 libxcb-keysyms1
Run Tests (3.11)	UNKNOWN STEP	2025-08-21T04:32:31.5356458Z   libxcb-render-util0 libxcb-shape0 libxcb-util1 libxcb-xinerama0
Run Tests (3.11)	UNKNOWN STEP	2025-08-21T04:32:31.5356856Z   libxcb-xinput0 libxcb-xkb1 libxkbcommon-x11-0
Run Tests (3.11)	UNKNOWN STEP	2025-08-21T04:32:31.5357311Z   musescore-general-soundfont-small musescore3 musescore3-common poppler-data
Run Tests (3.11)	UNKNOWN STEP	2025-08-21T04:32:31.5357831Z   qml-module-qt-labs-folderlistmodel qml-module-qt-labs-settings
Run Tests (3.11)	UNKNOWN STEP	2025-08-21T04:32:31.5358327Z   qml-module-qtgraphicaleffects qml-module-qtqml qml-module-qtqml-models2
Run Tests (3.11)	UNKNOWN STEP	2025-08-21T04:32:31.5358798Z   qml-module-qtquick-controls qml-module-qtquick-dialogs
Run Tests (3.11)	UNKNOWN STEP	2025-08-21T04:32:31.5359228Z   qml-module-qtquick-layouts qml-module-qtquick-privatewidgets
Run Tests (3.11)	UNKNOWN STEP	2025-08-21T04:32:31.5359726Z   qml-module-qtquick-window2 qml-module-qtquick2 qsynth qt5-gtk-platformtheme
Run Tests (3.11)	UNKNOWN STEP	2025-08-21T04:32:31.5360383Z   qt6-gtk-platformtheme qt6-qpa-plugins qt6-translations-l10n qt6-wayland
Run Tests (3.11)	UNKNOWN STEP	2025-08-21T04:32:31.5360969Z   qttranslations5-l10n qtwayland5 timgm6mb-soundfont
Run Tests (3.11)	UNKNOWN STEP	2025-08-21T04:32:31.5572125Z 0 upgraded, 106 newly installed, 0 to remove and 21 not upgraded.
Run Tests (3.11)	UNKNOWN STEP	2025-08-21T04:32:31.5572768Z Need to get 231 MB of archives.
Run Tests (3.11)	UNKNOWN STEP	2025-08-21T04:32:31.5573318Z After this operation, 438 MB of additional disk space will be used.
Run Tests (3.11)	UNKNOWN STEP	2025-08-21T04:32:31.5574000Z Get:1 file:/etc/apt/apt-mirrors.txt Mirrorlist [144 B]
Run Tests (3.11)	UNKNOWN STEP	2025-08-21T04:32:31.6032921Z Get:2 http://azure.archive.ubuntu.com/ubuntu noble/main amd64 poppler-data all 0.4.12-1 [2060 kB]
Run Tests (3.11)	UNKNOWN STEP	2025-08-21T04:32:31.7229431Z Get:3 http://azure.archive.ubuntu.com/ubuntu noble/universe amd64 libdouble-conversion3 amd64 3.3.0-1build1 [40.3 kB]
Run Tests (3.11)	UNKNOWN STEP	2025-08-21T04:32:31.7603558Z Get:4 http://azure.archive.ubuntu.com/ubuntu noble/universe amd64 libqt5core5t64 amd64 5.15.13+dfsg-1ubuntu1 [2011 kB]
Run Tests (3.11)	UNKNOWN STEP	2025-08-21T04:32:31.8514054Z Get:5 http://azure.archive.ubuntu.com/ubuntu noble-updates/main amd64 libegl-mesa0 amd64 25.0.7-0ubuntu0.24.04.1 [124 kB]
Run Tests (3.11)	UNKNOWN STEP	2025-08-21T04:32:31.9294846Z Get:6 http://azure.archive.ubuntu.com/ubuntu noble/main amd64 libegl1 amd64 1.7.0-1build1 [28.7 kB]
Run Tests (3.11)	UNKNOWN STEP	2025-08-21T04:32:31.9620919Z Get:7 http://azure.archive.ubuntu.com/ubuntu noble/main amd64 libmtdev1t64 amd64 1.1.6-1.1build1 [14.4 kB]
Run Tests (3.11)	UNKNOWN STEP	2025-08-21T04:32:31.9965418Z Get:8 http://azure.archive.ubuntu.com/ubuntu noble/main amd64 libwacom-common all 2.10.0-2 [63.4 kB]
Run Tests (3.11)	UNKNOWN STEP	2025-08-21T04:32:32.0277487Z Get:9 http://azure.archive.ubuntu.com/ubuntu noble/main amd64 libwacom9 amd64 2.10.0-2 [23.9 kB]
Run Tests (3.11)	UNKNOWN STEP	2025-08-21T04:32:32.0571641Z Get:10 http://azure.archive.ubuntu.com/ubuntu noble-updates/main amd64 libinput-bin amd64 1.25.0-1ubuntu3.1 [22.6 kB]
Run Tests (3.11)	UNKNOWN STEP	2025-08-21T04:32:32.0866040Z Get:11 http://azure.archive.ubuntu.com/ubuntu noble-updates/main amd64 libinput10 amd64 1.25.0-1ubuntu3.1 [133 kB]
Run Tests (3.11)	UNKNOWN STEP	2025-08-21T04:32:32.1194162Z Get:12 http://azure.archive.ubuntu.com/ubuntu noble/universe amd64 libmd4c0 amd64 0.4.8-1build1 [42.3 kB]
Run Tests (3.11)	UNKNOWN STEP	2025-08-21T04:32:32.1485486Z Get:13 http://azure.archive.ubuntu.com/ubuntu noble/universe amd64 libqt5dbus5t64 amd64 5.15.13+dfsg-1ubuntu1 [220 kB]
Run Tests (3.11)	UNKNOWN STEP	2025-08-21T04:32:32.1807563Z Get:14 http://azure.archive.ubuntu.com/ubuntu noble/universe amd64 libqt5network5t64 amd64 5.15.13+dfsg-1ubuntu1 [723 kB]
Run Tests (3.11)	UNKNOWN STEP	2025-08-21T04:32:32.2428127Z Get:15 http://azure.archive.ubuntu.com/ubuntu noble/main amd64 libxcb-icccm4 amd64 0.4.1-1.1build3 [10.8 kB]
Run Tests (3.11)	UNKNOWN STEP	2025-08-21T04:32:32.2715409Z Get:16 http://azure.archive.ubuntu.com/ubuntu noble/main amd64 libxcb-util1 amd64 0.4.0-1build3 [10.7 kB]
Run Tests (3.11)	UNKNOWN STEP	2025-08-21T04:32:32.3004985Z Get:17 http://azure.archive.ubuntu.com/ubuntu noble/main amd64 libxcb-image0 amd64 0.4.0-2build1 [10.8 kB]
Run Tests (3.11)	UNKNOWN STEP	2025-08-21T04:32:32.3307514Z Get:18 http://azure.archive.ubuntu.com/ubuntu noble/main amd64 libxcb-keysyms1 amd64 0.4.0-1build4 [7956 B]
Run Tests (3.11)	UNKNOWN STEP	2025-08-21T04:32:32.3607165Z Get:19 http://azure.archive.ubuntu.com/ubuntu noble/main amd64 libxcb-render-util0 amd64 0.3.9-1build4 [9608 B]
Run Tests (3.11)	UNKNOWN STEP	2025-08-21T04:32:32.4353451Z Get:20 http://azure.archive.ubuntu.com/ubuntu noble/main amd64 libxcb-shape0 amd64 1.15-1ubuntu2 [6100 B]
Run Tests (3.11)	UNKNOWN STEP	2025-08-21T04:32:32.4656233Z Get:21 http://azure.archive.ubuntu.com/ubuntu noble/main amd64 libxcb-xinerama0 amd64 1.15-1ubuntu2 [5410 B]
Run Tests (3.11)	UNKNOWN STEP	2025-08-21T04:32:32.4945862Z Get:22 http://azure.archive.ubuntu.com/ubuntu noble/main amd64 libxcb-xinput0 amd64 1.15-1ubuntu2 [33.2 kB]
Run Tests (3.11)	UNKNOWN STEP	2025-08-21T04:32:32.5233682Z Get:23 http://azure.archive.ubuntu.com/ubuntu noble/main amd64 libxcb-xkb1 amd64 1.15-1ubuntu2 [32.3 kB]
Run Tests (3.11)	UNKNOWN STEP	2025-08-21T04:32:32.5526730Z Get:24 http://azure.archive.ubuntu.com/ubuntu noble/main amd64 libxkbcommon-x11-0 amd64 1.6.0-1build1 [14.5 kB]
Run Tests (3.11)	UNKNOWN STEP	2025-08-21T04:32:32.5827422Z Get:25 http://azure.archive.ubuntu.com/ubuntu noble/universe amd64 libqt5gui5t64 amd64 5.15.13+dfsg-1ubuntu1 [3748 kB]
Run Tests (3.11)	UNKNOWN STEP	2025-08-21T04:32:32.7212668Z Get:26 http://azure.archive.ubuntu.com/ubuntu noble-updates/universe amd64 libqt5qml5 amd64 5.15.13+dfsg-1ubuntu0.1 [1482 kB]
Run Tests (3.11)	UNKNOWN STEP	2025-08-21T04:32:32.8061533Z Get:27 http://azure.archive.ubuntu.com/ubuntu noble-updates/universe amd64 libqt5qmlmodels5 amd64 5.15.13+dfsg-1ubuntu0.1 [203 kB]
Run Tests (3.11)	UNKNOWN STEP	2025-08-21T04:32:32.8381344Z Get:28 http://azure.archive.ubuntu.com/ubuntu noble-updates/universe amd64 libqt5quick5 amd64 5.15.13+dfsg-1ubuntu0.1 [1733 kB]
Run Tests (3.11)	UNKNOWN STEP	2025-08-21T04:32:32.9272000Z Get:29 http://azure.archive.ubuntu.com/ubuntu noble-updates/universe amd64 qml-module-qtquick-window2 amd64 5.15.13+dfsg-1ubuntu0.1 [26.2 kB]
Run Tests (3.11)	UNKNOWN STEP	2025-08-21T04:32:32.9598325Z Get:30 http://azure.archive.ubuntu.com/ubuntu noble-updates/universe amd64 libqt5qmlworkerscript5 amd64 5.15.13+dfsg-1ubuntu0.1 [33.6 kB]
Run Tests (3.11)	UNKNOWN STEP	2025-08-21T04:32:32.9930993Z Get:31 http://azure.archive.ubuntu.com/ubuntu noble-updates/universe amd64 qml-module-qtquick2 amd64 5.15.13+dfsg-1ubuntu0.1 [33.7 kB]
Run Tests (3.11)	UNKNOWN STEP	2025-08-21T04:32:33.0219828Z Get:32 http://azure.archive.ubuntu.com/ubuntu noble/universe amd64 qml-module-qtgraphicaleffects amd64 5.15.13-1 [74.4 kB]
Run Tests (3.11)	UNKNOWN STEP	2025-08-21T04:32:33.0517321Z Get:33 http://azure.archive.ubuntu.com/ubuntu noble-updates/universe amd64 qml-module-qtqml amd64 5.15.13+dfsg-1ubuntu0.1 [17.3 kB]
Run Tests (3.11)	UNKNOWN STEP	2025-08-21T04:32:33.0805749Z Get:34 http://azure.archive.ubuntu.com/ubuntu noble-updates/universe amd64 qml-module-qtqml-models2 amd64 5.15.13+dfsg-1ubuntu0.1 [18.1 kB]
Run Tests (3.11)	UNKNOWN STEP	2025-08-21T04:32:33.1093196Z Get:35 http://azure.archive.ubuntu.com/ubuntu noble-updates/universe amd64 qml-module-qtquick-layouts amd64 5.15.13+dfsg-1ubuntu0.1 [54.6 kB]
Run Tests (3.11)	UNKNOWN STEP	2025-08-21T04:32:33.1389371Z Get:36 http://azure.archive.ubuntu.com/ubuntu noble/universe amd64 libqt5widgets5t64 amd64 5.15.13+dfsg-1ubuntu1 [2561 kB]
Run Tests (3.11)	UNKNOWN STEP	2025-08-21T04:32:33.3077555Z Get:37 http://azure.archive.ubuntu.com/ubuntu noble/universe amd64 qml-module-qtquick-controls amd64 5.15.13-1 [574 kB]
Run Tests (3.11)	UNKNOWN STEP	2025-08-21T04:32:33.3644236Z Get:38 http://azure.archive.ubuntu.com/ubuntu noble/main amd64 desktop-file-utils amd64 0.27-2build1 [53.8 kB]
Run Tests (3.11)	UNKNOWN STEP	2025-08-21T04:32:33.3938821Z Get:39 http://azure.archive.ubuntu.com/ubuntu noble/universe amd64 fluid-soundfont-gm all 3.1-5.3 [130 MB]
Run Tests (3.11)	UNKNOWN STEP	2025-08-21T04:32:35.3298468Z Get:40 http://azure.archive.ubuntu.com/ubuntu noble/main amd64 libflac12t64 amd64 1.4.3+ds-2.1ubuntu2 [197 kB]
Run Tests (3.11)	UNKNOWN STEP	2025-08-21T04:32:35.3605508Z Get:41 http://azure.archive.ubuntu.com/ubuntu noble/main amd64 libmp3lame0 amd64 3.100-6build1 [142 kB]
Run Tests (3.11)	UNKNOWN STEP	2025-08-21T04:32:35.3929550Z Get:42 http://azure.archive.ubuntu.com/ubuntu noble-updates/main amd64 libmpg123-0t64 amd64 1.32.5-1ubuntu1.1 [169 kB]
Run Tests (3.11)	UNKNOWN STEP	2025-08-21T04:32:35.4235895Z Get:43 http://azure.archive.ubuntu.com/ubuntu noble/main amd64 libopus0 amd64 1.4-1build1 [208 kB]
Run Tests (3.11)	UNKNOWN STEP	2025-08-21T04:32:35.4545451Z Get:44 http://azure.archive.ubuntu.com/ubuntu noble/main amd64 libvorbisenc2 amd64 1.3.7-1build3 [80.8 kB]
Run Tests (3.11)	UNKNOWN STEP	2025-08-21T04:32:35.4840882Z Get:45 http://azure.archive.ubuntu.com/ubuntu noble-updates/main amd64 libsndfile1 amd64 1.2.2-1ubuntu5.24.04.1 [209 kB]
Run Tests (3.11)	UNKNOWN STEP	2025-08-21T04:32:35.5146539Z Get:46 http://azure.archive.ubuntu.com/ubuntu noble/universe amd64 libinstpatch-1.0-2 amd64 1.1.6-1build2 [251 kB]
Run Tests (3.11)	UNKNOWN STEP	2025-08-21T04:32:35.5455144Z Get:47 http://azure.archive.ubuntu.com/ubuntu noble/main amd64 libsamplerate0 amd64 0.2.2-4build1 [1344 kB]
Run Tests (3.11)	UNKNOWN STEP	2025-08-21T04:32:35.6281896Z Get:48 http://azure.archive.ubuntu.com/ubuntu noble/main amd64 libjack-jackd2-0 amd64 1.9.21~dfsg-3ubuntu3 [289 kB]
Run Tests (3.11)	UNKNOWN STEP	2025-08-21T04:32:35.6584490Z Get:49 http://azure.archive.ubuntu.com/ubuntu noble/main amd64 libwebrtc-audio-processing1 amd64 0.3.1-0ubuntu6 [290 kB]
Run Tests (3.11)	UNKNOWN STEP	2025-08-21T04:32:35.6909167Z Get:50 http://azure.archive.ubuntu.com/ubuntu noble-updates/main amd64 libspa-0.2-modules amd64 1.0.5-1ubuntu3.1 [626 kB]
Run Tests (3.11)	UNKNOWN STEP	2025-08-21T04:32:35.7524358Z Get:51 http://azure.archive.ubuntu.com/ubuntu noble-updates/main amd64 libpipewire-0.3-0t64 amd64 1.0.5-1ubuntu3.1 [252 kB]
Run Tests (3.11)	UNKNOWN STEP	2025-08-21T04:32:35.7930888Z Get:52 http://azure.archive.ubuntu.com/ubuntu noble/main amd64 libasyncns0 amd64 0.8-6build4 [11.3 kB]
Run Tests (3.11)	UNKNOWN STEP	2025-08-21T04:32:35.8220632Z Get:53 http://azure.archive.ubuntu.com/ubuntu noble-updates/main amd64 libpulse0 amd64 1:16.1+dfsg1-2ubuntu10.1 [292 kB]
Run Tests (3.11)	UNKNOWN STEP	2025-08-21T04:32:35.8559485Z Get:54 http://azure.archive.ubuntu.com/ubuntu noble/main amd64 libdecor-0-0 amd64 0.2.2-1build2 [16.5 kB]
Run Tests (3.11)	UNKNOWN STEP	2025-08-21T04:32:35.9299335Z Get:55 http://azure.archive.ubuntu.com/ubuntu noble-updates/main amd64 libsdl2-2.0-0 amd64 2.30.0+dfsg-1ubuntu3.1 [686 kB]
Run Tests (3.11)	UNKNOWN STEP	2025-08-21T04:32:35.9883313Z Get:56 http://azure.archive.ubuntu.com/ubuntu noble/universe amd64 timgm6mb-soundfont all 1.3-5 [5427 kB]
Run Tests (3.11)	UNKNOWN STEP	2025-08-21T04:32:36.1572099Z Get:57 http://azure.archive.ubuntu.com/ubuntu noble/universe amd64 musescore-general-soundfont-small all 0.2.1-1 [34.1 MB]
Run Tests (3.11)	UNKNOWN STEP	2025-08-21T04:32:36.6441829Z Get:58 http://azure.archive.ubuntu.com/ubuntu noble/universe amd64 libfluidsynth3 amd64 2.3.4-1build3 [249 kB]
Run Tests (3.11)	UNKNOWN STEP	2025-08-21T04:32:36.6753722Z Get:59 http://azure.archive.ubuntu.com/ubuntu noble/universe amd64 fluidsynth amd64 2.3.4-1build3 [27.4 kB]
Run Tests (3.11)	UNKNOWN STEP	2025-08-21T04:32:36.7049203Z Get:60 http://azure.archive.ubuntu.com/ubuntu noble/main amd64 fonts-freefont-ttf all 20211204+svn4273-2 [5641 kB]
Run Tests (3.11)	UNKNOWN STEP	2025-08-21T04:32:36.8637700Z Get:61 http://azure.archive.ubuntu.com/ubuntu noble/universe amd64 libb2-1 amd64 0.98.1-1.1build1 [45.0 kB]
Run Tests (3.11)	UNKNOWN STEP	2025-08-21T04:32:36.8930752Z Get:62 http://azure.archive.ubuntu.com/ubuntu noble/main amd64 libdecor-0-plugin-1-gtk amd64 0.2.2-1build2 [22.2 kB]
Run Tests (3.11)	UNKNOWN STEP	2025-08-21T04:32:36.9223038Z Get:63 http://azure.archive.ubuntu.com/ubuntu noble-updates/main amd64 libpipewire-0.3-common all 1.0.5-1ubuntu3.1 [18.9 kB]
Run Tests (3.11)	UNKNOWN STEP	2025-08-21T04:32:36.9598695Z Get:64 http://azure.archive.ubuntu.com/ubuntu noble-updates/main amd64 libpoppler134 amd64 24.02.0-1ubuntu9.6 [1118 kB]
Run Tests (3.11)	UNKNOWN STEP	2025-08-21T04:32:37.0299753Z Get:65 http://azure.archive.ubuntu.com/ubuntu noble/universe amd64 libqt5xml5t64 amd64 5.15.13+dfsg-1ubuntu1 [124 kB]
Run Tests (3.11)	UNKNOWN STEP	2025-08-21T04:32:37.0898741Z Get:66 http://azure.archive.ubuntu.com/ubuntu noble-updates/universe amd64 libpoppler-qt5-1t64 amd64 24.02.0-1ubuntu9.6 [177 kB]
Run Tests (3.11)	UNKNOWN STEP	2025-08-21T04:32:37.2392746Z Get:67 http://azure.archive.ubuntu.com/ubuntu noble/universe amd64 libportaudio2 amd64 19.6.0-1.2build3 [67.9 kB]
Run Tests (3.11)	UNKNOWN STEP	2025-08-21T04:32:37.2739357Z Get:68 http://azure.archive.ubuntu.com/ubuntu noble/universe amd64 libportmidi0 amd64 1:217-6.1build3 [18.1 kB]
Run Tests (3.11)	UNKNOWN STEP	2025-08-21T04:32:37.3043189Z Get:69 http://azure.archive.ubuntu.com/ubuntu noble/main amd64 libproxy1v5 amd64 0.5.4-4build1 [26.5 kB]
Run Tests (3.11)	UNKNOWN STEP	2025-08-21T04:32:37.3343364Z Get:70 http://azure.archive.ubuntu.com/ubuntu noble/universe amd64 libqt5sql5t64 amd64 5.15.13+dfsg-1ubuntu1 [122 kB]
Run Tests (3.11)	UNKNOWN STEP	2025-08-21T04:32:37.3756953Z Get:71 http://azure.archive.ubuntu.com/ubuntu noble/universe amd64 libqt5help5 amd64 5.15.13-1 [161 kB]
Run Tests (3.11)	UNKNOWN STEP	2025-08-21T04:32:37.4214253Z Get:72 http://azure.archive.ubuntu.com/ubuntu noble/universe amd64 libqt5printsupport5t64 amd64 5.15.13+dfsg-1ubuntu1 [208 kB]
Run Tests (3.11)	UNKNOWN STEP	2025-08-21T04:32:37.5226200Z Get:73 http://azure.archive.ubuntu.com/ubuntu noble/universe amd64 libqt5sql5-sqlite amd64 5.15.13+dfsg-1ubuntu1 [51.5 kB]
Run Tests (3.11)	UNKNOWN STEP	2025-08-21T04:32:37.5530599Z Get:74 http://azure.archive.ubuntu.com/ubuntu noble/universe amd64 libqt5svg5 amd64 5.15.13-1 [146 kB]
Run Tests (3.11)	UNKNOWN STEP	2025-08-21T04:32:37.5879056Z Get:75 http://azure.archive.ubuntu.com/ubuntu noble/universe amd64 libqt5waylandclient5 amd64 5.15.13-1 [405 kB]
Run Tests (3.11)	UNKNOWN STEP	2025-08-21T04:32:37.6542394Z Get:76 http://azure.archive.ubuntu.com/ubuntu noble/universe amd64 libqt5waylandcompositor5 amd64 5.15.13-1 [396 kB]
Run Tests (3.11)	UNKNOWN STEP	2025-08-21T04:32:37.7161693Z Get:77 http://azure.archive.ubuntu.com/ubuntu noble/universe amd64 libqt5xmlpatterns5 amd64 5.15.13-1 [899 kB]
Run Tests (3.11)	UNKNOWN STEP	2025-08-21T04:32:37.8101722Z Get:78 http://azure.archive.ubuntu.com/ubuntu noble/universe amd64 libqt6core6t64 amd64 6.4.2+dfsg-21.1build5 [1789 kB]
Run Tests (3.11)	UNKNOWN STEP	2025-08-21T04:32:37.9233662Z Get:79 http://azure.archive.ubuntu.com/ubuntu noble/universe amd64 libqt6dbus6t64 amd64 6.4.2+dfsg-21.1build5 [267 kB]
Run Tests (3.11)	UNKNOWN STEP	2025-08-21T04:32:37.9545837Z Get:80 http://azure.archive.ubuntu.com/ubuntu noble/main amd64 libopengl0 amd64 1.7.0-1build1 [32.8 kB]
Run Tests (3.11)	UNKNOWN STEP	2025-08-21T04:32:37.9891718Z Get:81 http://azure.archive.ubuntu.com/ubuntu noble/universe amd64 libts0t64 amd64 1.22-1.1build1 [63.8 kB]
Run Tests (3.11)	UNKNOWN STEP	2025-08-21T04:32:38.0198934Z Get:82 http://azure.archive.ubuntu.com/ubuntu noble/universe amd64 libqt6gui6t64 amd64 6.4.2+dfsg-21.1build5 [3119 kB]
Run Tests (3.11)	UNKNOWN STEP	2025-08-21T04:32:38.1459114Z Get:83 http://azure.archive.ubuntu.com/ubuntu noble/universe amd64 libqt6network6t64 amd64 6.4.2+dfsg-21.1build5 [740 kB]
Run Tests (3.11)	UNKNOWN STEP	2025-08-21T04:32:38.2040703Z Get:84 http://azure.archive.ubuntu.com/ubuntu noble/universe amd64 libqt6opengl6t64 amd64 6.4.2+dfsg-21.1build5 [420 kB]
Run Tests (3.11)	UNKNOWN STEP	2025-08-21T04:32:38.2607672Z Get:85 http://azure.archive.ubuntu.com/ubuntu noble/universe amd64 libqt6qml6 amd64 6.4.2+dfsg-4build3 [1619 kB]
Run Tests (3.11)	UNKNOWN STEP	2025-08-21T04:32:38.3634075Z Get:86 http://azure.archive.ubuntu.com/ubuntu noble/universe amd64 libqt6qmlmodels6 amd64 6.4.2+dfsg-4build3 [267 kB]
Run Tests (3.11)	UNKNOWN STEP	2025-08-21T04:32:38.3953592Z Get:87 http://azure.archive.ubuntu.com/ubuntu noble/universe amd64 libqt6quick6 amd64 6.4.2+dfsg-4build3 [2001 kB]
Run Tests (3.11)	UNKNOWN STEP	2025-08-21T04:32:38.4939636Z Get:88 http://azure.archive.ubuntu.com/ubuntu noble/universe amd64 libqt6waylandclient6 amd64 6.4.2-5build3 [251 kB]
Run Tests (3.11)	UNKNOWN STEP	2025-08-21T04:32:38.5247516Z Get:89 http://azure.archive.ubuntu.com/ubuntu noble/universe amd64 libqt6waylandcompositor6 amd64 6.4.2-5build3 [427 kB]
Run Tests (3.11)	UNKNOWN STEP	2025-08-21T04:32:38.6228270Z Get:90 http://azure.archive.ubuntu.com/ubuntu noble/universe amd64 libqt6waylandeglclienthwintegration6 amd64 6.4.2-5build3 [19.5 kB]
Run Tests (3.11)	UNKNOWN STEP	2025-08-21T04:32:38.6516815Z Get:91 http://azure.archive.ubuntu.com/ubuntu noble/universe amd64 libqt6waylandeglcompositorhwintegration6 amd64 6.4.2-5build3 [15.2 kB]
Run Tests (3.11)	UNKNOWN STEP	2025-08-21T04:32:38.6806508Z Get:92 http://azure.archive.ubuntu.com/ubuntu noble/universe amd64 libqt6widgets6t64 amd64 6.4.2+dfsg-21.1build5 [2648 kB]
Run Tests (3.11)	UNKNOWN STEP	2025-08-21T04:32:38.7972604Z Get:93 http://azure.archive.ubuntu.com/ubuntu noble/universe amd64 libqt6wlshellintegration6 amd64 6.4.2-5build3 [38.0 kB]
Run Tests (3.11)	UNKNOWN STEP	2025-08-21T04:32:38.8265118Z Get:94 http://azure.archive.ubuntu.com/ubuntu noble-updates/universe amd64 qml-module-qt-labs-folderlistmodel amd64 5.15.13+dfsg-1ubuntu0.1 [35.9 kB]
Run Tests (3.11)	UNKNOWN STEP	2025-08-21T04:32:38.8559703Z Get:95 http://azure.archive.ubuntu.com/ubuntu noble-updates/universe amd64 qml-module-qt-labs-settings amd64 5.15.13+dfsg-1ubuntu0.1 [26.4 kB]
Run Tests (3.11)	UNKNOWN STEP	2025-08-21T04:32:38.8863585Z Get:96 http://azure.archive.ubuntu.com/ubuntu noble/universe amd64 qml-module-qtquick-privatewidgets amd64 5.15.13-1 [48.1 kB]
Run Tests (3.11)	UNKNOWN STEP	2025-08-21T04:32:38.9179282Z Get:97 http://azure.archive.ubuntu.com/ubuntu noble/universe amd64 qml-module-qtquick-dialogs amd64 5.15.13-1 [132 kB]
Run Tests (3.11)	UNKNOWN STEP	2025-08-21T04:32:38.9493200Z Get:98 http://azure.archive.ubuntu.com/ubuntu noble/universe amd64 musescore3-common all 3.2.3+dfsg2-16build5 [3739 kB]
Run Tests (3.11)	UNKNOWN STEP	2025-08-21T04:32:39.0904300Z Get:99 http://azure.archive.ubuntu.com/ubuntu noble/universe amd64 musescore3 amd64 3.2.3+dfsg2-16build5 [8014 kB]
Run Tests (3.11)	UNKNOWN STEP	2025-08-21T04:32:39.2671681Z Get:100 http://azure.archive.ubuntu.com/ubuntu noble/universe amd64 qsynth amd64 0.9.13-1build3 [306 kB]
Run Tests (3.11)	UNKNOWN STEP	2025-08-21T04:32:39.3040346Z Get:101 http://azure.archive.ubuntu.com/ubuntu noble/universe amd64 qt5-gtk-platformtheme amd64 5.15.13+dfsg-1ubuntu1 [125 kB]
Run Tests (3.11)	UNKNOWN STEP	2025-08-21T04:32:39.3341011Z Get:102 http://azure.archive.ubuntu.com/ubuntu noble/universe amd64 qt6-gtk-platformtheme amd64 6.4.2+dfsg-21.1build5 [55.1 kB]
Run Tests (3.11)	UNKNOWN STEP	2025-08-21T04:32:39.3662442Z Get:103 http://azure.archive.ubuntu.com/ubuntu noble/universe amd64 qt6-qpa-plugins amd64 6.4.2+dfsg-21.1build5 [89.3 kB]
Run Tests (3.11)	UNKNOWN STEP	2025-08-21T04:32:39.3968792Z Get:104 http://azure.archive.ubuntu.com/ubuntu noble/universe amd64 qt6-translations-l10n all 6.4.2-1 [1761 kB]
Run Tests (3.11)	UNKNOWN STEP	2025-08-21T04:32:39.4928251Z Get:105 http://azure.archive.ubuntu.com/ubuntu noble/universe amd64 qt6-wayland amd64 6.4.2-5build3 [127 kB]
Run Tests (3.11)	UNKNOWN STEP	2025-08-21T04:32:39.5252841Z Get:106 http://azure.archive.ubuntu.com/ubuntu noble/universe amd64 qttranslations5-l10n all 5.15.13-1 [1964 kB]
Run Tests (3.11)	UNKNOWN STEP	2025-08-21T04:32:39.6163473Z Get:107 http://azure.archive.ubuntu.com/ubuntu noble/universe amd64 qtwayland5 amd64 5.15.13-1 [223 kB]
Run Tests (3.11)	UNKNOWN STEP	2025-08-21T04:32:40.0064293Z Fetched 231 MB in 8s (28.6 MB/s)
Run Tests (3.11)	UNKNOWN STEP	2025-08-21T04:32:40.0325877Z Selecting previously unselected package poppler-data.
Run Tests (3.11)	UNKNOWN STEP	2025-08-21T04:32:40.0550258Z (Reading database ... 
Run Tests (3.11)	UNKNOWN STEP	2025-08-21T04:32:40.0550860Z (Reading database ... 5%
Run Tests (3.11)	UNKNOWN STEP	2025-08-21T04:32:40.0551197Z (Reading database ... 10%
Run Tests (3.11)	UNKNOWN STEP	2025-08-21T04:32:40.0551490Z (Reading database ... 15%
Run Tests (3.11)	UNKNOWN STEP	2025-08-21T04:32:40.0551766Z (Reading database ... 20%
Run Tests (3.11)	UNKNOWN STEP	2025-08-21T04:32:40.0552047Z (Reading database ... 25%
Run Tests (3.11)	UNKNOWN STEP	2025-08-21T04:32:40.0552342Z (Reading database ... 30%
Run Tests (3.11)	UNKNOWN STEP	2025-08-21T04:32:40.0552615Z (Reading database ... 35%
Run Tests (3.11)	UNKNOWN STEP	2025-08-21T04:32:40.0552853Z (Reading database ... 40%
Run Tests (3.11)	UNKNOWN STEP	2025-08-21T04:32:40.0553081Z (Reading database ... 45%
Run Tests (3.11)	UNKNOWN STEP	2025-08-21T04:32:40.0553318Z (Reading database ... 50%
Run Tests (3.11)	UNKNOWN STEP	2025-08-21T04:32:40.0667126Z (Reading database ... 55%
Run Tests (3.11)	UNKNOWN STEP	2025-08-21T04:32:40.1047866Z (Reading database ... 60%
Run Tests (3.11)	UNKNOWN STEP	2025-08-21T04:32:40.1259612Z (Reading database ... 65%
Run Tests (3.11)	UNKNOWN STEP	2025-08-21T04:32:40.1493084Z (Reading database ... 70%
Run Tests (3.11)	UNKNOWN STEP	2025-08-21T04:32:40.1765369Z (Reading database ... 75%
Run Tests (3.11)	UNKNOWN STEP	2025-08-21T04:32:40.2166663Z (Reading database ... 80%
Run Tests (3.11)	UNKNOWN STEP	2025-08-21T04:32:40.2663742Z (Reading database ... 85%
Run Tests (3.11)	UNKNOWN STEP	2025-08-21T04:32:40.3141670Z (Reading database ... 90%
Run Tests (3.11)	UNKNOWN STEP	2025-08-21T04:32:40.3723413Z (Reading database ... 95%
Run Tests (3.11)	UNKNOWN STEP	2025-08-21T04:32:40.3723763Z (Reading database ... 100%
Run Tests (3.11)	UNKNOWN STEP	2025-08-21T04:32:40.3724177Z (Reading database ... 219830 files and directories currently installed.)
Run Tests (3.11)	UNKNOWN STEP	2025-08-21T04:32:40.3770549Z Preparing to unpack .../000-poppler-data_0.4.12-1_all.deb ...
Run Tests (3.11)	UNKNOWN STEP	2025-08-21T04:32:40.3795952Z Unpacking poppler-data (0.4.12-1) ...
Run Tests (3.11)	UNKNOWN STEP	2025-08-21T04:32:40.5097090Z Selecting previously unselected package libdouble-conversion3:amd64.
Run Tests (3.11)	UNKNOWN STEP	2025-08-21T04:32:40.5241393Z Preparing to unpack .../001-libdouble-conversion3_3.3.0-1build1_amd64.deb ...
Run Tests (3.11)	UNKNOWN STEP	2025-08-21T04:32:40.5273256Z Unpacking libdouble-conversion3:amd64 (3.3.0-1build1) ...
Run Tests (3.11)	UNKNOWN STEP	2025-08-21T04:32:40.5698308Z Selecting previously unselected package libqt5core5t64:amd64.
Run Tests (3.11)	UNKNOWN STEP	2025-08-21T04:32:40.5843149Z Preparing to unpack .../002-libqt5core5t64_5.15.13+dfsg-1ubuntu1_amd64.deb ...
Run Tests (3.11)	UNKNOWN STEP	2025-08-21T04:32:40.5854519Z Unpacking libqt5core5t64:amd64 (5.15.13+dfsg-1ubuntu1) ...
Run Tests (3.11)	UNKNOWN STEP	2025-08-21T04:32:40.6361271Z Selecting previously unselected package libegl-mesa0:amd64.
Run Tests (3.11)	UNKNOWN STEP	2025-08-21T04:32:40.6507921Z Preparing to unpack .../003-libegl-mesa0_25.0.7-0ubuntu0.24.04.1_amd64.deb ...
Run Tests (3.11)	UNKNOWN STEP	2025-08-21T04:32:40.6520370Z Unpacking libegl-mesa0:amd64 (25.0.7-0ubuntu0.24.04.1) ...
Run Tests (3.11)	UNKNOWN STEP	2025-08-21T04:32:40.6824582Z Selecting previously unselected package libegl1:amd64.
Run Tests (3.11)	UNKNOWN STEP	2025-08-21T04:32:40.6967478Z Preparing to unpack .../004-libegl1_1.7.0-1build1_amd64.deb ...
Run Tests (3.11)	UNKNOWN STEP	2025-08-21T04:32:40.6979461Z Unpacking libegl1:amd64 (1.7.0-1build1) ...
Run Tests (3.11)	UNKNOWN STEP	2025-08-21T04:32:40.7231271Z Selecting previously unselected package libmtdev1t64:amd64.
Run Tests (3.11)	UNKNOWN STEP	2025-08-21T04:32:40.7372121Z Preparing to unpack .../005-libmtdev1t64_1.1.6-1.1build1_amd64.deb ...
Run Tests (3.11)	UNKNOWN STEP	2025-08-21T04:32:40.7383472Z Unpacking libmtdev1t64:amd64 (1.1.6-1.1build1) ...
Run Tests (3.11)	UNKNOWN STEP	2025-08-21T04:32:40.7609551Z Selecting previously unselected package libwacom-common.
Run Tests (3.11)	UNKNOWN STEP	2025-08-21T04:32:40.7749220Z Preparing to unpack .../006-libwacom-common_2.10.0-2_all.deb ...
Run Tests (3.11)	UNKNOWN STEP	2025-08-21T04:32:40.7761536Z Unpacking libwacom-common (2.10.0-2) ...
Run Tests (3.11)	UNKNOWN STEP	2025-08-21T04:32:40.8812225Z Selecting previously unselected package libwacom9:amd64.
Run Tests (3.11)	UNKNOWN STEP	2025-08-21T04:32:40.8959434Z Preparing to unpack .../007-libwacom9_2.10.0-2_amd64.deb ...
Run Tests (3.11)	UNKNOWN STEP	2025-08-21T04:32:40.8972631Z Unpacking libwacom9:amd64 (2.10.0-2) ...
Run Tests (3.11)	UNKNOWN STEP	2025-08-21T04:32:40.9220000Z Selecting previously unselected package libinput-bin.
Run Tests (3.11)	UNKNOWN STEP	2025-08-21T04:32:40.9375254Z Preparing to unpack .../008-libinput-bin_1.25.0-1ubuntu3.1_amd64.deb ...
Run Tests (3.11)	UNKNOWN STEP	2025-08-21T04:32:40.9386209Z Unpacking libinput-bin (1.25.0-1ubuntu3.1) ...
Run Tests (3.11)	UNKNOWN STEP	2025-08-21T04:32:40.9698334Z Selecting previously unselected package libinput10:amd64.
Run Tests (3.11)	UNKNOWN STEP	2025-08-21T04:32:40.9838010Z Preparing to unpack .../009-libinput10_1.25.0-1ubuntu3.1_amd64.deb ...
Run Tests (3.11)	UNKNOWN STEP	2025-08-21T04:32:40.9850465Z Unpacking libinput10:amd64 (1.25.0-1ubuntu3.1) ...
Run Tests (3.11)	UNKNOWN STEP	2025-08-21T04:32:41.0105465Z Selecting previously unselected package libmd4c0:amd64.
Run Tests (3.11)	UNKNOWN STEP	2025-08-21T04:32:41.0244503Z Preparing to unpack .../010-libmd4c0_0.4.8-1build1_amd64.deb ...
Run Tests (3.11)	UNKNOWN STEP	2025-08-21T04:32:41.0256503Z Unpacking libmd4c0:amd64 (0.4.8-1build1) ...
Run Tests (3.11)	UNKNOWN STEP	2025-08-21T04:32:41.0515646Z Selecting previously unselected package libqt5dbus5t64:amd64.
Run Tests (3.11)	UNKNOWN STEP	2025-08-21T04:32:41.0660173Z Preparing to unpack .../011-libqt5dbus5t64_5.15.13+dfsg-1ubuntu1_amd64.deb ...
Run Tests (3.11)	UNKNOWN STEP	2025-08-21T04:32:41.0672424Z Unpacking libqt5dbus5t64:amd64 (5.15.13+dfsg-1ubuntu1) ...
Run Tests (3.11)	UNKNOWN STEP	2025-08-21T04:32:41.0958602Z Selecting previously unselected package libqt5network5t64:amd64.
Run Tests (3.11)	UNKNOWN STEP	2025-08-21T04:32:41.1103134Z Preparing to unpack .../012-libqt5network5t64_5.15.13+dfsg-1ubuntu1_amd64.deb ...
Run Tests (3.11)	UNKNOWN STEP	2025-08-21T04:32:41.1114853Z Unpacking libqt5network5t64:amd64 (5.15.13+dfsg-1ubuntu1) ...
Run Tests (3.11)	UNKNOWN STEP	2025-08-21T04:32:41.1539384Z Selecting previously unselected package libxcb-icccm4:amd64.
Run Tests (3.11)	UNKNOWN STEP	2025-08-21T04:32:41.1685020Z Preparing to unpack .../013-libxcb-icccm4_0.4.1-1.1build3_amd64.deb ...
Run Tests (3.11)	UNKNOWN STEP	2025-08-21T04:32:41.1697985Z Unpacking libxcb-icccm4:amd64 (0.4.1-1.1build3) ...
Run Tests (3.11)	UNKNOWN STEP	2025-08-21T04:32:41.2013015Z Selecting previously unselected package libxcb-util1:amd64.
Run Tests (3.11)	UNKNOWN STEP	2025-08-21T04:32:41.2152630Z Preparing to unpack .../014-libxcb-util1_0.4.0-1build3_amd64.deb ...
Run Tests (3.11)	UNKNOWN STEP	2025-08-21T04:32:41.2164324Z Unpacking libxcb-util1:amd64 (0.4.0-1build3) ...
Run Tests (3.11)	UNKNOWN STEP	2025-08-21T04:32:41.2417816Z Selecting previously unselected package libxcb-image0:amd64.
Run Tests (3.11)	UNKNOWN STEP	2025-08-21T04:32:41.2559760Z Preparing to unpack .../015-libxcb-image0_0.4.0-2build1_amd64.deb ...
Run Tests (3.11)	UNKNOWN STEP	2025-08-21T04:32:41.2572125Z Unpacking libxcb-image0:amd64 (0.4.0-2build1) ...
Run Tests (3.11)	UNKNOWN STEP	2025-08-21T04:32:41.2806074Z Selecting previously unselected package libxcb-keysyms1:amd64.
Run Tests (3.11)	UNKNOWN STEP	2025-08-21T04:32:41.2947635Z Preparing to unpack .../016-libxcb-keysyms1_0.4.0-1build4_amd64.deb ...
Run Tests (3.11)	UNKNOWN STEP	2025-08-21T04:32:41.2960252Z Unpacking libxcb-keysyms1:amd64 (0.4.0-1build4) ...
Run Tests (3.11)	UNKNOWN STEP	2025-08-21T04:32:41.3200177Z Selecting previously unselected package libxcb-render-util0:amd64.
Run Tests (3.11)	UNKNOWN STEP	2025-08-21T04:32:41.3340775Z Preparing to unpack .../017-libxcb-render-util0_0.3.9-1build4_amd64.deb ...
Run Tests (3.11)	UNKNOWN STEP	2025-08-21T04:32:41.3352193Z Unpacking libxcb-render-util0:amd64 (0.3.9-1build4) ...
Run Tests (3.11)	UNKNOWN STEP	2025-08-21T04:32:41.3588638Z Selecting previously unselected package libxcb-shape0:amd64.
Run Tests (3.11)	UNKNOWN STEP	2025-08-21T04:32:41.3727685Z Preparing to unpack .../018-libxcb-shape0_1.15-1ubuntu2_amd64.deb ...
Run Tests (3.11)	UNKNOWN STEP	2025-08-21T04:32:41.3740816Z Unpacking libxcb-shape0:amd64 (1.15-1ubuntu2) ...
Run Tests (3.11)	UNKNOWN STEP	2025-08-21T04:32:41.3982053Z Selecting previously unselected package libxcb-xinerama0:amd64.
Run Tests (3.11)	UNKNOWN STEP	2025-08-21T04:32:41.4122064Z Preparing to unpack .../019-libxcb-xinerama0_1.15-1ubuntu2_amd64.deb ...
Run Tests (3.11)	UNKNOWN STEP	2025-08-21T04:32:41.4136728Z Unpacking libxcb-xinerama0:amd64 (1.15-1ubuntu2) ...
Run Tests (3.11)	UNKNOWN STEP	2025-08-21T04:32:41.4372176Z Selecting previously unselected package libxcb-xinput0:amd64.
Run Tests (3.11)	UNKNOWN STEP	2025-08-21T04:32:41.4510869Z Preparing to unpack .../020-libxcb-xinput0_1.15-1ubuntu2_amd64.deb ...
Run Tests (3.11)	UNKNOWN STEP	2025-08-21T04:32:41.4528826Z Unpacking libxcb-xinput0:amd64 (1.15-1ubuntu2) ...
Run Tests (3.11)	UNKNOWN STEP	2025-08-21T04:32:41.4799778Z Selecting previously unselected package libxcb-xkb1:amd64.
Run Tests (3.11)	UNKNOWN STEP	2025-08-21T04:32:41.4939918Z Preparing to unpack .../021-libxcb-xkb1_1.15-1ubuntu2_amd64.deb ...
Run Tests (3.11)	UNKNOWN STEP	2025-08-21T04:32:41.4953173Z Unpacking libxcb-xkb1:amd64 (1.15-1ubuntu2) ...
Run Tests (3.11)	UNKNOWN STEP	2025-08-21T04:32:41.5192886Z Selecting previously unselected package libxkbcommon-x11-0:amd64.
Run Tests (3.11)	UNKNOWN STEP	2025-08-21T04:32:41.5333738Z Preparing to unpack .../022-libxkbcommon-x11-0_1.6.0-1build1_amd64.deb ...
Run Tests (3.11)	UNKNOWN STEP	2025-08-21T04:32:41.5345468Z Unpacking libxkbcommon-x11-0:amd64 (1.6.0-1build1) ...
Run Tests (3.11)	UNKNOWN STEP	2025-08-21T04:32:41.5594819Z Selecting previously unselected package libqt5gui5t64:amd64.
Run Tests (3.11)	UNKNOWN STEP	2025-08-21T04:32:41.5737125Z Preparing to unpack .../023-libqt5gui5t64_5.15.13+dfsg-1ubuntu1_amd64.deb ...
Run Tests (3.11)	UNKNOWN STEP	2025-08-21T04:32:41.5749671Z Unpacking libqt5gui5t64:amd64 (5.15.13+dfsg-1ubuntu1) ...
Run Tests (3.11)	UNKNOWN STEP	2025-08-21T04:32:41.6602701Z Selecting previously unselected package libqt5qml5:amd64.
Run Tests (3.11)	UNKNOWN STEP	2025-08-21T04:32:41.6747580Z Preparing to unpack .../024-libqt5qml5_5.15.13+dfsg-1ubuntu0.1_amd64.deb ...
Run Tests (3.11)	UNKNOWN STEP	2025-08-21T04:32:41.6759660Z Unpacking libqt5qml5:amd64 (5.15.13+dfsg-1ubuntu0.1) ...
Run Tests (3.11)	UNKNOWN STEP	2025-08-21T04:32:41.7213076Z Selecting previously unselected package libqt5qmlmodels5:amd64.
Run Tests (3.11)	UNKNOWN STEP	2025-08-21T04:32:41.7357297Z Preparing to unpack .../025-libqt5qmlmodels5_5.15.13+dfsg-1ubuntu0.1_amd64.deb ...
Run Tests (3.11)	UNKNOWN STEP	2025-08-21T04:32:41.7369935Z Unpacking libqt5qmlmodels5:amd64 (5.15.13+dfsg-1ubuntu0.1) ...
Run Tests (3.11)	UNKNOWN STEP	2025-08-21T04:32:41.7669276Z Selecting previously unselected package libqt5quick5:amd64.
Run Tests (3.11)	UNKNOWN STEP	2025-08-21T04:32:41.7813838Z Preparing to unpack .../026-libqt5quick5_5.15.13+dfsg-1ubuntu0.1_amd64.deb ...
Run Tests (3.11)	UNKNOWN STEP	2025-08-21T04:32:41.7827234Z Unpacking libqt5quick5:amd64 (5.15.13+dfsg-1ubuntu0.1) ...
Run Tests (3.11)	UNKNOWN STEP	2025-08-21T04:32:41.8320937Z Selecting previously unselected package qml-module-qtquick-window2:amd64.
Run Tests (3.11)	UNKNOWN STEP	2025-08-21T04:32:41.8464788Z Preparing to unpack .../027-qml-module-qtquick-window2_5.15.13+dfsg-1ubuntu0.1_amd64.deb ...
Run Tests (3.11)	UNKNOWN STEP	2025-08-21T04:32:41.8476852Z Unpacking qml-module-qtquick-window2:amd64 (5.15.13+dfsg-1ubuntu0.1) ...
Run Tests (3.11)	UNKNOWN STEP	2025-08-21T04:32:41.8726371Z Selecting previously unselected package libqt5qmlworkerscript5:amd64.
Run Tests (3.11)	UNKNOWN STEP	2025-08-21T04:32:41.8868243Z Preparing to unpack .../028-libqt5qmlworkerscript5_5.15.13+dfsg-1ubuntu0.1_amd64.deb ...
Run Tests (3.11)	UNKNOWN STEP	2025-08-21T04:32:41.8883447Z Unpacking libqt5qmlworkerscript5:amd64 (5.15.13+dfsg-1ubuntu0.1) ...
Run Tests (3.11)	UNKNOWN STEP	2025-08-21T04:32:41.9129665Z Selecting previously unselected package qml-module-qtquick2:amd64.
Run Tests (3.11)	UNKNOWN STEP	2025-08-21T04:32:41.9273700Z Preparing to unpack .../029-qml-module-qtquick2_5.15.13+dfsg-1ubuntu0.1_amd64.deb ...
Run Tests (3.11)	UNKNOWN STEP	2025-08-21T04:32:41.9286507Z Unpacking qml-module-qtquick2:amd64 (5.15.13+dfsg-1ubuntu0.1) ...
Run Tests (3.11)	UNKNOWN STEP	2025-08-21T04:32:41.9522858Z Selecting previously unselected package qml-module-qtgraphicaleffects:amd64.
Run Tests (3.11)	UNKNOWN STEP	2025-08-21T04:32:41.9664080Z Preparing to unpack .../030-qml-module-qtgraphicaleffects_5.15.13-1_amd64.deb ...
Run Tests (3.11)	UNKNOWN STEP	2025-08-21T04:32:41.9675725Z Unpacking qml-module-qtgraphicaleffects:amd64 (5.15.13-1) ...
Run Tests (3.11)	UNKNOWN STEP	2025-08-21T04:32:41.9988345Z Selecting previously unselected package qml-module-qtqml:amd64.
Run Tests (3.11)	UNKNOWN STEP	2025-08-21T04:32:42.0133023Z Preparing to unpack .../031-qml-module-qtqml_5.15.13+dfsg-1ubuntu0.1_amd64.deb ...
Run Tests (3.11)	UNKNOWN STEP	2025-08-21T04:32:42.0144592Z Unpacking qml-module-qtqml:amd64 (5.15.13+dfsg-1ubuntu0.1) ...
Run Tests (3.11)	UNKNOWN STEP	2025-08-21T04:32:42.0496700Z Selecting previously unselected package qml-module-qtqml-models2:amd64.
Run Tests (3.11)	UNKNOWN STEP	2025-08-21T04:32:42.0640458Z Preparing to unpack .../032-qml-module-qtqml-models2_5.15.13+dfsg-1ubuntu0.1_amd64.deb ...
Run Tests (3.11)	UNKNOWN STEP	2025-08-21T04:32:42.0652219Z Unpacking qml-module-qtqml-models2:amd64 (5.15.13+dfsg-1ubuntu0.1) ...
Run Tests (3.11)	UNKNOWN STEP	2025-08-21T04:32:42.0879514Z Selecting previously unselected package qml-module-qtquick-layouts:amd64.
Run Tests (3.11)	UNKNOWN STEP	2025-08-21T04:32:42.1018851Z Preparing to unpack .../033-qml-module-qtquick-layouts_5.15.13+dfsg-1ubuntu0.1_amd64.deb ...
Run Tests (3.11)	UNKNOWN STEP	2025-08-21T04:32:42.1032673Z Unpacking qml-module-qtquick-layouts:amd64 (5.15.13+dfsg-1ubuntu0.1) ...
Run Tests (3.11)	UNKNOWN STEP	2025-08-21T04:32:42.1286119Z Selecting previously unselected package libqt5widgets5t64:amd64.
Run Tests (3.11)	UNKNOWN STEP	2025-08-21T04:32:42.1425788Z Preparing to unpack .../034-libqt5widgets5t64_5.15.13+dfsg-1ubuntu1_amd64.deb ...
Run Tests (3.11)	UNKNOWN STEP	2025-08-21T04:32:42.1437299Z Unpacking libqt5widgets5t64:amd64 (5.15.13+dfsg-1ubuntu1) ...
Run Tests (3.11)	UNKNOWN STEP	2025-08-21T04:32:42.1968689Z Selecting previously unselected package qml-module-qtquick-controls:amd64.
Run Tests (3.11)	UNKNOWN STEP	2025-08-21T04:32:42.2118092Z Preparing to unpack .../035-qml-module-qtquick-controls_5.15.13-1_amd64.deb ...
Run Tests (3.11)	UNKNOWN STEP	2025-08-21T04:32:42.2135944Z Unpacking qml-module-qtquick-controls:amd64 (5.15.13-1) ...
Run Tests (3.11)	UNKNOWN STEP	2025-08-21T04:32:42.2978241Z Selecting previously unselected package desktop-file-utils.
Run Tests (3.11)	UNKNOWN STEP	2025-08-21T04:32:42.3126866Z Preparing to unpack .../036-desktop-file-utils_0.27-2build1_amd64.deb ...
Run Tests (3.11)	UNKNOWN STEP	2025-08-21T04:32:42.3138820Z Unpacking desktop-file-utils (0.27-2build1) ...
Run Tests (3.11)	UNKNOWN STEP	2025-08-21T04:32:42.3561934Z Selecting previously unselected package fluid-soundfont-gm.
Run Tests (3.11)	UNKNOWN STEP	2025-08-21T04:32:42.3702483Z Preparing to unpack .../037-fluid-soundfont-gm_3.1-5.3_all.deb ...
Run Tests (3.11)	UNKNOWN STEP	2025-08-21T04:32:42.3713143Z Unpacking fluid-soundfont-gm (3.1-5.3) ...
Run Tests (3.11)	UNKNOWN STEP	2025-08-21T04:32:43.0209396Z Selecting previously unselected package libflac12t64:amd64.
Run Tests (3.11)	UNKNOWN STEP	2025-08-21T04:32:43.0347736Z Preparing to unpack .../038-libflac12t64_1.4.3+ds-2.1ubuntu2_amd64.deb ...
Run Tests (3.11)	UNKNOWN STEP	2025-08-21T04:32:43.0358736Z Unpacking libflac12t64:amd64 (1.4.3+ds-2.1ubuntu2) ...
Run Tests (3.11)	UNKNOWN STEP	2025-08-21T04:32:43.0619130Z Selecting previously unselected package libmp3lame0:amd64.
Run Tests (3.11)	UNKNOWN STEP	2025-08-21T04:32:43.0759285Z Preparing to unpack .../039-libmp3lame0_3.100-6build1_amd64.deb ...
Run Tests (3.11)	UNKNOWN STEP	2025-08-21T04:32:43.0771443Z Unpacking libmp3lame0:amd64 (3.100-6build1) ...
Run Tests (3.11)	UNKNOWN STEP	2025-08-21T04:32:43.1022801Z Selecting previously unselected package libmpg123-0t64:amd64.
Run Tests (3.11)	UNKNOWN STEP	2025-08-21T04:32:43.1162029Z Preparing to unpack .../040-libmpg123-0t64_1.32.5-1ubuntu1.1_amd64.deb ...
Run Tests (3.11)	UNKNOWN STEP	2025-08-21T04:32:43.1173106Z Unpacking libmpg123-0t64:amd64 (1.32.5-1ubuntu1.1) ...
Run Tests (3.11)	UNKNOWN STEP	2025-08-21T04:32:43.1443714Z Selecting previously unselected package libopus0:amd64.
Run Tests (3.11)	UNKNOWN STEP	2025-08-21T04:32:43.1585858Z Preparing to unpack .../041-libopus0_1.4-1build1_amd64.deb ...
Run Tests (3.11)	UNKNOWN STEP	2025-08-21T04:32:43.1598468Z Unpacking libopus0:amd64 (1.4-1build1) ...
Run Tests (3.11)	UNKNOWN STEP	2025-08-21T04:32:43.1871199Z Selecting previously unselected package libvorbisenc2:amd64.
Run Tests (3.11)	UNKNOWN STEP	2025-08-21T04:32:43.2013257Z Preparing to unpack .../042-libvorbisenc2_1.3.7-1build3_amd64.deb ...
Run Tests (3.11)	UNKNOWN STEP	2025-08-21T04:32:43.2025846Z Unpacking libvorbisenc2:amd64 (1.3.7-1build3) ...
Run Tests (3.11)	UNKNOWN STEP	2025-08-21T04:32:43.2297403Z Selecting previously unselected package libsndfile1:amd64.
Run Tests (3.11)	UNKNOWN STEP	2025-08-21T04:32:43.2439212Z Preparing to unpack .../043-libsndfile1_1.2.2-1ubuntu5.24.04.1_amd64.deb ...
Run Tests (3.11)	UNKNOWN STEP	2025-08-21T04:32:43.2452165Z Unpacking libsndfile1:amd64 (1.2.2-1ubuntu5.24.04.1) ...
Run Tests (3.11)	UNKNOWN STEP	2025-08-21T04:32:43.2726420Z Selecting previously unselected package libinstpatch-1.0-2:amd64.
Run Tests (3.11)	UNKNOWN STEP	2025-08-21T04:32:43.2865137Z Preparing to unpack .../044-libinstpatch-1.0-2_1.1.6-1build2_amd64.deb ...
Run Tests (3.11)	UNKNOWN STEP	2025-08-21T04:32:43.2876704Z Unpacking libinstpatch-1.0-2:amd64 (1.1.6-1build2) ...
Run Tests (3.11)	UNKNOWN STEP	2025-08-21T04:32:43.3151514Z Selecting previously unselected package libsamplerate0:amd64.
Run Tests (3.11)	UNKNOWN STEP	2025-08-21T04:32:43.3292131Z Preparing to unpack .../045-libsamplerate0_0.2.2-4build1_amd64.deb ...
Run Tests (3.11)	UNKNOWN STEP	2025-08-21T04:32:43.3303982Z Unpacking libsamplerate0:amd64 (0.2.2-4build1) ...
Run Tests (3.11)	UNKNOWN STEP	2025-08-21T04:32:43.3597820Z Selecting previously unselected package libjack-jackd2-0:amd64.
Run Tests (3.11)	UNKNOWN STEP	2025-08-21T04:32:43.3737856Z Preparing to unpack .../046-libjack-jackd2-0_1.9.21~dfsg-3ubuntu3_amd64.deb ...
Run Tests (3.11)	UNKNOWN STEP	2025-08-21T04:32:43.3750566Z Unpacking libjack-jackd2-0:amd64 (1.9.21~dfsg-3ubuntu3) ...
Run Tests (3.11)	UNKNOWN STEP	2025-08-21T04:32:43.4027315Z Selecting previously unselected package libwebrtc-audio-processing1:amd64.
Run Tests (3.11)	UNKNOWN STEP	2025-08-21T04:32:43.4167791Z Preparing to unpack .../047-libwebrtc-audio-processing1_0.3.1-0ubuntu6_amd64.deb ...
Run Tests (3.11)	UNKNOWN STEP	2025-08-21T04:32:43.4186243Z Unpacking libwebrtc-audio-processing1:amd64 (0.3.1-0ubuntu6) ...
Run Tests (3.11)	UNKNOWN STEP	2025-08-21T04:32:43.4437691Z Selecting previously unselected package libspa-0.2-modules:amd64.
Run Tests (3.11)	UNKNOWN STEP	2025-08-21T04:32:43.4578777Z Preparing to unpack .../048-libspa-0.2-modules_1.0.5-1ubuntu3.1_amd64.deb ...
Run Tests (3.11)	UNKNOWN STEP	2025-08-21T04:32:43.4591968Z Unpacking libspa-0.2-modules:amd64 (1.0.5-1ubuntu3.1) ...
Run Tests (3.11)	UNKNOWN STEP	2025-08-21T04:32:43.4969514Z Selecting previously unselected package libpipewire-0.3-0t64:amd64.
Run Tests (3.11)	UNKNOWN STEP	2025-08-21T04:32:43.5114821Z Preparing to unpack .../049-libpipewire-0.3-0t64_1.0.5-1ubuntu3.1_amd64.deb ...
Run Tests (3.11)	UNKNOWN STEP	2025-08-21T04:32:43.5128051Z Unpacking libpipewire-0.3-0t64:amd64 (1.0.5-1ubuntu3.1) ...
Run Tests (3.11)	UNKNOWN STEP	2025-08-21T04:32:43.5417028Z Selecting previously unselected package libasyncns0:amd64.
Run Tests (3.11)	UNKNOWN STEP	2025-08-21T04:32:43.5560552Z Preparing to unpack .../050-libasyncns0_0.8-6build4_amd64.deb ...
Run Tests (3.11)	UNKNOWN STEP	2025-08-21T04:32:43.5572218Z Unpacking libasyncns0:amd64 (0.8-6build4) ...
Run Tests (3.11)	UNKNOWN STEP	2025-08-21T04:32:43.5829691Z Selecting previously unselected package libpulse0:amd64.
Run Tests (3.11)	UNKNOWN STEP	2025-08-21T04:32:43.5968752Z Preparing to unpack .../051-libpulse0_1%3a16.1+dfsg1-2ubuntu10.1_amd64.deb ...
Run Tests (3.11)	UNKNOWN STEP	2025-08-21T04:32:43.6045509Z Unpacking libpulse0:amd64 (1:16.1+dfsg1-2ubuntu10.1) ...
Run Tests (3.11)	UNKNOWN STEP	2025-08-21T04:32:43.6326932Z Selecting previously unselected package libdecor-0-0:amd64.
Run Tests (3.11)	UNKNOWN STEP	2025-08-21T04:32:43.6467160Z Preparing to unpack .../052-libdecor-0-0_0.2.2-1build2_amd64.deb ...
Run Tests (3.11)	UNKNOWN STEP	2025-08-21T04:32:43.6480415Z Unpacking libdecor-0-0:amd64 (0.2.2-1build2) ...
Run Tests (3.11)	UNKNOWN STEP	2025-08-21T04:32:43.6825832Z Selecting previously unselected package libsdl2-2.0-0:amd64.
Run Tests (3.11)	UNKNOWN STEP	2025-08-21T04:32:43.6976883Z Preparing to unpack .../053-libsdl2-2.0-0_2.30.0+dfsg-1ubuntu3.1_amd64.deb ...
Run Tests (3.11)	UNKNOWN STEP	2025-08-21T04:32:43.6990971Z Unpacking libsdl2-2.0-0:amd64 (2.30.0+dfsg-1ubuntu3.1) ...
Run Tests (3.11)	UNKNOWN STEP	2025-08-21T04:32:43.7352841Z Selecting previously unselected package timgm6mb-soundfont.
Run Tests (3.11)	UNKNOWN STEP	2025-08-21T04:32:43.7499647Z Preparing to unpack .../054-timgm6mb-soundfont_1.3-5_all.deb ...
Run Tests (3.11)	UNKNOWN STEP	2025-08-21T04:32:43.7510541Z Unpacking timgm6mb-soundfont (1.3-5) ...
Run Tests (3.11)	UNKNOWN STEP	2025-08-21T04:32:44.0939913Z Selecting previously unselected package musescore-general-soundfont-small.
Run Tests (3.11)	UNKNOWN STEP	2025-08-21T04:32:44.1083306Z Preparing to unpack .../055-musescore-general-soundfont-small_0.2.1-1_all.deb ...
Run Tests (3.11)	UNKNOWN STEP	2025-08-21T04:32:44.1096442Z Unpacking musescore-general-soundfont-small (0.2.1-1) ...
Run Tests (3.11)	UNKNOWN STEP	2025-08-21T04:32:44.2597041Z Selecting previously unselected package libfluidsynth3:amd64.
Run Tests (3.11)	UNKNOWN STEP	2025-08-21T04:32:44.2737028Z Preparing to unpack .../056-libfluidsynth3_2.3.4-1build3_amd64.deb ...
Run Tests (3.11)	UNKNOWN STEP	2025-08-21T04:32:44.2748666Z Unpacking libfluidsynth3:amd64 (2.3.4-1build3) ...
Run Tests (3.11)	UNKNOWN STEP	2025-08-21T04:32:44.3008598Z Selecting previously unselected package fluidsynth.
Run Tests (3.11)	UNKNOWN STEP	2025-08-21T04:32:44.3149687Z Preparing to unpack .../057-fluidsynth_2.3.4-1build3_amd64.deb ...
Run Tests (3.11)	UNKNOWN STEP	2025-08-21T04:32:44.3161170Z Unpacking fluidsynth (2.3.4-1build3) ...
Run Tests (3.11)	UNKNOWN STEP	2025-08-21T04:32:44.3388010Z Selecting previously unselected package fonts-freefont-ttf.
Run Tests (3.11)	UNKNOWN STEP	2025-08-21T04:32:44.3529839Z Preparing to unpack .../058-fonts-freefont-ttf_20211204+svn4273-2_all.deb ...
Run Tests (3.11)	UNKNOWN STEP	2025-08-21T04:32:44.3539184Z Unpacking fonts-freefont-ttf (20211204+svn4273-2) ...
Run Tests (3.11)	UNKNOWN STEP	2025-08-21T04:32:44.4626242Z Selecting previously unselected package libb2-1:amd64.
Run Tests (3.11)	UNKNOWN STEP	2025-08-21T04:32:44.4781023Z Preparing to unpack .../059-libb2-1_0.98.1-1.1build1_amd64.deb ...
Run Tests (3.11)	UNKNOWN STEP	2025-08-21T04:32:44.4790608Z Unpacking libb2-1:amd64 (0.98.1-1.1build1) ...
Run Tests (3.11)	UNKNOWN STEP	2025-08-21T04:32:44.5023368Z Selecting previously unselected package libdecor-0-plugin-1-gtk:amd64.
Run Tests (3.11)	UNKNOWN STEP	2025-08-21T04:32:44.5166954Z Preparing to unpack .../060-libdecor-0-plugin-1-gtk_0.2.2-1build2_amd64.deb ...
Run Tests (3.11)	UNKNOWN STEP	2025-08-21T04:32:44.5177182Z Unpacking libdecor-0-plugin-1-gtk:amd64 (0.2.2-1build2) ...
Run Tests (3.11)	UNKNOWN STEP	2025-08-21T04:32:44.5394029Z Selecting previously unselected package libpipewire-0.3-common.
Run Tests (3.11)	UNKNOWN STEP	2025-08-21T04:32:44.5534848Z Preparing to unpack .../061-libpipewire-0.3-common_1.0.5-1ubuntu3.1_all.deb ...
Run Tests (3.11)	UNKNOWN STEP	2025-08-21T04:32:44.5544781Z Unpacking libpipewire-0.3-common (1.0.5-1ubuntu3.1) ...
Run Tests (3.11)	UNKNOWN STEP	2025-08-21T04:32:44.5761736Z Selecting previously unselected package libpoppler134:amd64.
Run Tests (3.11)	UNKNOWN STEP	2025-08-21T04:32:44.5903172Z Preparing to unpack .../062-libpoppler134_24.02.0-1ubuntu9.6_amd64.deb ...
Run Tests (3.11)	UNKNOWN STEP	2025-08-21T04:32:44.5912076Z Unpacking libpoppler134:amd64 (24.02.0-1ubuntu9.6) ...
Run Tests (3.11)	UNKNOWN STEP	2025-08-21T04:32:44.6287513Z Selecting previously unselected package libqt5xml5t64:amd64.
Run Tests (3.11)	UNKNOWN STEP	2025-08-21T04:32:44.6428917Z Preparing to unpack .../063-libqt5xml5t64_5.15.13+dfsg-1ubuntu1_amd64.deb ...
Run Tests (3.11)	UNKNOWN STEP	2025-08-21T04:32:44.6438700Z Unpacking libqt5xml5t64:amd64 (5.15.13+dfsg-1ubuntu1) ...
Run Tests (3.11)	UNKNOWN STEP	2025-08-21T04:32:44.6696569Z Selecting previously unselected package libpoppler-qt5-1t64:amd64.
Run Tests (3.11)	UNKNOWN STEP	2025-08-21T04:32:44.6838363Z Preparing to unpack .../064-libpoppler-qt5-1t64_24.02.0-1ubuntu9.6_amd64.deb ...
Run Tests (3.11)	UNKNOWN STEP	2025-08-21T04:32:44.6848713Z Unpacking libpoppler-qt5-1t64:amd64 (24.02.0-1ubuntu9.6) ...
Run Tests (3.11)	UNKNOWN STEP	2025-08-21T04:32:44.7105306Z Selecting previously unselected package libportaudio2:amd64.
Run Tests (3.11)	UNKNOWN STEP	2025-08-21T04:32:44.7244520Z Preparing to unpack .../065-libportaudio2_19.6.0-1.2build3_amd64.deb ...
Run Tests (3.11)	UNKNOWN STEP	2025-08-21T04:32:44.7253724Z Unpacking libportaudio2:amd64 (19.6.0-1.2build3) ...
Run Tests (3.11)	UNKNOWN STEP	2025-08-21T04:32:44.7484150Z Selecting previously unselected package libportmidi0:amd64.
Run Tests (3.11)	UNKNOWN STEP	2025-08-21T04:32:44.7626353Z Preparing to unpack .../066-libportmidi0_1%3a217-6.1build3_amd64.deb ...
Run Tests (3.11)	UNKNOWN STEP	2025-08-21T04:32:44.7636942Z Unpacking libportmidi0:amd64 (1:217-6.1build3) ...
Run Tests (3.11)	UNKNOWN STEP	2025-08-21T04:32:44.7871772Z Selecting previously unselected package libproxy1v5:amd64.
Run Tests (3.11)	UNKNOWN STEP	2025-08-21T04:32:44.8017573Z Preparing to unpack .../067-libproxy1v5_0.5.4-4build1_amd64.deb ...
Run Tests (3.11)	UNKNOWN STEP	2025-08-21T04:32:44.8032080Z Unpacking libproxy1v5:amd64 (0.5.4-4build1) ...
Run Tests (3.11)	UNKNOWN STEP	2025-08-21T04:32:44.8267309Z Selecting previously unselected package libqt5sql5t64:amd64.
Run Tests (3.11)	UNKNOWN STEP	2025-08-21T04:32:44.8406501Z Preparing to unpack .../068-libqt5sql5t64_5.15.13+dfsg-1ubuntu1_amd64.deb ...
Run Tests (3.11)	UNKNOWN STEP	2025-08-21T04:32:44.8416666Z Unpacking libqt5sql5t64:amd64 (5.15.13+dfsg-1ubuntu1) ...
Run Tests (3.11)	UNKNOWN STEP	2025-08-21T04:32:44.8657380Z Selecting previously unselected package libqt5help5:amd64.
Run Tests (3.11)	UNKNOWN STEP	2025-08-21T04:32:44.8796967Z Preparing to unpack .../069-libqt5help5_5.15.13-1_amd64.deb ...
Run Tests (3.11)	UNKNOWN STEP	2025-08-21T04:32:44.8806618Z Unpacking libqt5help5:amd64 (5.15.13-1) ...
Run Tests (3.11)	UNKNOWN STEP	2025-08-21T04:32:44.9073322Z Selecting previously unselected package libqt5printsupport5t64:amd64.
Run Tests (3.11)	UNKNOWN STEP	2025-08-21T04:32:44.9212590Z Preparing to unpack .../070-libqt5printsupport5t64_5.15.13+dfsg-1ubuntu1_amd64.deb ...
Run Tests (3.11)	UNKNOWN STEP	2025-08-21T04:32:44.9224446Z Unpacking libqt5printsupport5t64:amd64 (5.15.13+dfsg-1ubuntu1) ...
Run Tests (3.11)	UNKNOWN STEP	2025-08-21T04:32:44.9475035Z Selecting previously unselected package libqt5sql5-sqlite:amd64.
Run Tests (3.11)	UNKNOWN STEP	2025-08-21T04:32:44.9613454Z Preparing to unpack .../071-libqt5sql5-sqlite_5.15.13+dfsg-1ubuntu1_amd64.deb ...
Run Tests (3.11)	UNKNOWN STEP	2025-08-21T04:32:44.9623446Z Unpacking libqt5sql5-sqlite:amd64 (5.15.13+dfsg-1ubuntu1) ...
Run Tests (3.11)	UNKNOWN STEP	2025-08-21T04:32:44.9857770Z Selecting previously unselected package libqt5svg5:amd64.
Run Tests (3.11)	UNKNOWN STEP	2025-08-21T04:32:44.9997684Z Preparing to unpack .../072-libqt5svg5_5.15.13-1_amd64.deb ...
Run Tests (3.11)	UNKNOWN STEP	2025-08-21T04:32:45.0145307Z Unpacking libqt5svg5:amd64 (5.15.13-1) ...
Run Tests (3.11)	UNKNOWN STEP	2025-08-21T04:32:45.0401061Z Selecting previously unselected package libqt5waylandclient5:amd64.
Run Tests (3.11)	UNKNOWN STEP	2025-08-21T04:32:45.0541656Z Preparing to unpack .../073-libqt5waylandclient5_5.15.13-1_amd64.deb ...
Run Tests (3.11)	UNKNOWN STEP	2025-08-21T04:32:45.0552023Z Unpacking libqt5waylandclient5:amd64 (5.15.13-1) ...
Run Tests (3.11)	UNKNOWN STEP	2025-08-21T04:32:45.0852217Z Selecting previously unselected package libqt5waylandcompositor5:amd64.
Run Tests (3.11)	UNKNOWN STEP	2025-08-21T04:32:45.0994154Z Preparing to unpack .../074-libqt5waylandcompositor5_5.15.13-1_amd64.deb ...
Run Tests (3.11)	UNKNOWN STEP	2025-08-21T04:32:45.1004246Z Unpacking libqt5waylandcompositor5:amd64 (5.15.13-1) ...
Run Tests (3.11)	UNKNOWN STEP	2025-08-21T04:32:45.1305936Z Selecting previously unselected package libqt5xmlpatterns5:amd64.
Run Tests (3.11)	UNKNOWN STEP	2025-08-21T04:32:45.1446728Z Preparing to unpack .../075-libqt5xmlpatterns5_5.15.13-1_amd64.deb ...
Run Tests (3.11)	UNKNOWN STEP	2025-08-21T04:32:45.1460746Z Unpacking libqt5xmlpatterns5:amd64 (5.15.13-1) ...
Run Tests (3.11)	UNKNOWN STEP	2025-08-21T04:32:45.1839061Z Selecting previously unselected package libqt6core6t64:amd64.
Run Tests (3.11)	UNKNOWN STEP	2025-08-21T04:32:45.1979924Z Preparing to unpack .../076-libqt6core6t64_6.4.2+dfsg-21.1build5_amd64.deb ...
Run Tests (3.11)	UNKNOWN STEP	2025-08-21T04:32:45.1991600Z Unpacking libqt6core6t64:amd64 (6.4.2+dfsg-21.1build5) ...
Run Tests (3.11)	UNKNOWN STEP	2025-08-21T04:32:45.2459877Z Selecting previously unselected package libqt6dbus6t64:amd64.
Run Tests (3.11)	UNKNOWN STEP	2025-08-21T04:32:45.2599555Z Preparing to unpack .../077-libqt6dbus6t64_6.4.2+dfsg-21.1build5_amd64.deb ...
Run Tests (3.11)	UNKNOWN STEP	2025-08-21T04:32:45.2611128Z Unpacking libqt6dbus6t64:amd64 (6.4.2+dfsg-21.1build5) ...
Run Tests (3.11)	UNKNOWN STEP	2025-08-21T04:32:45.2871692Z Selecting previously unselected package libopengl0:amd64.
Run Tests (3.11)	UNKNOWN STEP	2025-08-21T04:32:45.3010224Z Preparing to unpack .../078-libopengl0_1.7.0-1build1_amd64.deb ...
Run Tests (3.11)	UNKNOWN STEP	2025-08-21T04:32:45.3018865Z Unpacking libopengl0:amd64 (1.7.0-1build1) ...
Run Tests (3.11)	UNKNOWN STEP	2025-08-21T04:32:45.3252495Z Selecting previously unselected package libts0t64:amd64.
Run Tests (3.11)	UNKNOWN STEP	2025-08-21T04:32:45.3391475Z Preparing to unpack .../079-libts0t64_1.22-1.1build1_amd64.deb ...
Run Tests (3.11)	UNKNOWN STEP	2025-08-21T04:32:45.3402857Z Unpacking libts0t64:amd64 (1.22-1.1build1) ...
Run Tests (3.11)	UNKNOWN STEP	2025-08-21T04:32:45.3817759Z Selecting previously unselected package libqt6gui6t64:amd64.
Run Tests (3.11)	UNKNOWN STEP	2025-08-21T04:32:45.3958209Z Preparing to unpack .../080-libqt6gui6t64_6.4.2+dfsg-21.1build5_amd64.deb ...
Run Tests (3.11)	UNKNOWN STEP	2025-08-21T04:32:45.3969373Z Unpacking libqt6gui6t64:amd64 (6.4.2+dfsg-21.1build5) ...
Run Tests (3.11)	UNKNOWN STEP	2025-08-21T04:32:45.4611552Z Selecting previously unselected package libqt6network6t64:amd64.
Run Tests (3.11)	UNKNOWN STEP	2025-08-21T04:32:45.4750716Z Preparing to unpack .../081-libqt6network6t64_6.4.2+dfsg-21.1build5_amd64.deb ...
Run Tests (3.11)	UNKNOWN STEP	2025-08-21T04:32:45.4760184Z Unpacking libqt6network6t64:amd64 (6.4.2+dfsg-21.1build5) ...
Run Tests (3.11)	UNKNOWN STEP	2025-08-21T04:32:45.5201150Z Selecting previously unselected package libqt6opengl6t64:amd64.
Run Tests (3.11)	UNKNOWN STEP	2025-08-21T04:32:45.5343252Z Preparing to unpack .../082-libqt6opengl6t64_6.4.2+dfsg-21.1build5_amd64.deb ...
Run Tests (3.11)	UNKNOWN STEP	2025-08-21T04:32:45.5353218Z Unpacking libqt6opengl6t64:amd64 (6.4.2+dfsg-21.1build5) ...
Run Tests (3.11)	UNKNOWN STEP	2025-08-21T04:32:45.5675174Z Selecting previously unselected package libqt6qml6:amd64.
Run Tests (3.11)	UNKNOWN STEP	2025-08-21T04:32:45.5816141Z Preparing to unpack .../083-libqt6qml6_6.4.2+dfsg-4build3_amd64.deb ...
Run Tests (3.11)	UNKNOWN STEP	2025-08-21T04:32:45.5825746Z Unpacking libqt6qml6:amd64 (6.4.2+dfsg-4build3) ...
Run Tests (3.11)	UNKNOWN STEP	2025-08-21T04:32:45.6269091Z Selecting previously unselected package libqt6qmlmodels6:amd64.
Run Tests (3.11)	UNKNOWN STEP	2025-08-21T04:32:45.6409364Z Preparing to unpack .../084-libqt6qmlmodels6_6.4.2+dfsg-4build3_amd64.deb ...
Run Tests (3.11)	UNKNOWN STEP	2025-08-21T04:32:45.6419718Z Unpacking libqt6qmlmodels6:amd64 (6.4.2+dfsg-4build3) ...
Run Tests (3.11)	UNKNOWN STEP	2025-08-21T04:32:45.6692209Z Selecting previously unselected package libqt6quick6:amd64.
Run Tests (3.11)	UNKNOWN STEP	2025-08-21T04:32:45.6836454Z Preparing to unpack .../085-libqt6quick6_6.4.2+dfsg-4build3_amd64.deb ...
Run Tests (3.11)	UNKNOWN STEP	2025-08-21T04:32:45.6847031Z Unpacking libqt6quick6:amd64 (6.4.2+dfsg-4build3) ...
Run Tests (3.11)	UNKNOWN STEP	2025-08-21T04:32:45.7364632Z Selecting previously unselected package libqt6waylandclient6:amd64.
Run Tests (3.11)	UNKNOWN STEP	2025-08-21T04:32:45.7504934Z Preparing to unpack .../086-libqt6waylandclient6_6.4.2-5build3_amd64.deb ...
Run Tests (3.11)	UNKNOWN STEP	2025-08-21T04:32:45.7516282Z Unpacking libqt6waylandclient6:amd64 (6.4.2-5build3) ...
Run Tests (3.11)	UNKNOWN STEP	2025-08-21T04:32:45.7792408Z Selecting previously unselected package libqt6waylandcompositor6:amd64.
Run Tests (3.11)	UNKNOWN STEP	2025-08-21T04:32:45.7935288Z Preparing to unpack .../087-libqt6waylandcompositor6_6.4.2-5build3_amd64.deb ...
Run Tests (3.11)	UNKNOWN STEP	2025-08-21T04:32:45.7944874Z Unpacking libqt6waylandcompositor6:amd64 (6.4.2-5build3) ...
Run Tests (3.11)	UNKNOWN STEP	2025-08-21T04:32:45.8251768Z Selecting previously unselected package libqt6waylandeglclienthwintegration6:amd64.
Run Tests (3.11)	UNKNOWN STEP	2025-08-21T04:32:45.8391807Z Preparing to unpack .../088-libqt6waylandeglclienthwintegration6_6.4.2-5build3_amd64.deb ...
Run Tests (3.11)	UNKNOWN STEP	2025-08-21T04:32:45.8401419Z Unpacking libqt6waylandeglclienthwintegration6:amd64 (6.4.2-5build3) ...
Run Tests (3.11)	UNKNOWN STEP	2025-08-21T04:32:45.8625251Z Selecting previously unselected package libqt6waylandeglcompositorhwintegration6:amd64.
Run Tests (3.11)	UNKNOWN STEP	2025-08-21T04:32:45.8766477Z Preparing to unpack .../089-libqt6waylandeglcompositorhwintegration6_6.4.2-5build3_amd64.deb ...
Run Tests (3.11)	UNKNOWN STEP	2025-08-21T04:32:45.8775619Z Unpacking libqt6waylandeglcompositorhwintegration6:amd64 (6.4.2-5build3) ...
Run Tests (3.11)	UNKNOWN STEP	2025-08-21T04:32:45.9019874Z Selecting previously unselected package libqt6widgets6t64:amd64.
Run Tests (3.11)	UNKNOWN STEP	2025-08-21T04:32:45.9158623Z Preparing to unpack .../090-libqt6widgets6t64_6.4.2+dfsg-21.1build5_amd64.deb ...
Run Tests (3.11)	UNKNOWN STEP	2025-08-21T04:32:45.9169320Z Unpacking libqt6widgets6t64:amd64 (6.4.2+dfsg-21.1build5) ...
Run Tests (3.11)	UNKNOWN STEP	2025-08-21T04:32:45.9734448Z Selecting previously unselected package libqt6wlshellintegration6:amd64.
Run Tests (3.11)	UNKNOWN STEP	2025-08-21T04:32:45.9872900Z Preparing to unpack .../091-libqt6wlshellintegration6_6.4.2-5build3_amd64.deb ...
Run Tests (3.11)	UNKNOWN STEP	2025-08-21T04:32:45.9881702Z Unpacking libqt6wlshellintegration6:amd64 (6.4.2-5build3) ...
Run Tests (3.11)	UNKNOWN STEP	2025-08-21T04:32:46.0097830Z Selecting previously unselected package qml-module-qt-labs-folderlistmodel:amd64.
Run Tests (3.11)	UNKNOWN STEP	2025-08-21T04:32:46.0236219Z Preparing to unpack .../092-qml-module-qt-labs-folderlistmodel_5.15.13+dfsg-1ubuntu0.1_amd64.deb ...
Run Tests (3.11)	UNKNOWN STEP	2025-08-21T04:32:46.0245655Z Unpacking qml-module-qt-labs-folderlistmodel:amd64 (5.15.13+dfsg-1ubuntu0.1) ...
Run Tests (3.11)	UNKNOWN STEP	2025-08-21T04:32:46.0466689Z Selecting previously unselected package qml-module-qt-labs-settings:amd64.
Run Tests (3.11)	UNKNOWN STEP	2025-08-21T04:32:46.0607577Z Preparing to unpack .../093-qml-module-qt-labs-settings_5.15.13+dfsg-1ubuntu0.1_amd64.deb ...
Run Tests (3.11)	UNKNOWN STEP	2025-08-21T04:32:46.0616221Z Unpacking qml-module-qt-labs-settings:amd64 (5.15.13+dfsg-1ubuntu0.1) ...
Run Tests (3.11)	UNKNOWN STEP	2025-08-21T04:32:46.0826115Z Selecting previously unselected package qml-module-qtquick-privatewidgets:amd64.
Run Tests (3.11)	UNKNOWN STEP	2025-08-21T04:32:46.0967398Z Preparing to unpack .../094-qml-module-qtquick-privatewidgets_5.15.13-1_amd64.deb ...
Run Tests (3.11)	UNKNOWN STEP	2025-08-21T04:32:46.0977877Z Unpacking qml-module-qtquick-privatewidgets:amd64 (5.15.13-1) ...
Run Tests (3.11)	UNKNOWN STEP	2025-08-21T04:32:46.1206874Z Selecting previously unselected package qml-module-qtquick-dialogs:amd64.
Run Tests (3.11)	UNKNOWN STEP	2025-08-21T04:32:46.1348616Z Preparing to unpack .../095-qml-module-qtquick-dialogs_5.15.13-1_amd64.deb ...
Run Tests (3.11)	UNKNOWN STEP	2025-08-21T04:32:46.1360626Z Unpacking qml-module-qtquick-dialogs:amd64 (5.15.13-1) ...
Run Tests (3.11)	UNKNOWN STEP	2025-08-21T04:32:46.1671941Z Selecting previously unselected package musescore3-common.
Run Tests (3.11)	UNKNOWN STEP	2025-08-21T04:32:46.1812917Z Preparing to unpack .../096-musescore3-common_3.2.3+dfsg2-16build5_all.deb ...
Run Tests (3.11)	UNKNOWN STEP	2025-08-21T04:32:46.1824641Z Unpacking musescore3-common (3.2.3+dfsg2-16build5) ...
Run Tests (3.11)	UNKNOWN STEP	2025-08-21T04:32:46.3957070Z Selecting previously unselected package musescore3.
Run Tests (3.11)	UNKNOWN STEP	2025-08-21T04:32:46.4099938Z Preparing to unpack .../097-musescore3_3.2.3+dfsg2-16build5_amd64.deb ...
Run Tests (3.11)	UNKNOWN STEP	2025-08-21T04:32:46.4109299Z Unpacking musescore3 (3.2.3+dfsg2-16build5) ...
Run Tests (3.11)	UNKNOWN STEP	2025-08-21T04:32:46.5163550Z Selecting previously unselected package qsynth.
Run Tests (3.11)	UNKNOWN STEP	2025-08-21T04:32:46.5305281Z Preparing to unpack .../098-qsynth_0.9.13-1build3_amd64.deb ...
Run Tests (3.11)	UNKNOWN STEP	2025-08-21T04:32:46.5315306Z Unpacking qsynth (0.9.13-1build3) ...
Run Tests (3.11)	UNKNOWN STEP	2025-08-21T04:32:46.5616762Z Selecting previously unselected package qt5-gtk-platformtheme:amd64.
Run Tests (3.11)	UNKNOWN STEP	2025-08-21T04:32:46.5758019Z Preparing to unpack .../099-qt5-gtk-platformtheme_5.15.13+dfsg-1ubuntu1_amd64.deb ...
Run Tests (3.11)	UNKNOWN STEP	2025-08-21T04:32:46.5769006Z Unpacking qt5-gtk-platformtheme:amd64 (5.15.13+dfsg-1ubuntu1) ...
Run Tests (3.11)	UNKNOWN STEP	2025-08-21T04:32:46.6007597Z Selecting previously unselected package qt6-gtk-platformtheme:amd64.
Run Tests (3.11)	UNKNOWN STEP	2025-08-21T04:32:46.6148283Z Preparing to unpack .../100-qt6-gtk-platformtheme_6.4.2+dfsg-21.1build5_amd64.deb ...
Run Tests (3.11)	UNKNOWN STEP	2025-08-21T04:32:46.6159325Z Unpacking qt6-gtk-platformtheme:amd64 (6.4.2+dfsg-21.1build5) ...
Run Tests (3.11)	UNKNOWN STEP	2025-08-21T04:32:46.6384281Z Selecting previously unselected package qt6-qpa-plugins:amd64.
Run Tests (3.11)	UNKNOWN STEP	2025-08-21T04:32:46.6522449Z Preparing to unpack .../101-qt6-qpa-plugins_6.4.2+dfsg-21.1build5_amd64.deb ...
Run Tests (3.11)	UNKNOWN STEP	2025-08-21T04:32:46.6532414Z Unpacking qt6-qpa-plugins:amd64 (6.4.2+dfsg-21.1build5) ...
Run Tests (3.11)	UNKNOWN STEP	2025-08-21T04:32:46.6764546Z Selecting previously unselected package qt6-translations-l10n.
Run Tests (3.11)	UNKNOWN STEP	2025-08-21T04:32:46.6904215Z Preparing to unpack .../102-qt6-translations-l10n_6.4.2-1_all.deb ...
Run Tests (3.11)	UNKNOWN STEP	2025-08-21T04:32:46.6913087Z Unpacking qt6-translations-l10n (6.4.2-1) ...
Run Tests (3.11)	UNKNOWN STEP	2025-08-21T04:32:46.7928374Z Selecting previously unselected package qt6-wayland:amd64.
Run Tests (3.11)	UNKNOWN STEP	2025-08-21T04:32:46.8069497Z Preparing to unpack .../103-qt6-wayland_6.4.2-5build3_amd64.deb ...
Run Tests (3.11)	UNKNOWN STEP	2025-08-21T04:32:46.8079271Z Unpacking qt6-wayland:amd64 (6.4.2-5build3) ...
Run Tests (3.11)	UNKNOWN STEP	2025-08-21T04:32:46.8360354Z Selecting previously unselected package qttranslations5-l10n.
Run Tests (3.11)	UNKNOWN STEP	2025-08-21T04:32:46.8500432Z Preparing to unpack .../104-qttranslations5-l10n_5.15.13-1_all.deb ...
Run Tests (3.11)	UNKNOWN STEP	2025-08-21T04:32:46.8510691Z Unpacking qttranslations5-l10n (5.15.13-1) ...
Run Tests (3.11)	UNKNOWN STEP	2025-08-21T04:32:46.9801453Z Selecting previously unselected package qtwayland5:amd64.
Run Tests (3.11)	UNKNOWN STEP	2025-08-21T04:32:46.9942475Z Preparing to unpack .../105-qtwayland5_5.15.13-1_amd64.deb ...
Run Tests (3.11)	UNKNOWN STEP	2025-08-21T04:32:46.9952555Z Unpacking qtwayland5:amd64 (5.15.13-1) ...
Run Tests (3.11)	UNKNOWN STEP	2025-08-21T04:32:47.0487822Z Setting up libpipewire-0.3-common (1.0.5-1ubuntu3.1) ...
Run Tests (3.11)	UNKNOWN STEP	2025-08-21T04:32:47.0521198Z Setting up libb2-1:amd64 (0.98.1-1.1build1) ...
Run Tests (3.11)	UNKNOWN STEP	2025-08-21T04:32:47.0544731Z Setting up libdouble-conversion3:amd64 (3.3.0-1build1) ...
Run Tests (3.11)	UNKNOWN STEP	2025-08-21T04:32:47.0569669Z Setting up libproxy1v5:amd64 (0.5.4-4build1) ...
Run Tests (3.11)	UNKNOWN STEP	2025-08-21T04:32:47.0592212Z Setting up desktop-file-utils (0.27-2build1) ...
Run Tests (3.11)	UNKNOWN STEP	2025-08-21T04:32:47.1361140Z Setting up libxcb-xinput0:amd64 (1.15-1ubuntu2) ...
Run Tests (3.11)	UNKNOWN STEP	2025-08-21T04:32:47.1386322Z Setting up libpoppler134:amd64 (24.02.0-1ubuntu9.6) ...
Run Tests (3.11)	UNKNOWN STEP	2025-08-21T04:32:47.1412239Z Setting up libts0t64:amd64 (1.22-1.1build1) ...
Run Tests (3.11)	UNKNOWN STEP	2025-08-21T04:32:47.1447381Z Setting up libxcb-keysyms1:amd64 (0.4.0-1build4) ...
Run Tests (3.11)	UNKNOWN STEP	2025-08-21T04:32:47.1489186Z Setting up libxcb-shape0:amd64 (1.15-1ubuntu2) ...
Run Tests (3.11)	UNKNOWN STEP	2025-08-21T04:32:47.1515073Z Setting up libwebrtc-audio-processing1:amd64 (0.3.1-0ubuntu6) ...
Run Tests (3.11)	UNKNOWN STEP	2025-08-21T04:32:47.1537070Z Setting up fonts-freefont-ttf (20211204+svn4273-2) ...
Run Tests (3.11)	UNKNOWN STEP	2025-08-21T04:32:47.1568363Z Setting up libxcb-render-util0:amd64 (0.3.9-1build4) ...
Run Tests (3.11)	UNKNOWN STEP	2025-08-21T04:32:47.1604624Z Setting up libxcb-icccm4:amd64 (0.4.1-1.1build3) ...
Run Tests (3.11)	UNKNOWN STEP	2025-08-21T04:32:47.1671373Z Setting up musescore-general-soundfont-small (0.2.1-1) ...
Run Tests (3.11)	UNKNOWN STEP	2025-08-21T04:32:47.1733738Z update-alternatives: using /usr/share/sounds/sf3/MuseScore_General_Lite.sf3 to provide /usr/share/sounds/sf3/default-GM.sf3 (default-GM.sf3) in auto mode
Run Tests (3.11)	UNKNOWN STEP	2025-08-21T04:32:47.1780168Z update-alternatives: using /usr/share/sounds/sf3/MuseScore_General_Lite.sf3 to provide /usr/share/sounds/sf3/MuseScore_General.sf3 (MuseScore_General.sf3) in auto mode
Run Tests (3.11)	UNKNOWN STEP	2025-08-21T04:32:47.1800496Z Setting up libmpg123-0t64:amd64 (1.32.5-1ubuntu1.1) ...
Run Tests (3.11)	UNKNOWN STEP	2025-08-21T04:32:47.1825282Z Setting up libopengl0:amd64 (1.7.0-1build1) ...
Run Tests (3.11)	UNKNOWN STEP	2025-08-21T04:32:47.1849629Z Setting up libxcb-util1:amd64 (0.4.0-1build3) ...
Run Tests (3.11)	UNKNOWN STEP	2025-08-21T04:32:47.1876267Z Setting up poppler-data (0.4.12-1) ...
Run Tests (3.11)	UNKNOWN STEP	2025-08-21T04:32:47.1962972Z Setting up libxcb-xkb1:amd64 (1.15-1ubuntu2) ...
Run Tests (3.11)	UNKNOWN STEP	2025-08-21T04:32:47.1985041Z Setting up libxcb-image0:amd64 (0.4.0-2build1) ...
Run Tests (3.11)	UNKNOWN STEP	2025-08-21T04:32:47.2009083Z Setting up qt6-translations-l10n (6.4.2-1) ...
Run Tests (3.11)	UNKNOWN STEP	2025-08-21T04:32:47.2036702Z Setting up libqt5core5t64:amd64 (5.15.13+dfsg-1ubuntu1) ...
Run Tests (3.11)	UNKNOWN STEP	2025-08-21T04:32:47.2075373Z Setting up libegl-mesa0:amd64 (25.0.7-0ubuntu0.24.04.1) ...
Run Tests (3.11)	UNKNOWN STEP	2025-08-21T04:32:47.2098183Z Setting up libxcb-xinerama0:amd64 (1.15-1ubuntu2) ...
Run Tests (3.11)	UNKNOWN STEP	2025-08-21T04:32:47.2124809Z Setting up qttranslations5-l10n (5.15.13-1) ...
Run Tests (3.11)	UNKNOWN STEP	2025-08-21T04:32:47.2149591Z Setting up libspa-0.2-modules:amd64 (1.0.5-1ubuntu3.1) ...
Run Tests (3.11)	UNKNOWN STEP	2025-08-21T04:32:47.2216333Z Setting up libopus0:amd64 (1.4-1build1) ...
Run Tests (3.11)	UNKNOWN STEP	2025-08-21T04:32:47.2246032Z Setting up libportmidi0:amd64 (1:217-6.1build3) ...
Run Tests (3.11)	UNKNOWN STEP	2025-08-21T04:32:47.2271218Z Setting up libxkbcommon-x11-0:amd64 (1.6.0-1build1) ...
Run Tests (3.11)	UNKNOWN STEP	2025-08-21T04:32:47.2299430Z Setting up libmtdev1t64:amd64 (1.1.6-1.1build1) ...
Run Tests (3.11)	UNKNOWN STEP	2025-08-21T04:32:47.2329390Z Setting up libasyncns0:amd64 (0.8-6build4) ...
Run Tests (3.11)	UNKNOWN STEP	2025-08-21T04:32:47.2352920Z Setting up libegl1:amd64 (1.7.0-1build1) ...
Run Tests (3.11)	UNKNOWN STEP	2025-08-21T04:32:47.2382001Z Setting up libqt5sql5t64:amd64 (5.15.13+dfsg-1ubuntu1) ...
Run Tests (3.11)	UNKNOWN STEP	2025-08-21T04:32:47.2409239Z Setting up libmd4c0:amd64 (0.4.8-1build1) ...
Run Tests (3.11)	UNKNOWN STEP	2025-08-21T04:32:47.2437431Z Setting up libdecor-0-0:amd64 (0.2.2-1build2) ...
Run Tests (3.11)	UNKNOWN STEP	2025-08-21T04:32:47.2464816Z Setting up fluid-soundfont-gm (3.1-5.3) ...
Run Tests (3.11)	UNKNOWN STEP	2025-08-21T04:32:47.2551692Z update-alternatives: using /usr/share/sounds/sf2/FluidR3_GM.sf2 to provide /usr/share/sounds/sf2/default-GM.sf2 (default-GM.sf2) in auto mode
Run Tests (3.11)	UNKNOWN STEP	2025-08-21T04:32:47.2624791Z Setting up libflac12t64:amd64 (1.4.3+ds-2.1ubuntu2) ...
Run Tests (3.11)	UNKNOWN STEP	2025-08-21T04:32:47.2653032Z Setting up libsamplerate0:amd64 (0.2.2-4build1) ...
Run Tests (3.11)	UNKNOWN STEP	2025-08-21T04:32:47.2677569Z Setting up timgm6mb-soundfont (1.3-5) ...
Run Tests (3.11)	UNKNOWN STEP	2025-08-21T04:32:47.2821853Z Setting up libpipewire-0.3-0t64:amd64 (1.0.5-1ubuntu3.1) ...
Run Tests (3.11)	UNKNOWN STEP	2025-08-21T04:32:47.2845758Z Setting up libdecor-0-plugin-1-gtk:amd64 (0.2.2-1build2) ...
Run Tests (3.11)	UNKNOWN STEP	2025-08-21T04:32:47.2873319Z Setting up libmp3lame0:amd64 (3.100-6build1) ...
Run Tests (3.11)	UNKNOWN STEP	2025-08-21T04:32:47.2904979Z Setting up libvorbisenc2:amd64 (1.3.7-1build3) ...
Run Tests (3.11)	UNKNOWN STEP	2025-08-21T04:32:47.2929569Z Setting up libwacom-common (2.10.0-2) ...
Run Tests (3.11)	UNKNOWN STEP	2025-08-21T04:32:47.2950682Z Setting up libqt6core6t64:amd64 (6.4.2+dfsg-21.1build5) ...
Run Tests (3.11)	UNKNOWN STEP	2025-08-21T04:32:47.2974476Z Setting up libqt5dbus5t64:amd64 (5.15.13+dfsg-1ubuntu1) ...
Run Tests (3.11)	UNKNOWN STEP	2025-08-21T04:32:47.2997982Z Setting up libqt5sql5-sqlite:amd64 (5.15.13+dfsg-1ubuntu1) ...
Run Tests (3.11)	UNKNOWN STEP	2025-08-21T04:32:47.3022457Z Setting up libwacom9:amd64 (2.10.0-2) ...
Run Tests (3.11)	UNKNOWN STEP	2025-08-21T04:32:47.3051140Z Setting up libqt5network5t64:amd64 (5.15.13+dfsg-1ubuntu1) ...
Run Tests (3.11)	UNKNOWN STEP	2025-08-21T04:32:47.3080582Z Setting up musescore3-common (3.2.3+dfsg2-16build5) ...
Run Tests (3.11)	UNKNOWN STEP	2025-08-21T04:32:47.3131219Z Setting up libqt5xml5t64:amd64 (5.15.13+dfsg-1ubuntu1) ...
Run Tests (3.11)	UNKNOWN STEP	2025-08-21T04:32:47.3161239Z Setting up libqt6dbus6t64:amd64 (6.4.2+dfsg-21.1build5) ...
Run Tests (3.11)	UNKNOWN STEP	2025-08-21T04:32:47.3200926Z Setting up libinput-bin (1.25.0-1ubuntu3.1) ...
Run Tests (3.11)	UNKNOWN STEP	2025-08-21T04:32:47.3286746Z Setting up libqt5qml5:amd64 (5.15.13+dfsg-1ubuntu0.1) ...
Run Tests (3.11)	UNKNOWN STEP	2025-08-21T04:32:47.3313949Z Setting up libjack-jackd2-0:amd64 (1.9.21~dfsg-3ubuntu3) ...
Run Tests (3.11)	UNKNOWN STEP	2025-08-21T04:32:47.3334993Z Setting up libqt6network6t64:amd64 (6.4.2+dfsg-21.1build5) ...
Run Tests (3.11)	UNKNOWN STEP	2025-08-21T04:32:47.3360894Z Setting up libsndfile1:amd64 (1.2.2-1ubuntu5.24.04.1) ...
Run Tests (3.11)	UNKNOWN STEP	2025-08-21T04:32:47.3390410Z Setting up libinstpatch-1.0-2:amd64 (1.1.6-1build2) ...
Run Tests (3.11)	UNKNOWN STEP	2025-08-21T04:32:47.3417951Z Setting up libinput10:amd64 (1.25.0-1ubuntu3.1) ...
Run Tests (3.11)	UNKNOWN STEP	2025-08-21T04:32:47.3445777Z Setting up libportaudio2:amd64 (19.6.0-1.2build3) ...
Run Tests (3.11)	UNKNOWN STEP	2025-08-21T04:32:47.3477097Z Setting up libqt5qmlmodels5:amd64 (5.15.13+dfsg-1ubuntu0.1) ...
Run Tests (3.11)	UNKNOWN STEP	2025-08-21T04:32:47.3501132Z Setting up libpulse0:amd64 (1:16.1+dfsg1-2ubuntu10.1) ...
Run Tests (3.11)	UNKNOWN STEP	2025-08-21T04:32:47.3583134Z Setting up qml-module-qtqml:amd64 (5.15.13+dfsg-1ubuntu0.1) ...
Run Tests (3.11)	UNKNOWN STEP	2025-08-21T04:32:47.3604136Z Setting up libqt5xmlpatterns5:amd64 (5.15.13-1) ...
Run Tests (3.11)	UNKNOWN STEP	2025-08-21T04:32:47.3627587Z Setting up libqt6qml6:amd64 (6.4.2+dfsg-4build3) ...
Run Tests (3.11)	UNKNOWN STEP	2025-08-21T04:32:47.3654054Z Setting up libqt6qmlmodels6:amd64 (6.4.2+dfsg-4build3) ...
Run Tests (3.11)	UNKNOWN STEP	2025-08-21T04:32:47.3679915Z Setting up qml-module-qt-labs-folderlistmodel:amd64 (5.15.13+dfsg-1ubuntu0.1) ...
Run Tests (3.11)	UNKNOWN STEP	2025-08-21T04:32:47.3705972Z Setting up libqt5qmlworkerscript5:amd64 (5.15.13+dfsg-1ubuntu0.1) ...
Run Tests (3.11)	UNKNOWN STEP	2025-08-21T04:32:47.3750246Z Setting up qml-module-qt-labs-settings:amd64 (5.15.13+dfsg-1ubuntu0.1) ...
Run Tests (3.11)	UNKNOWN STEP	2025-08-21T04:32:47.3775227Z Setting up libqt5gui5t64:amd64 (5.15.13+dfsg-1ubuntu1) ...
Run Tests (3.11)	UNKNOWN STEP	2025-08-21T04:32:47.3807422Z Setting up libqt6gui6t64:amd64 (6.4.2+dfsg-21.1build5) ...
Run Tests (3.11)	UNKNOWN STEP	2025-08-21T04:32:47.3834242Z Setting up qml-module-qtqml-models2:amd64 (5.15.13+dfsg-1ubuntu0.1) ...
Run Tests (3.11)	UNKNOWN STEP	2025-08-21T04:32:47.3864332Z Setting up libpoppler-qt5-1t64:amd64 (24.02.0-1ubuntu9.6) ...
Run Tests (3.11)	UNKNOWN STEP	2025-08-21T04:32:47.3895745Z Setting up libsdl2-2.0-0:amd64 (2.30.0+dfsg-1ubuntu3.1) ...
Run Tests (3.11)	UNKNOWN STEP	2025-08-21T04:32:47.3918915Z Setting up libqt5quick5:amd64 (5.15.13+dfsg-1ubuntu0.1) ...
Run Tests (3.11)	UNKNOWN STEP	2025-08-21T04:32:47.3945444Z Setting up libfluidsynth3:amd64 (2.3.4-1build3) ...
Run Tests (3.11)	UNKNOWN STEP	2025-08-21T04:32:47.3974368Z Setting up libqt6widgets6t64:amd64 (6.4.2+dfsg-21.1build5) ...
Run Tests (3.11)	UNKNOWN STEP	2025-08-21T04:32:47.3998352Z Setting up qt6-qpa-plugins:amd64 (6.4.2+dfsg-21.1build5) ...
Run Tests (3.11)	UNKNOWN STEP	2025-08-21T04:32:47.4023926Z Setting up libqt5widgets5t64:amd64 (5.15.13+dfsg-1ubuntu1) ...
Run Tests (3.11)	UNKNOWN STEP	2025-08-21T04:32:47.4051687Z Setting up libqt5svg5:amd64 (5.15.13-1) ...
Run Tests (3.11)	UNKNOWN STEP	2025-08-21T04:32:47.4191427Z Setting up qsynth (0.9.13-1build3) ...
Run Tests (3.11)	UNKNOWN STEP	2025-08-21T04:32:47.4216775Z Setting up qml-module-qtquick-window2:amd64 (5.15.13+dfsg-1ubuntu0.1) ...
Run Tests (3.11)	UNKNOWN STEP	2025-08-21T04:32:47.4237032Z Setting up libqt6opengl6t64:amd64 (6.4.2+dfsg-21.1build5) ...
Run Tests (3.11)	UNKNOWN STEP	2025-08-21T04:32:47.4259698Z Setting up libqt5help5:amd64 (5.15.13-1) ...
Run Tests (3.11)	UNKNOWN STEP	2025-08-21T04:32:47.4286802Z Setting up qt5-gtk-platformtheme:amd64 (5.15.13+dfsg-1ubuntu1) ...
Run Tests (3.11)	UNKNOWN STEP	2025-08-21T04:32:47.4311989Z Setting up qml-module-qtquick-layouts:amd64 (5.15.13+dfsg-1ubuntu0.1) ...
Run Tests (3.11)	UNKNOWN STEP	2025-08-21T04:32:47.4334238Z Setting up libqt5waylandclient5:amd64 (5.15.13-1) ...
Run Tests (3.11)	UNKNOWN STEP	2025-08-21T04:32:47.4361779Z Setting up libqt5waylandcompositor5:amd64 (5.15.13-1) ...
Run Tests (3.11)	UNKNOWN STEP	2025-08-21T04:32:47.4386617Z Setting up libqt6waylandclient6:amd64 (6.4.2-5build3) ...
Run Tests (3.11)	UNKNOWN STEP	2025-08-21T04:32:47.4413359Z Setting up qt6-gtk-platformtheme:amd64 (6.4.2+dfsg-21.1build5) ...
Run Tests (3.11)	UNKNOWN STEP	2025-08-21T04:32:47.4434620Z Setting up fluidsynth (2.3.4-1build3) ...
Run Tests (3.11)	UNKNOWN STEP	2025-08-21T04:32:47.5531907Z Created symlink /etc/systemd/user/default.target.wants/fluidsynth.service → /usr/lib/systemd/user/fluidsynth.service.
Run Tests (3.11)	UNKNOWN STEP	2025-08-21T04:32:47.5532722Z 
Run Tests (3.11)	UNKNOWN STEP	2025-08-21T04:32:47.5566528Z Setting up libqt6quick6:amd64 (6.4.2+dfsg-4build3) ...
Run Tests (3.11)	UNKNOWN STEP	2025-08-21T04:32:47.5589958Z Setting up qml-module-qtquick2:amd64 (5.15.13+dfsg-1ubuntu0.1) ...
Run Tests (3.11)	UNKNOWN STEP	2025-08-21T04:32:47.5610897Z Setting up libqt6wlshellintegration6:amd64 (6.4.2-5build3) ...
Run Tests (3.11)	UNKNOWN STEP	2025-08-21T04:32:47.5635491Z Setting up qml-module-qtquick-privatewidgets:amd64 (5.15.13-1) ...
Run Tests (3.11)	UNKNOWN STEP	2025-08-21T04:32:47.5660448Z Setting up libqt5printsupport5t64:amd64 (5.15.13+dfsg-1ubuntu1) ...
Run Tests (3.11)	UNKNOWN STEP	2025-08-21T04:32:47.5686078Z Setting up libqt6waylandcompositor6:amd64 (6.4.2-5build3) ...
Run Tests (3.11)	UNKNOWN STEP	2025-08-21T04:32:47.5711092Z Setting up qtwayland5:amd64 (5.15.13-1) ...
Run Tests (3.11)	UNKNOWN STEP	2025-08-21T04:32:47.5736992Z Setting up libqt6waylandeglcompositorhwintegration6:amd64 (6.4.2-5build3) ...
Run Tests (3.11)	UNKNOWN STEP	2025-08-21T04:32:47.5759994Z Setting up libqt6waylandeglclienthwintegration6:amd64 (6.4.2-5build3) ...
Run Tests (3.11)	UNKNOWN STEP	2025-08-21T04:32:47.5785212Z Setting up qml-module-qtgraphicaleffects:amd64 (5.15.13-1) ...
Run Tests (3.11)	UNKNOWN STEP	2025-08-21T04:32:47.5811233Z Setting up qml-module-qtquick-dialogs:amd64 (5.15.13-1) ...
Run Tests (3.11)	UNKNOWN STEP	2025-08-21T04:32:47.5836833Z Setting up qt6-wayland:amd64 (6.4.2-5build3) ...
Run Tests (3.11)	UNKNOWN STEP	2025-08-21T04:32:47.5859653Z Setting up qml-module-qtquick-controls:amd64 (5.15.13-1) ...
Run Tests (3.11)	UNKNOWN STEP	2025-08-21T04:32:47.5885802Z Setting up musescore3 (3.2.3+dfsg2-16build5) ...
Run Tests (3.11)	UNKNOWN STEP	2025-08-21T04:32:47.5913879Z Processing triggers for man-db (2.12.0-4build2) ...
Run Tests (3.11)	UNKNOWN STEP	2025-08-21T04:32:54.8077706Z Processing triggers for shared-mime-info (2.4-4) ...
Run Tests (3.11)	UNKNOWN STEP	2025-08-21T04:32:55.7083421Z Processing triggers for udev (255.4-1ubuntu8.10) ...
Run Tests (3.11)	UNKNOWN STEP	2025-08-21T04:32:56.4425520Z Processing triggers for fontconfig (2.15.0-1.1ubuntu2) ...
Run Tests (3.11)	UNKNOWN STEP	2025-08-21T04:32:56.4898264Z Processing triggers for hicolor-icon-theme (0.17-2) ...
Run Tests (3.11)	UNKNOWN STEP	2025-08-21T04:32:56.5447124Z Processing triggers for libc-bin (2.39-0ubuntu8.5) ...
Run Tests (3.11)	UNKNOWN STEP	2025-08-21T04:32:57.1895958Z 
Run Tests (3.11)	UNKNOWN STEP	2025-08-21T04:32:57.1896419Z Running kernel seems to be up-to-date.
Run Tests (3.11)	UNKNOWN STEP	2025-08-21T04:32:57.1896810Z 
Run Tests (3.11)	UNKNOWN STEP	2025-08-21T04:32:57.1896916Z Restarting services...
Run Tests (3.11)	UNKNOWN STEP	2025-08-21T04:32:57.1968923Z 
Run Tests (3.11)	UNKNOWN STEP	2025-08-21T04:32:57.1969344Z Service restarts being deferred:
Run Tests (3.11)	UNKNOWN STEP	2025-08-21T04:32:57.1970743Z  systemctl restart hosted-compute-agent.service
Run Tests (3.11)	UNKNOWN STEP	2025-08-21T04:32:57.1971105Z 
Run Tests (3.11)	UNKNOWN STEP	2025-08-21T04:32:57.1971479Z No containers need to be restarted.
Run Tests (3.11)	UNKNOWN STEP	2025-08-21T04:32:57.1971748Z 
Run Tests (3.11)	UNKNOWN STEP	2025-08-21T04:32:57.1971952Z No user sessions are running outdated binaries.
Run Tests (3.11)	UNKNOWN STEP	2025-08-21T04:32:57.1972285Z 
Run Tests (3.11)	UNKNOWN STEP	2025-08-21T04:32:57.1972494Z No VM guests are running outdated hypervisor (qemu) binaries on this host.
Run Tests (3.11)	UNKNOWN STEP	2025-08-21T04:32:58.1766309Z ##[group]Run uv sync --dev
Run Tests (3.11)	UNKNOWN STEP	2025-08-21T04:32:58.1766589Z [36;1muv sync --dev[0m
Run Tests (3.11)	UNKNOWN STEP	2025-08-21T04:32:58.1766835Z [36;1muv add pytest pytest-cov pytest-asyncio[0m
Run Tests (3.11)	UNKNOWN STEP	2025-08-21T04:32:58.1807704Z shell: /usr/bin/bash -e {0}
Run Tests (3.11)	UNKNOWN STEP	2025-08-21T04:32:58.1807921Z env:
Run Tests (3.11)	UNKNOWN STEP	2025-08-21T04:32:58.1808099Z   PYTHON_VERSION: 3.11
Run Tests (3.11)	UNKNOWN STEP	2025-08-21T04:32:58.1808342Z   UV_CACHE_DIR: /home/runner/work/_temp/setup-uv-cache
Run Tests (3.11)	UNKNOWN STEP	2025-08-21T04:32:58.1808611Z ##[endgroup]
Run Tests (3.11)	UNKNOWN STEP	2025-08-21T04:32:58.3202380Z Using CPython 3.11.13
Run Tests (3.11)	UNKNOWN STEP	2025-08-21T04:32:58.3202823Z Creating virtual environment at: .venv
Run Tests (3.11)	UNKNOWN STEP	2025-08-21T04:32:58.3277602Z Resolved 104 packages in 0.99ms
Run Tests (3.11)	UNKNOWN STEP	2025-08-21T04:32:58.3396680Z    Building music21-mcp-server @ file:///home/runner/work/music21-mcp-server/music21-mcp-server
Run Tests (3.11)	UNKNOWN STEP	2025-08-21T04:32:58.3886666Z Downloading kiwisolver (1.4MiB)
Run Tests (3.11)	UNKNOWN STEP	2025-08-21T04:32:58.3887375Z Downloading pygments (1.2MiB)
Run Tests (3.11)	UNKNOWN STEP	2025-08-21T04:32:58.3889230Z Downloading setuptools (1.1MiB)
Run Tests (3.11)	UNKNOWN STEP	2025-08-21T04:32:58.3893305Z Downloading matplotlib (8.2MiB)
Run Tests (3.11)	UNKNOWN STEP	2025-08-21T04:32:58.3903872Z Downloading cryptography (4.2MiB)
Run Tests (3.11)	UNKNOWN STEP	2025-08-21T04:32:58.3934898Z Downloading pydantic-core (1.9MiB)
Run Tests (3.11)	UNKNOWN STEP	2025-08-21T04:32:58.4105737Z Downloading music21 (19.2MiB)
Run Tests (3.11)	UNKNOWN STEP	2025-08-21T04:32:58.4108748Z Downloading numpy (16.1MiB)
Run Tests (3.11)	UNKNOWN STEP	2025-08-21T04:32:58.4116336Z Downloading scipy (33.6MiB)
Run Tests (3.11)	UNKNOWN STEP	2025-08-21T04:32:58.4118688Z Downloading pip (1.7MiB)
Run Tests (3.11)	UNKNOWN STEP	2025-08-21T04:32:58.4121763Z Downloading pillow (6.3MiB)
Run Tests (3.11)	UNKNOWN STEP	2025-08-21T04:32:58.4124765Z Downloading fonttools (4.7MiB)
Run Tests (3.11)	UNKNOWN STEP	2025-08-21T04:32:58.8601426Z  Downloading kiwisolver
Run Tests (3.11)	UNKNOWN STEP	2025-08-21T04:32:58.9332999Z  Downloading pydantic-core
Run Tests (3.11)	UNKNOWN STEP	2025-08-21T04:32:59.0192172Z    Building midiutil==1.2.1
Run Tests (3.11)	UNKNOWN STEP	2025-08-21T04:32:59.1740904Z  Downloading pygments
Run Tests (3.11)	UNKNOWN STEP	2025-08-21T04:32:59.3764037Z  Downloading cryptography
Run Tests (3.11)	UNKNOWN STEP	2025-08-21T04:32:59.3901509Z  Downloading pip
Run Tests (3.11)	UNKNOWN STEP	2025-08-21T04:32:59.4530309Z  Downloading fonttools
Run Tests (3.11)	UNKNOWN STEP	2025-08-21T04:32:59.4598785Z  Downloading setuptools
Run Tests (3.11)	UNKNOWN STEP	2025-08-21T04:32:59.5201710Z  Downloading pillow
Run Tests (3.11)	UNKNOWN STEP	2025-08-21T04:32:59.6816619Z  Downloading matplotlib
Run Tests (3.11)	UNKNOWN STEP	2025-08-21T04:32:59.9953024Z       Built music21-mcp-server @ file:///home/runner/work/music21-mcp-server/music21-mcp-server
Run Tests (3.11)	UNKNOWN STEP	2025-08-21T04:33:00.0742495Z  Downloading numpy
Run Tests (3.11)	UNKNOWN STEP	2025-08-21T04:33:00.2601137Z  Downloading scipy
Run Tests (3.11)	UNKNOWN STEP	2025-08-21T04:33:00.2633572Z       Built midiutil==1.2.1
Run Tests (3.11)	UNKNOWN STEP	2025-08-21T04:33:00.9809515Z  Downloading music21
Run Tests (3.11)	UNKNOWN STEP	2025-08-21T04:33:00.9812182Z Prepared 98 packages in 2.65s
Run Tests (3.11)	UNKNOWN STEP	2025-08-21T04:33:01.2735251Z Installed 98 packages in 292ms
Run Tests (3.11)	UNKNOWN STEP	2025-08-21T04:33:01.2735747Z  + aiofiles==24.1.0
Run Tests (3.11)	UNKNOWN STEP	2025-08-21T04:33:01.2736143Z  + annotated-types==0.7.0
Run Tests (3.11)	UNKNOWN STEP	2025-08-21T04:33:01.2736534Z  + anyio==4.9.0
Run Tests (3.11)	UNKNOWN STEP	2025-08-21T04:33:01.2736950Z  + attrs==25.3.0
Run Tests (3.11)	UNKNOWN STEP	2025-08-21T04:33:01.2737362Z  + authlib==1.6.0
Run Tests (3.11)	UNKNOWN STEP	2025-08-21T04:33:01.2743838Z  + bandit==1.8.6
Run Tests (3.11)	UNKNOWN STEP	2025-08-21T04:33:01.2744202Z  + bleach==6.2.0
Run Tests (3.11)	UNKNOWN STEP	2025-08-21T04:33:01.2744507Z  + boolean-py==5.0
Run Tests (3.11)	UNKNOWN STEP	2025-08-21T04:33:01.2744832Z  + cachecontrol==0.14.3
Run Tests (3.11)	UNKNOWN STEP	2025-08-21T04:33:01.2745167Z  + cachetools==6.1.0
Run Tests (3.11)	UNKNOWN STEP	2025-08-21T04:33:01.2745482Z  + certifi==2025.7.14
Run Tests (3.11)	UNKNOWN STEP	2025-08-21T04:33:01.2745790Z  + cffi==1.17.1
Run Tests (3.11)	UNKNOWN STEP	2025-08-21T04:33:01.2746118Z  + chardet==5.2.0
Run Tests (3.11)	UNKNOWN STEP	2025-08-21T04:33:01.2746434Z  + charset-normalizer==3.4.2
Run Tests (3.11)	UNKNOWN STEP	2025-08-21T04:33:01.2746782Z  + click==8.2.1
Run Tests (3.11)	UNKNOWN STEP	2025-08-21T04:33:01.2747072Z  + contourpy==1.3.2
Run Tests (3.11)	UNKNOWN STEP	2025-08-21T04:33:01.2747379Z  + cryptography==45.0.5
Run Tests (3.11)	UNKNOWN STEP	2025-08-21T04:33:01.2747695Z  + cycler==0.12.1
Run Tests (3.11)	UNKNOWN STEP	2025-08-21T04:33:01.2748008Z  + cyclonedx-python-lib==9.1.0
Run Tests (3.11)	UNKNOWN STEP	2025-08-21T04:33:01.2748373Z  + defusedxml==0.7.1
Run Tests (3.11)	UNKNOWN STEP	2025-08-21T04:33:01.2748671Z  + dparse==0.6.4
Run Tests (3.11)	UNKNOWN STEP	2025-08-21T04:33:01.2748978Z  + exceptiongroup==1.3.0
Run Tests (3.11)	UNKNOWN STEP	2025-08-21T04:33:01.2749303Z  + fastapi==0.116.1
Run Tests (3.11)	UNKNOWN STEP	2025-08-21T04:33:01.2749603Z  + fastmcp==2.9.0
Run Tests (3.11)	UNKNOWN STEP	2025-08-21T04:33:01.2749891Z  + filelock==3.12.4
Run Tests (3.11)	UNKNOWN STEP	2025-08-21T04:33:01.2750370Z  + fonttools==4.59.0
Run Tests (3.11)	UNKNOWN STEP	2025-08-21T04:33:01.2750675Z  + h11==0.16.0
Run Tests (3.11)	UNKNOWN STEP	2025-08-21T04:33:01.2750949Z  + httpcore==1.0.9
Run Tests (3.11)	UNKNOWN STEP	2025-08-21T04:33:01.2751244Z  + httpx==0.28.1
Run Tests (3.11)	UNKNOWN STEP	2025-08-21T04:33:01.2751525Z  + httpx-sse==0.4.1
Run Tests (3.11)	UNKNOWN STEP	2025-08-21T04:33:01.2751810Z  + idna==3.10
Run Tests (3.11)	UNKNOWN STEP	2025-08-21T04:33:01.2752095Z  + jinja2==3.1.6
Run Tests (3.11)	UNKNOWN STEP	2025-08-21T04:33:01.2752381Z  + joblib==1.5.1
Run Tests (3.11)	UNKNOWN STEP	2025-08-21T04:33:01.2752980Z  + jsonpickle==4.1.1
Run Tests (3.11)	UNKNOWN STEP	2025-08-21T04:33:01.2753297Z  + jsonschema==4.25.0
Run Tests (3.11)	UNKNOWN STEP	2025-08-21T04:33:01.2753653Z  + jsonschema-specifications==2025.4.1
Run Tests (3.11)	UNKNOWN STEP	2025-08-21T04:33:01.2754060Z  + kiwisolver==1.4.8
Run Tests (3.11)	UNKNOWN STEP	2025-08-21T04:33:01.2754393Z  + license-expression==30.4.4
Run Tests (3.11)	UNKNOWN STEP	2025-08-21T04:33:01.2754758Z  + markdown-it-py==3.0.0
Run Tests (3.11)	UNKNOWN STEP	2025-08-21T04:33:01.2755099Z  + markupsafe==3.0.2
Run Tests (3.11)	UNKNOWN STEP	2025-08-21T04:33:01.2755400Z  + marshmallow==4.0.0
Run Tests (3.11)	UNKNOWN STEP	2025-08-21T04:33:01.2755716Z  + matplotlib==3.10.3
Run Tests (3.11)	UNKNOWN STEP	2025-08-21T04:33:01.2756016Z  + mcp==1.12.0
Run Tests (3.11)	UNKNOWN STEP	2025-08-21T04:33:01.2756300Z  + mdurl==0.1.2
Run Tests (3.11)	UNKNOWN STEP	2025-08-21T04:33:01.2756583Z  + midiutil==1.2.1
Run Tests (3.11)	UNKNOWN STEP	2025-08-21T04:33:01.2756896Z  + more-itertools==10.7.0
Run Tests (3.11)	UNKNOWN STEP	2025-08-21T04:33:01.2757226Z  + msgpack==1.1.1
Run Tests (3.11)	UNKNOWN STEP	2025-08-21T04:33:01.2757510Z  + music21==9.7.1
Run Tests (3.11)	UNKNOWN STEP	2025-08-21T04:33:01.2758109Z  + music21-mcp-server==1.0.0 (from file:///home/runner/work/music21-mcp-server/music21-mcp-server)
Run Tests (3.11)	UNKNOWN STEP	2025-08-21T04:33:01.2758781Z  + numpy==2.3.1
Run Tests (3.11)	UNKNOWN STEP	2025-08-21T04:33:01.2759096Z  + openapi-pydantic==0.5.1
Run Tests (3.11)	UNKNOWN STEP	2025-08-21T04:33:01.2759661Z  + packageurl-python==0.17.1
Run Tests (3.11)	UNKNOWN STEP	2025-08-21T04:33:01.2760195Z  + packaging==25.0
Run Tests (3.11)	UNKNOWN STEP	2025-08-21T04:33:01.2760525Z  + pathvalidate==3.3.1
Run Tests (3.11)	UNKNOWN STEP	2025-08-21T04:33:01.2760843Z  + pbr==6.1.1
Run Tests (3.11)	UNKNOWN STEP	2025-08-21T04:33:01.2761132Z  + pillow==11.3.0
Run Tests (3.11)	UNKNOWN STEP	2025-08-21T04:33:01.2761423Z  + pip==25.1.1
Run Tests (3.11)	UNKNOWN STEP	2025-08-21T04:33:01.2761714Z  + pip-api==0.0.34
Run Tests (3.11)	UNKNOWN STEP	2025-08-21T04:33:01.2762006Z  + pip-audit==2.9.0
Run Tests (3.11)	UNKNOWN STEP	2025-08-21T04:33:01.2762344Z  + pip-requirements-parser==32.0.1
Run Tests (3.11)	UNKNOWN STEP	2025-08-21T04:33:01.2762737Z  + platformdirs==4.3.8
Run Tests (3.11)	UNKNOWN STEP	2025-08-21T04:33:01.2763053Z  + psutil==6.0.0
Run Tests (3.11)	UNKNOWN STEP	2025-08-21T04:33:01.2763350Z  + py-serializable==2.1.0
Run Tests (3.11)	UNKNOWN STEP	2025-08-21T04:33:01.2763687Z  + pycparser==2.22
Run Tests (3.11)	UNKNOWN STEP	2025-08-21T04:33:01.2763979Z  + pydantic==2.11.7
Run Tests (3.11)	UNKNOWN STEP	2025-08-21T04:33:01.2764287Z  + pydantic-core==2.33.2
Run Tests (3.11)	UNKNOWN STEP	2025-08-21T04:33:01.2764634Z  + pydantic-settings==2.10.1
Run Tests (3.11)	UNKNOWN STEP	2025-08-21T04:33:01.2764975Z  + pygments==2.19.2
Run Tests (3.11)	UNKNOWN STEP	2025-08-21T04:33:01.2765274Z  + pyparsing==3.2.3
Run Tests (3.11)	UNKNOWN STEP	2025-08-21T04:33:01.2765589Z  + python-dateutil==2.9.0.post0
Run Tests (3.11)	UNKNOWN STEP	2025-08-21T04:33:01.2765958Z  + python-dotenv==1.1.1
Run Tests (3.11)	UNKNOWN STEP	2025-08-21T04:33:01.2766307Z  + python-multipart==0.0.20
Run Tests (3.11)	UNKNOWN STEP	2025-08-21T04:33:01.2766670Z  + pyyaml==6.0.2
Run Tests (3.11)	UNKNOWN STEP	2025-08-21T04:33:01.2766962Z  + referencing==0.36.2
Run Tests (3.11)	UNKNOWN STEP	2025-08-21T04:33:01.2767275Z  + requests==2.32.4
Run Tests (3.11)	UNKNOWN STEP	2025-08-21T04:33:01.2767564Z  + rich==14.0.0
Run Tests (3.11)	UNKNOWN STEP	2025-08-21T04:33:01.2767841Z  + rpds-py==0.26.0
Run Tests (3.11)	UNKNOWN STEP	2025-08-21T04:33:01.2768144Z  + ruamel-yaml==0.18.14
Run Tests (3.11)	UNKNOWN STEP	2025-08-21T04:33:01.2768468Z  + ruamel-yaml-clib==0.2.12
Run Tests (3.11)	UNKNOWN STEP	2025-08-21T04:33:01.2768803Z  + safety==3.2.9
Run Tests (3.11)	UNKNOWN STEP	2025-08-21T04:33:01.2769097Z  + safety-schemas==0.0.5
Run Tests (3.11)	UNKNOWN STEP	2025-08-21T04:33:01.2769424Z  + scipy==1.16.0
Run Tests (3.11)	UNKNOWN STEP	2025-08-21T04:33:01.2769714Z  + setuptools==80.9.0
Run Tests (3.11)	UNKNOWN STEP	2025-08-21T04:33:01.2770166Z  + shellingham==1.5.4
Run Tests (3.11)	UNKNOWN STEP	2025-08-21T04:33:01.2770473Z  + six==1.17.0
Run Tests (3.11)	UNKNOWN STEP	2025-08-21T04:33:01.2770732Z  + sniffio==1.3.1
Run Tests (3.11)	UNKNOWN STEP	2025-08-21T04:33:01.2770992Z  + sortedcontainers==2.4.0
Run Tests (3.11)	UNKNOWN STEP	2025-08-21T04:33:01.2771311Z  + sse-starlette==2.4.1
Run Tests (3.11)	UNKNOWN STEP	2025-08-21T04:33:01.2771614Z  + starlette==0.47.2
Run Tests (3.11)	UNKNOWN STEP	2025-08-21T04:33:01.2771892Z  + stevedore==5.4.1
Run Tests (3.11)	UNKNOWN STEP	2025-08-21T04:33:01.2772168Z  + toml==0.10.2
Run Tests (3.11)	UNKNOWN STEP	2025-08-21T04:33:01.2772419Z  + typer==0.16.0
Run Tests (3.11)	UNKNOWN STEP	2025-08-21T04:33:01.2772744Z  + typing-extensions==4.14.1
Run Tests (3.11)	UNKNOWN STEP	2025-08-21T04:33:01.2773112Z  + typing-inspection==0.4.1
Run Tests (3.11)	UNKNOWN STEP	2025-08-21T04:33:01.2773428Z  + urllib3==2.5.0
Run Tests (3.11)	UNKNOWN STEP	2025-08-21T04:33:01.2773692Z  + uvicorn==0.35.0
Run Tests (3.11)	UNKNOWN STEP	2025-08-21T04:33:01.2773972Z  + webcolors==24.11.1
Run Tests (3.11)	UNKNOWN STEP	2025-08-21T04:33:01.2774258Z  + webencodings==0.5.1
Run Tests (3.11)	UNKNOWN STEP	2025-08-21T04:33:01.8536772Z Resolved 111 packages in 502ms
Run Tests (3.11)	UNKNOWN STEP	2025-08-21T04:33:01.8849885Z    Building music21-mcp-server @ file:///home/runner/work/music21-mcp-server/music21-mcp-server
Run Tests (3.11)	UNKNOWN STEP	2025-08-21T04:33:02.2877737Z       Built music21-mcp-server @ file:///home/runner/work/music21-mcp-server/music21-mcp-server
Run Tests (3.11)	UNKNOWN STEP	2025-08-21T04:33:02.2887474Z Prepared 7 packages in 404ms
Run Tests (3.11)	UNKNOWN STEP	2025-08-21T04:33:02.2893543Z Uninstalled 1 package in 0.49ms
Run Tests (3.11)	UNKNOWN STEP	2025-08-21T04:33:02.2933694Z Installed 7 packages in 3ms
Run Tests (3.11)	UNKNOWN STEP	2025-08-21T04:33:02.2934090Z  + coverage==7.10.4
Run Tests (3.11)	UNKNOWN STEP	2025-08-21T04:33:02.2934387Z  + iniconfig==2.1.0
Run Tests (3.11)	UNKNOWN STEP	2025-08-21T04:33:02.2935007Z  ~ music21-mcp-server==1.0.0 (from file:///home/runner/work/music21-mcp-server/music21-mcp-server)
Run Tests (3.11)	UNKNOWN STEP	2025-08-21T04:33:02.2935962Z  + pluggy==1.6.0
Run Tests (3.11)	UNKNOWN STEP	2025-08-21T04:33:02.2936257Z  + pytest==8.4.1
Run Tests (3.11)	UNKNOWN STEP	2025-08-21T04:33:02.2936562Z  + pytest-asyncio==1.1.0
Run Tests (3.11)	UNKNOWN STEP	2025-08-21T04:33:02.2936874Z  + pytest-cov==6.2.1
Run Tests (3.11)	UNKNOWN STEP	2025-08-21T04:33:02.3067865Z ##[group]Run uv run python -c "
Run Tests (3.11)	UNKNOWN STEP	2025-08-21T04:33:02.3068166Z [36;1muv run python -c "[0m
Run Tests (3.11)	UNKNOWN STEP	2025-08-21T04:33:02.3068388Z [36;1mimport music21[0m
Run Tests (3.11)	UNKNOWN STEP	2025-08-21T04:33:02.3068603Z [36;1mfrom music21 import environment[0m
Run Tests (3.11)	UNKNOWN STEP	2025-08-21T04:33:02.3068869Z [36;1menv = environment.Environment()[0m
Run Tests (3.11)	UNKNOWN STEP	2025-08-21T04:33:02.3069143Z [36;1menv['directoryScratch'] = '/tmp/music21'[0m
Run Tests (3.11)	UNKNOWN STEP	2025-08-21T04:33:02.3069414Z [36;1menv['autoDownload'] = 'deny'[0m
Run Tests (3.11)	UNKNOWN STEP	2025-08-21T04:33:02.3069673Z [36;1mprint('Music21 configured for CI')[0m
Run Tests (3.11)	UNKNOWN STEP	2025-08-21T04:33:02.3069905Z [36;1m"[0m
Run Tests (3.11)	UNKNOWN STEP	2025-08-21T04:33:02.3110579Z shell: /usr/bin/bash -e {0}
Run Tests (3.11)	UNKNOWN STEP	2025-08-21T04:33:02.3110805Z env:
Run Tests (3.11)	UNKNOWN STEP	2025-08-21T04:33:02.3110973Z   PYTHON_VERSION: 3.11
Run Tests (3.11)	UNKNOWN STEP	2025-08-21T04:33:02.3111226Z   UV_CACHE_DIR: /home/runner/work/_temp/setup-uv-cache
Run Tests (3.11)	UNKNOWN STEP	2025-08-21T04:33:02.3111688Z ##[endgroup]
Run Tests (3.11)	UNKNOWN STEP	2025-08-21T04:33:03.5810324Z Music21 configured for CI
Run Tests (3.11)	UNKNOWN STEP	2025-08-21T04:33:03.6437879Z ##[group]Run uv run pytest tests/ -v -m "not slow" \
Run Tests (3.11)	UNKNOWN STEP	2025-08-21T04:33:03.6438320Z [36;1muv run pytest tests/ -v -m "not slow" \[0m
Run Tests (3.11)	UNKNOWN STEP	2025-08-21T04:33:03.6438612Z [36;1m  --asyncio-mode=auto \[0m
Run Tests (3.11)	UNKNOWN STEP	2025-08-21T04:33:03.6438876Z [36;1m  --cov=src/music21_mcp \[0m
Run Tests (3.11)	UNKNOWN STEP	2025-08-21T04:33:03.6439114Z [36;1m  --cov-report=xml \[0m
Run Tests (3.11)	UNKNOWN STEP	2025-08-21T04:33:03.6439343Z [36;1m  --cov-report=term-missing \[0m
Run Tests (3.11)	UNKNOWN STEP	2025-08-21T04:33:03.6439593Z [36;1m  --cov-report=html \[0m
Run Tests (3.11)	UNKNOWN STEP	2025-08-21T04:33:03.6439842Z [36;1m  --junitxml=junit/test-results-3.11.xml \[0m
Run Tests (3.11)	UNKNOWN STEP	2025-08-21T04:33:03.6440352Z [36;1m  --cov-fail-under=76[0m
Run Tests (3.11)	UNKNOWN STEP	2025-08-21T04:33:03.6480486Z shell: /usr/bin/bash -e {0}
Run Tests (3.11)	UNKNOWN STEP	2025-08-21T04:33:03.6480719Z env:
Run Tests (3.11)	UNKNOWN STEP	2025-08-21T04:33:03.6480890Z   PYTHON_VERSION: 3.11
Run Tests (3.11)	UNKNOWN STEP	2025-08-21T04:33:03.6481143Z   UV_CACHE_DIR: /home/runner/work/_temp/setup-uv-cache
Run Tests (3.11)	UNKNOWN STEP	2025-08-21T04:33:03.6481411Z ##[endgroup]
Run Tests (3.11)	UNKNOWN STEP	2025-08-21T04:33:05.7158758Z ============================= test session starts ==============================
Run Tests (3.11)	UNKNOWN STEP	2025-08-21T04:33:05.7159957Z platform linux -- Python 3.11.13, pytest-8.4.1, pluggy-1.6.0 -- /home/runner/work/music21-mcp-server/music21-mcp-server/.venv/bin/python3
Run Tests (3.11)	UNKNOWN STEP	2025-08-21T04:33:05.7161000Z cachedir: .pytest_cache
Run Tests (3.11)	UNKNOWN STEP	2025-08-21T04:33:05.7161435Z rootdir: /home/runner/work/music21-mcp-server/music21-mcp-server
Run Tests (3.11)	UNKNOWN STEP	2025-08-21T04:33:05.7161921Z configfile: pytest.ini
Run Tests (3.11)	UNKNOWN STEP	2025-08-21T04:33:05.7162251Z plugins: cov-6.2.1, asyncio-1.1.0, anyio-4.9.0
Run Tests (3.11)	UNKNOWN STEP	2025-08-21T04:33:05.7162946Z asyncio: mode=Mode.AUTO, asyncio_default_fixture_loop_scope=None, asyncio_default_test_loop_scope=function
Run Tests (3.11)	UNKNOWN STEP	2025-08-21T04:33:07.6266453Z collecting ... collected 374 items / 3 deselected / 371 selected
Run Tests (3.11)	UNKNOWN STEP	2025-08-21T04:33:07.6266959Z 
Run Tests (3.11)	UNKNOWN STEP	2025-08-21T04:33:09.2187581Z tests/adapters/test_mcp_adapter_minimal.py::TestMCPAdapterMinimal::test_adapter_creation PASSED [  0%]
Run Tests (3.11)	UNKNOWN STEP	2025-08-21T04:33:10.3821331Z tests/adapters/test_mcp_adapter_minimal.py::TestMCPAdapterMinimal::test_get_supported_tools_basic PASSED [  0%]
Run Tests (3.11)	UNKNOWN STEP	2025-08-21T04:33:11.8562946Z tests/adapters/test_mcp_adapter_minimal.py::TestMCPAdapterMinimal::test_check_protocol_compatibility_basic PASSED [  0%]
Run Tests (3.11)	UNKNOWN STEP	2025-08-21T04:33:13.0288611Z tests/adapters/test_mcp_adapter_minimal.py::TestMCPAdapterMinimal::test_create_server_mocked PASSED [  1%]
Run Tests (3.11)	UNKNOWN STEP	2025-08-21T04:33:14.1905897Z tests/adapters/test_mcp_adapter_minimal.py::TestMCPAdapterMinimal::test_tool_registration_basic PASSED [  1%]
Run Tests (3.11)	UNKNOWN STEP	2025-08-21T04:33:15.3452509Z tests/adapters/test_mcp_adapter_minimal.py::TestMCPAdapterErrorHandling::test_graceful_degradation_on_mcp_failure PASSED [  1%]
Run Tests (3.11)	UNKNOWN STEP	2025-08-21T04:33:16.5099357Z tests/adapters/test_mcp_adapter_minimal.py::TestMCPAdapterErrorHandling::test_core_service_remains_accessible PASSED [  1%]
Run Tests (3.11)	UNKNOWN STEP	2025-08-21T04:33:17.9750967Z tests/adapters/test_mcp_adapter_minimal.py::TestMCPAdapterErrorHandling::test_core_functionality_bypasses_mcp PASSED [  2%]
Run Tests (3.11)	UNKNOWN STEP	2025-08-21T04:33:17.9764919Z tests/adapters/test_mcp_adapter_minimal.py::TestMCPProtocolVolatility::test_fastmcp_version_awareness PASSED [  2%]
Run Tests (3.11)	UNKNOWN STEP	2025-08-21T04:33:17.9820362Z tests/adapters/test_mcp_adapter_minimal.py::TestMCPProtocolVolatility::test_mcp_breaking_change_detection PASSED [  2%]
Run Tests (3.11)	UNKNOWN STEP	2025-08-21T04:33:19.1739120Z tests/adapters/test_mcp_adapter_minimal.py::TestMCPProtocolVolatility::test_protocol_isolation_effectiveness PASSED [  2%]
Run Tests (3.11)	UNKNOWN STEP	2025-08-21T04:33:20.3807563Z tests/core/test_music_analysis_service.py::TestMusicAnalysisServiceCore::test_import_bach_chorale_success PASSED [  3%]
Run Tests (3.11)	UNKNOWN STEP	2025-08-21T04:33:21.5725418Z tests/core/test_music_analysis_service.py::TestMusicAnalysisServiceCore::test_import_invalid_corpus_piece PASSED [  3%]
Run Tests (3.11)	UNKNOWN STEP	2025-08-21T04:33:22.7501434Z tests/core/test_music_analysis_service.py::TestMusicAnalysisServiceCore::test_list_scores_empty PASSED [  3%]
Run Tests (3.11)	UNKNOWN STEP	2025-08-21T04:33:24.1047748Z tests/core/test_music_analysis_service.py::TestMusicAnalysisServiceCore::test_list_scores_with_content PASSED [  4%]
Run Tests (3.11)	UNKNOWN STEP	2025-08-21T04:33:25.3567330Z tests/core/test_music_analysis_service.py::TestMusicAnalysisServiceCore::test_get_score_info_success PASSED [  4%]
Run Tests (3.11)	UNKNOWN STEP	2025-08-21T04:33:26.5388215Z tests/core/test_music_analysis_service.py::TestMusicAnalysisServiceCore::test_get_score_info_missing PASSED [  4%]
Run Tests (3.11)	UNKNOWN STEP	2025-08-21T04:33:27.7486658Z tests/core/test_music_analysis_service.py::TestMusicAnalysisServiceCore::test_delete_score_success PASSED [  4%]
Run Tests (3.11)	UNKNOWN STEP	2025-08-21T04:33:28.9344981Z tests/core/test_music_analysis_service.py::TestMusicAnalysisServiceCore::test_delete_score_missing PASSED [  5%]
Run Tests (3.11)	UNKNOWN STEP	2025-08-21T04:33:30.3094408Z tests/core/test_music_analysis_service.py::TestMusicAnalysisServiceCore::test_analyze_key_bach_chorale PASSED [  5%]
Run Tests (3.11)	UNKNOWN STEP	2025-08-21T04:33:31.5162509Z tests/core/test_music_analysis_service.py::TestMusicAnalysisServiceCore::test_analyze_key_missing_score PASSED [  5%]
Run Tests (3.11)	UNKNOWN STEP	2025-08-21T04:33:33.1702382Z tests/core/test_music_analysis_service.py::TestMusicAnalysisServiceCore::test_analyze_harmony_roman_numerals PASSED [  5%]
Run Tests (3.11)	UNKNOWN STEP	2025-08-21T04:33:34.6049639Z tests/core/test_music_analysis_service.py::TestMusicAnalysisServiceCore::test_analyze_harmony_functional PASSED [  6%]
Run Tests (3.11)	UNKNOWN STEP	2025-08-21T04:33:36.0698000Z tests/core/test_music_analysis_service.py::TestMusicAnalysisServiceCore::test_analyze_harmony_invalid_type PASSED [  6%]
Run Tests (3.11)	UNKNOWN STEP	2025-08-21T04:33:37.3085758Z tests/core/test_music_analysis_service.py::TestMusicAnalysisServiceCore::test_analyze_voice_leading_chorale PASSED [  6%]
Run Tests (3.11)	UNKNOWN STEP	2025-08-21T04:33:38.4880720Z tests/core/test_music_analysis_service.py::TestMusicAnalysisServiceCore::test_analyze_voice_leading_missing_score PASSED [  7%]
Run Tests (3.11)	UNKNOWN STEP	2025-08-21T04:33:39.7772255Z tests/core/test_music_analysis_service.py::TestMusicAnalysisServiceCore::test_recognize_melodic_patterns PASSED [  7%]
Run Tests (3.11)	UNKNOWN STEP	2025-08-21T04:33:41.1049466Z tests/core/test_music_analysis_service.py::TestMusicAnalysisServiceCore::test_recognize_rhythmic_patterns PASSED [  7%]
Run Tests (3.11)	UNKNOWN STEP	2025-08-21T04:33:42.3070628Z tests/core/test_music_analysis_service.py::TestMusicAnalysisServiceCore::test_recognize_invalid_pattern_type PASSED [  7%]
Run Tests (3.11)	UNKNOWN STEP	2025-08-21T04:33:43.4755374Z tests/core/test_music_analysis_service.py::TestMusicAnalysisServiceCore::test_get_available_tools PASSED [  8%]
Run Tests (3.11)	UNKNOWN STEP	2025-08-21T04:33:44.6514807Z tests/core/test_music_analysis_service.py::TestMusicAnalysisServiceCore::test_get_score_count_empty PASSED [  8%]
Run Tests (3.11)	UNKNOWN STEP	2025-08-21T04:33:45.9189295Z tests/core/test_music_analysis_service.py::TestMusicAnalysisServiceCore::test_get_score_count_with_scores PASSED [  8%]
Run Tests (3.11)	UNKNOWN STEP	2025-08-21T04:33:47.1306822Z tests/core/test_music_analysis_service.py::TestMusicAnalysisServiceCore::test_duplicate_score_id_import PASSED [  8%]
Run Tests (3.11)	UNKNOWN STEP	2025-08-21T04:33:48.3030900Z tests/core/test_music_analysis_service.py::TestMusicAnalysisServiceCore::test_empty_score_id PASSED [  9%]
Run Tests (3.11)	UNKNOWN STEP	2025-08-21T04:33:49.4685318Z tests/core/test_music_analysis_service.py::TestMusicAnalysisServiceCore::test_null_values PASSED [  9%]
Run Tests (3.11)	UNKNOWN STEP	2025-08-21T04:33:50.7704057Z tests/core/test_music_analysis_service.py::TestMusicAnalysisServiceCore::test_multiple_concurrent_operations PASSED [  9%]
Run Tests (3.11)	UNKNOWN STEP	2025-08-21T04:33:51.9812902Z tests/core/test_music_analysis_service.py::TestMusicAnalysisServiceCore::test_large_corpus_handling PASSED [  9%]
Run Tests (3.11)	UNKNOWN STEP	2025-08-21T04:33:53.3958037Z tests/core/test_music_analysis_service.py::TestMusicAnalysisServiceExport::test_export_musicxml PASSED [ 10%]
Run Tests (3.11)	UNKNOWN STEP	2025-08-21T04:33:54.7391536Z tests/core/test_music_analysis_service.py::TestMusicAnalysisServiceExport::test_export_midi PASSED [ 10%]
Run Tests (3.11)	UNKNOWN STEP	2025-08-21T04:33:55.9621618Z tests/core/test_music_analysis_service.py::TestMusicAnalysisServiceExport::test_export_invalid_format PASSED [ 10%]
Run Tests (3.11)	UNKNOWN STEP	2025-08-21T04:33:57.1523654Z tests/core/test_music_analysis_service.py::TestMusicAnalysisServiceExport::test_export_missing_score PASSED [ 11%]
Run Tests (3.11)	UNKNOWN STEP	2025-08-21T04:33:59.1595525Z tests/core/test_music_analysis_service.py::TestMusicAnalysisWorkflows::test_complete_chorale_analysis_workflow PASSED [ 11%]
Run Tests (3.11)	UNKNOWN STEP	2025-08-21T04:34:00.6446230Z tests/core/test_music_analysis_service.py::TestMusicAnalysisWorkflows::test_comparative_analysis PASSED [ 11%]
Run Tests (3.11)	UNKNOWN STEP	2025-08-21T04:34:03.0134666Z tests/core/test_music_analysis_service.py::TestMusicAnalysisWorkflows::test_score_lifecycle PASSED [ 11%]
Run Tests (3.11)	UNKNOWN STEP	2025-08-21T04:34:03.0151321Z tests/integration/test_claude_desktop_integration.py::TestClaudeDesktopIntegration::test_mcp_server_configuration SKIPPED [ 12%]
Run Tests (3.11)	UNKNOWN STEP	2025-08-21T04:34:03.0162015Z tests/integration/test_claude_desktop_integration.py::TestClaudeDesktopIntegration::test_tool_schema_compliance SKIPPED [ 12%]
Run Tests (3.11)	UNKNOWN STEP	2025-08-21T04:34:03.0172347Z tests/integration/test_claude_desktop_integration.py::TestClaudeDesktopIntegration::test_mcp_protocol_initialization SKIPPED [ 12%]
Run Tests (3.11)	UNKNOWN STEP	2025-08-21T04:34:04.1527667Z tests/integration/test_claude_desktop_integration.py::TestClaudeDesktopIntegration::test_claude_desktop_config_format PASSED [ 12%]
Run Tests (3.11)	UNKNOWN STEP	2025-08-21T04:34:04.1550510Z tests/integration/test_claude_desktop_integration.py::TestClaudeDesktopIntegration::test_tool_error_handling_for_claude PASSED [ 13%]
Run Tests (3.11)	UNKNOWN STEP	2025-08-21T04:34:04.4010848Z tests/integration/test_claude_desktop_integration.py::TestClaudeDesktopIntegration::test_tool_streaming_support PASSED [ 13%]
Run Tests (3.11)	UNKNOWN STEP	2025-08-21T04:34:07.6655528Z tests/integration/test_claude_desktop_integration.py::TestClaudeDesktopIntegration::test_server_subprocess_compatibility PASSED [ 13%]
Run Tests (3.11)	UNKNOWN STEP	2025-08-21T04:34:07.7882561Z tests/integration/test_claude_desktop_integration.py::TestClaudeDesktopIntegration::test_concurrent_claude_connections PASSED [ 14%]
Run Tests (3.11)	UNKNOWN STEP	2025-08-21T04:34:07.7892795Z tests/integration/test_claude_desktop_integration.py::TestClaudeDesktopIntegration::test_resource_endpoint_visibility SKIPPED [ 14%]
Run Tests (3.11)	UNKNOWN STEP	2025-08-21T04:34:07.7902728Z tests/integration/test_claude_desktop_integration.py::TestClaudeDesktopIntegration::test_tool_naming_conventions SKIPPED [ 14%]
Run Tests (3.11)	UNKNOWN STEP	2025-08-21T04:34:07.7912483Z tests/integration/test_claude_desktop_integration.py::TestMCPProtocolCompliance::test_mcp_message_format SKIPPED [ 14%]
Run Tests (3.11)	UNKNOWN STEP	2025-08-21T04:34:07.7931403Z tests/integration/test_claude_desktop_integration.py::TestMCPProtocolCompliance::test_tool_parameter_validation PASSED [ 15%]
Run Tests (3.11)	UNKNOWN STEP	2025-08-21T04:34:07.7942029Z tests/integration/test_claude_desktop_integration.py::TestMCPProtocolCompliance::test_server_metadata SKIPPED [ 15%]
Run Tests (3.11)	UNKNOWN STEP	2025-08-21T04:34:07.9737622Z tests/integration/test_fastmcp_server.py::TestFastMCPServer::test_fastmcp_server_initialization PASSED [ 15%]
Run Tests (3.11)	UNKNOWN STEP	2025-08-21T04:34:07.9750842Z tests/integration/test_fastmcp_server.py::TestFastMCPServer::test_tool_registration_via_decorator SKIPPED [ 15%]
Run Tests (3.11)	UNKNOWN STEP	2025-08-21T04:34:08.1502275Z tests/integration/test_fastmcp_server.py::TestFastMCPServer::test_score_storage_dict_operations PASSED [ 16%]
Run Tests (3.11)	UNKNOWN STEP	2025-08-21T04:34:10.3891322Z tests/integration/test_fastmcp_server.py::TestFastMCPServer::test_rate_limiting_functionality PASSED [ 16%]
Run Tests (3.11)	UNKNOWN STEP	2025-08-21T04:34:10.3902198Z tests/integration/test_fastmcp_server.py::TestFastMCPServer::test_rate_limiting_with_tools SKIPPED [ 16%]
Run Tests (3.11)	UNKNOWN STEP	2025-08-21T04:34:10.5113804Z tests/integration/test_fastmcp_server.py::TestFastMCPServer::test_error_handling_and_response_formats PASSED [ 16%]
Run Tests (3.11)	UNKNOWN STEP	2025-08-21T04:34:12.7483246Z tests/integration/test_fastmcp_server.py::TestFastMCPServer::test_tool_interconnection_workflow PASSED [ 17%]
Run Tests (3.11)	UNKNOWN STEP	2025-08-21T04:34:13.0863945Z tests/integration/test_fastmcp_server.py::TestFastMCPServer::test_concurrent_access_patterns PASSED [ 17%]
Run Tests (3.11)	UNKNOWN STEP	2025-08-21T04:34:13.0876099Z tests/integration/test_fastmcp_server.py::TestFastMCPServer::test_memory_management_and_cleanup SKIPPED [ 17%]
Run Tests (3.11)	UNKNOWN STEP	2025-08-21T04:34:13.2753079Z tests/integration/test_fastmcp_server.py::TestFastMCPServer::test_health_check_functionality PASSED [ 18%]
Run Tests (3.11)	UNKNOWN STEP	2025-08-21T04:34:13.2765030Z tests/integration/test_fastmcp_server.py::TestFastMCPServer::test_resource_endpoints SKIPPED [ 18%]
Run Tests (3.11)	UNKNOWN STEP	2025-08-21T04:34:13.4478154Z tests/integration/test_fastmcp_server.py::TestFastMCPServer::test_error_recovery_and_resilience PASSED [ 18%]
Run Tests (3.11)	UNKNOWN STEP	2025-08-21T04:34:19.0472227Z tests/integration/test_fastmcp_server.py::TestFastMCPServer::test_corpus_data_integration PASSED [ 18%]
Run Tests (3.11)	UNKNOWN STEP	2025-08-21T04:34:59.0048725Z tests/integration/test_fastmcp_server.py::TestFastMCPServerStress::test_large_score_handling PASSED [ 19%]
Run Tests (3.11)	UNKNOWN STEP	2025-08-21T04:35:00.9366603Z tests/integration/test_fastmcp_server.py::TestFastMCPServerStress::test_rapid_sequential_requests PASSED [ 19%]
Run Tests (3.11)	UNKNOWN STEP	2025-08-21T04:35:00.9765135Z tests/integration/test_production_failures.py::TestProductionFailures::test_requests_before_initialization PASSED [ 19%]
Run Tests (3.11)	UNKNOWN STEP	2025-08-21T04:35:00.9775620Z tests/integration/test_production_failures.py::TestProductionFailures::test_tools_visibility_in_claude_desktop SKIPPED [ 19%]
Run Tests (3.11)	UNKNOWN STEP	2025-08-21T04:35:08.4854197Z tests/integration/test_production_failures.py::TestProductionFailures::test_timeout_scenarios PASSED [ 20%]
Run Tests (3.11)	UNKNOWN STEP	2025-08-21T04:35:08.6026475Z tests/integration/test_production_failures.py::TestProductionFailures::test_error_recovery PASSED [ 20%]
Run Tests (3.11)	UNKNOWN STEP	2025-08-21T04:35:10.5355178Z tests/integration/test_production_failures.py::TestProductionFailures::test_concurrent_requests PASSED [ 20%]
Run Tests (3.11)	UNKNOWN STEP	2025-08-21T04:35:10.5365351Z tests/integration/test_production_failures.py::TestProductionFailures::test_docker_cloud_environment SKIPPED [ 21%]
Run Tests (3.11)	UNKNOWN STEP	2025-08-21T04:35:11.5475174Z tests/integration/test_production_failures.py::TestServerStability::test_signal_handling PASSED [ 21%]
Run Tests (3.11)	UNKNOWN STEP	2025-08-21T04:35:11.5491221Z tests/test_priority_config.py::TestPriorityValidation::test_core_test_coverage_adequate PASSED [ 21%]
Run Tests (3.11)	UNKNOWN STEP	2025-08-21T04:35:11.5504499Z tests/test_priority_config.py::TestPriorityValidation::test_adapter_test_coverage_minimal PASSED [ 21%]
Run Tests (3.11)	UNKNOWN STEP	2025-08-21T04:35:11.5517241Z tests/test_priority_config.py::TestPriorityValidation::test_reality_based_expectations PASSED [ 22%]
Run Tests (3.11)	UNKNOWN STEP	2025-08-21T04:35:12.7741198Z tests/unit/test_adapter_coverage_boost.py::TestMCPAdapterCoverage::test_adapter_initialization PASSED [ 22%]
Run Tests (3.11)	UNKNOWN STEP	2025-08-21T04:35:13.9391573Z tests/unit/test_adapter_coverage_boost.py::TestMCPAdapterCoverage::test_check_protocol_compatibility PASSED [ 22%]
Run Tests (3.11)	UNKNOWN STEP	2025-08-21T04:35:15.1147462Z tests/unit/test_adapter_coverage_boost.py::TestMCPAdapterCoverage::test_get_supported_tools PASSED [ 22%]
Run Tests (3.11)	UNKNOWN STEP	2025-08-21T04:35:15.1157944Z tests/unit/test_adapter_coverage_boost.py::TestMCPAdapterCoverage::test_create_server_mocked SKIPPED [ 23%]
Run Tests (3.11)	UNKNOWN STEP	2025-08-21T04:35:16.2798900Z tests/unit/test_adapter_coverage_boost.py::TestMCPAdapterCoverage::test_tool_methods_coverage PASSED [ 23%]
Run Tests (3.11)	UNKNOWN STEP	2025-08-21T04:35:16.2810865Z tests/unit/test_adapter_coverage_boost.py::TestPythonAdapterCoverage::test_python_adapter_initialization SKIPPED [ 23%]
Run Tests (3.11)	UNKNOWN STEP	2025-08-21T04:35:16.2821144Z tests/unit/test_adapter_coverage_boost.py::TestPythonAdapterCoverage::test_create_sync_analyzer SKIPPED [ 23%]
Run Tests (3.11)	UNKNOWN STEP	2025-08-21T04:35:16.2831606Z tests/unit/test_adapter_coverage_boost.py::TestPythonAdapterCoverage::test_adapter_methods_basic SKIPPED [ 24%]
Run Tests (3.11)	UNKNOWN STEP	2025-08-21T04:35:17.3836180Z tests/unit/test_adapter_coverage_boost.py::TestPythonAdapterCoverage::test_import_and_analyze_workflow PASSED [ 24%]
Run Tests (3.11)	UNKNOWN STEP	2025-08-21T04:35:18.5564727Z tests/unit/test_adapter_coverage_boost.py::TestPythonAdapterCoverage::test_generation_methods PASSED [ 24%]
Run Tests (3.11)	UNKNOWN STEP	2025-08-21T04:35:19.6424410Z tests/unit/test_adapter_coverage_boost.py::TestPythonAdapterCoverage::test_export_and_delete_methods PASSED [ 25%]
Run Tests (3.11)	UNKNOWN STEP	2025-08-21T04:35:19.6437355Z tests/unit/test_adapter_coverage_boost.py::TestServerMinimalCoverage::test_server_creation_mocked SKIPPED [ 25%]
Run Tests (3.11)	UNKNOWN STEP	2025-08-21T04:35:19.6452640Z tests/unit/test_chord_analysis_tool.py::TestChordAnalysisTool::test_tool_initialization PASSED [ 25%]
Run Tests (3.11)	UNKNOWN STEP	2025-08-21T04:35:19.9227705Z tests/unit/test_chord_analysis_tool.py::TestChordAnalysisTool::test_chord_analysis_success PASSED [ 25%]
Run Tests (3.11)	UNKNOWN STEP	2025-08-21T04:35:19.9246698Z tests/unit/test_chord_analysis_tool.py::TestChordAnalysisTool::test_chord_analysis_nonexistent_score PASSED [ 26%]
Run Tests (3.11)	UNKNOWN STEP	2025-08-21T04:35:20.1415758Z tests/unit/test_chord_analysis_tool.py::TestChordAnalysisTool::test_chord_analysis_detailed_chords PASSED [ 26%]
Run Tests (3.11)	UNKNOWN STEP	2025-08-21T04:35:20.3572155Z tests/unit/test_chord_analysis_tool.py::TestChordAnalysisTool::test_chord_analysis_histogram PASSED [ 26%]
Run Tests (3.11)	UNKNOWN STEP	2025-08-21T04:35:20.6748423Z tests/unit/test_chord_analysis_tool.py::TestChordAnalysisTool::test_chord_analysis_common_chords PASSED [ 26%]
Run Tests (3.11)	UNKNOWN STEP	2025-08-21T04:35:20.8913361Z tests/unit/test_chord_analysis_tool.py::TestChordAnalysisTool::test_chord_analysis_custom_parameters PASSED [ 27%]
Run Tests (3.11)	UNKNOWN STEP	2025-08-21T04:35:20.9379147Z tests/unit/test_chord_analysis_tool.py::TestChordAnalysisTool::test_chord_analysis_monophonic_music PASSED [ 27%]
Run Tests (3.11)	UNKNOWN STEP	2025-08-21T04:35:21.0274082Z tests/unit/test_chord_analysis_tool.py::TestChordAnalysisTool::test_chord_analysis_complex_harmony PASSED [ 27%]
Run Tests (3.11)	UNKNOWN STEP	2025-08-21T04:35:21.0287379Z tests/unit/test_counterpoint_tool.py::TestCounterpointGeneratorTool::test_tool_initialization PASSED [ 28%]
Run Tests (3.11)	UNKNOWN STEP	2025-08-21T04:35:21.0941219Z tests/unit/test_counterpoint_tool.py::TestCounterpointGeneratorTool::test_counterpoint_generation_success PASSED [ 28%]
Run Tests (3.11)	UNKNOWN STEP	2025-08-21T04:35:21.0960678Z tests/unit/test_counterpoint_tool.py::TestCounterpointGeneratorTool::test_counterpoint_nonexistent_score PASSED [ 28%]
Run Tests (3.11)	UNKNOWN STEP	2025-08-21T04:35:21.4195498Z tests/unit/test_counterpoint_tool.py::TestCounterpointGeneratorTool::test_counterpoint_species PASSED [ 28%]
Run Tests (3.11)	UNKNOWN STEP	2025-08-21T04:35:21.6192955Z tests/unit/test_counterpoint_tool.py::TestCounterpointGeneratorTool::test_counterpoint_voice_positions PASSED [ 29%]
Run Tests (3.11)	UNKNOWN STEP	2025-08-21T04:35:21.6767519Z tests/unit/test_counterpoint_tool.py::TestCounterpointGeneratorTool::test_counterpoint_validation PASSED [ 29%]
Run Tests (3.11)	UNKNOWN STEP	2025-08-21T04:35:21.8365608Z tests/unit/test_counterpoint_tool.py::TestCounterpointGeneratorTool::test_counterpoint_duplicate_output_id PASSED [ 29%]
Run Tests (3.11)	UNKNOWN STEP	2025-08-21T04:35:21.8947443Z tests/unit/test_counterpoint_tool.py::TestCounterpointGeneratorTool::test_counterpoint_info_structure PASSED [ 29%]
Run Tests (3.11)	UNKNOWN STEP	2025-08-21T04:35:21.8969568Z tests/unit/test_counterpoint_tool.py::TestCounterpointGeneratorTool::test_counterpoint_invalid_species PASSED [ 30%]
Run Tests (3.11)	UNKNOWN STEP	2025-08-21T04:35:21.8988133Z tests/unit/test_coverage_boost.py::TestResourceManagerComprehensive::test_score_storage_initialization PASSED [ 30%]
Run Tests (3.11)	UNKNOWN STEP	2025-08-21T04:35:21.9007436Z tests/unit/test_coverage_boost.py::TestResourceManagerComprehensive::test_score_storage_add_score PASSED [ 30%]
Run Tests (3.11)	UNKNOWN STEP	2025-08-21T04:35:21.9026891Z tests/unit/test_coverage_boost.py::TestResourceManagerComprehensive::test_score_storage_delete_score PASSED [ 30%]
Run Tests (3.11)	UNKNOWN STEP	2025-08-21T04:35:21.9047349Z tests/unit/test_coverage_boost.py::TestResourceManagerComprehensive::test_score_storage_list_scores PASSED [ 31%]
Run Tests (3.11)	UNKNOWN STEP	2025-08-21T04:35:21.9848348Z tests/unit/test_coverage_boost.py::TestResourceManagerComprehensive::test_score_storage_cleanup_expired PASSED [ 31%]
Run Tests (3.11)	UNKNOWN STEP	2025-08-21T04:35:22.0395506Z tests/unit/test_coverage_boost.py::TestResourceManagerComprehensive::test_score_storage_evict_lru PASSED [ 31%]
Run Tests (3.11)	UNKNOWN STEP	2025-08-21T04:35:22.9405879Z tests/unit/test_coverage_boost.py::TestResourceManagerComprehensive::test_score_storage_memory_limit PASSED [ 32%]
Run Tests (3.11)	UNKNOWN STEP	2025-08-21T04:35:22.9434293Z tests/unit/test_coverage_boost.py::TestResourceManagerComprehensive::test_score_storage_health_check PASSED [ 32%]
Run Tests (3.11)	UNKNOWN STEP	2025-08-21T04:35:22.9559352Z tests/unit/test_coverage_boost.py::TestResourceManagerComprehensive::test_score_storage_get_stats PASSED [ 32%]
Run Tests (3.11)	UNKNOWN STEP	2025-08-21T04:35:23.1165882Z tests/unit/test_coverage_boost.py::TestResourceManagerComprehensive::test_resource_manager_initialization PASSED [ 32%]
Run Tests (3.11)	UNKNOWN STEP	2025-08-21T04:35:23.1988254Z tests/unit/test_coverage_boost.py::TestResourceManagerComprehensive::test_resource_manager_check_memory PASSED [ 33%]
Run Tests (3.11)	UNKNOWN STEP	2025-08-21T04:35:23.2823800Z tests/unit/test_coverage_boost.py::TestResourceManagerComprehensive::test_resource_manager_get_memory_usage PASSED [ 33%]
Run Tests (3.11)	UNKNOWN STEP	2025-08-21T04:35:23.4418308Z tests/unit/test_coverage_boost.py::TestResourceManagerComprehensive::test_resource_manager_shutdown PASSED [ 33%]
Run Tests (3.11)	UNKNOWN STEP	2025-08-21T04:35:23.5864011Z tests/unit/test_coverage_boost.py::TestResourceManagerComprehensive::test_resource_manager_cleanup_loop PASSED [ 33%]
Run Tests (3.11)	UNKNOWN STEP	2025-08-21T04:35:23.6724448Z tests/unit/test_coverage_boost.py::TestResourceManagerComprehensive::test_resource_manager_monitor_resources PASSED [ 34%]
Run Tests (3.11)	UNKNOWN STEP	2025-08-21T04:35:23.6743041Z tests/unit/test_coverage_boost.py::TestImportToolComprehensive::test_validate_source_valid_corpus PASSED [ 34%]
Run Tests (3.11)	UNKNOWN STEP	2025-08-21T04:35:23.6757102Z tests/unit/test_coverage_boost.py::TestImportToolComprehensive::test_validate_source_invalid_corpus PASSED [ 34%]
Run Tests (3.11)	UNKNOWN STEP	2025-08-21T04:35:23.6770611Z tests/unit/test_coverage_boost.py::TestImportToolComprehensive::test_validate_source_valid_file PASSED [ 35%]
Run Tests (3.11)	UNKNOWN STEP	2025-08-21T04:35:23.6783707Z tests/unit/test_coverage_boost.py::TestImportToolComprehensive::test_validate_source_invalid_file PASSED [ 35%]
Run Tests (3.11)	UNKNOWN STEP	2025-08-21T04:35:23.6796662Z tests/unit/test_coverage_boost.py::TestImportToolComprehensive::test_validate_source_valid_text PASSED [ 35%]
Run Tests (3.11)	UNKNOWN STEP	2025-08-21T04:35:23.6809115Z tests/unit/test_coverage_boost.py::TestImportToolComprehensive::test_validate_source_invalid_text PASSED [ 35%]
Run Tests (3.11)	UNKNOWN STEP	2025-08-21T04:35:23.6822143Z tests/unit/test_coverage_boost.py::TestImportToolComprehensive::test_validate_source_unknown_type PASSED [ 36%]
Run Tests (3.11)	UNKNOWN STEP	2025-08-21T04:35:23.6879011Z tests/unit/test_coverage_boost.py::TestImportToolComprehensive::test_import_from_corpus_not_found PASSED [ 36%]
Run Tests (3.11)	UNKNOWN STEP	2025-08-21T04:35:23.6900274Z tests/unit/test_coverage_boost.py::TestImportToolComprehensive::test_import_from_file_not_found PASSED [ 36%]
Run Tests (3.11)	UNKNOWN STEP	2025-08-21T04:35:23.6926603Z tests/unit/test_coverage_boost.py::TestImportToolComprehensive::test_import_from_text_invalid PASSED [ 36%]
Run Tests (3.11)	UNKNOWN STEP	2025-08-21T04:35:23.6979859Z tests/unit/test_coverage_boost.py::TestImportToolComprehensive::test_handle_import_validation_error PASSED [ 37%]
Run Tests (3.11)	UNKNOWN STEP	2025-08-21T04:35:23.6998066Z tests/unit/test_coverage_boost.py::TestImportToolComprehensive::test_handle_import_unknown_type PASSED [ 37%]
Run Tests (3.11)	UNKNOWN STEP	2025-08-21T04:35:23.7026483Z tests/unit/test_coverage_boost.py::TestImportToolComprehensive::test_handle_import_none_score PASSED [ 37%]
Run Tests (3.11)	UNKNOWN STEP	2025-08-21T04:35:23.7038867Z tests/unit/test_coverage_boost.py::TestImportToolComprehensive::test_get_file_extension PASSED [ 38%]
Run Tests (3.11)	UNKNOWN STEP	2025-08-21T04:35:23.7055841Z tests/unit/test_coverage_boost.py::TestServerMinimalCoverage::test_server_minimal_imports PASSED [ 38%]
Run Tests (3.11)	UNKNOWN STEP	2025-08-21T04:35:23.7072832Z tests/unit/test_coverage_boost.py::TestServerMinimalCoverage::test_server_minimal_constants PASSED [ 38%]
Run Tests (3.11)	UNKNOWN STEP	2025-08-21T04:35:23.7109086Z tests/unit/test_coverage_boost.py::TestPerformanceOptimizationsCoverage::test_performance_optimizer_parallel_empty PASSED [ 38%]
Run Tests (3.11)	UNKNOWN STEP	2025-08-21T04:35:23.7163207Z tests/unit/test_coverage_boost.py::TestPerformanceOptimizationsCoverage::test_performance_optimizer_parallel_single PASSED [ 39%]
Run Tests (3.11)	UNKNOWN STEP	2025-08-21T04:35:23.7200336Z tests/unit/test_coverage_boost.py::TestPerformanceOptimizationsCoverage::test_performance_optimizer_cache_stats PASSED [ 39%]
Run Tests (3.11)	UNKNOWN STEP	2025-08-21T04:35:23.7236631Z tests/unit/test_coverage_boost.py::TestPerformanceOptimizationsCoverage::test_performance_optimizer_clear_cache PASSED [ 39%]
Run Tests (3.11)	UNKNOWN STEP	2025-08-21T04:35:23.7254610Z tests/unit/test_coverage_boost.py::TestPerformanceOptimizationsCoverage::test_optimized_tools_error_handling PASSED [ 39%]
Run Tests (3.11)	UNKNOWN STEP	2025-08-21T04:35:23.8884912Z tests/unit/test_coverage_boost.py::TestAdditionalErrorPaths::test_resource_manager_singleton_pattern PASSED [ 40%]
Run Tests (3.11)	UNKNOWN STEP	2025-08-21T04:35:23.8912286Z tests/unit/test_coverage_boost.py::TestAdditionalErrorPaths::test_score_storage_concurrent_access PASSED [ 40%]
Run Tests (3.11)	UNKNOWN STEP	2025-08-21T04:35:23.8925897Z tests/unit/test_coverage_boost.py::TestAdditionalErrorPaths::test_import_tool_source_sanitization PASSED [ 40%]
Run Tests (3.11)	UNKNOWN STEP	2025-08-21T04:35:23.8957015Z tests/unit/test_coverage_boost.py::TestAdditionalErrorPaths::test_async_error_propagation PASSED [ 40%]
Run Tests (3.11)	UNKNOWN STEP	2025-08-21T04:35:23.8968718Z tests/unit/test_coverage_boost.py::test_coverage_target_reached PASSED   [ 41%]
Run Tests (3.11)	UNKNOWN STEP	2025-08-21T04:35:23.8980847Z tests/unit/test_coverage_boost.py::test_import_all_modules PASSED        [ 41%]
Run Tests (3.11)	UNKNOWN STEP	2025-08-21T04:35:23.8993501Z tests/unit/test_coverage_boost_simple.py::TestBaseTool::test_base_tool_initialization PASSED [ 41%]
Run Tests (3.11)	UNKNOWN STEP	2025-08-21T04:35:23.9005311Z tests/unit/test_coverage_boost_simple.py::TestBaseTool::test_base_tool_logging PASSED [ 42%]
Run Tests (3.11)	UNKNOWN STEP	2025-08-21T04:35:23.9017049Z tests/unit/test_coverage_boost_simple.py::TestBaseTool::test_base_tool_error_handling_context PASSED [ 42%]
Run Tests (3.11)	UNKNOWN STEP	2025-08-21T04:35:23.9028500Z tests/unit/test_coverage_boost_simple.py::TestBaseTool::test_base_tool_create_error_response PASSED [ 42%]
Run Tests (3.11)	UNKNOWN STEP	2025-08-21T04:35:23.9039945Z tests/unit/test_coverage_boost_simple.py::TestBaseTool::test_base_tool_create_success_response PASSED [ 42%]
Run Tests (3.11)	UNKNOWN STEP	2025-08-21T04:35:23.9053239Z tests/unit/test_coverage_boost_simple.py::TestBaseTool::test_base_tool_validate_inputs_basic PASSED [ 43%]
Run Tests (3.11)	UNKNOWN STEP	2025-08-21T04:35:23.9066367Z tests/unit/test_coverage_boost_simple.py::TestBaseTool::test_base_tool_validate_score_exists PASSED [ 43%]
Run Tests (3.11)	UNKNOWN STEP	2025-08-21T04:35:23.9081160Z tests/unit/test_coverage_boost_simple.py::TestBaseTool::test_base_tool_get_score_metadata PASSED [ 43%]
Run Tests (3.11)	UNKNOWN STEP	2025-08-21T04:35:23.9094461Z tests/unit/test_coverage_boost_simple.py::TestBaseTool::test_base_tool_get_score_metadata_no_metadata PASSED [ 43%]
Run Tests (3.11)	UNKNOWN STEP	2025-08-21T04:35:25.0737404Z tests/unit/test_coverage_boost_simple.py::TestServices::test_music_analysis_service_initialization PASSED [ 44%]
Run Tests (3.11)	UNKNOWN STEP	2025-08-21T04:35:26.2463587Z tests/unit/test_coverage_boost_simple.py::TestServices::test_import_score_basic PASSED [ 44%]
Run Tests (3.11)	UNKNOWN STEP	2025-08-21T04:35:27.4016796Z tests/unit/test_coverage_boost_simple.py::TestServices::test_list_scores_empty PASSED [ 44%]
Run Tests (3.11)	UNKNOWN STEP	2025-08-21T04:35:28.5736170Z tests/unit/test_coverage_boost_simple.py::TestServices::test_list_scores_with_content PASSED [ 45%]
Run Tests (3.11)	UNKNOWN STEP	2025-08-21T04:35:29.7364230Z tests/unit/test_coverage_boost_simple.py::TestServices::test_delete_score_success PASSED [ 45%]
Run Tests (3.11)	UNKNOWN STEP	2025-08-21T04:35:30.9013785Z tests/unit/test_coverage_boost_simple.py::TestServices::test_delete_score_not_found PASSED [ 45%]
Run Tests (3.11)	UNKNOWN STEP	2025-08-21T04:35:32.0706263Z tests/unit/test_coverage_boost_simple.py::TestServices::test_get_score_info_basic PASSED [ 45%]
Run Tests (3.11)	UNKNOWN STEP	2025-08-21T04:35:33.2221424Z tests/unit/test_coverage_boost_simple.py::TestServices::test_get_available_tools PASSED [ 46%]
Run Tests (3.11)	UNKNOWN STEP	2025-08-21T04:35:34.3783172Z tests/unit/test_coverage_boost_simple.py::TestServices::test_get_score_count PASSED [ 46%]
Run Tests (3.11)	UNKNOWN STEP	2025-08-21T04:35:34.3796180Z tests/unit/test_coverage_boost_simple.py::TestAsyncExecutor::test_async_executor_imports PASSED [ 46%]
Run Tests (3.11)	UNKNOWN STEP	2025-08-21T04:35:34.3808305Z tests/unit/test_coverage_boost_simple.py::TestAsyncExecutor::test_task_context_manager_imports PASSED [ 46%]
Run Tests (3.11)	UNKNOWN STEP	2025-08-21T04:35:34.3829701Z tests/unit/test_coverage_boost_simple.py::TestAsyncExecutor::test_async_executor_initialization PASSED [ 47%]
Run Tests (3.11)	UNKNOWN STEP	2025-08-21T04:35:34.3854930Z tests/unit/test_coverage_boost_simple.py::TestAsyncExecutor::test_async_executor_basic_execution PASSED [ 47%]
Run Tests (3.11)	UNKNOWN STEP	2025-08-21T04:35:34.3866923Z tests/unit/test_coverage_boost_simple.py::TestPerformanceCache::test_performance_cache_imports PASSED [ 47%]
Run Tests (3.11)	UNKNOWN STEP	2025-08-21T04:35:34.3878818Z tests/unit/test_coverage_boost_simple.py::TestPerformanceCache::test_analysis_cache_decorator_imports PASSED [ 47%]
Run Tests (3.11)	UNKNOWN STEP	2025-08-21T04:35:34.3890828Z tests/unit/test_coverage_boost_simple.py::TestPerformanceCache::test_cache_manager_imports PASSED [ 48%]
Run Tests (3.11)	UNKNOWN STEP	2025-08-21T04:35:34.3903036Z tests/unit/test_coverage_boost_simple.py::TestPerformanceCache::test_performance_cache_initialization PASSED [ 48%]
Run Tests (3.11)	UNKNOWN STEP	2025-08-21T04:35:34.3914762Z tests/unit/test_coverage_boost_simple.py::TestPerformanceCache::test_cache_manager_initialization PASSED [ 48%]
Run Tests (3.11)	UNKNOWN STEP	2025-08-21T04:35:34.3926191Z tests/unit/test_coverage_boost_simple.py::TestObservability::test_observability_imports PASSED [ 49%]
Run Tests (3.11)	UNKNOWN STEP	2025-08-21T04:35:34.3937642Z tests/unit/test_coverage_boost_simple.py::TestObservability::test_performance_monitor_imports PASSED [ 49%]
Run Tests (3.11)	UNKNOWN STEP	2025-08-21T04:35:34.3949328Z tests/unit/test_coverage_boost_simple.py::TestObservability::test_metrics_collector_initialization PASSED [ 49%]
Run Tests (3.11)	UNKNOWN STEP	2025-08-21T04:35:34.3961077Z tests/unit/test_coverage_boost_simple.py::TestObservability::test_performance_monitor_initialization PASSED [ 49%]
Run Tests (3.11)	UNKNOWN STEP	2025-08-21T04:35:34.3972574Z tests/unit/test_coverage_boost_simple.py::TestParallelProcessor::test_parallel_processor_imports PASSED [ 50%]
Run Tests (3.11)	UNKNOWN STEP	2025-08-21T04:35:34.3983939Z tests/unit/test_coverage_boost_simple.py::TestParallelProcessor::test_task_queue_imports PASSED [ 50%]
Run Tests (3.11)	UNKNOWN STEP	2025-08-21T04:35:34.3997671Z tests/unit/test_coverage_boost_simple.py::TestParallelProcessor::test_parallel_processor_initialization PASSED [ 50%]
Run Tests (3.11)	UNKNOWN STEP	2025-08-21T04:35:34.4011904Z tests/unit/test_coverage_boost_simple.py::TestParallelProcessor::test_task_queue_initialization PASSED [ 50%]
Run Tests (3.11)	UNKNOWN STEP	2025-08-21T04:35:34.4080337Z tests/unit/test_coverage_boosters.py::TestCoverageBooster::test_chord_analysis_basic_execution_paths PASSED [ 51%]
Run Tests (3.11)	UNKNOWN STEP	2025-08-21T04:35:34.4132895Z tests/unit/test_coverage_boosters.py::TestCoverageBooster::test_counterpoint_basic_execution_paths PASSED [ 51%]
Run Tests (3.11)	UNKNOWN STEP	2025-08-21T04:35:35.4999980Z tests/unit/test_coverage_boosters.py::TestCoverageBooster::test_harmonization_basic_execution_paths PASSED [ 51%]
Run Tests (3.11)	UNKNOWN STEP	2025-08-21T04:35:35.5049844Z tests/unit/test_coverage_boosters.py::TestCoverageBooster::test_style_imitation_basic_execution_paths PASSED [ 52%]
Run Tests (3.11)	UNKNOWN STEP	2025-08-21T04:35:35.5067812Z tests/unit/test_coverage_boosters.py::TestCoverageBooster::test_import_tool_edge_cases PASSED [ 52%]
Run Tests (3.11)	UNKNOWN STEP	2025-08-21T04:35:35.5184560Z tests/unit/test_coverage_boosters.py::TestCoverageBooster::test_pattern_recognition_edge_cases PASSED [ 52%]
Run Tests (3.11)	UNKNOWN STEP	2025-08-21T04:35:35.5197996Z tests/unit/test_coverage_boosters.py::TestCoverageBooster::test_error_handling_coverage PASSED [ 52%]
Run Tests (3.11)	UNKNOWN STEP	2025-08-21T04:35:35.5211088Z tests/unit/test_delete_tool.py::TestDeleteScoreTool::test_tool_initialization PASSED [ 53%]
Run Tests (3.11)	UNKNOWN STEP	2025-08-21T04:35:35.5488432Z tests/unit/test_delete_tool.py::TestDeleteScoreTool::test_delete_existing_score PASSED [ 53%]
Run Tests (3.11)	UNKNOWN STEP	2025-08-21T04:35:35.5507480Z tests/unit/test_delete_tool.py::TestDeleteScoreTool::test_delete_nonexistent_score PASSED [ 53%]
Run Tests (3.11)	UNKNOWN STEP	2025-08-21T04:35:35.5778594Z tests/unit/test_delete_tool.py::TestDeleteScoreTool::test_delete_all_scores PASSED [ 53%]
Run Tests (3.11)	UNKNOWN STEP	2025-08-21T04:35:35.6060680Z tests/unit/test_delete_tool.py::TestDeleteScoreTool::test_delete_score_case_sensitive PASSED [ 54%]
Run Tests (3.11)	UNKNOWN STEP	2025-08-21T04:35:35.6081376Z tests/unit/test_delete_tool.py::TestDeleteScoreTool::test_delete_score_empty_id PASSED [ 54%]
Run Tests (3.11)	UNKNOWN STEP	2025-08-21T04:35:35.6344705Z tests/unit/test_delete_tool.py::TestDeleteScoreTool::test_delete_score_maintains_other_scores PASSED [ 54%]
Run Tests (3.11)	UNKNOWN STEP	2025-08-21T04:35:35.6358723Z tests/unit/test_export_tool.py::TestExportScoreTool::test_tool_initialization PASSED [ 54%]
Run Tests (3.11)	UNKNOWN STEP	2025-08-21T04:35:35.8393902Z tests/unit/test_export_tool.py::TestExportScoreTool::test_export_to_musicxml PASSED [ 55%]
Run Tests (3.11)	UNKNOWN STEP	2025-08-21T04:35:36.0705552Z tests/unit/test_export_tool.py::TestExportScoreTool::test_export_to_midi PASSED [ 55%]
Run Tests (3.11)	UNKNOWN STEP	2025-08-21T04:35:36.0970951Z tests/unit/test_export_tool.py::TestExportScoreTool::test_export_to_pdf PASSED [ 55%]
Run Tests (3.11)	UNKNOWN STEP	2025-08-21T04:35:36.0989477Z tests/unit/test_export_tool.py::TestExportScoreTool::test_export_nonexistent_score PASSED [ 56%]
Run Tests (3.11)	UNKNOWN STEP	2025-08-21T04:35:36.1252171Z tests/unit/test_export_tool.py::TestExportScoreTool::test_export_invalid_format PASSED [ 56%]
Run Tests (3.11)	UNKNOWN STEP	2025-08-21T04:35:36.1510236Z tests/unit/test_export_tool.py::TestExportScoreTool::test_export_to_invalid_path PASSED [ 56%]
Run Tests (3.11)	UNKNOWN STEP	2025-08-21T04:35:36.4558102Z tests/unit/test_export_tool.py::TestExportScoreTool::test_export_all_supported_formats PASSED [ 56%]
Run Tests (3.11)	UNKNOWN STEP	2025-08-21T04:35:37.5411569Z tests/unit/test_harmonization_tool.py::TestHarmonizationToolInitialization::test_harmonization_tool_initialization PASSED [ 57%]
Run Tests (3.11)	UNKNOWN STEP	2025-08-21T04:35:38.7288205Z tests/unit/test_harmonization_tool.py::TestInputValidation::test_validate_inputs_missing_score PASSED [ 57%]
Run Tests (3.11)	UNKNOWN STEP	2025-08-21T04:35:39.8306484Z tests/unit/test_harmonization_tool.py::TestInputValidation::test_validate_inputs_invalid_style PASSED [ 57%]
Run Tests (3.11)	UNKNOWN STEP	2025-08-21T04:35:40.9304286Z tests/unit/test_harmonization_tool.py::TestInputValidation::test_validate_inputs_invalid_voice_parts PASSED [ 57%]
Run Tests (3.11)	UNKNOWN STEP	2025-08-21T04:35:42.0276290Z tests/unit/test_harmonization_tool.py::TestInputValidation::test_validate_inputs_duplicate_output_id PASSED [ 58%]
Run Tests (3.11)	UNKNOWN STEP	2025-08-21T04:35:43.1213803Z tests/unit/test_harmonization_tool.py::TestInputValidation::test_validate_inputs_valid_parameters PASSED [ 58%]
Run Tests (3.11)	UNKNOWN STEP	2025-08-21T04:35:44.2238713Z tests/unit/test_harmonization_tool.py::TestMelodyExtraction::test_extract_melody_from_single_part PASSED [ 58%]
Run Tests (3.11)	UNKNOWN STEP	2025-08-21T04:35:45.3206319Z tests/unit/test_harmonization_tool.py::TestMelodyExtraction::test_extract_melody_from_multipart_score PASSED [ 59%]
Run Tests (3.11)	UNKNOWN STEP	2025-08-21T04:35:46.5201979Z tests/unit/test_harmonization_tool.py::TestMelodyExtraction::test_extract_melody_empty_score PASSED [ 59%]
Run Tests (3.11)	UNKNOWN STEP	2025-08-21T04:35:47.6306967Z tests/unit/test_harmonization_tool.py::TestMelodyExtraction::test_analyze_melody_success PASSED [ 59%]
Run Tests (3.11)	UNKNOWN STEP	2025-08-21T04:35:48.7139417Z tests/unit/test_harmonization_tool.py::TestMelodyExtraction::test_analyze_melody_empty PASSED [ 59%]
Run Tests (3.11)	UNKNOWN STEP	2025-08-21T04:35:49.8096207Z tests/unit/test_harmonization_tool.py::TestMelodyExtraction::test_analyze_contour PASSED [ 60%]
Run Tests (3.11)	UNKNOWN STEP	2025-08-21T04:35:50.9015219Z tests/unit/test_harmonization_tool.py::TestMelodyExtraction::test_get_implied_harmony PASSED [ 60%]
Run Tests (3.11)	UNKNOWN STEP	2025-08-21T04:35:51.9934813Z tests/unit/test_harmonization_tool.py::TestClassicalHarmonization::test_harmonize_classical_success PASSED [ 60%]
Run Tests (3.11)	UNKNOWN STEP	2025-08-21T04:35:53.1766474Z tests/unit/test_harmonization_tool.py::TestClassicalHarmonization::test_harmonize_classical_with_constraints PASSED [ 60%]
Run Tests (3.11)	UNKNOWN STEP	2025-08-21T04:35:54.2662099Z tests/unit/test_harmonization_tool.py::TestClassicalHarmonization::test_harmonize_classical_voice_parts_3 PASSED [ 61%]
Run Tests (3.11)	UNKNOWN STEP	2025-08-21T04:35:55.3593585Z tests/unit/test_harmonization_tool.py::TestClassicalHarmonization::test_harmonize_classical_voice_parts_2 PASSED [ 61%]
Run Tests (3.11)	UNKNOWN STEP	2025-08-21T04:35:56.4571222Z tests/unit/test_harmonization_tool.py::TestClassicalHarmonization::test_generate_progression_classical PASSED [ 61%]
Run Tests (3.11)	UNKNOWN STEP	2025-08-21T04:35:57.5454132Z tests/unit/test_harmonization_tool.py::TestClassicalHarmonization::test_is_chord_compatible PASSED [ 61%]
Run Tests (3.11)	UNKNOWN STEP	2025-08-21T04:35:58.6398412Z tests/unit/test_harmonization_tool.py::TestClassicalHarmonization::test_realize_chord_classical PASSED [ 62%]
Run Tests (3.11)	UNKNOWN STEP	2025-08-21T04:35:59.7176514Z tests/unit/test_harmonization_tool.py::TestClassicalHarmonization::test_choose_alto_note PASSED [ 62%]
Run Tests (3.11)	UNKNOWN STEP	2025-08-21T04:36:00.7910395Z tests/unit/test_harmonization_tool.py::TestClassicalHarmonization::test_choose_tenor_note PASSED [ 62%]
Run Tests (3.11)	UNKNOWN STEP	2025-08-21T04:36:01.9739557Z tests/unit/test_harmonization_tool.py::TestJazzHarmonization::test_harmonize_jazz_success PASSED [ 63%]
Run Tests (3.11)	UNKNOWN STEP	2025-08-21T04:36:03.0561471Z tests/unit/test_harmonization_tool.py::TestJazzHarmonization::test_generate_progression_jazz PASSED [ 63%]
Run Tests (3.11)	UNKNOWN STEP	2025-08-21T04:36:04.1406171Z tests/unit/test_harmonization_tool.py::TestJazzHarmonization::test_generate_progression_jazz_no_substitutions PASSED [ 63%]
Run Tests (3.11)	UNKNOWN STEP	2025-08-21T04:36:05.2441438Z tests/unit/test_harmonization_tool.py::TestJazzHarmonization::test_create_jazz_voicing_maj7 PASSED [ 63%]
Run Tests (3.11)	UNKNOWN STEP	2025-08-21T04:36:06.3516607Z tests/unit/test_harmonization_tool.py::TestJazzHarmonization::test_create_jazz_voicing_dominant7 PASSED [ 64%]
Run Tests (3.11)	UNKNOWN STEP	2025-08-21T04:36:07.4140556Z tests/unit/test_harmonization_tool.py::TestJazzHarmonization::test_create_jazz_voicing_fallback PASSED [ 64%]
Run Tests (3.11)	UNKNOWN STEP	2025-08-21T04:36:08.4810485Z tests/unit/test_harmonization_tool.py::TestPopHarmonization::test_harmonize_pop_success PASSED [ 64%]
Run Tests (3.11)	UNKNOWN STEP	2025-08-21T04:36:09.6708325Z tests/unit/test_harmonization_tool.py::TestPopHarmonization::test_generate_progression_pop PASSED [ 64%]
Run Tests (3.11)	UNKNOWN STEP	2025-08-21T04:36:10.7388087Z tests/unit/test_harmonization_tool.py::TestPopHarmonization::test_create_pop_voicing_power_chord PASSED [ 65%]
Run Tests (3.11)	UNKNOWN STEP	2025-08-21T04:36:11.8086122Z tests/unit/test_harmonization_tool.py::TestPopHarmonization::test_create_pop_voicing_triad PASSED [ 65%]
Run Tests (3.11)	UNKNOWN STEP	2025-08-21T04:36:12.8827319Z tests/unit/test_harmonization_tool.py::TestPopHarmonization::test_create_pop_voicing_fallback PASSED [ 65%]
Run Tests (3.11)	UNKNOWN STEP	2025-08-21T04:36:13.9442197Z tests/unit/test_harmonization_tool.py::TestModalHarmonization::test_harmonize_modal_success PASSED [ 66%]
Run Tests (3.11)	UNKNOWN STEP	2025-08-21T04:36:15.0118177Z tests/unit/test_harmonization_tool.py::TestModalHarmonization::test_detect_mode_mixolydian PASSED [ 66%]
Run Tests (3.11)	UNKNOWN STEP	2025-08-21T04:36:16.0785981Z tests/unit/test_harmonization_tool.py::TestModalHarmonization::test_detect_mode_dorian PASSED [ 66%]
Run Tests (3.11)	UNKNOWN STEP	2025-08-21T04:36:17.2589115Z tests/unit/test_harmonization_tool.py::TestModalHarmonization::test_detect_mode_lydian PASSED [ 66%]
Run Tests (3.11)	UNKNOWN STEP	2025-08-21T04:36:18.3412580Z tests/unit/test_harmonization_tool.py::TestModalHarmonization::test_detect_mode_default PASSED [ 67%]
Run Tests (3.11)	UNKNOWN STEP	2025-08-21T04:36:19.4142049Z tests/unit/test_harmonization_tool.py::TestModalHarmonization::test_generate_progression_modal PASSED [ 67%]
Run Tests (3.11)	UNKNOWN STEP	2025-08-21T04:36:20.4799063Z tests/unit/test_harmonization_tool.py::TestModalHarmonization::test_create_modal_voicing PASSED [ 67%]
Run Tests (3.11)	UNKNOWN STEP	2025-08-21T04:36:21.5388281Z tests/unit/test_harmonization_tool.py::TestModalHarmonization::test_create_modal_voicing_fallback PASSED [ 67%]
Run Tests (3.11)	UNKNOWN STEP	2025-08-21T04:36:22.5975501Z tests/unit/test_harmonization_tool.py::TestVoiceLeadingAnalysis::test_check_voice_leading_success PASSED [ 68%]
Run Tests (3.11)	UNKNOWN STEP	2025-08-21T04:36:23.6702699Z tests/unit/test_harmonization_tool.py::TestVoiceLeadingAnalysis::test_check_voice_leading_parallel_fifths PASSED [ 68%]
Run Tests (3.11)	UNKNOWN STEP	2025-08-21T04:36:24.8472639Z tests/unit/test_harmonization_tool.py::TestVoiceLeadingAnalysis::test_check_voice_leading_parallel_octaves PASSED [ 68%]
Run Tests (3.11)	UNKNOWN STEP	2025-08-21T04:36:25.9218444Z tests/unit/test_harmonization_tool.py::TestVoiceLeadingAnalysis::test_check_voice_leading_single_part PASSED [ 69%]
Run Tests (3.11)	UNKNOWN STEP	2025-08-21T04:36:26.9942263Z tests/unit/test_harmonization_tool.py::TestVoiceLeadingAnalysis::test_check_voice_leading_pop_style_leniency PASSED [ 69%]
Run Tests (3.11)	UNKNOWN STEP	2025-08-21T04:36:28.0507833Z tests/unit/test_harmonization_tool.py::TestUtilityMethods::test_analyze_harmonic_rhythm PASSED [ 69%]
Run Tests (3.11)	UNKNOWN STEP	2025-08-21T04:36:29.1111129Z tests/unit/test_harmonization_tool.py::TestUtilityMethods::test_analyze_harmonic_rhythm_empty PASSED [ 69%]
Run Tests (3.11)	UNKNOWN STEP	2025-08-21T04:36:30.1691582Z tests/unit/test_harmonization_tool.py::TestUtilityMethods::test_generate_explanations PASSED [ 70%]
Run Tests (3.11)	UNKNOWN STEP	2025-08-21T04:36:31.2285571Z tests/unit/test_harmonization_tool.py::TestUtilityMethods::test_get_style_characteristics PASSED [ 70%]
Run Tests (3.11)	UNKNOWN STEP	2025-08-21T04:36:32.4084691Z tests/unit/test_harmonization_tool.py::TestUtilityMethods::test_contains_progression PASSED [ 70%]
Run Tests (3.11)	UNKNOWN STEP	2025-08-21T04:36:33.5156398Z tests/unit/test_harmonization_tool.py::TestIntegrationAndEndToEnd::test_execute_complete_flow_classical PASSED [ 70%]
Run Tests (3.11)	UNKNOWN STEP	2025-08-21T04:36:34.7641554Z tests/unit/test_harmonization_tool.py::TestIntegrationAndEndToEnd::test_execute_complete_flow_all_styles PASSED [ 71%]
Run Tests (3.11)	UNKNOWN STEP	2025-08-21T04:36:35.8774442Z tests/unit/test_harmonization_tool.py::TestIntegrationAndEndToEnd::test_execute_with_constraints PASSED [ 71%]
Run Tests (3.11)	UNKNOWN STEP	2025-08-21T04:36:37.0278473Z tests/unit/test_harmonization_tool.py::TestIntegrationAndEndToEnd::test_execute_empty_melody_error PASSED [ 71%]
Run Tests (3.11)	UNKNOWN STEP	2025-08-21T04:36:38.0876384Z tests/unit/test_harmonization_tool.py::TestIntegrationAndEndToEnd::test_execute_invalid_style_error PASSED [ 71%]
Run Tests (3.11)	UNKNOWN STEP	2025-08-21T04:36:39.1767772Z tests/unit/test_harmonization_tool.py::TestErrorHandlingAndEdgeCases::test_melody_analysis_error_handling PASSED [ 72%]
Run Tests (3.11)	UNKNOWN STEP	2025-08-21T04:36:40.2626446Z tests/unit/test_harmonization_tool.py::TestErrorHandlingAndEdgeCases::test_chord_realization_error_handling PASSED [ 72%]
Run Tests (3.11)	UNKNOWN STEP	2025-08-21T04:36:41.3283037Z tests/unit/test_harmonization_tool.py::TestErrorHandlingAndEdgeCases::test_voice_leading_check_error_handling PASSED [ 72%]
Run Tests (3.11)	UNKNOWN STEP	2025-08-21T04:36:42.4318122Z tests/unit/test_harmonization_tool.py::TestErrorHandlingAndEdgeCases::test_harmonization_with_no_compatible_chords PASSED [ 73%]
Run Tests (3.11)	UNKNOWN STEP	2025-08-21T04:36:42.4331647Z tests/unit/test_harmony_analysis_tool.py::TestHarmonyAnalysisTool::test_tool_initialization PASSED [ 73%]
Run Tests (3.11)	UNKNOWN STEP	2025-08-21T04:36:42.7775833Z tests/unit/test_harmony_analysis_tool.py::TestHarmonyAnalysisTool::test_harmony_analysis_success PASSED [ 73%]
Run Tests (3.11)	UNKNOWN STEP	2025-08-21T04:36:43.0095576Z tests/unit/test_harmony_analysis_tool.py::TestHarmonyAnalysisTool::test_harmony_analysis_chord_detection PASSED [ 73%]
Run Tests (3.11)	UNKNOWN STEP	2025-08-21T04:36:43.2470826Z tests/unit/test_harmony_analysis_tool.py::TestHarmonyAnalysisTool::test_harmony_analysis_roman_numerals PASSED [ 74%]
Run Tests (3.11)	UNKNOWN STEP	2025-08-21T04:36:43.5637663Z tests/unit/test_harmony_analysis_tool.py::TestHarmonyAnalysisTool::test_harmony_analysis_progressions PASSED [ 74%]
Run Tests (3.11)	UNKNOWN STEP	2025-08-21T04:36:43.5656699Z tests/unit/test_harmony_analysis_tool.py::TestHarmonyAnalysisTool::test_harmony_analysis_nonexistent_score PASSED [ 74%]
Run Tests (3.11)	UNKNOWN STEP	2025-08-21T04:36:43.7998588Z tests/unit/test_harmony_analysis_tool.py::TestHarmonyAnalysisTool::test_harmony_analysis_custom_parameters PASSED [ 74%]
Run Tests (3.11)	UNKNOWN STEP	2025-08-21T04:36:43.8353030Z tests/unit/test_harmony_analysis_tool.py::TestHarmonyAnalysisTool::test_harmony_analysis_handles_monophonic PASSED [ 75%]
Run Tests (3.11)	UNKNOWN STEP	2025-08-21T04:36:43.8374612Z tests/unit/test_harmony_analysis_tool.py::TestHarmonyAnalysisTool::test_harmony_analysis_handles_empty_score PASSED [ 75%]
Run Tests (3.11)	UNKNOWN STEP	2025-08-21T04:36:43.8387177Z tests/unit/test_import_tool.py::TestImportScoreTool::test_tool_initialization PASSED [ 75%]
Run Tests (3.11)	UNKNOWN STEP	2025-08-21T04:36:43.8730662Z tests/unit/test_import_tool.py::TestImportScoreTool::test_import_from_corpus PASSED [ 76%]
Run Tests (3.11)	UNKNOWN STEP	2025-08-21T04:36:43.8990772Z tests/unit/test_import_tool.py::TestImportScoreTool::test_import_duplicate_id PASSED [ 76%]
Run Tests (3.11)	UNKNOWN STEP	2025-08-21T04:36:43.9071396Z tests/unit/test_import_tool.py::TestImportScoreTool::test_import_invalid_source PASSED [ 76%]
Run Tests (3.11)	UNKNOWN STEP	2025-08-21T04:36:43.9089266Z tests/unit/test_import_tool.py::TestImportScoreTool::test_import_url_source PASSED [ 76%]
Run Tests (3.11)	UNKNOWN STEP	2025-08-21T04:36:43.9109927Z tests/unit/test_import_tool.py::TestImportScoreTool::test_import_file_source PASSED [ 77%]
Run Tests (3.11)	UNKNOWN STEP	2025-08-21T04:36:43.9122621Z tests/unit/test_key_analysis_tool.py::TestKeyAnalysisTool::test_tool_initialization PASSED [ 77%]
Run Tests (3.11)	UNKNOWN STEP	2025-08-21T04:36:44.0416449Z tests/unit/test_key_analysis_tool.py::TestKeyAnalysisTool::test_analyze_key_success PASSED [ 77%]
Run Tests (3.11)	UNKNOWN STEP	2025-08-21T04:36:44.0435024Z tests/unit/test_key_analysis_tool.py::TestKeyAnalysisTool::test_analyze_nonexistent_score PASSED [ 77%]
Run Tests (3.11)	UNKNOWN STEP	2025-08-21T04:36:44.2643587Z tests/unit/test_key_analysis_tool.py::TestKeyAnalysisTool::test_analyze_key_with_confidence PASSED [ 78%]
Run Tests (3.11)	UNKNOWN STEP	2025-08-21T04:36:44.3898946Z tests/unit/test_key_analysis_tool.py::TestKeyAnalysisTool::test_analyze_key_alternative_keys PASSED [ 78%]
Run Tests (3.11)	UNKNOWN STEP	2025-08-21T04:36:44.5158558Z tests/unit/test_key_analysis_tool.py::TestKeyAnalysisTool::test_analyze_key_algorithm_results PASSED [ 78%]
Run Tests (3.11)	UNKNOWN STEP	2025-08-21T04:36:44.5219564Z tests/unit/test_key_analysis_tool.py::TestKeyAnalysisTool::test_key_analysis_handles_empty_score PASSED [ 78%]
Run Tests (3.11)	UNKNOWN STEP	2025-08-21T04:36:44.5232768Z tests/unit/test_list_tool.py::TestListScoresTool::test_tool_initialization PASSED [ 79%]
Run Tests (3.11)	UNKNOWN STEP	2025-08-21T04:36:44.5250617Z tests/unit/test_list_tool.py::TestListScoresTool::test_list_empty_storage PASSED [ 79%]
Run Tests (3.11)	UNKNOWN STEP	2025-08-21T04:36:44.5555360Z tests/unit/test_list_tool.py::TestListScoresTool::test_list_populated_storage PASSED [ 79%]
Run Tests (3.11)	UNKNOWN STEP	2025-08-21T04:36:44.5901166Z tests/unit/test_list_tool.py::TestListScoresTool::test_list_with_multiple_scores PASSED [ 80%]
Run Tests (3.11)	UNKNOWN STEP	2025-08-21T04:36:44.6223558Z tests/unit/test_list_tool.py::TestListScoresTool::test_list_score_metadata PASSED [ 80%]
Run Tests (3.11)	UNKNOWN STEP	2025-08-21T04:36:44.6244476Z tests/unit/test_list_tool.py::TestListScoresTool::test_list_handles_invalid_scores PASSED [ 80%]
Run Tests (3.11)	UNKNOWN STEP	2025-08-21T04:36:44.6257118Z tests/unit/test_pattern_recognition_tool.py::TestPatternRecognitionTool::test_tool_initialization PASSED [ 80%]
Run Tests (3.11)	UNKNOWN STEP	2025-08-21T04:36:44.8555302Z tests/unit/test_pattern_recognition_tool.py::TestPatternRecognitionTool::test_pattern_recognition_success PASSED [ 81%]
Run Tests (3.11)	UNKNOWN STEP	2025-08-21T04:36:45.1742855Z tests/unit/test_pattern_recognition_tool.py::TestPatternRecognitionTool::test_pattern_recognition_melodic_sequences PASSED [ 81%]
Run Tests (3.11)	UNKNOWN STEP	2025-08-21T04:36:45.4002650Z tests/unit/test_pattern_recognition_tool.py::TestPatternRecognitionTool::test_pattern_recognition_motifs PASSED [ 81%]
Run Tests (3.11)	UNKNOWN STEP	2025-08-21T04:36:45.4021618Z tests/unit/test_pattern_recognition_tool.py::TestPatternRecognitionTool::test_pattern_recognition_nonexistent_score PASSED [ 81%]
Run Tests (3.11)	UNKNOWN STEP	2025-08-21T04:36:45.6289119Z tests/unit/test_pattern_recognition_tool.py::TestPatternRecognitionTool::test_pattern_recognition_custom_parameters PASSED [ 82%]
Run Tests (3.11)	UNKNOWN STEP	2025-08-21T04:36:45.8546380Z tests/unit/test_pattern_recognition_tool.py::TestPatternRecognitionTool::test_pattern_recognition_rhythmic_patterns PASSED [ 82%]
Run Tests (3.11)	UNKNOWN STEP	2025-08-21T04:36:46.0825999Z tests/unit/test_pattern_recognition_tool.py::TestPatternRecognitionTool::test_pattern_recognition_harmonic_patterns PASSED [ 82%]
Run Tests (3.11)	UNKNOWN STEP	2025-08-21T04:36:46.0850964Z tests/unit/test_pattern_recognition_tool.py::TestPatternRecognitionTool::test_pattern_recognition_handles_empty_score PASSED [ 83%]
Run Tests (3.11)	UNKNOWN STEP	2025-08-21T04:36:46.0867911Z tests/unit/test_performance_optimizations.py::TestPerformanceOptimizer::test_optimizer_initialization PASSED [ 83%]
Run Tests (3.11)	UNKNOWN STEP	2025-08-21T04:36:46.0887409Z tests/unit/test_performance_optimizations.py::TestPerformanceOptimizer::test_chord_hash PASSED [ 83%]
Run Tests (3.11)	UNKNOWN STEP	2025-08-21T04:36:46.0944640Z tests/unit/test_performance_optimizations.py::TestPerformanceOptimizer::test_fast_roman_lookup PASSED [ 83%]
Run Tests (3.11)	UNKNOWN STEP	2025-08-21T04:36:46.0987904Z tests/unit/test_performance_optimizations.py::TestPerformanceOptimizer::test_cached_roman_numeral PASSED [ 84%]
Run Tests (3.11)	UNKNOWN STEP	2025-08-21T04:36:46.1070519Z tests/unit/test_performance_optimizations.py::TestPerformanceOptimizer::test_analyze_chords_parallel PASSED [ 84%]
Run Tests (3.11)	UNKNOWN STEP	2025-08-21T04:36:47.1969445Z tests/unit/test_performance_optimizations.py::TestPerformanceOptimizer::test_warm_cache PASSED [ 84%]
Run Tests (3.11)	UNKNOWN STEP	2025-08-21T04:36:47.1994536Z tests/unit/test_performance_optimizations.py::TestOptimizedChordAnalysisTool::test_analyze_chords_not_found PASSED [ 84%]
Run Tests (3.11)	UNKNOWN STEP	2025-08-21T04:36:47.2335563Z tests/unit/test_performance_optimizations.py::TestOptimizedChordAnalysisTool::test_analyze_chords_with_caching PASSED [ 85%]
Run Tests (3.11)	UNKNOWN STEP	2025-08-21T04:36:47.2358530Z tests/unit/test_performance_optimizations.py::TestOptimizedHarmonyAnalysisTool::test_analyze_harmony_not_found PASSED [ 85%]
Run Tests (3.11)	UNKNOWN STEP	2025-08-21T04:36:47.2672325Z tests/unit/test_performance_optimizations.py::TestOptimizedHarmonyAnalysisTool::test_analyze_harmony_with_cache PASSED [ 85%]
Run Tests (3.11)	UNKNOWN STEP	2025-08-21T04:36:47.2690746Z tests/unit/test_performance_optimizations.py::TestCachedAnalysisDecorator::test_cached_decorator_basic PASSED [ 85%]
Run Tests (3.11)	UNKNOWN STEP	2025-08-21T04:36:47.2708335Z tests/unit/test_performance_optimizations.py::TestCachedAnalysisDecorator::test_cached_decorator_with_key_func PASSED [ 86%]
Run Tests (3.11)	UNKNOWN STEP	2025-08-21T04:36:48.4043261Z tests/unit/test_performance_optimizations.py::TestIntegration::test_full_optimization_workflow PASSED [ 86%]
Run Tests (3.11)	UNKNOWN STEP	2025-08-21T04:36:48.4055527Z tests/unit/test_score_info_tool.py::TestScoreInfoTool::test_tool_initialization PASSED [ 86%]
Run Tests (3.11)	UNKNOWN STEP	2025-08-21T04:36:48.5688096Z tests/unit/test_score_info_tool.py::TestScoreInfoTool::test_get_score_info_success PASSED [ 87%]
Run Tests (3.11)	UNKNOWN STEP	2025-08-21T04:36:48.5707074Z tests/unit/test_score_info_tool.py::TestScoreInfoTool::test_get_score_info_nonexistent PASSED [ 87%]
Run Tests (3.11)	UNKNOWN STEP	2025-08-21T04:36:48.6188554Z tests/unit/test_score_info_tool.py::TestScoreInfoTool::test_score_info_structure PASSED [ 87%]
Run Tests (3.11)	UNKNOWN STEP	2025-08-21T04:36:48.6677657Z tests/unit/test_score_info_tool.py::TestScoreInfoTool::test_score_info_time_signature PASSED [ 87%]
Run Tests (3.11)	UNKNOWN STEP	2025-08-21T04:36:48.7163317Z tests/unit/test_score_info_tool.py::TestScoreInfoTool::test_score_info_key_signature PASSED [ 88%]
Run Tests (3.11)	UNKNOWN STEP	2025-08-21T04:36:48.7643133Z tests/unit/test_score_info_tool.py::TestScoreInfoTool::test_score_info_duration PASSED [ 88%]
Run Tests (3.11)	UNKNOWN STEP	2025-08-21T04:36:48.7707044Z tests/unit/test_score_info_tool.py::TestScoreInfoTool::test_score_info_handles_complex_score PASSED [ 88%]
Run Tests (3.11)	UNKNOWN STEP	2025-08-21T04:36:48.7735872Z tests/unit/test_score_info_tool.py::TestScoreInfoTool::test_score_info_handles_empty_score PASSED [ 88%]
Run Tests (3.11)	UNKNOWN STEP	2025-08-21T04:36:48.7748057Z tests/unit/test_style_imitation_tool.py::TestStyleImitationTool::test_tool_initialization PASSED [ 89%]
Run Tests (3.11)	UNKNOWN STEP	2025-08-21T04:36:49.0027260Z tests/unit/test_style_imitation_tool.py::TestStyleImitationTool::test_style_imitation_success PASSED [ 89%]
Run Tests (3.11)	UNKNOWN STEP	2025-08-21T04:36:49.0046764Z tests/unit/test_style_imitation_tool.py::TestStyleImitationTool::test_style_imitation_nonexistent_score PASSED [ 89%]
Run Tests (3.11)	UNKNOWN STEP	2025-08-21T04:36:49.0313512Z tests/unit/test_style_imitation_tool.py::TestStyleImitationTool::test_style_imitation_different_styles PASSED [ 90%]
Run Tests (3.11)	UNKNOWN STEP	2025-08-21T04:36:50.0849549Z tests/unit/test_style_imitation_tool.py::TestStyleImitationTool::test_style_imitation_length_parameter PASSED [ 90%]
Run Tests (3.11)	UNKNOWN STEP	2025-08-21T04:36:50.2872293Z tests/unit/test_style_imitation_tool.py::TestStyleImitationTool::test_style_imitation_analysis_info PASSED [ 90%]
Run Tests (3.11)	UNKNOWN STEP	2025-08-21T04:36:50.4854639Z tests/unit/test_style_imitation_tool.py::TestStyleImitationTool::test_style_imitation_duplicate_output_id PASSED [ 90%]
Run Tests (3.11)	UNKNOWN STEP	2025-08-21T04:36:50.7827302Z tests/unit/test_style_imitation_tool.py::TestStyleImitationTool::test_style_imitation_custom_parameters PASSED [ 91%]
Run Tests (3.11)	UNKNOWN STEP	2025-08-21T04:36:50.7848379Z tests/unit/test_style_imitation_tool.py::TestStyleImitationTool::test_style_imitation_minimal_input PASSED [ 91%]
Run Tests (3.11)	UNKNOWN STEP	2025-08-21T04:36:50.8110767Z tests/unit/test_style_imitation_tool.py::TestStyleImitationTool::test_style_imitation_invalid_length PASSED [ 91%]
Run Tests (3.11)	UNKNOWN STEP	2025-08-21T04:36:50.8673248Z tests/unit/test_style_imitation_tool.py::TestStyleImitationTool::test_style_imitation_auto_detect_style PASSED [ 91%]
Run Tests (3.11)	UNKNOWN STEP	2025-08-21T04:36:50.9058286Z tests/unit/test_tools_unit.py::TestImportScoreTool::test_import_corpus_score PASSED [ 92%]
Run Tests (3.11)	UNKNOWN STEP	2025-08-21T04:36:50.9204872Z tests/unit/test_tools_unit.py::TestImportScoreTool::test_import_text_score PASSED [ 92%]
Run Tests (3.11)	UNKNOWN STEP	2025-08-21T04:36:50.9254362Z tests/unit/test_tools_unit.py::TestImportScoreTool::test_import_file_not_found PASSED [ 92%]
Run Tests (3.11)	UNKNOWN STEP	2025-08-21T04:36:50.9303578Z tests/unit/test_tools_unit.py::TestListScoresTool::test_list_empty_scores PASSED [ 92%]
Run Tests (3.11)	UNKNOWN STEP	2025-08-21T04:36:50.9380866Z tests/unit/test_tools_unit.py::TestListScoresTool::test_list_multiple_scores PASSED [ 93%]
Run Tests (3.11)	UNKNOWN STEP	2025-08-21T04:36:50.9722143Z tests/unit/test_tools_unit.py::TestKeyAnalysisTool::test_analyze_key_krumhansl PASSED [ 93%]
Run Tests (3.11)	UNKNOWN STEP	2025-08-21T04:36:50.9769941Z tests/unit/test_tools_unit.py::TestKeyAnalysisTool::test_analyze_key_score_not_found PASSED [ 93%]
Run Tests (3.11)	UNKNOWN STEP	2025-08-21T04:36:51.1363460Z tests/unit/test_tools_unit.py::TestChordAnalysisTool::test_analyze_chords PASSED [ 94%]
Run Tests (3.11)	UNKNOWN STEP	2025-08-21T04:36:51.1460389Z tests/unit/test_tools_unit.py::TestScoreInfoTool::test_get_score_info PASSED [ 94%]
Run Tests (3.11)	UNKNOWN STEP	2025-08-21T04:36:51.1961082Z tests/unit/test_tools_unit.py::TestExportScoreTool::test_export_musicxml PASSED [ 94%]
Run Tests (3.11)	UNKNOWN STEP	2025-08-21T04:36:51.2153510Z tests/unit/test_tools_unit.py::TestExportScoreTool::test_export_midi PASSED [ 94%]
Run Tests (3.11)	UNKNOWN STEP	2025-08-21T04:36:51.2218831Z tests/unit/test_tools_unit.py::TestDeleteScoreTool::test_delete_existing_score PASSED [ 95%]
Run Tests (3.11)	UNKNOWN STEP	2025-08-21T04:36:51.2279250Z tests/unit/test_tools_unit.py::TestDeleteScoreTool::test_delete_nonexistent_score PASSED [ 95%]
Run Tests (3.11)	UNKNOWN STEP	2025-08-21T04:36:51.2850330Z tests/unit/test_tools_unit.py::TestHarmonyAnalysisTool::test_analyze_harmony PASSED [ 95%]
Run Tests (3.11)	UNKNOWN STEP	2025-08-21T04:36:51.2926471Z tests/unit/test_tools_unit.py::TestVoiceLeadingAnalysisTool::test_analyze_voice_leading PASSED [ 95%]
Run Tests (3.11)	UNKNOWN STEP	2025-08-21T04:36:51.3331402Z tests/unit/test_tools_unit.py::TestPatternRecognitionTool::test_recognize_patterns PASSED [ 96%]
Run Tests (3.11)	UNKNOWN STEP	2025-08-21T04:36:51.7402453Z ##[error]The operation was canceled.
Run Tests (3.11)	UNKNOWN STEP	2025-08-21T04:36:51.7467700Z ##[group]Run actions/upload-artifact@v4
Run Tests (3.11)	UNKNOWN STEP	2025-08-21T04:36:51.7467973Z with:
Run Tests (3.11)	UNKNOWN STEP	2025-08-21T04:36:51.7468149Z   name: test-results-3.11
Run Tests (3.11)	UNKNOWN STEP	2025-08-21T04:36:51.7468354Z   path: junit/
Run Tests (3.11)	UNKNOWN STEP	2025-08-21T04:36:51.7468527Z   if-no-files-found: warn
Run Tests (3.11)	UNKNOWN STEP	2025-08-21T04:36:51.7468727Z   compression-level: 6
Run Tests (3.11)	UNKNOWN STEP	2025-08-21T04:36:51.7468911Z   overwrite: false
Run Tests (3.11)	UNKNOWN STEP	2025-08-21T04:36:51.7469101Z   include-hidden-files: false
Run Tests (3.11)	UNKNOWN STEP	2025-08-21T04:36:51.7469296Z env:
Run Tests (3.11)	UNKNOWN STEP	2025-08-21T04:36:51.7469455Z   PYTHON_VERSION: 3.11
Run Tests (3.11)	UNKNOWN STEP	2025-08-21T04:36:51.7469677Z   UV_CACHE_DIR: /home/runner/work/_temp/setup-uv-cache
Run Tests (3.11)	UNKNOWN STEP	2025-08-21T04:36:51.7469944Z ##[endgroup]
Run Tests (3.11)	UNKNOWN STEP	2025-08-21T04:36:51.9693316Z ##[warning]No files were found with the provided path: junit/. No artifacts will be uploaded.
Run Tests (3.11)	UNKNOWN STEP	2025-08-21T04:36:51.9884958Z Post job cleanup.
Run Tests (3.11)	UNKNOWN STEP	2025-08-21T04:36:52.0882010Z [command]/usr/bin/git version
Run Tests (3.11)	UNKNOWN STEP	2025-08-21T04:36:52.0936557Z git version 2.51.0
Run Tests (3.11)	UNKNOWN STEP	2025-08-21T04:36:52.1001557Z Temporarily overriding HOME='/home/runner/work/_temp/3d71e5e6-5fa4-475c-af42-a302f0d40851' before making global git config changes
Run Tests (3.11)	UNKNOWN STEP	2025-08-21T04:36:52.1002810Z Adding repository directory to the temporary git global config as a safe directory
Run Tests (3.11)	UNKNOWN STEP	2025-08-21T04:36:52.1010488Z [command]/usr/bin/git config --global --add safe.directory /home/runner/work/music21-mcp-server/music21-mcp-server
Run Tests (3.11)	UNKNOWN STEP	2025-08-21T04:36:52.1063142Z [command]/usr/bin/git config --local --name-only --get-regexp core\.sshCommand
Run Tests (3.11)	UNKNOWN STEP	2025-08-21T04:36:52.1104518Z [command]/usr/bin/git submodule foreach --recursive sh -c "git config --local --name-only --get-regexp 'core\.sshCommand' && git config --local --unset-all 'core.sshCommand' || :"
Run Tests (3.11)	UNKNOWN STEP	2025-08-21T04:36:52.1362932Z [command]/usr/bin/git config --local --name-only --get-regexp http\.https\:\/\/github\.com\/\.extraheader
Run Tests (3.11)	UNKNOWN STEP	2025-08-21T04:36:52.1387759Z http.https://github.com/.extraheader
Run Tests (3.11)	UNKNOWN STEP	2025-08-21T04:36:52.1404940Z [command]/usr/bin/git config --local --unset-all http.https://github.com/.extraheader
Run Tests (3.11)	UNKNOWN STEP	2025-08-21T04:36:52.1441548Z [command]/usr/bin/git submodule foreach --recursive sh -c "git config --local --name-only --get-regexp 'http\.https\:\/\/github\.com\/\.extraheader' && git config --local --unset-all 'http.https://github.com/.extraheader' || :"
Run Tests (3.11)	UNKNOWN STEP	2025-08-21T04:36:52.1819316Z Cleaning up orphan processes
Run Tests (3.11)	UNKNOWN STEP	2025-08-21T04:36:52.2034959Z Terminate orphan process: pid (4210) (uv)
Run Tests (3.11)	UNKNOWN STEP	2025-08-21T04:36:52.2052450Z Terminate orphan process: pid (4213) (pytest)
Run Tests (3.12)	UNKNOWN STEP	﻿2025-08-21T04:32:20.5477868Z Current runner version: '2.328.0'
Run Tests (3.12)	UNKNOWN STEP	2025-08-21T04:32:20.5510918Z ##[group]Runner Image Provisioner
Run Tests (3.12)	UNKNOWN STEP	2025-08-21T04:32:20.5512122Z Hosted Compute Agent
Run Tests (3.12)	UNKNOWN STEP	2025-08-21T04:32:20.5513024Z Version: 20250818.377
Run Tests (3.12)	UNKNOWN STEP	2025-08-21T04:32:20.5514221Z Commit: 3c593e9f75fe0b87e893bca80d6e12ba089c61fc
Run Tests (3.12)	UNKNOWN STEP	2025-08-21T04:32:20.5515467Z Build Date: 2025-08-18T14:52:18Z
Run Tests (3.12)	UNKNOWN STEP	2025-08-21T04:32:20.5516643Z ##[endgroup]
Run Tests (3.12)	UNKNOWN STEP	2025-08-21T04:32:20.5517603Z ##[group]Operating System
Run Tests (3.12)	UNKNOWN STEP	2025-08-21T04:32:20.5518614Z Ubuntu
Run Tests (3.12)	UNKNOWN STEP	2025-08-21T04:32:20.5519591Z 24.04.2
Run Tests (3.12)	UNKNOWN STEP	2025-08-21T04:32:20.5520575Z LTS
Run Tests (3.12)	UNKNOWN STEP	2025-08-21T04:32:20.5521399Z ##[endgroup]
Run Tests (3.12)	UNKNOWN STEP	2025-08-21T04:32:20.5523082Z ##[group]Runner Image
Run Tests (3.12)	UNKNOWN STEP	2025-08-21T04:32:20.5524136Z Image: ubuntu-24.04
Run Tests (3.12)	UNKNOWN STEP	2025-08-21T04:32:20.5524997Z Version: 20250818.1.0
Run Tests (3.12)	UNKNOWN STEP	2025-08-21T04:32:20.5526946Z Included Software: https://github.com/actions/runner-images/blob/ubuntu24/20250818.1/images/ubuntu/Ubuntu2404-Readme.md
Run Tests (3.12)	UNKNOWN STEP	2025-08-21T04:32:20.5529930Z Image Release: https://github.com/actions/runner-images/releases/tag/ubuntu24%2F20250818.1
Run Tests (3.12)	UNKNOWN STEP	2025-08-21T04:32:20.5531878Z ##[endgroup]
Run Tests (3.12)	UNKNOWN STEP	2025-08-21T04:32:20.5533688Z ##[group]GITHUB_TOKEN Permissions
Run Tests (3.12)	UNKNOWN STEP	2025-08-21T04:32:20.5536620Z Contents: read
Run Tests (3.12)	UNKNOWN STEP	2025-08-21T04:32:20.5537467Z Metadata: read
Run Tests (3.12)	UNKNOWN STEP	2025-08-21T04:32:20.5538327Z Packages: read
Run Tests (3.12)	UNKNOWN STEP	2025-08-21T04:32:20.5539142Z ##[endgroup]
Run Tests (3.12)	UNKNOWN STEP	2025-08-21T04:32:20.5542398Z Secret source: Actions
Run Tests (3.12)	UNKNOWN STEP	2025-08-21T04:32:20.5543767Z Prepare workflow directory
Run Tests (3.12)	UNKNOWN STEP	2025-08-21T04:32:20.6099818Z Prepare all required actions
Run Tests (3.12)	UNKNOWN STEP	2025-08-21T04:32:20.6157406Z Getting action download info
Run Tests (3.12)	UNKNOWN STEP	2025-08-21T04:32:20.8780920Z Download action repository 'actions/checkout@v4' (SHA:08eba0b27e820071cde6df949e0beb9ba4906955)
Run Tests (3.12)	UNKNOWN STEP	2025-08-21T04:32:20.9494743Z Download action repository 'astral-sh/setup-uv@v3' (SHA:caf0cab7a618c569241d31dcd442f54681755d39)
Run Tests (3.12)	UNKNOWN STEP	2025-08-21T04:32:21.2085769Z Download action repository 'actions/upload-artifact@v4' (SHA:ea165f8d65b6e75b540449e92b4886f43607fa02)
Run Tests (3.12)	UNKNOWN STEP	2025-08-21T04:32:21.3262973Z Download action repository 'codecov/codecov-action@v4' (SHA:b9fd7d16f6d7d1b5d2bec1a2887e65ceed900238)
Run Tests (3.12)	UNKNOWN STEP	2025-08-21T04:32:21.6373398Z Complete job name: Run Tests (3.12)
Run Tests (3.12)	UNKNOWN STEP	2025-08-21T04:32:21.7167513Z ##[group]Run actions/checkout@v4
Run Tests (3.12)	UNKNOWN STEP	2025-08-21T04:32:21.7168835Z with:
Run Tests (3.12)	UNKNOWN STEP	2025-08-21T04:32:21.7169722Z   fetch-depth: 0
Run Tests (3.12)	UNKNOWN STEP	2025-08-21T04:32:21.7170692Z   repository: brightlikethelight/music21-mcp-server
Run Tests (3.12)	UNKNOWN STEP	2025-08-21T04:32:21.7172115Z   token: ***
Run Tests (3.12)	UNKNOWN STEP	2025-08-21T04:32:21.7172869Z   ssh-strict: true
Run Tests (3.12)	UNKNOWN STEP	2025-08-21T04:32:21.7173642Z   ssh-user: git
Run Tests (3.12)	UNKNOWN STEP	2025-08-21T04:32:21.7174455Z   persist-credentials: true
Run Tests (3.12)	UNKNOWN STEP	2025-08-21T04:32:21.7175365Z   clean: true
Run Tests (3.12)	UNKNOWN STEP	2025-08-21T04:32:21.7176166Z   sparse-checkout-cone-mode: true
Run Tests (3.12)	UNKNOWN STEP	2025-08-21T04:32:21.7177152Z   fetch-tags: false
Run Tests (3.12)	UNKNOWN STEP	2025-08-21T04:32:21.7177944Z   show-progress: true
Run Tests (3.12)	UNKNOWN STEP	2025-08-21T04:32:21.7178777Z   lfs: false
Run Tests (3.12)	UNKNOWN STEP	2025-08-21T04:32:21.7179679Z   submodules: false
Run Tests (3.12)	UNKNOWN STEP	2025-08-21T04:32:21.7180504Z   set-safe-directory: true
Run Tests (3.12)	UNKNOWN STEP	2025-08-21T04:32:21.7181635Z env:
Run Tests (3.12)	UNKNOWN STEP	2025-08-21T04:32:21.7182401Z   PYTHON_VERSION: 3.11
Run Tests (3.12)	UNKNOWN STEP	2025-08-21T04:32:21.7183273Z   UV_CACHE_DIR: /tmp/.uv-cache
Run Tests (3.12)	UNKNOWN STEP	2025-08-21T04:32:21.7184178Z ##[endgroup]
Run Tests (3.12)	UNKNOWN STEP	2025-08-21T04:32:21.8405268Z Syncing repository: brightlikethelight/music21-mcp-server
Run Tests (3.12)	UNKNOWN STEP	2025-08-21T04:32:21.8409712Z ##[group]Getting Git version info
Run Tests (3.12)	UNKNOWN STEP	2025-08-21T04:32:21.8411374Z Working directory is '/home/runner/work/music21-mcp-server/music21-mcp-server'
Run Tests (3.12)	UNKNOWN STEP	2025-08-21T04:32:21.8413642Z [command]/usr/bin/git version
Run Tests (3.12)	UNKNOWN STEP	2025-08-21T04:32:21.8448257Z git version 2.51.0
Run Tests (3.12)	UNKNOWN STEP	2025-08-21T04:32:21.8494414Z ##[endgroup]
Run Tests (3.12)	UNKNOWN STEP	2025-08-21T04:32:21.8521665Z Temporarily overriding HOME='/home/runner/work/_temp/5a2a2e7b-f95b-4df3-a417-2c96965b69f4' before making global git config changes
Run Tests (3.12)	UNKNOWN STEP	2025-08-21T04:32:21.8533533Z Adding repository directory to the temporary git global config as a safe directory
Run Tests (3.12)	UNKNOWN STEP	2025-08-21T04:32:21.8536084Z [command]/usr/bin/git config --global --add safe.directory /home/runner/work/music21-mcp-server/music21-mcp-server
Run Tests (3.12)	UNKNOWN STEP	2025-08-21T04:32:21.8571189Z Deleting the contents of '/home/runner/work/music21-mcp-server/music21-mcp-server'
Run Tests (3.12)	UNKNOWN STEP	2025-08-21T04:32:21.8575861Z ##[group]Initializing the repository
Run Tests (3.12)	UNKNOWN STEP	2025-08-21T04:32:21.8580803Z [command]/usr/bin/git init /home/runner/work/music21-mcp-server/music21-mcp-server
Run Tests (3.12)	UNKNOWN STEP	2025-08-21T04:32:22.0968677Z hint: Using 'master' as the name for the initial branch. This default branch name
Run Tests (3.12)	UNKNOWN STEP	2025-08-21T04:32:22.0970634Z hint: is subject to change. To configure the initial branch name to use in all
Run Tests (3.12)	UNKNOWN STEP	2025-08-21T04:32:22.0972122Z hint: of your new repositories, which will suppress this warning, call:
Run Tests (3.12)	UNKNOWN STEP	2025-08-21T04:32:22.0973739Z hint:
Run Tests (3.12)	UNKNOWN STEP	2025-08-21T04:32:22.0974663Z hint: 	git config --global init.defaultBranch <name>
Run Tests (3.12)	UNKNOWN STEP	2025-08-21T04:32:22.0975597Z hint:
Run Tests (3.12)	UNKNOWN STEP	2025-08-21T04:32:22.0976348Z hint: Names commonly chosen instead of 'master' are 'main', 'trunk' and
Run Tests (3.12)	UNKNOWN STEP	2025-08-21T04:32:22.0977834Z hint: 'development'. The just-created branch can be renamed via this command:
Run Tests (3.12)	UNKNOWN STEP	2025-08-21T04:32:22.0978599Z hint:
Run Tests (3.12)	UNKNOWN STEP	2025-08-21T04:32:22.0979003Z hint: 	git branch -m <name>
Run Tests (3.12)	UNKNOWN STEP	2025-08-21T04:32:22.0979657Z hint:
Run Tests (3.12)	UNKNOWN STEP	2025-08-21T04:32:22.0980276Z hint: Disable this message with "git config set advice.defaultBranchName false"
Run Tests (3.12)	UNKNOWN STEP	2025-08-21T04:32:22.0981511Z Initialized empty Git repository in /home/runner/work/music21-mcp-server/music21-mcp-server/.git/
Run Tests (3.12)	UNKNOWN STEP	2025-08-21T04:32:22.0984127Z [command]/usr/bin/git remote add origin https://github.com/brightlikethelight/music21-mcp-server
Run Tests (3.12)	UNKNOWN STEP	2025-08-21T04:32:22.1020297Z ##[endgroup]
Run Tests (3.12)	UNKNOWN STEP	2025-08-21T04:32:22.1020927Z ##[group]Disabling automatic garbage collection
Run Tests (3.12)	UNKNOWN STEP	2025-08-21T04:32:22.1024478Z [command]/usr/bin/git config --local gc.auto 0
Run Tests (3.12)	UNKNOWN STEP	2025-08-21T04:32:22.1053845Z ##[endgroup]
Run Tests (3.12)	UNKNOWN STEP	2025-08-21T04:32:22.1054403Z ##[group]Setting up auth
Run Tests (3.12)	UNKNOWN STEP	2025-08-21T04:32:22.1060681Z [command]/usr/bin/git config --local --name-only --get-regexp core\.sshCommand
Run Tests (3.12)	UNKNOWN STEP	2025-08-21T04:32:22.1091229Z [command]/usr/bin/git submodule foreach --recursive sh -c "git config --local --name-only --get-regexp 'core\.sshCommand' && git config --local --unset-all 'core.sshCommand' || :"
Run Tests (3.12)	UNKNOWN STEP	2025-08-21T04:32:22.1354906Z [command]/usr/bin/git config --local --name-only --get-regexp http\.https\:\/\/github\.com\/\.extraheader
Run Tests (3.12)	UNKNOWN STEP	2025-08-21T04:32:22.1391801Z [command]/usr/bin/git submodule foreach --recursive sh -c "git config --local --name-only --get-regexp 'http\.https\:\/\/github\.com\/\.extraheader' && git config --local --unset-all 'http.https://github.com/.extraheader' || :"
Run Tests (3.12)	UNKNOWN STEP	2025-08-21T04:32:22.1627692Z [command]/usr/bin/git config --local http.https://github.com/.extraheader AUTHORIZATION: basic ***
Run Tests (3.12)	UNKNOWN STEP	2025-08-21T04:32:22.1667002Z ##[endgroup]
Run Tests (3.12)	UNKNOWN STEP	2025-08-21T04:32:22.1667951Z ##[group]Fetching the repository
Run Tests (3.12)	UNKNOWN STEP	2025-08-21T04:32:22.1676203Z [command]/usr/bin/git -c protocol.version=2 fetch --prune --no-recurse-submodules origin +refs/heads/*:refs/remotes/origin/* +refs/tags/*:refs/tags/*
Run Tests (3.12)	UNKNOWN STEP	2025-08-21T04:32:22.5497545Z From https://github.com/brightlikethelight/music21-mcp-server
Run Tests (3.12)	UNKNOWN STEP	2025-08-21T04:32:22.5499923Z  * [new branch]      dependabot/github_actions/actions/checkout-5 -> origin/dependabot/github_actions/actions/checkout-5
Run Tests (3.12)	UNKNOWN STEP	2025-08-21T04:32:22.5501483Z  * [new branch]      dependabot/github_actions/actions/setup-python-5 -> origin/dependabot/github_actions/actions/setup-python-5
Run Tests (3.12)	UNKNOWN STEP	2025-08-21T04:32:22.5502545Z  * [new branch]      dependabot/github_actions/astral-sh/setup-uv-6 -> origin/dependabot/github_actions/astral-sh/setup-uv-6
Run Tests (3.12)	UNKNOWN STEP	2025-08-21T04:32:22.5503590Z  * [new branch]      dependabot/github_actions/codecov/codecov-action-5 -> origin/dependabot/github_actions/codecov/codecov-action-5
Run Tests (3.12)	UNKNOWN STEP	2025-08-21T04:32:22.5504481Z  * [new branch]      dependabot/pip/fastapi-0.116.1 -> origin/dependabot/pip/fastapi-0.116.1
Run Tests (3.12)	UNKNOWN STEP	2025-08-21T04:32:22.5505215Z  * [new branch]      dependabot/pip/pre-commit-tw-4.2.0 -> origin/dependabot/pip/pre-commit-tw-4.2.0
Run Tests (3.12)	UNKNOWN STEP	2025-08-21T04:32:22.5505981Z  * [new branch]      dependabot/pip/pydantic-2.11.7 -> origin/dependabot/pip/pydantic-2.11.7
Run Tests (3.12)	UNKNOWN STEP	2025-08-21T04:32:22.5506786Z  * [new branch]      dependabot/pip/types-psutil-tw-7.0.0 -> origin/dependabot/pip/types-psutil-tw-7.0.0
Run Tests (3.12)	UNKNOWN STEP	2025-08-21T04:32:22.5507661Z  * [new branch]      dependabot/pip/uvicorn-standard--0.35.0 -> origin/dependabot/pip/uvicorn-standard--0.35.0
Run Tests (3.12)	UNKNOWN STEP	2025-08-21T04:32:22.5508296Z  * [new branch]      main       -> origin/main
Run Tests (3.12)	UNKNOWN STEP	2025-08-21T04:32:22.5566170Z [command]/usr/bin/git branch --list --remote origin/main
Run Tests (3.12)	UNKNOWN STEP	2025-08-21T04:32:22.5591848Z   origin/main
Run Tests (3.12)	UNKNOWN STEP	2025-08-21T04:32:22.5601130Z [command]/usr/bin/git rev-parse refs/remotes/origin/main
Run Tests (3.12)	UNKNOWN STEP	2025-08-21T04:32:22.5621729Z 9d8df043cf11fb0d04458db3b85ff4ca4514fbe1
Run Tests (3.12)	UNKNOWN STEP	2025-08-21T04:32:22.5627825Z ##[endgroup]
Run Tests (3.12)	UNKNOWN STEP	2025-08-21T04:32:22.5628888Z ##[group]Determining the checkout info
Run Tests (3.12)	UNKNOWN STEP	2025-08-21T04:32:22.5632025Z ##[endgroup]
Run Tests (3.12)	UNKNOWN STEP	2025-08-21T04:32:22.5634307Z [command]/usr/bin/git sparse-checkout disable
Run Tests (3.12)	UNKNOWN STEP	2025-08-21T04:32:22.5673840Z [command]/usr/bin/git config --local --unset-all extensions.worktreeConfig
Run Tests (3.12)	UNKNOWN STEP	2025-08-21T04:32:22.5701597Z ##[group]Checking out the ref
Run Tests (3.12)	UNKNOWN STEP	2025-08-21T04:32:22.5706033Z [command]/usr/bin/git checkout --progress --force -B main refs/remotes/origin/main
Run Tests (3.12)	UNKNOWN STEP	2025-08-21T04:32:22.5930304Z Switched to a new branch 'main'
Run Tests (3.12)	UNKNOWN STEP	2025-08-21T04:32:22.5932902Z branch 'main' set up to track 'origin/main'.
Run Tests (3.12)	UNKNOWN STEP	2025-08-21T04:32:22.5940887Z ##[endgroup]
Run Tests (3.12)	UNKNOWN STEP	2025-08-21T04:32:22.5980073Z [command]/usr/bin/git log -1 --format=%H
Run Tests (3.12)	UNKNOWN STEP	2025-08-21T04:32:22.6003526Z 9d8df043cf11fb0d04458db3b85ff4ca4514fbe1
Run Tests (3.12)	UNKNOWN STEP	2025-08-21T04:32:22.6209299Z ##[group]Run astral-sh/setup-uv@v3
Run Tests (3.12)	UNKNOWN STEP	2025-08-21T04:32:22.6209833Z with:
Run Tests (3.12)	UNKNOWN STEP	2025-08-21T04:32:22.6210093Z   enable-cache: true
Run Tests (3.12)	UNKNOWN STEP	2025-08-21T04:32:22.6210375Z   version: latest
Run Tests (3.12)	UNKNOWN STEP	2025-08-21T04:32:22.6210811Z   github-token: ***
Run Tests (3.12)	UNKNOWN STEP	2025-08-21T04:32:22.6211105Z   cache-dependency-glob: **/uv.lock
Run Tests (3.12)	UNKNOWN STEP	2025-08-21T04:32:22.6211561Z   prune-cache: true
Run Tests (3.12)	UNKNOWN STEP	2025-08-21T04:32:22.6211826Z env:
Run Tests (3.12)	UNKNOWN STEP	2025-08-21T04:32:22.6212072Z   PYTHON_VERSION: 3.11
Run Tests (3.12)	UNKNOWN STEP	2025-08-21T04:32:22.6212360Z   UV_CACHE_DIR: /tmp/.uv-cache
Run Tests (3.12)	UNKNOWN STEP	2025-08-21T04:32:22.6212667Z ##[endgroup]
Run Tests (3.12)	UNKNOWN STEP	2025-08-21T04:32:22.7855404Z Downloading uv from "https://github.com/astral-sh/uv/releases/latest/download/uv-x86_64-unknown-linux-gnu.tar.gz" ...
Run Tests (3.12)	UNKNOWN STEP	2025-08-21T04:32:23.1305253Z [command]/usr/bin/tar xz --warning=no-unknown-keyword --overwrite -C /home/runner/work/_temp/50979f04-883a-4ce4-aa3e-e8d8891d775f -f /home/runner/work/_temp/9941d19c-a0be-4fef-a3c0-a129582ee4d1
Run Tests (3.12)	UNKNOWN STEP	2025-08-21T04:32:23.5410223Z Added /opt/hostedtoolcache/uv/0.8.12/x86_64 to the path
Run Tests (3.12)	UNKNOWN STEP	2025-08-21T04:32:23.5412282Z Added /home/runner/.local/bin to the path
Run Tests (3.12)	UNKNOWN STEP	2025-08-21T04:32:23.5417514Z Successfully installed uv version 0.8.12
Run Tests (3.12)	UNKNOWN STEP	2025-08-21T04:32:23.5438132Z Set UV_CACHE_DIR to /home/runner/work/_temp/setup-uv-cache
Run Tests (3.12)	UNKNOWN STEP	2025-08-21T04:32:23.5438619Z Searching files using cache dependency glob: **/uv.lock
Run Tests (3.12)	UNKNOWN STEP	2025-08-21T04:32:23.5700744Z /home/runner/work/music21-mcp-server/music21-mcp-server/uv.lock
Run Tests (3.12)	UNKNOWN STEP	2025-08-21T04:32:23.5728363Z Found 1 files to hash.
Run Tests (3.12)	UNKNOWN STEP	2025-08-21T04:32:23.5730295Z Trying to restore uv cache from GitHub Actions cache with key: setup-uv-1-x86_64-unknown-linux-gnu-0.8.12-8fa48ae63ace3844ac3557b85585f9543a46916205256a6804701b9faff037d7
Run Tests (3.12)	UNKNOWN STEP	2025-08-21T04:32:23.6178264Z ##[warning]Failed to restore: Cache service responded with 400
Run Tests (3.12)	UNKNOWN STEP	2025-08-21T04:32:23.6188068Z No GitHub Actions cache found for key: setup-uv-1-x86_64-unknown-linux-gnu-0.8.12-8fa48ae63ace3844ac3557b85585f9543a46916205256a6804701b9faff037d7
Run Tests (3.12)	UNKNOWN STEP	2025-08-21T04:32:23.6291569Z ##[group]Run uv python install 3.12
Run Tests (3.12)	UNKNOWN STEP	2025-08-21T04:32:23.6291993Z [36;1muv python install 3.12[0m
Run Tests (3.12)	UNKNOWN STEP	2025-08-21T04:32:23.6358945Z shell: /usr/bin/bash -e {0}
Run Tests (3.12)	UNKNOWN STEP	2025-08-21T04:32:23.6359309Z env:
Run Tests (3.12)	UNKNOWN STEP	2025-08-21T04:32:23.6359890Z   PYTHON_VERSION: 3.11
Run Tests (3.12)	UNKNOWN STEP	2025-08-21T04:32:23.6360287Z   UV_CACHE_DIR: /home/runner/work/_temp/setup-uv-cache
Run Tests (3.12)	UNKNOWN STEP	2025-08-21T04:32:23.6360706Z ##[endgroup]
Run Tests (3.12)	UNKNOWN STEP	2025-08-21T04:32:23.7550325Z Downloading cpython-3.12.11-linux-x86_64-gnu (download) (29.9MiB)
Run Tests (3.12)	UNKNOWN STEP	2025-08-21T04:32:24.5052436Z  Downloading cpython-3.12.11-linux-x86_64-gnu (download)
Run Tests (3.12)	UNKNOWN STEP	2025-08-21T04:32:24.5106374Z Installed Python 3.12.11 in 859ms
Run Tests (3.12)	UNKNOWN STEP	2025-08-21T04:32:24.5107286Z  + cpython-3.12.11-linux-x86_64-gnu (python3.12)
Run Tests (3.12)	UNKNOWN STEP	2025-08-21T04:32:24.5168572Z ##[group]Run sudo apt-get update
Run Tests (3.12)	UNKNOWN STEP	2025-08-21T04:32:24.5168967Z [36;1msudo apt-get update[0m
Run Tests (3.12)	UNKNOWN STEP	2025-08-21T04:32:24.5169572Z [36;1msudo apt-get install -y fluidsynth musescore3[0m
Run Tests (3.12)	UNKNOWN STEP	2025-08-21T04:32:24.5210925Z shell: /usr/bin/bash -e {0}
Run Tests (3.12)	UNKNOWN STEP	2025-08-21T04:32:24.5211262Z env:
Run Tests (3.12)	UNKNOWN STEP	2025-08-21T04:32:24.5211530Z   PYTHON_VERSION: 3.11
Run Tests (3.12)	UNKNOWN STEP	2025-08-21T04:32:24.5212094Z   UV_CACHE_DIR: /home/runner/work/_temp/setup-uv-cache
Run Tests (3.12)	UNKNOWN STEP	2025-08-21T04:32:24.5212549Z ##[endgroup]
Run Tests (3.12)	UNKNOWN STEP	2025-08-21T04:32:24.5933703Z Get:1 file:/etc/apt/apt-mirrors.txt Mirrorlist [144 B]
Run Tests (3.12)	UNKNOWN STEP	2025-08-21T04:32:24.6250264Z Hit:2 http://azure.archive.ubuntu.com/ubuntu noble InRelease
Run Tests (3.12)	UNKNOWN STEP	2025-08-21T04:32:24.6305651Z Get:3 http://azure.archive.ubuntu.com/ubuntu noble-updates InRelease [126 kB]
Run Tests (3.12)	UNKNOWN STEP	2025-08-21T04:32:24.6310552Z Hit:6 https://packages.microsoft.com/repos/azure-cli noble InRelease
Run Tests (3.12)	UNKNOWN STEP	2025-08-21T04:32:24.6334557Z Get:4 http://azure.archive.ubuntu.com/ubuntu noble-backports InRelease [126 kB]
Run Tests (3.12)	UNKNOWN STEP	2025-08-21T04:32:24.6360999Z Get:5 http://azure.archive.ubuntu.com/ubuntu noble-security InRelease [126 kB]
Run Tests (3.12)	UNKNOWN STEP	2025-08-21T04:32:24.6362876Z Get:7 https://packages.microsoft.com/ubuntu/24.04/prod noble InRelease [3600 B]
Run Tests (3.12)	UNKNOWN STEP	2025-08-21T04:32:24.8075599Z Get:8 http://azure.archive.ubuntu.com/ubuntu noble-updates/main amd64 Packages [1350 kB]
Run Tests (3.12)	UNKNOWN STEP	2025-08-21T04:32:24.8225287Z Get:9 http://azure.archive.ubuntu.com/ubuntu noble-updates/main Translation-en [268 kB]
Run Tests (3.12)	UNKNOWN STEP	2025-08-21T04:32:24.8254545Z Get:10 http://azure.archive.ubuntu.com/ubuntu noble-updates/main amd64 Components [175 kB]
Run Tests (3.12)	UNKNOWN STEP	2025-08-21T04:32:24.8280207Z Get:11 http://azure.archive.ubuntu.com/ubuntu noble-updates/universe amd64 Packages [1123 kB]
Run Tests (3.12)	UNKNOWN STEP	2025-08-21T04:32:24.8482035Z Get:12 http://azure.archive.ubuntu.com/ubuntu noble-updates/universe Translation-en [288 kB]
Run Tests (3.12)	UNKNOWN STEP	2025-08-21T04:32:24.8504529Z Get:13 http://azure.archive.ubuntu.com/ubuntu noble-updates/universe amd64 Components [376 kB]
Run Tests (3.12)	UNKNOWN STEP	2025-08-21T04:32:24.8537776Z Get:14 http://azure.archive.ubuntu.com/ubuntu noble-updates/restricted amd64 Packages [1728 kB]
Run Tests (3.12)	UNKNOWN STEP	2025-08-21T04:32:24.8637687Z Get:15 http://azure.archive.ubuntu.com/ubuntu noble-updates/restricted Translation-en [382 kB]
Run Tests (3.12)	UNKNOWN STEP	2025-08-21T04:32:24.8671988Z Get:16 http://azure.archive.ubuntu.com/ubuntu noble-updates/restricted amd64 Components [212 B]
Run Tests (3.12)	UNKNOWN STEP	2025-08-21T04:32:24.8742744Z Get:17 http://azure.archive.ubuntu.com/ubuntu noble-updates/multiverse amd64 Components [940 B]
Run Tests (3.12)	UNKNOWN STEP	2025-08-21T04:32:24.9248183Z Get:18 http://azure.archive.ubuntu.com/ubuntu noble-backports/main amd64 Components [7072 B]
Run Tests (3.12)	UNKNOWN STEP	2025-08-21T04:32:24.9263993Z Get:19 http://azure.archive.ubuntu.com/ubuntu noble-backports/universe amd64 Components [19.2 kB]
Run Tests (3.12)	UNKNOWN STEP	2025-08-21T04:32:24.9281172Z Get:20 http://azure.archive.ubuntu.com/ubuntu noble-backports/restricted amd64 Components [216 B]
Run Tests (3.12)	UNKNOWN STEP	2025-08-21T04:32:24.9289714Z Get:21 http://azure.archive.ubuntu.com/ubuntu noble-backports/multiverse amd64 Components [212 B]
Run Tests (3.12)	UNKNOWN STEP	2025-08-21T04:32:24.9486673Z Get:22 http://azure.archive.ubuntu.com/ubuntu noble-security/main amd64 Packages [1083 kB]
Run Tests (3.12)	UNKNOWN STEP	2025-08-21T04:32:24.9551257Z Get:23 http://azure.archive.ubuntu.com/ubuntu noble-security/main Translation-en [187 kB]
Run Tests (3.12)	UNKNOWN STEP	2025-08-21T04:32:24.9578764Z Get:24 http://azure.archive.ubuntu.com/ubuntu noble-security/main amd64 Components [21.5 kB]
Run Tests (3.12)	UNKNOWN STEP	2025-08-21T04:32:24.9584998Z Get:25 http://azure.archive.ubuntu.com/ubuntu noble-security/universe amd64 Packages [881 kB]
Run Tests (3.12)	UNKNOWN STEP	2025-08-21T04:32:24.9649176Z Get:26 http://azure.archive.ubuntu.com/ubuntu noble-security/universe Translation-en [195 kB]
Run Tests (3.12)	UNKNOWN STEP	2025-08-21T04:32:24.9675142Z Get:27 http://azure.archive.ubuntu.com/ubuntu noble-security/universe amd64 Components [52.2 kB]
Run Tests (3.12)	UNKNOWN STEP	2025-08-21T04:32:24.9711110Z Get:28 http://azure.archive.ubuntu.com/ubuntu noble-security/restricted amd64 Packages [1631 kB]
Run Tests (3.12)	UNKNOWN STEP	2025-08-21T04:32:24.9795566Z Get:29 http://azure.archive.ubuntu.com/ubuntu noble-security/restricted Translation-en [361 kB]
Run Tests (3.12)	UNKNOWN STEP	2025-08-21T04:32:24.9832383Z Get:30 http://azure.archive.ubuntu.com/ubuntu noble-security/restricted amd64 Components [212 B]
Run Tests (3.12)	UNKNOWN STEP	2025-08-21T04:32:24.9850159Z Get:31 http://azure.archive.ubuntu.com/ubuntu noble-security/multiverse amd64 Components [208 B]
Run Tests (3.12)	UNKNOWN STEP	2025-08-21T04:32:25.0126514Z Get:32 https://packages.microsoft.com/ubuntu/24.04/prod noble/main arm64 Packages [33.2 kB]
Run Tests (3.12)	UNKNOWN STEP	2025-08-21T04:32:25.0168467Z Get:33 https://packages.microsoft.com/ubuntu/24.04/prod noble/main armhf Packages [9870 B]
Run Tests (3.12)	UNKNOWN STEP	2025-08-21T04:32:25.0191302Z Get:34 https://packages.microsoft.com/ubuntu/24.04/prod noble/main amd64 Packages [48.0 kB]
Run Tests (3.12)	UNKNOWN STEP	2025-08-21T04:32:31.8790004Z Fetched 10.6 MB in 1s (8059 kB/s)
Run Tests (3.12)	UNKNOWN STEP	2025-08-21T04:32:32.5929046Z Reading package lists...
Run Tests (3.12)	UNKNOWN STEP	2025-08-21T04:32:32.6261339Z Reading package lists...
Run Tests (3.12)	UNKNOWN STEP	2025-08-21T04:32:32.8119004Z Building dependency tree...
Run Tests (3.12)	UNKNOWN STEP	2025-08-21T04:32:32.8126945Z Reading state information...
Run Tests (3.12)	UNKNOWN STEP	2025-08-21T04:32:32.9774282Z The following additional packages will be installed:
Run Tests (3.12)	UNKNOWN STEP	2025-08-21T04:32:32.9776007Z   desktop-file-utils fluid-soundfont-gm fonts-freefont-ttf libasyncns0 libb2-1
Run Tests (3.12)	UNKNOWN STEP	2025-08-21T04:32:32.9779189Z   libdecor-0-0 libdecor-0-plugin-1-gtk libdouble-conversion3 libegl-mesa0
Run Tests (3.12)	UNKNOWN STEP	2025-08-21T04:32:32.9780382Z   libegl1 libflac12t64 libfluidsynth3 libinput-bin libinput10
Run Tests (3.12)	UNKNOWN STEP	2025-08-21T04:32:32.9781693Z   libinstpatch-1.0-2 libjack-jackd2-0 libmd4c0 libmp3lame0 libmpg123-0t64
Run Tests (3.12)	UNKNOWN STEP	2025-08-21T04:32:32.9782889Z   libmtdev1t64 libopengl0 libopus0 libpipewire-0.3-0t64 libpipewire-0.3-common
Run Tests (3.12)	UNKNOWN STEP	2025-08-21T04:32:32.9783926Z   libpoppler-qt5-1t64 libpoppler134 libportaudio2 libportmidi0 libproxy1v5
Run Tests (3.12)	UNKNOWN STEP	2025-08-21T04:32:32.9785068Z   libpulse0 libqt5core5t64 libqt5dbus5t64 libqt5gui5t64 libqt5help5
Run Tests (3.12)	UNKNOWN STEP	2025-08-21T04:32:32.9786253Z   libqt5network5t64 libqt5printsupport5t64 libqt5qml5 libqt5qmlmodels5
Run Tests (3.12)	UNKNOWN STEP	2025-08-21T04:32:32.9787260Z   libqt5qmlworkerscript5 libqt5quick5 libqt5sql5-sqlite libqt5sql5t64
Run Tests (3.12)	UNKNOWN STEP	2025-08-21T04:32:32.9788072Z   libqt5svg5 libqt5waylandclient5 libqt5waylandcompositor5 libqt5widgets5t64
Run Tests (3.12)	UNKNOWN STEP	2025-08-21T04:32:32.9788902Z   libqt5xml5t64 libqt5xmlpatterns5 libqt6core6t64 libqt6dbus6t64 libqt6gui6t64
Run Tests (3.12)	UNKNOWN STEP	2025-08-21T04:32:32.9789959Z   libqt6network6t64 libqt6opengl6t64 libqt6qml6 libqt6qmlmodels6 libqt6quick6
Run Tests (3.12)	UNKNOWN STEP	2025-08-21T04:32:32.9790597Z   libqt6waylandclient6 libqt6waylandcompositor6
Run Tests (3.12)	UNKNOWN STEP	2025-08-21T04:32:32.9791068Z   libqt6waylandeglclienthwintegration6
Run Tests (3.12)	UNKNOWN STEP	2025-08-21T04:32:32.9791745Z   libqt6waylandeglcompositorhwintegration6 libqt6widgets6t64
Run Tests (3.12)	UNKNOWN STEP	2025-08-21T04:32:32.9792355Z   libqt6wlshellintegration6 libsamplerate0 libsdl2-2.0-0 libsndfile1
Run Tests (3.12)	UNKNOWN STEP	2025-08-21T04:32:32.9793041Z   libspa-0.2-modules libts0t64 libvorbisenc2 libwacom-common libwacom9
Run Tests (3.12)	UNKNOWN STEP	2025-08-21T04:32:32.9793645Z   libwebrtc-audio-processing1 libxcb-icccm4 libxcb-image0 libxcb-keysyms1
Run Tests (3.12)	UNKNOWN STEP	2025-08-21T04:32:32.9794136Z   libxcb-render-util0 libxcb-shape0 libxcb-util1 libxcb-xinerama0
Run Tests (3.12)	UNKNOWN STEP	2025-08-21T04:32:32.9794503Z   libxcb-xinput0 libxcb-xkb1 libxkbcommon-x11-0
Run Tests (3.12)	UNKNOWN STEP	2025-08-21T04:32:32.9794871Z   musescore-general-soundfont-small musescore3-common poppler-data
Run Tests (3.12)	UNKNOWN STEP	2025-08-21T04:32:32.9795300Z   qml-module-qt-labs-folderlistmodel qml-module-qt-labs-settings
Run Tests (3.12)	UNKNOWN STEP	2025-08-21T04:32:32.9795925Z   qml-module-qtgraphicaleffects qml-module-qtqml qml-module-qtqml-models2
Run Tests (3.12)	UNKNOWN STEP	2025-08-21T04:32:32.9796681Z   qml-module-qtquick-controls qml-module-qtquick-dialogs
Run Tests (3.12)	UNKNOWN STEP	2025-08-21T04:32:32.9797354Z   qml-module-qtquick-layouts qml-module-qtquick-privatewidgets
Run Tests (3.12)	UNKNOWN STEP	2025-08-21T04:32:32.9798070Z   qml-module-qtquick-window2 qml-module-qtquick2 qsynth qt5-gtk-platformtheme
Run Tests (3.12)	UNKNOWN STEP	2025-08-21T04:32:32.9798794Z   qt6-gtk-platformtheme qt6-qpa-plugins qt6-translations-l10n qt6-wayland
Run Tests (3.12)	UNKNOWN STEP	2025-08-21T04:32:32.9799747Z   qttranslations5-l10n qtwayland5 timgm6mb-soundfont
Run Tests (3.12)	UNKNOWN STEP	2025-08-21T04:32:32.9800307Z Suggested packages:
Run Tests (3.12)	UNKNOWN STEP	2025-08-21T04:32:32.9800839Z   fluid-soundfont-gs jackd2 opus-tools pipewire pulseaudio qgnomeplatform-qt5
Run Tests (3.12)	UNKNOWN STEP	2025-08-21T04:32:32.9801575Z   qt5-image-formats-plugins qt5-qmltooling-plugins qt6-qmltooling-plugins
Run Tests (3.12)	UNKNOWN STEP	2025-08-21T04:32:32.9802283Z   libwacom-bin pulseaudio-utils poppler-utils ghostscript
Run Tests (3.12)	UNKNOWN STEP	2025-08-21T04:32:32.9802961Z   fonts-japanese-mincho | fonts-ipafont-mincho fonts-japanese-gothic
Run Tests (3.12)	UNKNOWN STEP	2025-08-21T04:32:32.9803855Z   | fonts-ipafont-gothic fonts-arphic-ukai fonts-arphic-uming fonts-nanum
Run Tests (3.12)	UNKNOWN STEP	2025-08-21T04:32:32.9804435Z   jackd
Run Tests (3.12)	UNKNOWN STEP	2025-08-21T04:32:33.0287060Z The following NEW packages will be installed:
Run Tests (3.12)	UNKNOWN STEP	2025-08-21T04:32:33.0288285Z   desktop-file-utils fluid-soundfont-gm fluidsynth fonts-freefont-ttf
Run Tests (3.12)	UNKNOWN STEP	2025-08-21T04:32:33.0289309Z   libasyncns0 libb2-1 libdecor-0-0 libdecor-0-plugin-1-gtk
Run Tests (3.12)	UNKNOWN STEP	2025-08-21T04:32:33.0290562Z   libdouble-conversion3 libegl-mesa0 libegl1 libflac12t64 libfluidsynth3
Run Tests (3.12)	UNKNOWN STEP	2025-08-21T04:32:33.0292008Z   libinput-bin libinput10 libinstpatch-1.0-2 libjack-jackd2-0 libmd4c0
Run Tests (3.12)	UNKNOWN STEP	2025-08-21T04:32:33.0293161Z   libmp3lame0 libmpg123-0t64 libmtdev1t64 libopengl0 libopus0
Run Tests (3.12)	UNKNOWN STEP	2025-08-21T04:32:33.0294291Z   libpipewire-0.3-0t64 libpipewire-0.3-common libpoppler-qt5-1t64
Run Tests (3.12)	UNKNOWN STEP	2025-08-21T04:32:33.0295240Z   libpoppler134 libportaudio2 libportmidi0 libproxy1v5 libpulse0
Run Tests (3.12)	UNKNOWN STEP	2025-08-21T04:32:33.0296445Z   libqt5core5t64 libqt5dbus5t64 libqt5gui5t64 libqt5help5 libqt5network5t64
Run Tests (3.12)	UNKNOWN STEP	2025-08-21T04:32:33.0297585Z   libqt5printsupport5t64 libqt5qml5 libqt5qmlmodels5 libqt5qmlworkerscript5
Run Tests (3.12)	UNKNOWN STEP	2025-08-21T04:32:33.0298562Z   libqt5quick5 libqt5sql5-sqlite libqt5sql5t64 libqt5svg5 libqt5waylandclient5
Run Tests (3.12)	UNKNOWN STEP	2025-08-21T04:32:33.0299736Z   libqt5waylandcompositor5 libqt5widgets5t64 libqt5xml5t64 libqt5xmlpatterns5
Run Tests (3.12)	UNKNOWN STEP	2025-08-21T04:32:33.0300717Z   libqt6core6t64 libqt6dbus6t64 libqt6gui6t64 libqt6network6t64
Run Tests (3.12)	UNKNOWN STEP	2025-08-21T04:32:33.0301606Z   libqt6opengl6t64 libqt6qml6 libqt6qmlmodels6 libqt6quick6
Run Tests (3.12)	UNKNOWN STEP	2025-08-21T04:32:33.0302414Z   libqt6waylandclient6 libqt6waylandcompositor6
Run Tests (3.12)	UNKNOWN STEP	2025-08-21T04:32:33.0303137Z   libqt6waylandeglclienthwintegration6
Run Tests (3.12)	UNKNOWN STEP	2025-08-21T04:32:33.0303981Z   libqt6waylandeglcompositorhwintegration6 libqt6widgets6t64
Run Tests (3.12)	UNKNOWN STEP	2025-08-21T04:32:33.0305012Z   libqt6wlshellintegration6 libsamplerate0 libsdl2-2.0-0 libsndfile1
Run Tests (3.12)	UNKNOWN STEP	2025-08-21T04:32:33.0306116Z   libspa-0.2-modules libts0t64 libvorbisenc2 libwacom-common libwacom9
Run Tests (3.12)	UNKNOWN STEP	2025-08-21T04:32:33.0307149Z   libwebrtc-audio-processing1 libxcb-icccm4 libxcb-image0 libxcb-keysyms1
Run Tests (3.12)	UNKNOWN STEP	2025-08-21T04:32:33.0308051Z   libxcb-render-util0 libxcb-shape0 libxcb-util1 libxcb-xinerama0
Run Tests (3.12)	UNKNOWN STEP	2025-08-21T04:32:33.0308718Z   libxcb-xinput0 libxcb-xkb1 libxkbcommon-x11-0
Run Tests (3.12)	UNKNOWN STEP	2025-08-21T04:32:33.0309743Z   musescore-general-soundfont-small musescore3 musescore3-common poppler-data
Run Tests (3.12)	UNKNOWN STEP	2025-08-21T04:32:33.0310629Z   qml-module-qt-labs-folderlistmodel qml-module-qt-labs-settings
Run Tests (3.12)	UNKNOWN STEP	2025-08-21T04:32:33.0311523Z   qml-module-qtgraphicaleffects qml-module-qtqml qml-module-qtqml-models2
Run Tests (3.12)	UNKNOWN STEP	2025-08-21T04:32:33.0312247Z   qml-module-qtquick-controls qml-module-qtquick-dialogs
Run Tests (3.12)	UNKNOWN STEP	2025-08-21T04:32:33.0312892Z   qml-module-qtquick-layouts qml-module-qtquick-privatewidgets
Run Tests (3.12)	UNKNOWN STEP	2025-08-21T04:32:33.0313703Z   qml-module-qtquick-window2 qml-module-qtquick2 qsynth qt5-gtk-platformtheme
Run Tests (3.12)	UNKNOWN STEP	2025-08-21T04:32:33.0314589Z   qt6-gtk-platformtheme qt6-qpa-plugins qt6-translations-l10n qt6-wayland
Run Tests (3.12)	UNKNOWN STEP	2025-08-21T04:32:33.0315304Z   qttranslations5-l10n qtwayland5 timgm6mb-soundfont
Run Tests (3.12)	UNKNOWN STEP	2025-08-21T04:32:33.0525539Z 0 upgraded, 106 newly installed, 0 to remove and 21 not upgraded.
Run Tests (3.12)	UNKNOWN STEP	2025-08-21T04:32:33.0526288Z Need to get 231 MB of archives.
Run Tests (3.12)	UNKNOWN STEP	2025-08-21T04:32:33.0526935Z After this operation, 438 MB of additional disk space will be used.
Run Tests (3.12)	UNKNOWN STEP	2025-08-21T04:32:33.0527905Z Get:1 file:/etc/apt/apt-mirrors.txt Mirrorlist [144 B]
Run Tests (3.12)	UNKNOWN STEP	2025-08-21T04:32:33.1131561Z Get:2 http://azure.archive.ubuntu.com/ubuntu noble/main amd64 poppler-data all 0.4.12-1 [2060 kB]
Run Tests (3.12)	UNKNOWN STEP	2025-08-21T04:32:33.1916683Z Get:3 http://azure.archive.ubuntu.com/ubuntu noble/universe amd64 libdouble-conversion3 amd64 3.3.0-1build1 [40.3 kB]
Run Tests (3.12)	UNKNOWN STEP	2025-08-21T04:32:33.2083913Z Get:4 http://azure.archive.ubuntu.com/ubuntu noble/universe amd64 libqt5core5t64 amd64 5.15.13+dfsg-1ubuntu1 [2011 kB]
Run Tests (3.12)	UNKNOWN STEP	2025-08-21T04:32:33.2793894Z Get:5 http://azure.archive.ubuntu.com/ubuntu noble-updates/main amd64 libegl-mesa0 amd64 25.0.7-0ubuntu0.24.04.1 [124 kB]
Run Tests (3.12)	UNKNOWN STEP	2025-08-21T04:32:33.3018120Z Get:6 http://azure.archive.ubuntu.com/ubuntu noble/main amd64 libegl1 amd64 1.7.0-1build1 [28.7 kB]
Run Tests (3.12)	UNKNOWN STEP	2025-08-21T04:32:33.3189167Z Get:7 http://azure.archive.ubuntu.com/ubuntu noble/main amd64 libmtdev1t64 amd64 1.1.6-1.1build1 [14.4 kB]
Run Tests (3.12)	UNKNOWN STEP	2025-08-21T04:32:33.3353067Z Get:8 http://azure.archive.ubuntu.com/ubuntu noble/main amd64 libwacom-common all 2.10.0-2 [63.4 kB]
Run Tests (3.12)	UNKNOWN STEP	2025-08-21T04:32:33.3519898Z Get:9 http://azure.archive.ubuntu.com/ubuntu noble/main amd64 libwacom9 amd64 2.10.0-2 [23.9 kB]
Run Tests (3.12)	UNKNOWN STEP	2025-08-21T04:32:34.2974034Z Get:10 http://azure.archive.ubuntu.com/ubuntu noble-updates/main amd64 libinput-bin amd64 1.25.0-1ubuntu3.1 [22.6 kB]
Run Tests (3.12)	UNKNOWN STEP	2025-08-21T04:32:34.3149136Z Get:11 http://azure.archive.ubuntu.com/ubuntu noble-updates/main amd64 libinput10 amd64 1.25.0-1ubuntu3.1 [133 kB]
Run Tests (3.12)	UNKNOWN STEP	2025-08-21T04:32:34.3341350Z Get:12 http://azure.archive.ubuntu.com/ubuntu noble/universe amd64 libmd4c0 amd64 0.4.8-1build1 [42.3 kB]
Run Tests (3.12)	UNKNOWN STEP	2025-08-21T04:32:34.3501094Z Get:13 http://azure.archive.ubuntu.com/ubuntu noble/universe amd64 libqt5dbus5t64 amd64 5.15.13+dfsg-1ubuntu1 [220 kB]
Run Tests (3.12)	UNKNOWN STEP	2025-08-21T04:32:34.3715083Z Get:14 http://azure.archive.ubuntu.com/ubuntu noble/universe amd64 libqt5network5t64 amd64 5.15.13+dfsg-1ubuntu1 [723 kB]
Run Tests (3.12)	UNKNOWN STEP	2025-08-21T04:32:34.4077976Z Get:15 http://azure.archive.ubuntu.com/ubuntu noble/main amd64 libxcb-icccm4 amd64 0.4.1-1.1build3 [10.8 kB]
Run Tests (3.12)	UNKNOWN STEP	2025-08-21T04:32:34.4263133Z Get:16 http://azure.archive.ubuntu.com/ubuntu noble/main amd64 libxcb-util1 amd64 0.4.0-1build3 [10.7 kB]
Run Tests (3.12)	UNKNOWN STEP	2025-08-21T04:32:34.4419011Z Get:17 http://azure.archive.ubuntu.com/ubuntu noble/main amd64 libxcb-image0 amd64 0.4.0-2build1 [10.8 kB]
Run Tests (3.12)	UNKNOWN STEP	2025-08-21T04:32:34.4579995Z Get:18 http://azure.archive.ubuntu.com/ubuntu noble/main amd64 libxcb-keysyms1 amd64 0.4.0-1build4 [7956 B]
Run Tests (3.12)	UNKNOWN STEP	2025-08-21T04:32:34.4743005Z Get:19 http://azure.archive.ubuntu.com/ubuntu noble/main amd64 libxcb-render-util0 amd64 0.3.9-1build4 [9608 B]
Run Tests (3.12)	UNKNOWN STEP	2025-08-21T04:32:34.5313853Z Get:20 http://azure.archive.ubuntu.com/ubuntu noble/main amd64 libxcb-shape0 amd64 1.15-1ubuntu2 [6100 B]
Run Tests (3.12)	UNKNOWN STEP	2025-08-21T04:32:34.5473727Z Get:21 http://azure.archive.ubuntu.com/ubuntu noble/main amd64 libxcb-xinerama0 amd64 1.15-1ubuntu2 [5410 B]
Run Tests (3.12)	UNKNOWN STEP	2025-08-21T04:32:34.5629662Z Get:22 http://azure.archive.ubuntu.com/ubuntu noble/main amd64 libxcb-xinput0 amd64 1.15-1ubuntu2 [33.2 kB]
Run Tests (3.12)	UNKNOWN STEP	2025-08-21T04:32:34.5791354Z Get:23 http://azure.archive.ubuntu.com/ubuntu noble/main amd64 libxcb-xkb1 amd64 1.15-1ubuntu2 [32.3 kB]
Run Tests (3.12)	UNKNOWN STEP	2025-08-21T04:32:34.5950604Z Get:24 http://azure.archive.ubuntu.com/ubuntu noble/main amd64 libxkbcommon-x11-0 amd64 1.6.0-1build1 [14.5 kB]
Run Tests (3.12)	UNKNOWN STEP	2025-08-21T04:32:34.6151806Z Get:25 http://azure.archive.ubuntu.com/ubuntu noble/universe amd64 libqt5gui5t64 amd64 5.15.13+dfsg-1ubuntu1 [3748 kB]
Run Tests (3.12)	UNKNOWN STEP	2025-08-21T04:32:34.7170240Z Get:26 http://azure.archive.ubuntu.com/ubuntu noble-updates/universe amd64 libqt5qml5 amd64 5.15.13+dfsg-1ubuntu0.1 [1482 kB]
Run Tests (3.12)	UNKNOWN STEP	2025-08-21T04:32:34.7738924Z Get:27 http://azure.archive.ubuntu.com/ubuntu noble-updates/universe amd64 libqt5qmlmodels5 amd64 5.15.13+dfsg-1ubuntu0.1 [203 kB]
Run Tests (3.12)	UNKNOWN STEP	2025-08-21T04:32:34.7927305Z Get:28 http://azure.archive.ubuntu.com/ubuntu noble-updates/universe amd64 libqt5quick5 amd64 5.15.13+dfsg-1ubuntu0.1 [1733 kB]
Run Tests (3.12)	UNKNOWN STEP	2025-08-21T04:32:34.8535585Z Get:29 http://azure.archive.ubuntu.com/ubuntu noble-updates/universe amd64 qml-module-qtquick-window2 amd64 5.15.13+dfsg-1ubuntu0.1 [26.2 kB]
Run Tests (3.12)	UNKNOWN STEP	2025-08-21T04:32:34.8694172Z Get:30 http://azure.archive.ubuntu.com/ubuntu noble-updates/universe amd64 libqt5qmlworkerscript5 amd64 5.15.13+dfsg-1ubuntu0.1 [33.6 kB]
Run Tests (3.12)	UNKNOWN STEP	2025-08-21T04:32:34.8853107Z Get:31 http://azure.archive.ubuntu.com/ubuntu noble-updates/universe amd64 qml-module-qtquick2 amd64 5.15.13+dfsg-1ubuntu0.1 [33.7 kB]
Run Tests (3.12)	UNKNOWN STEP	2025-08-21T04:32:34.9011641Z Get:32 http://azure.archive.ubuntu.com/ubuntu noble/universe amd64 qml-module-qtgraphicaleffects amd64 5.15.13-1 [74.4 kB]
Run Tests (3.12)	UNKNOWN STEP	2025-08-21T04:32:34.9181279Z Get:33 http://azure.archive.ubuntu.com/ubuntu noble-updates/universe amd64 qml-module-qtqml amd64 5.15.13+dfsg-1ubuntu0.1 [17.3 kB]
Run Tests (3.12)	UNKNOWN STEP	2025-08-21T04:32:34.9363446Z Get:34 http://azure.archive.ubuntu.com/ubuntu noble-updates/universe amd64 qml-module-qtqml-models2 amd64 5.15.13+dfsg-1ubuntu0.1 [18.1 kB]
Run Tests (3.12)	UNKNOWN STEP	2025-08-21T04:32:34.9526730Z Get:35 http://azure.archive.ubuntu.com/ubuntu noble-updates/universe amd64 qml-module-qtquick-layouts amd64 5.15.13+dfsg-1ubuntu0.1 [54.6 kB]
Run Tests (3.12)	UNKNOWN STEP	2025-08-21T04:32:34.9700183Z Get:36 http://azure.archive.ubuntu.com/ubuntu noble/universe amd64 libqt5widgets5t64 amd64 5.15.13+dfsg-1ubuntu1 [2561 kB]
Run Tests (3.12)	UNKNOWN STEP	2025-08-21T04:32:35.0578238Z Get:37 http://azure.archive.ubuntu.com/ubuntu noble/universe amd64 qml-module-qtquick-controls amd64 5.15.13-1 [574 kB]
Run Tests (3.12)	UNKNOWN STEP	2025-08-21T04:32:35.0885860Z Get:38 http://azure.archive.ubuntu.com/ubuntu noble/main amd64 desktop-file-utils amd64 0.27-2build1 [53.8 kB]
Run Tests (3.12)	UNKNOWN STEP	2025-08-21T04:32:35.1045144Z Get:39 http://azure.archive.ubuntu.com/ubuntu noble/universe amd64 fluid-soundfont-gm all 3.1-5.3 [130 MB]
Run Tests (3.12)	UNKNOWN STEP	2025-08-21T04:32:37.0149107Z Get:40 http://azure.archive.ubuntu.com/ubuntu noble/main amd64 libflac12t64 amd64 1.4.3+ds-2.1ubuntu2 [197 kB]
Run Tests (3.12)	UNKNOWN STEP	2025-08-21T04:32:37.0324771Z Get:41 http://azure.archive.ubuntu.com/ubuntu noble/main amd64 libmp3lame0 amd64 3.100-6build1 [142 kB]
Run Tests (3.12)	UNKNOWN STEP	2025-08-21T04:32:37.0496992Z Get:42 http://azure.archive.ubuntu.com/ubuntu noble-updates/main amd64 libmpg123-0t64 amd64 1.32.5-1ubuntu1.1 [169 kB]
Run Tests (3.12)	UNKNOWN STEP	2025-08-21T04:32:37.0691153Z Get:43 http://azure.archive.ubuntu.com/ubuntu noble/main amd64 libopus0 amd64 1.4-1build1 [208 kB]
Run Tests (3.12)	UNKNOWN STEP	2025-08-21T04:32:37.0958370Z Get:44 http://azure.archive.ubuntu.com/ubuntu noble/main amd64 libvorbisenc2 amd64 1.3.7-1build3 [80.8 kB]
Run Tests (3.12)	UNKNOWN STEP	2025-08-21T04:32:37.1158071Z Get:45 http://azure.archive.ubuntu.com/ubuntu noble-updates/main amd64 libsndfile1 amd64 1.2.2-1ubuntu5.24.04.1 [209 kB]
Run Tests (3.12)	UNKNOWN STEP	2025-08-21T04:32:37.1353675Z Get:46 http://azure.archive.ubuntu.com/ubuntu noble/universe amd64 libinstpatch-1.0-2 amd64 1.1.6-1build2 [251 kB]
Run Tests (3.12)	UNKNOWN STEP	2025-08-21T04:32:37.1549091Z Get:47 http://azure.archive.ubuntu.com/ubuntu noble/main amd64 libsamplerate0 amd64 0.2.2-4build1 [1344 kB]
Run Tests (3.12)	UNKNOWN STEP	2025-08-21T04:32:37.1943531Z Get:48 http://azure.archive.ubuntu.com/ubuntu noble/main amd64 libjack-jackd2-0 amd64 1.9.21~dfsg-3ubuntu3 [289 kB]
Run Tests (3.12)	UNKNOWN STEP	2025-08-21T04:32:37.2215140Z Get:49 http://azure.archive.ubuntu.com/ubuntu noble/main amd64 libwebrtc-audio-processing1 amd64 0.3.1-0ubuntu6 [290 kB]
Run Tests (3.12)	UNKNOWN STEP	2025-08-21T04:32:37.2457488Z Get:50 http://azure.archive.ubuntu.com/ubuntu noble-updates/main amd64 libspa-0.2-modules amd64 1.0.5-1ubuntu3.1 [626 kB]
Run Tests (3.12)	UNKNOWN STEP	2025-08-21T04:32:37.2827687Z Get:51 http://azure.archive.ubuntu.com/ubuntu noble-updates/main amd64 libpipewire-0.3-0t64 amd64 1.0.5-1ubuntu3.1 [252 kB]
Run Tests (3.12)	UNKNOWN STEP	2025-08-21T04:32:37.3053327Z Get:52 http://azure.archive.ubuntu.com/ubuntu noble/main amd64 libasyncns0 amd64 0.8-6build4 [11.3 kB]
Run Tests (3.12)	UNKNOWN STEP	2025-08-21T04:32:37.3248406Z Get:53 http://azure.archive.ubuntu.com/ubuntu noble-updates/main amd64 libpulse0 amd64 1:16.1+dfsg1-2ubuntu10.1 [292 kB]
Run Tests (3.12)	UNKNOWN STEP	2025-08-21T04:32:37.3450751Z Get:54 http://azure.archive.ubuntu.com/ubuntu noble/main amd64 libdecor-0-0 amd64 0.2.2-1build2 [16.5 kB]
Run Tests (3.12)	UNKNOWN STEP	2025-08-21T04:32:37.4038910Z Get:55 http://azure.archive.ubuntu.com/ubuntu noble-updates/main amd64 libsdl2-2.0-0 amd64 2.30.0+dfsg-1ubuntu3.1 [686 kB]
Run Tests (3.12)	UNKNOWN STEP	2025-08-21T04:32:37.4374271Z Get:56 http://azure.archive.ubuntu.com/ubuntu noble/universe amd64 timgm6mb-soundfont all 1.3-5 [5427 kB]
Run Tests (3.12)	UNKNOWN STEP	2025-08-21T04:32:37.5410529Z Get:57 http://azure.archive.ubuntu.com/ubuntu noble/universe amd64 musescore-general-soundfont-small all 0.2.1-1 [34.1 MB]
Run Tests (3.12)	UNKNOWN STEP	2025-08-21T04:32:38.1661348Z Get:58 http://azure.archive.ubuntu.com/ubuntu noble/universe amd64 libfluidsynth3 amd64 2.3.4-1build3 [249 kB]
Run Tests (3.12)	UNKNOWN STEP	2025-08-21T04:32:38.1862903Z Get:59 http://azure.archive.ubuntu.com/ubuntu noble/universe amd64 fluidsynth amd64 2.3.4-1build3 [27.4 kB]
Run Tests (3.12)	UNKNOWN STEP	2025-08-21T04:32:38.2043785Z Get:60 http://azure.archive.ubuntu.com/ubuntu noble/main amd64 fonts-freefont-ttf all 20211204+svn4273-2 [5641 kB]
Run Tests (3.12)	UNKNOWN STEP	2025-08-21T04:32:38.3547445Z Get:61 http://azure.archive.ubuntu.com/ubuntu noble/universe amd64 libb2-1 amd64 0.98.1-1.1build1 [45.0 kB]
Run Tests (3.12)	UNKNOWN STEP	2025-08-21T04:32:38.3714504Z Get:62 http://azure.archive.ubuntu.com/ubuntu noble/main amd64 libdecor-0-plugin-1-gtk amd64 0.2.2-1build2 [22.2 kB]
Run Tests (3.12)	UNKNOWN STEP	2025-08-21T04:32:38.3874493Z Get:63 http://azure.archive.ubuntu.com/ubuntu noble-updates/main amd64 libpipewire-0.3-common all 1.0.5-1ubuntu3.1 [18.9 kB]
Run Tests (3.12)	UNKNOWN STEP	2025-08-21T04:32:38.4092680Z Get:64 http://azure.archive.ubuntu.com/ubuntu noble-updates/main amd64 libpoppler134 amd64 24.02.0-1ubuntu9.6 [1118 kB]
Run Tests (3.12)	UNKNOWN STEP	2025-08-21T04:32:38.4470465Z Get:65 http://azure.archive.ubuntu.com/ubuntu noble/universe amd64 libqt5xml5t64 amd64 5.15.13+dfsg-1ubuntu1 [124 kB]
Run Tests (3.12)	UNKNOWN STEP	2025-08-21T04:32:38.4651798Z Get:66 http://azure.archive.ubuntu.com/ubuntu noble-updates/universe amd64 libpoppler-qt5-1t64 amd64 24.02.0-1ubuntu9.6 [177 kB]
Run Tests (3.12)	UNKNOWN STEP	2025-08-21T04:32:38.4860217Z Get:67 http://azure.archive.ubuntu.com/ubuntu noble/universe amd64 libportaudio2 amd64 19.6.0-1.2build3 [67.9 kB]
Run Tests (3.12)	UNKNOWN STEP	2025-08-21T04:32:38.5028730Z Get:68 http://azure.archive.ubuntu.com/ubuntu noble/universe amd64 libportmidi0 amd64 1:217-6.1build3 [18.1 kB]
Run Tests (3.12)	UNKNOWN STEP	2025-08-21T04:32:38.5195653Z Get:69 http://azure.archive.ubuntu.com/ubuntu noble/main amd64 libproxy1v5 amd64 0.5.4-4build1 [26.5 kB]
Run Tests (3.12)	UNKNOWN STEP	2025-08-21T04:32:38.5376830Z Get:70 http://azure.archive.ubuntu.com/ubuntu noble/universe amd64 libqt5sql5t64 amd64 5.15.13+dfsg-1ubuntu1 [122 kB]
Run Tests (3.12)	UNKNOWN STEP	2025-08-21T04:32:38.5566069Z Get:71 http://azure.archive.ubuntu.com/ubuntu noble/universe amd64 libqt5help5 amd64 5.15.13-1 [161 kB]
Run Tests (3.12)	UNKNOWN STEP	2025-08-21T04:32:38.5780292Z Get:72 http://azure.archive.ubuntu.com/ubuntu noble/universe amd64 libqt5printsupport5t64 amd64 5.15.13+dfsg-1ubuntu1 [208 kB]
Run Tests (3.12)	UNKNOWN STEP	2025-08-21T04:32:38.6447227Z Get:73 http://azure.archive.ubuntu.com/ubuntu noble/universe amd64 libqt5sql5-sqlite amd64 5.15.13+dfsg-1ubuntu1 [51.5 kB]
Run Tests (3.12)	UNKNOWN STEP	2025-08-21T04:32:38.6622642Z Get:74 http://azure.archive.ubuntu.com/ubuntu noble/universe amd64 libqt5svg5 amd64 5.15.13-1 [146 kB]
Run Tests (3.12)	UNKNOWN STEP	2025-08-21T04:32:38.6826768Z Get:75 http://azure.archive.ubuntu.com/ubuntu noble/universe amd64 libqt5waylandclient5 amd64 5.15.13-1 [405 kB]
Run Tests (3.12)	UNKNOWN STEP	2025-08-21T04:32:38.7108144Z Get:76 http://azure.archive.ubuntu.com/ubuntu noble/universe amd64 libqt5waylandcompositor5 amd64 5.15.13-1 [396 kB]
Run Tests (3.12)	UNKNOWN STEP	2025-08-21T04:32:38.7448970Z Get:77 http://azure.archive.ubuntu.com/ubuntu noble/universe amd64 libqt5xmlpatterns5 amd64 5.15.13-1 [899 kB]
Run Tests (3.12)	UNKNOWN STEP	2025-08-21T04:32:38.7858237Z Get:78 http://azure.archive.ubuntu.com/ubuntu noble/universe amd64 libqt6core6t64 amd64 6.4.2+dfsg-21.1build5 [1789 kB]
Run Tests (3.12)	UNKNOWN STEP	2025-08-21T04:32:38.8370926Z Get:79 http://azure.archive.ubuntu.com/ubuntu noble/universe amd64 libqt6dbus6t64 amd64 6.4.2+dfsg-21.1build5 [267 kB]
Run Tests (3.12)	UNKNOWN STEP	2025-08-21T04:32:38.8590591Z Get:80 http://azure.archive.ubuntu.com/ubuntu noble/main amd64 libopengl0 amd64 1.7.0-1build1 [32.8 kB]
Run Tests (3.12)	UNKNOWN STEP	2025-08-21T04:32:38.8767846Z Get:81 http://azure.archive.ubuntu.com/ubuntu noble/universe amd64 libts0t64 amd64 1.22-1.1build1 [63.8 kB]
Run Tests (3.12)	UNKNOWN STEP	2025-08-21T04:32:38.8930884Z Get:82 http://azure.archive.ubuntu.com/ubuntu noble/universe amd64 libqt6gui6t64 amd64 6.4.2+dfsg-21.1build5 [3119 kB]
Run Tests (3.12)	UNKNOWN STEP	2025-08-21T04:32:38.9680005Z Get:83 http://azure.archive.ubuntu.com/ubuntu noble/universe amd64 libqt6network6t64 amd64 6.4.2+dfsg-21.1build5 [740 kB]
Run Tests (3.12)	UNKNOWN STEP	2025-08-21T04:32:39.0031563Z Get:84 http://azure.archive.ubuntu.com/ubuntu noble/universe amd64 libqt6opengl6t64 amd64 6.4.2+dfsg-21.1build5 [420 kB]
Run Tests (3.12)	UNKNOWN STEP	2025-08-21T04:32:39.0323376Z Get:85 http://azure.archive.ubuntu.com/ubuntu noble/universe amd64 libqt6qml6 amd64 6.4.2+dfsg-4build3 [1619 kB]
Run Tests (3.12)	UNKNOWN STEP	2025-08-21T04:32:39.1267068Z Get:86 http://azure.archive.ubuntu.com/ubuntu noble/universe amd64 libqt6qmlmodels6 amd64 6.4.2+dfsg-4build3 [267 kB]
Run Tests (3.12)	UNKNOWN STEP	2025-08-21T04:32:39.1708119Z Get:87 http://azure.archive.ubuntu.com/ubuntu noble/universe amd64 libqt6quick6 amd64 6.4.2+dfsg-4build3 [2001 kB]
Run Tests (3.12)	UNKNOWN STEP	2025-08-21T04:32:39.2411172Z Get:88 http://azure.archive.ubuntu.com/ubuntu noble/universe amd64 libqt6waylandclient6 amd64 6.4.2-5build3 [251 kB]
Run Tests (3.12)	UNKNOWN STEP	2025-08-21T04:32:39.2602079Z Get:89 http://azure.archive.ubuntu.com/ubuntu noble/universe amd64 libqt6waylandcompositor6 amd64 6.4.2-5build3 [427 kB]
Run Tests (3.12)	UNKNOWN STEP	2025-08-21T04:32:39.3395080Z Get:90 http://azure.archive.ubuntu.com/ubuntu noble/universe amd64 libqt6waylandeglclienthwintegration6 amd64 6.4.2-5build3 [19.5 kB]
Run Tests (3.12)	UNKNOWN STEP	2025-08-21T04:32:39.3603635Z Get:91 http://azure.archive.ubuntu.com/ubuntu noble/universe amd64 libqt6waylandeglcompositorhwintegration6 amd64 6.4.2-5build3 [15.2 kB]
Run Tests (3.12)	UNKNOWN STEP	2025-08-21T04:32:39.3756994Z Get:92 http://azure.archive.ubuntu.com/ubuntu noble/universe amd64 libqt6widgets6t64 amd64 6.4.2+dfsg-21.1build5 [2648 kB]
Run Tests (3.12)	UNKNOWN STEP	2025-08-21T04:32:39.4390769Z Get:93 http://azure.archive.ubuntu.com/ubuntu noble/universe amd64 libqt6wlshellintegration6 amd64 6.4.2-5build3 [38.0 kB]
Run Tests (3.12)	UNKNOWN STEP	2025-08-21T04:32:39.4601577Z Get:94 http://azure.archive.ubuntu.com/ubuntu noble-updates/universe amd64 qml-module-qt-labs-folderlistmodel amd64 5.15.13+dfsg-1ubuntu0.1 [35.9 kB]
Run Tests (3.12)	UNKNOWN STEP	2025-08-21T04:32:39.4772295Z Get:95 http://azure.archive.ubuntu.com/ubuntu noble-updates/universe amd64 qml-module-qt-labs-settings amd64 5.15.13+dfsg-1ubuntu0.1 [26.4 kB]
Run Tests (3.12)	UNKNOWN STEP	2025-08-21T04:32:39.4933322Z Get:96 http://azure.archive.ubuntu.com/ubuntu noble/universe amd64 qml-module-qtquick-privatewidgets amd64 5.15.13-1 [48.1 kB]
Run Tests (3.12)	UNKNOWN STEP	2025-08-21T04:32:39.5150584Z Get:97 http://azure.archive.ubuntu.com/ubuntu noble/universe amd64 qml-module-qtquick-dialogs amd64 5.15.13-1 [132 kB]
Run Tests (3.12)	UNKNOWN STEP	2025-08-21T04:32:39.5524007Z Get:98 http://azure.archive.ubuntu.com/ubuntu noble/universe amd64 musescore3-common all 3.2.3+dfsg2-16build5 [3739 kB]
Run Tests (3.12)	UNKNOWN STEP	2025-08-21T04:32:39.6541563Z Get:99 http://azure.archive.ubuntu.com/ubuntu noble/universe amd64 musescore3 amd64 3.2.3+dfsg2-16build5 [8014 kB]
Run Tests (3.12)	UNKNOWN STEP	2025-08-21T04:32:39.8122706Z Get:100 http://azure.archive.ubuntu.com/ubuntu noble/universe amd64 qsynth amd64 0.9.13-1build3 [306 kB]
Run Tests (3.12)	UNKNOWN STEP	2025-08-21T04:32:39.8323770Z Get:101 http://azure.archive.ubuntu.com/ubuntu noble/universe amd64 qt5-gtk-platformtheme amd64 5.15.13+dfsg-1ubuntu1 [125 kB]
Run Tests (3.12)	UNKNOWN STEP	2025-08-21T04:32:39.8700412Z Get:102 http://azure.archive.ubuntu.com/ubuntu noble/universe amd64 qt6-gtk-platformtheme amd64 6.4.2+dfsg-21.1build5 [55.1 kB]
Run Tests (3.12)	UNKNOWN STEP	2025-08-21T04:32:39.8938858Z Get:103 http://azure.archive.ubuntu.com/ubuntu noble/universe amd64 qt6-qpa-plugins amd64 6.4.2+dfsg-21.1build5 [89.3 kB]
Run Tests (3.12)	UNKNOWN STEP	2025-08-21T04:32:39.9106447Z Get:104 http://azure.archive.ubuntu.com/ubuntu noble/universe amd64 qt6-translations-l10n all 6.4.2-1 [1761 kB]
Run Tests (3.12)	UNKNOWN STEP	2025-08-21T04:32:39.9578923Z Get:105 http://azure.archive.ubuntu.com/ubuntu noble/universe amd64 qt6-wayland amd64 6.4.2-5build3 [127 kB]
Run Tests (3.12)	UNKNOWN STEP	2025-08-21T04:32:39.9758415Z Get:106 http://azure.archive.ubuntu.com/ubuntu noble/universe amd64 qttranslations5-l10n all 5.15.13-1 [1964 kB]
Run Tests (3.12)	UNKNOWN STEP	2025-08-21T04:32:40.0275898Z Get:107 http://azure.archive.ubuntu.com/ubuntu noble/universe amd64 qtwayland5 amd64 5.15.13-1 [223 kB]
Run Tests (3.12)	UNKNOWN STEP	2025-08-21T04:32:40.4099644Z Fetched 231 MB in 7s (33.0 MB/s)
Run Tests (3.12)	UNKNOWN STEP	2025-08-21T04:32:40.4353300Z Selecting previously unselected package poppler-data.
Run Tests (3.12)	UNKNOWN STEP	2025-08-21T04:32:40.4532683Z (Reading database ... 
Run Tests (3.12)	UNKNOWN STEP	2025-08-21T04:32:40.4533682Z (Reading database ... 5%
Run Tests (3.12)	UNKNOWN STEP	2025-08-21T04:32:40.4534340Z (Reading database ... 10%
Run Tests (3.12)	UNKNOWN STEP	2025-08-21T04:32:40.4534970Z (Reading database ... 15%
Run Tests (3.12)	UNKNOWN STEP	2025-08-21T04:32:40.4535566Z (Reading database ... 20%
Run Tests (3.12)	UNKNOWN STEP	2025-08-21T04:32:40.4536166Z (Reading database ... 25%
Run Tests (3.12)	UNKNOWN STEP	2025-08-21T04:32:40.4536758Z (Reading database ... 30%
Run Tests (3.12)	UNKNOWN STEP	2025-08-21T04:32:40.4537284Z (Reading database ... 35%
Run Tests (3.12)	UNKNOWN STEP	2025-08-21T04:32:40.4537758Z (Reading database ... 40%
Run Tests (3.12)	UNKNOWN STEP	2025-08-21T04:32:40.4538247Z (Reading database ... 45%
Run Tests (3.12)	UNKNOWN STEP	2025-08-21T04:32:40.4538722Z (Reading database ... 50%
Run Tests (3.12)	UNKNOWN STEP	2025-08-21T04:32:40.4584601Z (Reading database ... 55%
Run Tests (3.12)	UNKNOWN STEP	2025-08-21T04:32:40.4778066Z (Reading database ... 60%
Run Tests (3.12)	UNKNOWN STEP	2025-08-21T04:32:40.4886956Z (Reading database ... 65%
Run Tests (3.12)	UNKNOWN STEP	2025-08-21T04:32:40.5000519Z (Reading database ... 70%
Run Tests (3.12)	UNKNOWN STEP	2025-08-21T04:32:40.5104478Z (Reading database ... 75%
Run Tests (3.12)	UNKNOWN STEP	2025-08-21T04:32:40.5241193Z (Reading database ... 80%
Run Tests (3.12)	UNKNOWN STEP	2025-08-21T04:32:40.5498994Z (Reading database ... 85%
Run Tests (3.12)	UNKNOWN STEP	2025-08-21T04:32:40.5697058Z (Reading database ... 90%
Run Tests (3.12)	UNKNOWN STEP	2025-08-21T04:32:40.6072419Z (Reading database ... 95%
Run Tests (3.12)	UNKNOWN STEP	2025-08-21T04:32:40.6072960Z (Reading database ... 100%
Run Tests (3.12)	UNKNOWN STEP	2025-08-21T04:32:40.6073678Z (Reading database ... 219830 files and directories currently installed.)
Run Tests (3.12)	UNKNOWN STEP	2025-08-21T04:32:40.6121386Z Preparing to unpack .../000-poppler-data_0.4.12-1_all.deb ...
Run Tests (3.12)	UNKNOWN STEP	2025-08-21T04:32:40.6148335Z Unpacking poppler-data (0.4.12-1) ...
Run Tests (3.12)	UNKNOWN STEP	2025-08-21T04:32:40.7501189Z Selecting previously unselected package libdouble-conversion3:amd64.
Run Tests (3.12)	UNKNOWN STEP	2025-08-21T04:32:40.7657422Z Preparing to unpack .../001-libdouble-conversion3_3.3.0-1build1_amd64.deb ...
Run Tests (3.12)	UNKNOWN STEP	2025-08-21T04:32:40.7677175Z Unpacking libdouble-conversion3:amd64 (3.3.0-1build1) ...
Run Tests (3.12)	UNKNOWN STEP	2025-08-21T04:32:40.7944048Z Selecting previously unselected package libqt5core5t64:amd64.
Run Tests (3.12)	UNKNOWN STEP	2025-08-21T04:32:40.8090572Z Preparing to unpack .../002-libqt5core5t64_5.15.13+dfsg-1ubuntu1_amd64.deb ...
Run Tests (3.12)	UNKNOWN STEP	2025-08-21T04:32:40.8101861Z Unpacking libqt5core5t64:amd64 (5.15.13+dfsg-1ubuntu1) ...
Run Tests (3.12)	UNKNOWN STEP	2025-08-21T04:32:40.8599645Z Selecting previously unselected package libegl-mesa0:amd64.
Run Tests (3.12)	UNKNOWN STEP	2025-08-21T04:32:40.8748848Z Preparing to unpack .../003-libegl-mesa0_25.0.7-0ubuntu0.24.04.1_amd64.deb ...
Run Tests (3.12)	UNKNOWN STEP	2025-08-21T04:32:40.8759766Z Unpacking libegl-mesa0:amd64 (25.0.7-0ubuntu0.24.04.1) ...
Run Tests (3.12)	UNKNOWN STEP	2025-08-21T04:32:40.9013843Z Selecting previously unselected package libegl1:amd64.
Run Tests (3.12)	UNKNOWN STEP	2025-08-21T04:32:40.9157232Z Preparing to unpack .../004-libegl1_1.7.0-1build1_amd64.deb ...
Run Tests (3.12)	UNKNOWN STEP	2025-08-21T04:32:40.9168385Z Unpacking libegl1:amd64 (1.7.0-1build1) ...
Run Tests (3.12)	UNKNOWN STEP	2025-08-21T04:32:40.9414771Z Selecting previously unselected package libmtdev1t64:amd64.
Run Tests (3.12)	UNKNOWN STEP	2025-08-21T04:32:40.9566710Z Preparing to unpack .../005-libmtdev1t64_1.1.6-1.1build1_amd64.deb ...
Run Tests (3.12)	UNKNOWN STEP	2025-08-21T04:32:40.9578622Z Unpacking libmtdev1t64:amd64 (1.1.6-1.1build1) ...
Run Tests (3.12)	UNKNOWN STEP	2025-08-21T04:32:40.9813940Z Selecting previously unselected package libwacom-common.
Run Tests (3.12)	UNKNOWN STEP	2025-08-21T04:32:40.9952039Z Preparing to unpack .../006-libwacom-common_2.10.0-2_all.deb ...
Run Tests (3.12)	UNKNOWN STEP	2025-08-21T04:32:40.9960751Z Unpacking libwacom-common (2.10.0-2) ...
Run Tests (3.12)	UNKNOWN STEP	2025-08-21T04:32:41.1001649Z Selecting previously unselected package libwacom9:amd64.
Run Tests (3.12)	UNKNOWN STEP	2025-08-21T04:32:41.1160344Z Preparing to unpack .../007-libwacom9_2.10.0-2_amd64.deb ...
Run Tests (3.12)	UNKNOWN STEP	2025-08-21T04:32:41.1170433Z Unpacking libwacom9:amd64 (2.10.0-2) ...
Run Tests (3.12)	UNKNOWN STEP	2025-08-21T04:32:41.1393452Z Selecting previously unselected package libinput-bin.
Run Tests (3.12)	UNKNOWN STEP	2025-08-21T04:32:41.1536645Z Preparing to unpack .../008-libinput-bin_1.25.0-1ubuntu3.1_amd64.deb ...
Run Tests (3.12)	UNKNOWN STEP	2025-08-21T04:32:41.1548212Z Unpacking libinput-bin (1.25.0-1ubuntu3.1) ...
Run Tests (3.12)	UNKNOWN STEP	2025-08-21T04:32:41.1854348Z Selecting previously unselected package libinput10:amd64.
Run Tests (3.12)	UNKNOWN STEP	2025-08-21T04:32:41.2007668Z Preparing to unpack .../009-libinput10_1.25.0-1ubuntu3.1_amd64.deb ...
Run Tests (3.12)	UNKNOWN STEP	2025-08-21T04:32:41.2018597Z Unpacking libinput10:amd64 (1.25.0-1ubuntu3.1) ...
Run Tests (3.12)	UNKNOWN STEP	2025-08-21T04:32:41.2288904Z Selecting previously unselected package libmd4c0:amd64.
Run Tests (3.12)	UNKNOWN STEP	2025-08-21T04:32:41.2440101Z Preparing to unpack .../010-libmd4c0_0.4.8-1build1_amd64.deb ...
Run Tests (3.12)	UNKNOWN STEP	2025-08-21T04:32:41.2450559Z Unpacking libmd4c0:amd64 (0.4.8-1build1) ...
Run Tests (3.12)	UNKNOWN STEP	2025-08-21T04:32:41.2686361Z Selecting previously unselected package libqt5dbus5t64:amd64.
Run Tests (3.12)	UNKNOWN STEP	2025-08-21T04:32:41.2835827Z Preparing to unpack .../011-libqt5dbus5t64_5.15.13+dfsg-1ubuntu1_amd64.deb ...
Run Tests (3.12)	UNKNOWN STEP	2025-08-21T04:32:41.2847899Z Unpacking libqt5dbus5t64:amd64 (5.15.13+dfsg-1ubuntu1) ...
Run Tests (3.12)	UNKNOWN STEP	2025-08-21T04:32:41.3149735Z Selecting previously unselected package libqt5network5t64:amd64.
Run Tests (3.12)	UNKNOWN STEP	2025-08-21T04:32:41.3300027Z Preparing to unpack .../012-libqt5network5t64_5.15.13+dfsg-1ubuntu1_amd64.deb ...
Run Tests (3.12)	UNKNOWN STEP	2025-08-21T04:32:41.3312721Z Unpacking libqt5network5t64:amd64 (5.15.13+dfsg-1ubuntu1) ...
Run Tests (3.12)	UNKNOWN STEP	2025-08-21T04:32:41.3681977Z Selecting previously unselected package libxcb-icccm4:amd64.
Run Tests (3.12)	UNKNOWN STEP	2025-08-21T04:32:41.3837417Z Preparing to unpack .../013-libxcb-icccm4_0.4.1-1.1build3_amd64.deb ...
Run Tests (3.12)	UNKNOWN STEP	2025-08-21T04:32:41.3848190Z Unpacking libxcb-icccm4:amd64 (0.4.1-1.1build3) ...
Run Tests (3.12)	UNKNOWN STEP	2025-08-21T04:32:41.4107242Z Selecting previously unselected package libxcb-util1:amd64.
Run Tests (3.12)	UNKNOWN STEP	2025-08-21T04:32:41.4255800Z Preparing to unpack .../014-libxcb-util1_0.4.0-1build3_amd64.deb ...
Run Tests (3.12)	UNKNOWN STEP	2025-08-21T04:32:41.4266646Z Unpacking libxcb-util1:amd64 (0.4.0-1build3) ...
Run Tests (3.12)	UNKNOWN STEP	2025-08-21T04:32:41.4499574Z Selecting previously unselected package libxcb-image0:amd64.
Run Tests (3.12)	UNKNOWN STEP	2025-08-21T04:32:41.4648120Z Preparing to unpack .../015-libxcb-image0_0.4.0-2build1_amd64.deb ...
Run Tests (3.12)	UNKNOWN STEP	2025-08-21T04:32:41.4657922Z Unpacking libxcb-image0:amd64 (0.4.0-2build1) ...
Run Tests (3.12)	UNKNOWN STEP	2025-08-21T04:32:41.4885390Z Selecting previously unselected package libxcb-keysyms1:amd64.
Run Tests (3.12)	UNKNOWN STEP	2025-08-21T04:32:41.5038686Z Preparing to unpack .../016-libxcb-keysyms1_0.4.0-1build4_amd64.deb ...
Run Tests (3.12)	UNKNOWN STEP	2025-08-21T04:32:41.5048712Z Unpacking libxcb-keysyms1:amd64 (0.4.0-1build4) ...
Run Tests (3.12)	UNKNOWN STEP	2025-08-21T04:32:41.5287762Z Selecting previously unselected package libxcb-render-util0:amd64.
Run Tests (3.12)	UNKNOWN STEP	2025-08-21T04:32:41.5444972Z Preparing to unpack .../017-libxcb-render-util0_0.3.9-1build4_amd64.deb ...
Run Tests (3.12)	UNKNOWN STEP	2025-08-21T04:32:41.5455656Z Unpacking libxcb-render-util0:amd64 (0.3.9-1build4) ...
Run Tests (3.12)	UNKNOWN STEP	2025-08-21T04:32:41.5697560Z Selecting previously unselected package libxcb-shape0:amd64.
Run Tests (3.12)	UNKNOWN STEP	2025-08-21T04:32:41.5848609Z Preparing to unpack .../018-libxcb-shape0_1.15-1ubuntu2_amd64.deb ...
Run Tests (3.12)	UNKNOWN STEP	2025-08-21T04:32:41.5860189Z Unpacking libxcb-shape0:amd64 (1.15-1ubuntu2) ...
Run Tests (3.12)	UNKNOWN STEP	2025-08-21T04:32:41.6082994Z Selecting previously unselected package libxcb-xinerama0:amd64.
Run Tests (3.12)	UNKNOWN STEP	2025-08-21T04:32:41.6231121Z Preparing to unpack .../019-libxcb-xinerama0_1.15-1ubuntu2_amd64.deb ...
Run Tests (3.12)	UNKNOWN STEP	2025-08-21T04:32:41.6242338Z Unpacking libxcb-xinerama0:amd64 (1.15-1ubuntu2) ...
Run Tests (3.12)	UNKNOWN STEP	2025-08-21T04:32:41.6469237Z Selecting previously unselected package libxcb-xinput0:amd64.
Run Tests (3.12)	UNKNOWN STEP	2025-08-21T04:32:41.6617247Z Preparing to unpack .../020-libxcb-xinput0_1.15-1ubuntu2_amd64.deb ...
Run Tests (3.12)	UNKNOWN STEP	2025-08-21T04:32:41.6627509Z Unpacking libxcb-xinput0:amd64 (1.15-1ubuntu2) ...
Run Tests (3.12)	UNKNOWN STEP	2025-08-21T04:32:41.6872619Z Selecting previously unselected package libxcb-xkb1:amd64.
Run Tests (3.12)	UNKNOWN STEP	2025-08-21T04:32:41.7026970Z Preparing to unpack .../021-libxcb-xkb1_1.15-1ubuntu2_amd64.deb ...
Run Tests (3.12)	UNKNOWN STEP	2025-08-21T04:32:41.7037686Z Unpacking libxcb-xkb1:amd64 (1.15-1ubuntu2) ...
Run Tests (3.12)	UNKNOWN STEP	2025-08-21T04:32:41.7271636Z Selecting previously unselected package libxkbcommon-x11-0:amd64.
Run Tests (3.12)	UNKNOWN STEP	2025-08-21T04:32:41.7412122Z Preparing to unpack .../022-libxkbcommon-x11-0_1.6.0-1build1_amd64.deb ...
Run Tests (3.12)	UNKNOWN STEP	2025-08-21T04:32:41.7421726Z Unpacking libxkbcommon-x11-0:amd64 (1.6.0-1build1) ...
Run Tests (3.12)	UNKNOWN STEP	2025-08-21T04:32:41.7659323Z Selecting previously unselected package libqt5gui5t64:amd64.
Run Tests (3.12)	UNKNOWN STEP	2025-08-21T04:32:41.7800121Z Preparing to unpack .../023-libqt5gui5t64_5.15.13+dfsg-1ubuntu1_amd64.deb ...
Run Tests (3.12)	UNKNOWN STEP	2025-08-21T04:32:41.7809765Z Unpacking libqt5gui5t64:amd64 (5.15.13+dfsg-1ubuntu1) ...
Run Tests (3.12)	UNKNOWN STEP	2025-08-21T04:32:41.8580566Z Selecting previously unselected package libqt5qml5:amd64.
Run Tests (3.12)	UNKNOWN STEP	2025-08-21T04:32:41.8724197Z Preparing to unpack .../024-libqt5qml5_5.15.13+dfsg-1ubuntu0.1_amd64.deb ...
Run Tests (3.12)	UNKNOWN STEP	2025-08-21T04:32:41.8735510Z Unpacking libqt5qml5:amd64 (5.15.13+dfsg-1ubuntu0.1) ...
Run Tests (3.12)	UNKNOWN STEP	2025-08-21T04:32:41.9206625Z Selecting previously unselected package libqt5qmlmodels5:amd64.
Run Tests (3.12)	UNKNOWN STEP	2025-08-21T04:32:41.9357099Z Preparing to unpack .../025-libqt5qmlmodels5_5.15.13+dfsg-1ubuntu0.1_amd64.deb ...
Run Tests (3.12)	UNKNOWN STEP	2025-08-21T04:32:41.9366223Z Unpacking libqt5qmlmodels5:amd64 (5.15.13+dfsg-1ubuntu0.1) ...
Run Tests (3.12)	UNKNOWN STEP	2025-08-21T04:32:41.9648616Z Selecting previously unselected package libqt5quick5:amd64.
Run Tests (3.12)	UNKNOWN STEP	2025-08-21T04:32:41.9796845Z Preparing to unpack .../026-libqt5quick5_5.15.13+dfsg-1ubuntu0.1_amd64.deb ...
Run Tests (3.12)	UNKNOWN STEP	2025-08-21T04:32:41.9806595Z Unpacking libqt5quick5:amd64 (5.15.13+dfsg-1ubuntu0.1) ...
Run Tests (3.12)	UNKNOWN STEP	2025-08-21T04:32:42.0281477Z Selecting previously unselected package qml-module-qtquick-window2:amd64.
Run Tests (3.12)	UNKNOWN STEP	2025-08-21T04:32:42.0442213Z Preparing to unpack .../027-qml-module-qtquick-window2_5.15.13+dfsg-1ubuntu0.1_amd64.deb ...
Run Tests (3.12)	UNKNOWN STEP	2025-08-21T04:32:42.0452715Z Unpacking qml-module-qtquick-window2:amd64 (5.15.13+dfsg-1ubuntu0.1) ...
Run Tests (3.12)	UNKNOWN STEP	2025-08-21T04:32:42.0711428Z Selecting previously unselected package libqt5qmlworkerscript5:amd64.
Run Tests (3.12)	UNKNOWN STEP	2025-08-21T04:32:42.0862632Z Preparing to unpack .../028-libqt5qmlworkerscript5_5.15.13+dfsg-1ubuntu0.1_amd64.deb ...
Run Tests (3.12)	UNKNOWN STEP	2025-08-21T04:32:42.0873485Z Unpacking libqt5qmlworkerscript5:amd64 (5.15.13+dfsg-1ubuntu0.1) ...
Run Tests (3.12)	UNKNOWN STEP	2025-08-21T04:32:42.1111439Z Selecting previously unselected package qml-module-qtquick2:amd64.
Run Tests (3.12)	UNKNOWN STEP	2025-08-21T04:32:42.1258578Z Preparing to unpack .../029-qml-module-qtquick2_5.15.13+dfsg-1ubuntu0.1_amd64.deb ...
Run Tests (3.12)	UNKNOWN STEP	2025-08-21T04:32:42.1268115Z Unpacking qml-module-qtquick2:amd64 (5.15.13+dfsg-1ubuntu0.1) ...
Run Tests (3.12)	UNKNOWN STEP	2025-08-21T04:32:42.1494678Z Selecting previously unselected package qml-module-qtgraphicaleffects:amd64.
Run Tests (3.12)	UNKNOWN STEP	2025-08-21T04:32:42.1638410Z Preparing to unpack .../030-qml-module-qtgraphicaleffects_5.15.13-1_amd64.deb ...
Run Tests (3.12)	UNKNOWN STEP	2025-08-21T04:32:42.1649984Z Unpacking qml-module-qtgraphicaleffects:amd64 (5.15.13-1) ...
Run Tests (3.12)	UNKNOWN STEP	2025-08-21T04:32:42.1951998Z Selecting previously unselected package qml-module-qtqml:amd64.
Run Tests (3.12)	UNKNOWN STEP	2025-08-21T04:32:42.2106728Z Preparing to unpack .../031-qml-module-qtqml_5.15.13+dfsg-1ubuntu0.1_amd64.deb ...
Run Tests (3.12)	UNKNOWN STEP	2025-08-21T04:32:42.2116071Z Unpacking qml-module-qtqml:amd64 (5.15.13+dfsg-1ubuntu0.1) ...
Run Tests (3.12)	UNKNOWN STEP	2025-08-21T04:32:42.2351431Z Selecting previously unselected package qml-module-qtqml-models2:amd64.
Run Tests (3.12)	UNKNOWN STEP	2025-08-21T04:32:42.2522192Z Preparing to unpack .../032-qml-module-qtqml-models2_5.15.13+dfsg-1ubuntu0.1_amd64.deb ...
Run Tests (3.12)	UNKNOWN STEP	2025-08-21T04:32:42.2531824Z Unpacking qml-module-qtqml-models2:amd64 (5.15.13+dfsg-1ubuntu0.1) ...
Run Tests (3.12)	UNKNOWN STEP	2025-08-21T04:32:42.2770799Z Selecting previously unselected package qml-module-qtquick-layouts:amd64.
Run Tests (3.12)	UNKNOWN STEP	2025-08-21T04:32:42.2920561Z Preparing to unpack .../033-qml-module-qtquick-layouts_5.15.13+dfsg-1ubuntu0.1_amd64.deb ...
Run Tests (3.12)	UNKNOWN STEP	2025-08-21T04:32:42.2931642Z Unpacking qml-module-qtquick-layouts:amd64 (5.15.13+dfsg-1ubuntu0.1) ...
Run Tests (3.12)	UNKNOWN STEP	2025-08-21T04:32:42.3195230Z Selecting previously unselected package libqt5widgets5t64:amd64.
Run Tests (3.12)	UNKNOWN STEP	2025-08-21T04:32:42.3339158Z Preparing to unpack .../034-libqt5widgets5t64_5.15.13+dfsg-1ubuntu1_amd64.deb ...
Run Tests (3.12)	UNKNOWN STEP	2025-08-21T04:32:42.3350559Z Unpacking libqt5widgets5t64:amd64 (5.15.13+dfsg-1ubuntu1) ...
Run Tests (3.12)	UNKNOWN STEP	2025-08-21T04:32:42.3889952Z Selecting previously unselected package qml-module-qtquick-controls:amd64.
Run Tests (3.12)	UNKNOWN STEP	2025-08-21T04:32:42.4036378Z Preparing to unpack .../035-qml-module-qtquick-controls_5.15.13-1_amd64.deb ...
Run Tests (3.12)	UNKNOWN STEP	2025-08-21T04:32:42.4046631Z Unpacking qml-module-qtquick-controls:amd64 (5.15.13-1) ...
Run Tests (3.12)	UNKNOWN STEP	2025-08-21T04:32:42.4843570Z Selecting previously unselected package desktop-file-utils.
Run Tests (3.12)	UNKNOWN STEP	2025-08-21T04:32:42.4989981Z Preparing to unpack .../036-desktop-file-utils_0.27-2build1_amd64.deb ...
Run Tests (3.12)	UNKNOWN STEP	2025-08-21T04:32:42.4999903Z Unpacking desktop-file-utils (0.27-2build1) ...
Run Tests (3.12)	UNKNOWN STEP	2025-08-21T04:32:42.5292516Z Selecting previously unselected package fluid-soundfont-gm.
Run Tests (3.12)	UNKNOWN STEP	2025-08-21T04:32:42.5445736Z Preparing to unpack .../037-fluid-soundfont-gm_3.1-5.3_all.deb ...
Run Tests (3.12)	UNKNOWN STEP	2025-08-21T04:32:42.5458098Z Unpacking fluid-soundfont-gm (3.1-5.3) ...
Run Tests (3.12)	UNKNOWN STEP	2025-08-21T04:32:43.2148375Z Selecting previously unselected package libflac12t64:amd64.
Run Tests (3.12)	UNKNOWN STEP	2025-08-21T04:32:43.2293355Z Preparing to unpack .../038-libflac12t64_1.4.3+ds-2.1ubuntu2_amd64.deb ...
Run Tests (3.12)	UNKNOWN STEP	2025-08-21T04:32:43.2303035Z Unpacking libflac12t64:amd64 (1.4.3+ds-2.1ubuntu2) ...
Run Tests (3.12)	UNKNOWN STEP	2025-08-21T04:32:43.2565255Z Selecting previously unselected package libmp3lame0:amd64.
Run Tests (3.12)	UNKNOWN STEP	2025-08-21T04:32:43.2719833Z Preparing to unpack .../039-libmp3lame0_3.100-6build1_amd64.deb ...
Run Tests (3.12)	UNKNOWN STEP	2025-08-21T04:32:43.2732487Z Unpacking libmp3lame0:amd64 (3.100-6build1) ...
Run Tests (3.12)	UNKNOWN STEP	2025-08-21T04:32:43.2995782Z Selecting previously unselected package libmpg123-0t64:amd64.
Run Tests (3.12)	UNKNOWN STEP	2025-08-21T04:32:43.3145438Z Preparing to unpack .../040-libmpg123-0t64_1.32.5-1ubuntu1.1_amd64.deb ...
Run Tests (3.12)	UNKNOWN STEP	2025-08-21T04:32:43.3155479Z Unpacking libmpg123-0t64:amd64 (1.32.5-1ubuntu1.1) ...
Run Tests (3.12)	UNKNOWN STEP	2025-08-21T04:32:43.3417516Z Selecting previously unselected package libopus0:amd64.
Run Tests (3.12)	UNKNOWN STEP	2025-08-21T04:32:43.3566305Z Preparing to unpack .../041-libopus0_1.4-1build1_amd64.deb ...
Run Tests (3.12)	UNKNOWN STEP	2025-08-21T04:32:43.3576337Z Unpacking libopus0:amd64 (1.4-1build1) ...
Run Tests (3.12)	UNKNOWN STEP	2025-08-21T04:32:43.3892620Z Selecting previously unselected package libvorbisenc2:amd64.
Run Tests (3.12)	UNKNOWN STEP	2025-08-21T04:32:43.4051662Z Preparing to unpack .../042-libvorbisenc2_1.3.7-1build3_amd64.deb ...
Run Tests (3.12)	UNKNOWN STEP	2025-08-21T04:32:43.4062923Z Unpacking libvorbisenc2:amd64 (1.3.7-1build3) ...
Run Tests (3.12)	UNKNOWN STEP	2025-08-21T04:32:43.4340707Z Selecting previously unselected package libsndfile1:amd64.
Run Tests (3.12)	UNKNOWN STEP	2025-08-21T04:32:43.4493704Z Preparing to unpack .../043-libsndfile1_1.2.2-1ubuntu5.24.04.1_amd64.deb ...
Run Tests (3.12)	UNKNOWN STEP	2025-08-21T04:32:43.4504617Z Unpacking libsndfile1:amd64 (1.2.2-1ubuntu5.24.04.1) ...
Run Tests (3.12)	UNKNOWN STEP	2025-08-21T04:32:43.4784468Z Selecting previously unselected package libinstpatch-1.0-2:amd64.
Run Tests (3.12)	UNKNOWN STEP	2025-08-21T04:32:43.4930688Z Preparing to unpack .../044-libinstpatch-1.0-2_1.1.6-1build2_amd64.deb ...
Run Tests (3.12)	UNKNOWN STEP	2025-08-21T04:32:43.4942148Z Unpacking libinstpatch-1.0-2:amd64 (1.1.6-1build2) ...
Run Tests (3.12)	UNKNOWN STEP	2025-08-21T04:32:43.5216992Z Selecting previously unselected package libsamplerate0:amd64.
Run Tests (3.12)	UNKNOWN STEP	2025-08-21T04:32:43.5356853Z Preparing to unpack .../045-libsamplerate0_0.2.2-4build1_amd64.deb ...
Run Tests (3.12)	UNKNOWN STEP	2025-08-21T04:32:43.5366697Z Unpacking libsamplerate0:amd64 (0.2.2-4build1) ...
Run Tests (3.12)	UNKNOWN STEP	2025-08-21T04:32:43.5650904Z Selecting previously unselected package libjack-jackd2-0:amd64.
Run Tests (3.12)	UNKNOWN STEP	2025-08-21T04:32:43.5803255Z Preparing to unpack .../046-libjack-jackd2-0_1.9.21~dfsg-3ubuntu3_amd64.deb ...
Run Tests (3.12)	UNKNOWN STEP	2025-08-21T04:32:43.5812950Z Unpacking libjack-jackd2-0:amd64 (1.9.21~dfsg-3ubuntu3) ...
Run Tests (3.12)	UNKNOWN STEP	2025-08-21T04:32:43.6111252Z Selecting previously unselected package libwebrtc-audio-processing1:amd64.
Run Tests (3.12)	UNKNOWN STEP	2025-08-21T04:32:43.6266992Z Preparing to unpack .../047-libwebrtc-audio-processing1_0.3.1-0ubuntu6_amd64.deb ...
Run Tests (3.12)	UNKNOWN STEP	2025-08-21T04:32:43.6277885Z Unpacking libwebrtc-audio-processing1:amd64 (0.3.1-0ubuntu6) ...
Run Tests (3.12)	UNKNOWN STEP	2025-08-21T04:32:43.6540827Z Selecting previously unselected package libspa-0.2-modules:amd64.
Run Tests (3.12)	UNKNOWN STEP	2025-08-21T04:32:43.6685511Z Preparing to unpack .../048-libspa-0.2-modules_1.0.5-1ubuntu3.1_amd64.deb ...
Run Tests (3.12)	UNKNOWN STEP	2025-08-21T04:32:43.6696962Z Unpacking libspa-0.2-modules:amd64 (1.0.5-1ubuntu3.1) ...
Run Tests (3.12)	UNKNOWN STEP	2025-08-21T04:32:43.7058843Z Selecting previously unselected package libpipewire-0.3-0t64:amd64.
Run Tests (3.12)	UNKNOWN STEP	2025-08-21T04:32:43.7201770Z Preparing to unpack .../049-libpipewire-0.3-0t64_1.0.5-1ubuntu3.1_amd64.deb ...
Run Tests (3.12)	UNKNOWN STEP	2025-08-21T04:32:43.7212399Z Unpacking libpipewire-0.3-0t64:amd64 (1.0.5-1ubuntu3.1) ...
Run Tests (3.12)	UNKNOWN STEP	2025-08-21T04:32:43.7500857Z Selecting previously unselected package libasyncns0:amd64.
Run Tests (3.12)	UNKNOWN STEP	2025-08-21T04:32:43.7648623Z Preparing to unpack .../050-libasyncns0_0.8-6build4_amd64.deb ...
Run Tests (3.12)	UNKNOWN STEP	2025-08-21T04:32:43.7659757Z Unpacking libasyncns0:amd64 (0.8-6build4) ...
Run Tests (3.12)	UNKNOWN STEP	2025-08-21T04:32:43.7916316Z Selecting previously unselected package libpulse0:amd64.
Run Tests (3.12)	UNKNOWN STEP	2025-08-21T04:32:43.8063119Z Preparing to unpack .../051-libpulse0_1%3a16.1+dfsg1-2ubuntu10.1_amd64.deb ...
Run Tests (3.12)	UNKNOWN STEP	2025-08-21T04:32:43.8133549Z Unpacking libpulse0:amd64 (1:16.1+dfsg1-2ubuntu10.1) ...
Run Tests (3.12)	UNKNOWN STEP	2025-08-21T04:32:43.8418350Z Selecting previously unselected package libdecor-0-0:amd64.
Run Tests (3.12)	UNKNOWN STEP	2025-08-21T04:32:43.8576288Z Preparing to unpack .../052-libdecor-0-0_0.2.2-1build2_amd64.deb ...
Run Tests (3.12)	UNKNOWN STEP	2025-08-21T04:32:43.8588455Z Unpacking libdecor-0-0:amd64 (0.2.2-1build2) ...
Run Tests (3.12)	UNKNOWN STEP	2025-08-21T04:32:43.8838738Z Selecting previously unselected package libsdl2-2.0-0:amd64.
Run Tests (3.12)	UNKNOWN STEP	2025-08-21T04:32:43.8994482Z Preparing to unpack .../053-libsdl2-2.0-0_2.30.0+dfsg-1ubuntu3.1_amd64.deb ...
Run Tests (3.12)	UNKNOWN STEP	2025-08-21T04:32:43.9006356Z Unpacking libsdl2-2.0-0:amd64 (2.30.0+dfsg-1ubuntu3.1) ...
Run Tests (3.12)	UNKNOWN STEP	2025-08-21T04:32:43.9346932Z Selecting previously unselected package timgm6mb-soundfont.
Run Tests (3.12)	UNKNOWN STEP	2025-08-21T04:32:43.9498220Z Preparing to unpack .../054-timgm6mb-soundfont_1.3-5_all.deb ...
Run Tests (3.12)	UNKNOWN STEP	2025-08-21T04:32:43.9508482Z Unpacking timgm6mb-soundfont (1.3-5) ...
Run Tests (3.12)	UNKNOWN STEP	2025-08-21T04:32:44.2938791Z Selecting previously unselected package musescore-general-soundfont-small.
Run Tests (3.12)	UNKNOWN STEP	2025-08-21T04:32:44.3086381Z Preparing to unpack .../055-musescore-general-soundfont-small_0.2.1-1_all.deb ...
Run Tests (3.12)	UNKNOWN STEP	2025-08-21T04:32:44.3096570Z Unpacking musescore-general-soundfont-small (0.2.1-1) ...
Run Tests (3.12)	UNKNOWN STEP	2025-08-21T04:32:44.4712924Z Selecting previously unselected package libfluidsynth3:amd64.
Run Tests (3.12)	UNKNOWN STEP	2025-08-21T04:32:44.4872114Z Preparing to unpack .../056-libfluidsynth3_2.3.4-1build3_amd64.deb ...
Run Tests (3.12)	UNKNOWN STEP	2025-08-21T04:32:44.4882387Z Unpacking libfluidsynth3:amd64 (2.3.4-1build3) ...
Run Tests (3.12)	UNKNOWN STEP	2025-08-21T04:32:44.5143392Z Selecting previously unselected package fluidsynth.
Run Tests (3.12)	UNKNOWN STEP	2025-08-21T04:32:44.5285299Z Preparing to unpack .../057-fluidsynth_2.3.4-1build3_amd64.deb ...
Run Tests (3.12)	UNKNOWN STEP	2025-08-21T04:32:44.5294521Z Unpacking fluidsynth (2.3.4-1build3) ...
Run Tests (3.12)	UNKNOWN STEP	2025-08-21T04:32:44.5514172Z Selecting previously unselected package fonts-freefont-ttf.
Run Tests (3.12)	UNKNOWN STEP	2025-08-21T04:32:44.5669808Z Preparing to unpack .../058-fonts-freefont-ttf_20211204+svn4273-2_all.deb ...
Run Tests (3.12)	UNKNOWN STEP	2025-08-21T04:32:44.5677449Z Unpacking fonts-freefont-ttf (20211204+svn4273-2) ...
Run Tests (3.12)	UNKNOWN STEP	2025-08-21T04:32:44.6558611Z Selecting previously unselected package libb2-1:amd64.
Run Tests (3.12)	UNKNOWN STEP	2025-08-21T04:32:44.6702943Z Preparing to unpack .../059-libb2-1_0.98.1-1.1build1_amd64.deb ...
Run Tests (3.12)	UNKNOWN STEP	2025-08-21T04:32:44.6712657Z Unpacking libb2-1:amd64 (0.98.1-1.1build1) ...
Run Tests (3.12)	UNKNOWN STEP	2025-08-21T04:32:44.6929813Z Selecting previously unselected package libdecor-0-plugin-1-gtk:amd64.
Run Tests (3.12)	UNKNOWN STEP	2025-08-21T04:32:44.7072752Z Preparing to unpack .../060-libdecor-0-plugin-1-gtk_0.2.2-1build2_amd64.deb ...
Run Tests (3.12)	UNKNOWN STEP	2025-08-21T04:32:44.7080634Z Unpacking libdecor-0-plugin-1-gtk:amd64 (0.2.2-1build2) ...
Run Tests (3.12)	UNKNOWN STEP	2025-08-21T04:32:44.7294565Z Selecting previously unselected package libpipewire-0.3-common.
Run Tests (3.12)	UNKNOWN STEP	2025-08-21T04:32:44.7450933Z Preparing to unpack .../061-libpipewire-0.3-common_1.0.5-1ubuntu3.1_all.deb ...
Run Tests (3.12)	UNKNOWN STEP	2025-08-21T04:32:44.7458760Z Unpacking libpipewire-0.3-common (1.0.5-1ubuntu3.1) ...
Run Tests (3.12)	UNKNOWN STEP	2025-08-21T04:32:44.7680168Z Selecting previously unselected package libpoppler134:amd64.
Run Tests (3.12)	UNKNOWN STEP	2025-08-21T04:32:44.7837516Z Preparing to unpack .../062-libpoppler134_24.02.0-1ubuntu9.6_amd64.deb ...
Run Tests (3.12)	UNKNOWN STEP	2025-08-21T04:32:44.7846117Z Unpacking libpoppler134:amd64 (24.02.0-1ubuntu9.6) ...
Run Tests (3.12)	UNKNOWN STEP	2025-08-21T04:32:44.8221850Z Selecting previously unselected package libqt5xml5t64:amd64.
Run Tests (3.12)	UNKNOWN STEP	2025-08-21T04:32:44.8367064Z Preparing to unpack .../063-libqt5xml5t64_5.15.13+dfsg-1ubuntu1_amd64.deb ...
Run Tests (3.12)	UNKNOWN STEP	2025-08-21T04:32:44.8374771Z Unpacking libqt5xml5t64:amd64 (5.15.13+dfsg-1ubuntu1) ...
Run Tests (3.12)	UNKNOWN STEP	2025-08-21T04:32:44.8621422Z Selecting previously unselected package libpoppler-qt5-1t64:amd64.
Run Tests (3.12)	UNKNOWN STEP	2025-08-21T04:32:44.8787725Z Preparing to unpack .../064-libpoppler-qt5-1t64_24.02.0-1ubuntu9.6_amd64.deb ...
Run Tests (3.12)	UNKNOWN STEP	2025-08-21T04:32:44.8796686Z Unpacking libpoppler-qt5-1t64:amd64 (24.02.0-1ubuntu9.6) ...
Run Tests (3.12)	UNKNOWN STEP	2025-08-21T04:32:44.9062400Z Selecting previously unselected package libportaudio2:amd64.
Run Tests (3.12)	UNKNOWN STEP	2025-08-21T04:32:44.9214232Z Preparing to unpack .../065-libportaudio2_19.6.0-1.2build3_amd64.deb ...
Run Tests (3.12)	UNKNOWN STEP	2025-08-21T04:32:44.9224373Z Unpacking libportaudio2:amd64 (19.6.0-1.2build3) ...
Run Tests (3.12)	UNKNOWN STEP	2025-08-21T04:32:44.9446617Z Selecting previously unselected package libportmidi0:amd64.
Run Tests (3.12)	UNKNOWN STEP	2025-08-21T04:32:44.9590073Z Preparing to unpack .../066-libportmidi0_1%3a217-6.1build3_amd64.deb ...
Run Tests (3.12)	UNKNOWN STEP	2025-08-21T04:32:44.9597831Z Unpacking libportmidi0:amd64 (1:217-6.1build3) ...
Run Tests (3.12)	UNKNOWN STEP	2025-08-21T04:32:44.9813863Z Selecting previously unselected package libproxy1v5:amd64.
Run Tests (3.12)	UNKNOWN STEP	2025-08-21T04:32:44.9953793Z Preparing to unpack .../067-libproxy1v5_0.5.4-4build1_amd64.deb ...
Run Tests (3.12)	UNKNOWN STEP	2025-08-21T04:32:44.9962053Z Unpacking libproxy1v5:amd64 (0.5.4-4build1) ...
Run Tests (3.12)	UNKNOWN STEP	2025-08-21T04:32:45.0187683Z Selecting previously unselected package libqt5sql5t64:amd64.
Run Tests (3.12)	UNKNOWN STEP	2025-08-21T04:32:45.0334250Z Preparing to unpack .../068-libqt5sql5t64_5.15.13+dfsg-1ubuntu1_amd64.deb ...
Run Tests (3.12)	UNKNOWN STEP	2025-08-21T04:32:45.0343242Z Unpacking libqt5sql5t64:amd64 (5.15.13+dfsg-1ubuntu1) ...
Run Tests (3.12)	UNKNOWN STEP	2025-08-21T04:32:45.0605030Z Selecting previously unselected package libqt5help5:amd64.
Run Tests (3.12)	UNKNOWN STEP	2025-08-21T04:32:45.0751380Z Preparing to unpack .../069-libqt5help5_5.15.13-1_amd64.deb ...
Run Tests (3.12)	UNKNOWN STEP	2025-08-21T04:32:45.0759604Z Unpacking libqt5help5:amd64 (5.15.13-1) ...
Run Tests (3.12)	UNKNOWN STEP	2025-08-21T04:32:45.1017874Z Selecting previously unselected package libqt5printsupport5t64:amd64.
Run Tests (3.12)	UNKNOWN STEP	2025-08-21T04:32:45.1168063Z Preparing to unpack .../070-libqt5printsupport5t64_5.15.13+dfsg-1ubuntu1_amd64.deb ...
Run Tests (3.12)	UNKNOWN STEP	2025-08-21T04:32:45.1176695Z Unpacking libqt5printsupport5t64:amd64 (5.15.13+dfsg-1ubuntu1) ...
Run Tests (3.12)	UNKNOWN STEP	2025-08-21T04:32:45.1431567Z Selecting previously unselected package libqt5sql5-sqlite:amd64.
Run Tests (3.12)	UNKNOWN STEP	2025-08-21T04:32:45.1570532Z Preparing to unpack .../071-libqt5sql5-sqlite_5.15.13+dfsg-1ubuntu1_amd64.deb ...
Run Tests (3.12)	UNKNOWN STEP	2025-08-21T04:32:45.1578679Z Unpacking libqt5sql5-sqlite:amd64 (5.15.13+dfsg-1ubuntu1) ...
Run Tests (3.12)	UNKNOWN STEP	2025-08-21T04:32:45.1800998Z Selecting previously unselected package libqt5svg5:amd64.
Run Tests (3.12)	UNKNOWN STEP	2025-08-21T04:32:45.1936419Z Preparing to unpack .../072-libqt5svg5_5.15.13-1_amd64.deb ...
Run Tests (3.12)	UNKNOWN STEP	2025-08-21T04:32:45.1943875Z Unpacking libqt5svg5:amd64 (5.15.13-1) ...
Run Tests (3.12)	UNKNOWN STEP	2025-08-21T04:32:45.2184453Z Selecting previously unselected package libqt5waylandclient5:amd64.
Run Tests (3.12)	UNKNOWN STEP	2025-08-21T04:32:45.2324613Z Preparing to unpack .../073-libqt5waylandclient5_5.15.13-1_amd64.deb ...
Run Tests (3.12)	UNKNOWN STEP	2025-08-21T04:32:45.2333998Z Unpacking libqt5waylandclient5:amd64 (5.15.13-1) ...
Run Tests (3.12)	UNKNOWN STEP	2025-08-21T04:32:45.2635522Z Selecting previously unselected package libqt5waylandcompositor5:amd64.
Run Tests (3.12)	UNKNOWN STEP	2025-08-21T04:32:45.2784142Z Preparing to unpack .../074-libqt5waylandcompositor5_5.15.13-1_amd64.deb ...
Run Tests (3.12)	UNKNOWN STEP	2025-08-21T04:32:45.2793719Z Unpacking libqt5waylandcompositor5:amd64 (5.15.13-1) ...
Run Tests (3.12)	UNKNOWN STEP	2025-08-21T04:32:45.3095190Z Selecting previously unselected package libqt5xmlpatterns5:amd64.
Run Tests (3.12)	UNKNOWN STEP	2025-08-21T04:32:45.3242317Z Preparing to unpack .../075-libqt5xmlpatterns5_5.15.13-1_amd64.deb ...
Run Tests (3.12)	UNKNOWN STEP	2025-08-21T04:32:45.3251275Z Unpacking libqt5xmlpatterns5:amd64 (5.15.13-1) ...
Run Tests (3.12)	UNKNOWN STEP	2025-08-21T04:32:45.3637665Z Selecting previously unselected package libqt6core6t64:amd64.
Run Tests (3.12)	UNKNOWN STEP	2025-08-21T04:32:45.3789663Z Preparing to unpack .../076-libqt6core6t64_6.4.2+dfsg-21.1build5_amd64.deb ...
Run Tests (3.12)	UNKNOWN STEP	2025-08-21T04:32:45.3798809Z Unpacking libqt6core6t64:amd64 (6.4.2+dfsg-21.1build5) ...
Run Tests (3.12)	UNKNOWN STEP	2025-08-21T04:32:45.4304118Z Selecting previously unselected package libqt6dbus6t64:amd64.
Run Tests (3.12)	UNKNOWN STEP	2025-08-21T04:32:45.4460860Z Preparing to unpack .../077-libqt6dbus6t64_6.4.2+dfsg-21.1build5_amd64.deb ...
Run Tests (3.12)	UNKNOWN STEP	2025-08-21T04:32:45.4469334Z Unpacking libqt6dbus6t64:amd64 (6.4.2+dfsg-21.1build5) ...
Run Tests (3.12)	UNKNOWN STEP	2025-08-21T04:32:45.4749214Z Selecting previously unselected package libopengl0:amd64.
Run Tests (3.12)	UNKNOWN STEP	2025-08-21T04:32:45.4895827Z Preparing to unpack .../078-libopengl0_1.7.0-1build1_amd64.deb ...
Run Tests (3.12)	UNKNOWN STEP	2025-08-21T04:32:45.4903905Z Unpacking libopengl0:amd64 (1.7.0-1build1) ...
Run Tests (3.12)	UNKNOWN STEP	2025-08-21T04:32:45.5134245Z Selecting previously unselected package libts0t64:amd64.
Run Tests (3.12)	UNKNOWN STEP	2025-08-21T04:32:45.5278276Z Preparing to unpack .../079-libts0t64_1.22-1.1build1_amd64.deb ...
Run Tests (3.12)	UNKNOWN STEP	2025-08-21T04:32:45.5287088Z Unpacking libts0t64:amd64 (1.22-1.1build1) ...
Run Tests (3.12)	UNKNOWN STEP	2025-08-21T04:32:45.5875390Z Selecting previously unselected package libqt6gui6t64:amd64.
Run Tests (3.12)	UNKNOWN STEP	2025-08-21T04:32:45.6021395Z Preparing to unpack .../080-libqt6gui6t64_6.4.2+dfsg-21.1build5_amd64.deb ...
Run Tests (3.12)	UNKNOWN STEP	2025-08-21T04:32:45.6030698Z Unpacking libqt6gui6t64:amd64 (6.4.2+dfsg-21.1build5) ...
Run Tests (3.12)	UNKNOWN STEP	2025-08-21T04:32:45.6692225Z Selecting previously unselected package libqt6network6t64:amd64.
Run Tests (3.12)	UNKNOWN STEP	2025-08-21T04:32:45.6850446Z Preparing to unpack .../081-libqt6network6t64_6.4.2+dfsg-21.1build5_amd64.deb ...
Run Tests (3.12)	UNKNOWN STEP	2025-08-21T04:32:45.6858572Z Unpacking libqt6network6t64:amd64 (6.4.2+dfsg-21.1build5) ...
Run Tests (3.12)	UNKNOWN STEP	2025-08-21T04:32:45.7334193Z Selecting previously unselected package libqt6opengl6t64:amd64.
Run Tests (3.12)	UNKNOWN STEP	2025-08-21T04:32:45.7485757Z Preparing to unpack .../082-libqt6opengl6t64_6.4.2+dfsg-21.1build5_amd64.deb ...
Run Tests (3.12)	UNKNOWN STEP	2025-08-21T04:32:45.7493963Z Unpacking libqt6opengl6t64:amd64 (6.4.2+dfsg-21.1build5) ...
Run Tests (3.12)	UNKNOWN STEP	2025-08-21T04:32:45.7821975Z Selecting previously unselected package libqt6qml6:amd64.
Run Tests (3.12)	UNKNOWN STEP	2025-08-21T04:32:45.7972106Z Preparing to unpack .../083-libqt6qml6_6.4.2+dfsg-4build3_amd64.deb ...
Run Tests (3.12)	UNKNOWN STEP	2025-08-21T04:32:45.7980064Z Unpacking libqt6qml6:amd64 (6.4.2+dfsg-4build3) ...
Run Tests (3.12)	UNKNOWN STEP	2025-08-21T04:32:45.8450247Z Selecting previously unselected package libqt6qmlmodels6:amd64.
Run Tests (3.12)	UNKNOWN STEP	2025-08-21T04:32:45.8603146Z Preparing to unpack .../084-libqt6qmlmodels6_6.4.2+dfsg-4build3_amd64.deb ...
Run Tests (3.12)	UNKNOWN STEP	2025-08-21T04:32:45.8612456Z Unpacking libqt6qmlmodels6:amd64 (6.4.2+dfsg-4build3) ...
Run Tests (3.12)	UNKNOWN STEP	2025-08-21T04:32:45.8918270Z Selecting previously unselected package libqt6quick6:amd64.
Run Tests (3.12)	UNKNOWN STEP	2025-08-21T04:32:45.9067421Z Preparing to unpack .../085-libqt6quick6_6.4.2+dfsg-4build3_amd64.deb ...
Run Tests (3.12)	UNKNOWN STEP	2025-08-21T04:32:45.9076481Z Unpacking libqt6quick6:amd64 (6.4.2+dfsg-4build3) ...
Run Tests (3.12)	UNKNOWN STEP	2025-08-21T04:32:45.9615022Z Selecting previously unselected package libqt6waylandclient6:amd64.
Run Tests (3.12)	UNKNOWN STEP	2025-08-21T04:32:45.9771989Z Preparing to unpack .../086-libqt6waylandclient6_6.4.2-5build3_amd64.deb ...
Run Tests (3.12)	UNKNOWN STEP	2025-08-21T04:32:45.9781158Z Unpacking libqt6waylandclient6:amd64 (6.4.2-5build3) ...
Run Tests (3.12)	UNKNOWN STEP	2025-08-21T04:32:46.0076992Z Selecting previously unselected package libqt6waylandcompositor6:amd64.
Run Tests (3.12)	UNKNOWN STEP	2025-08-21T04:32:46.0223253Z Preparing to unpack .../087-libqt6waylandcompositor6_6.4.2-5build3_amd64.deb ...
Run Tests (3.12)	UNKNOWN STEP	2025-08-21T04:32:46.0231752Z Unpacking libqt6waylandcompositor6:amd64 (6.4.2-5build3) ...
Run Tests (3.12)	UNKNOWN STEP	2025-08-21T04:32:46.0532480Z Selecting previously unselected package libqt6waylandeglclienthwintegration6:amd64.
Run Tests (3.12)	UNKNOWN STEP	2025-08-21T04:32:46.0678527Z Preparing to unpack .../088-libqt6waylandeglclienthwintegration6_6.4.2-5build3_amd64.deb ...
Run Tests (3.12)	UNKNOWN STEP	2025-08-21T04:32:46.0686285Z Unpacking libqt6waylandeglclienthwintegration6:amd64 (6.4.2-5build3) ...
Run Tests (3.12)	UNKNOWN STEP	2025-08-21T04:32:46.0910545Z Selecting previously unselected package libqt6waylandeglcompositorhwintegration6:amd64.
Run Tests (3.12)	UNKNOWN STEP	2025-08-21T04:32:46.1055580Z Preparing to unpack .../089-libqt6waylandeglcompositorhwintegration6_6.4.2-5build3_amd64.deb ...
Run Tests (3.12)	UNKNOWN STEP	2025-08-21T04:32:46.1063198Z Unpacking libqt6waylandeglcompositorhwintegration6:amd64 (6.4.2-5build3) ...
Run Tests (3.12)	UNKNOWN STEP	2025-08-21T04:32:46.1296456Z Selecting previously unselected package libqt6widgets6t64:amd64.
Run Tests (3.12)	UNKNOWN STEP	2025-08-21T04:32:46.1442358Z Preparing to unpack .../090-libqt6widgets6t64_6.4.2+dfsg-21.1build5_amd64.deb ...
Run Tests (3.12)	UNKNOWN STEP	2025-08-21T04:32:46.1450614Z Unpacking libqt6widgets6t64:amd64 (6.4.2+dfsg-21.1build5) ...
Run Tests (3.12)	UNKNOWN STEP	2025-08-21T04:32:46.2037358Z Selecting previously unselected package libqt6wlshellintegration6:amd64.
Run Tests (3.12)	UNKNOWN STEP	2025-08-21T04:32:46.2181876Z Preparing to unpack .../091-libqt6wlshellintegration6_6.4.2-5build3_amd64.deb ...
Run Tests (3.12)	UNKNOWN STEP	2025-08-21T04:32:46.2190484Z Unpacking libqt6wlshellintegration6:amd64 (6.4.2-5build3) ...
Run Tests (3.12)	UNKNOWN STEP	2025-08-21T04:32:46.2419660Z Selecting previously unselected package qml-module-qt-labs-folderlistmodel:amd64.
Run Tests (3.12)	UNKNOWN STEP	2025-08-21T04:32:46.2560845Z Preparing to unpack .../092-qml-module-qt-labs-folderlistmodel_5.15.13+dfsg-1ubuntu0.1_amd64.deb ...
Run Tests (3.12)	UNKNOWN STEP	2025-08-21T04:32:46.2569700Z Unpacking qml-module-qt-labs-folderlistmodel:amd64 (5.15.13+dfsg-1ubuntu0.1) ...
Run Tests (3.12)	UNKNOWN STEP	2025-08-21T04:32:46.2815298Z Selecting previously unselected package qml-module-qt-labs-settings:amd64.
Run Tests (3.12)	UNKNOWN STEP	2025-08-21T04:32:46.2943642Z Preparing to unpack .../093-qml-module-qt-labs-settings_5.15.13+dfsg-1ubuntu0.1_amd64.deb ...
Run Tests (3.12)	UNKNOWN STEP	2025-08-21T04:32:46.2951255Z Unpacking qml-module-qt-labs-settings:amd64 (5.15.13+dfsg-1ubuntu0.1) ...
Run Tests (3.12)	UNKNOWN STEP	2025-08-21T04:32:46.3172759Z Selecting previously unselected package qml-module-qtquick-privatewidgets:amd64.
Run Tests (3.12)	UNKNOWN STEP	2025-08-21T04:32:46.3323494Z Preparing to unpack .../094-qml-module-qtquick-privatewidgets_5.15.13-1_amd64.deb ...
Run Tests (3.12)	UNKNOWN STEP	2025-08-21T04:32:46.3333607Z Unpacking qml-module-qtquick-privatewidgets:amd64 (5.15.13-1) ...
Run Tests (3.12)	UNKNOWN STEP	2025-08-21T04:32:46.3559785Z Selecting previously unselected package qml-module-qtquick-dialogs:amd64.
Run Tests (3.12)	UNKNOWN STEP	2025-08-21T04:32:46.3701304Z Preparing to unpack .../095-qml-module-qtquick-dialogs_5.15.13-1_amd64.deb ...
Run Tests (3.12)	UNKNOWN STEP	2025-08-21T04:32:46.3709138Z Unpacking qml-module-qtquick-dialogs:amd64 (5.15.13-1) ...
Run Tests (3.12)	UNKNOWN STEP	2025-08-21T04:32:46.4000732Z Selecting previously unselected package musescore3-common.
Run Tests (3.12)	UNKNOWN STEP	2025-08-21T04:32:46.4151582Z Preparing to unpack .../096-musescore3-common_3.2.3+dfsg2-16build5_all.deb ...
Run Tests (3.12)	UNKNOWN STEP	2025-08-21T04:32:46.4160774Z Unpacking musescore3-common (3.2.3+dfsg2-16build5) ...
Run Tests (3.12)	UNKNOWN STEP	2025-08-21T04:32:46.6328809Z Selecting previously unselected package musescore3.
Run Tests (3.12)	UNKNOWN STEP	2025-08-21T04:32:46.6495504Z Preparing to unpack .../097-musescore3_3.2.3+dfsg2-16build5_amd64.deb ...
Run Tests (3.12)	UNKNOWN STEP	2025-08-21T04:32:46.6504735Z Unpacking musescore3 (3.2.3+dfsg2-16build5) ...
Run Tests (3.12)	UNKNOWN STEP	2025-08-21T04:32:46.7639685Z Selecting previously unselected package qsynth.
Run Tests (3.12)	UNKNOWN STEP	2025-08-21T04:32:46.7776832Z Preparing to unpack .../098-qsynth_0.9.13-1build3_amd64.deb ...
Run Tests (3.12)	UNKNOWN STEP	2025-08-21T04:32:46.7783726Z Unpacking qsynth (0.9.13-1build3) ...
Run Tests (3.12)	UNKNOWN STEP	2025-08-21T04:32:46.8073642Z Selecting previously unselected package qt5-gtk-platformtheme:amd64.
Run Tests (3.12)	UNKNOWN STEP	2025-08-21T04:32:46.8233132Z Preparing to unpack .../099-qt5-gtk-platformtheme_5.15.13+dfsg-1ubuntu1_amd64.deb ...
Run Tests (3.12)	UNKNOWN STEP	2025-08-21T04:32:46.8242372Z Unpacking qt5-gtk-platformtheme:amd64 (5.15.13+dfsg-1ubuntu1) ...
Run Tests (3.12)	UNKNOWN STEP	2025-08-21T04:32:46.8525145Z Selecting previously unselected package qt6-gtk-platformtheme:amd64.
Run Tests (3.12)	UNKNOWN STEP	2025-08-21T04:32:46.8671656Z Preparing to unpack .../100-qt6-gtk-platformtheme_6.4.2+dfsg-21.1build5_amd64.deb ...
Run Tests (3.12)	UNKNOWN STEP	2025-08-21T04:32:46.8678995Z Unpacking qt6-gtk-platformtheme:amd64 (6.4.2+dfsg-21.1build5) ...
Run Tests (3.12)	UNKNOWN STEP	2025-08-21T04:32:46.8894979Z Selecting previously unselected package qt6-qpa-plugins:amd64.
Run Tests (3.12)	UNKNOWN STEP	2025-08-21T04:32:46.9041322Z Preparing to unpack .../101-qt6-qpa-plugins_6.4.2+dfsg-21.1build5_amd64.deb ...
Run Tests (3.12)	UNKNOWN STEP	2025-08-21T04:32:46.9049092Z Unpacking qt6-qpa-plugins:amd64 (6.4.2+dfsg-21.1build5) ...
Run Tests (3.12)	UNKNOWN STEP	2025-08-21T04:32:46.9272230Z Selecting previously unselected package qt6-translations-l10n.
Run Tests (3.12)	UNKNOWN STEP	2025-08-21T04:32:46.9416764Z Preparing to unpack .../102-qt6-translations-l10n_6.4.2-1_all.deb ...
Run Tests (3.12)	UNKNOWN STEP	2025-08-21T04:32:46.9425659Z Unpacking qt6-translations-l10n (6.4.2-1) ...
Run Tests (3.12)	UNKNOWN STEP	2025-08-21T04:32:47.0471166Z Selecting previously unselected package qt6-wayland:amd64.
Run Tests (3.12)	UNKNOWN STEP	2025-08-21T04:32:47.0616501Z Preparing to unpack .../103-qt6-wayland_6.4.2-5build3_amd64.deb ...
Run Tests (3.12)	UNKNOWN STEP	2025-08-21T04:32:47.0624861Z Unpacking qt6-wayland:amd64 (6.4.2-5build3) ...
Run Tests (3.12)	UNKNOWN STEP	2025-08-21T04:32:47.0894503Z Selecting previously unselected package qttranslations5-l10n.
Run Tests (3.12)	UNKNOWN STEP	2025-08-21T04:32:47.1037766Z Preparing to unpack .../104-qttranslations5-l10n_5.15.13-1_all.deb ...
Run Tests (3.12)	UNKNOWN STEP	2025-08-21T04:32:47.1046608Z Unpacking qttranslations5-l10n (5.15.13-1) ...
Run Tests (3.12)	UNKNOWN STEP	2025-08-21T04:32:47.2339794Z Selecting previously unselected package qtwayland5:amd64.
Run Tests (3.12)	UNKNOWN STEP	2025-08-21T04:32:47.2497375Z Preparing to unpack .../105-qtwayland5_5.15.13-1_amd64.deb ...
Run Tests (3.12)	UNKNOWN STEP	2025-08-21T04:32:47.2504231Z Unpacking qtwayland5:amd64 (5.15.13-1) ...
Run Tests (3.12)	UNKNOWN STEP	2025-08-21T04:32:47.3080047Z Setting up libpipewire-0.3-common (1.0.5-1ubuntu3.1) ...
Run Tests (3.12)	UNKNOWN STEP	2025-08-21T04:32:47.3111458Z Setting up libb2-1:amd64 (0.98.1-1.1build1) ...
Run Tests (3.12)	UNKNOWN STEP	2025-08-21T04:32:47.3133474Z Setting up libdouble-conversion3:amd64 (3.3.0-1build1) ...
Run Tests (3.12)	UNKNOWN STEP	2025-08-21T04:32:47.3156690Z Setting up libproxy1v5:amd64 (0.5.4-4build1) ...
Run Tests (3.12)	UNKNOWN STEP	2025-08-21T04:32:47.3177723Z Setting up desktop-file-utils (0.27-2build1) ...
Run Tests (3.12)	UNKNOWN STEP	2025-08-21T04:32:47.3545583Z Setting up libxcb-xinput0:amd64 (1.15-1ubuntu2) ...
Run Tests (3.12)	UNKNOWN STEP	2025-08-21T04:32:47.3566590Z Setting up libpoppler134:amd64 (24.02.0-1ubuntu9.6) ...
Run Tests (3.12)	UNKNOWN STEP	2025-08-21T04:32:47.3586723Z Setting up libts0t64:amd64 (1.22-1.1build1) ...
Run Tests (3.12)	UNKNOWN STEP	2025-08-21T04:32:47.3613945Z Setting up libxcb-keysyms1:amd64 (0.4.0-1build4) ...
Run Tests (3.12)	UNKNOWN STEP	2025-08-21T04:32:47.3633753Z Setting up libxcb-shape0:amd64 (1.15-1ubuntu2) ...
Run Tests (3.12)	UNKNOWN STEP	2025-08-21T04:32:47.3652624Z Setting up libwebrtc-audio-processing1:amd64 (0.3.1-0ubuntu6) ...
Run Tests (3.12)	UNKNOWN STEP	2025-08-21T04:32:47.3672715Z Setting up fonts-freefont-ttf (20211204+svn4273-2) ...
Run Tests (3.12)	UNKNOWN STEP	2025-08-21T04:32:47.3692351Z Setting up libxcb-render-util0:amd64 (0.3.9-1build4) ...
Run Tests (3.12)	UNKNOWN STEP	2025-08-21T04:32:47.3712540Z Setting up libxcb-icccm4:amd64 (0.4.1-1.1build3) ...
Run Tests (3.12)	UNKNOWN STEP	2025-08-21T04:32:47.3733057Z Setting up musescore-general-soundfont-small (0.2.1-1) ...
Run Tests (3.12)	UNKNOWN STEP	2025-08-21T04:32:47.3796380Z update-alternatives: using /usr/share/sounds/sf3/MuseScore_General_Lite.sf3 to provide /usr/share/sounds/sf3/default-GM.sf3 (default-GM.sf3) in auto mode
Run Tests (3.12)	UNKNOWN STEP	2025-08-21T04:32:47.3840427Z update-alternatives: using /usr/share/sounds/sf3/MuseScore_General_Lite.sf3 to provide /usr/share/sounds/sf3/MuseScore_General.sf3 (MuseScore_General.sf3) in auto mode
Run Tests (3.12)	UNKNOWN STEP	2025-08-21T04:32:47.3860404Z Setting up libmpg123-0t64:amd64 (1.32.5-1ubuntu1.1) ...
Run Tests (3.12)	UNKNOWN STEP	2025-08-21T04:32:47.3882773Z Setting up libopengl0:amd64 (1.7.0-1build1) ...
Run Tests (3.12)	UNKNOWN STEP	2025-08-21T04:32:47.3904773Z Setting up libxcb-util1:amd64 (0.4.0-1build3) ...
Run Tests (3.12)	UNKNOWN STEP	2025-08-21T04:32:47.3925061Z Setting up poppler-data (0.4.12-1) ...
Run Tests (3.12)	UNKNOWN STEP	2025-08-21T04:32:47.3993642Z Setting up libxcb-xkb1:amd64 (1.15-1ubuntu2) ...
Run Tests (3.12)	UNKNOWN STEP	2025-08-21T04:32:47.4016658Z Setting up libxcb-image0:amd64 (0.4.0-2build1) ...
Run Tests (3.12)	UNKNOWN STEP	2025-08-21T04:32:47.4037426Z Setting up qt6-translations-l10n (6.4.2-1) ...
Run Tests (3.12)	UNKNOWN STEP	2025-08-21T04:32:47.4091288Z Setting up libqt5core5t64:amd64 (5.15.13+dfsg-1ubuntu1) ...
Run Tests (3.12)	UNKNOWN STEP	2025-08-21T04:32:47.4125550Z Setting up libegl-mesa0:amd64 (25.0.7-0ubuntu0.24.04.1) ...
Run Tests (3.12)	UNKNOWN STEP	2025-08-21T04:32:47.4147550Z Setting up libxcb-xinerama0:amd64 (1.15-1ubuntu2) ...
Run Tests (3.12)	UNKNOWN STEP	2025-08-21T04:32:47.4168521Z Setting up qttranslations5-l10n (5.15.13-1) ...
Run Tests (3.12)	UNKNOWN STEP	2025-08-21T04:32:47.4196028Z Setting up libspa-0.2-modules:amd64 (1.0.5-1ubuntu3.1) ...
Run Tests (3.12)	UNKNOWN STEP	2025-08-21T04:32:47.4221918Z Setting up libopus0:amd64 (1.4-1build1) ...
Run Tests (3.12)	UNKNOWN STEP	2025-08-21T04:32:47.4242872Z Setting up libportmidi0:amd64 (1:217-6.1build3) ...
Run Tests (3.12)	UNKNOWN STEP	2025-08-21T04:32:47.4264812Z Setting up libxkbcommon-x11-0:amd64 (1.6.0-1build1) ...
Run Tests (3.12)	UNKNOWN STEP	2025-08-21T04:32:47.4288361Z Setting up libmtdev1t64:amd64 (1.1.6-1.1build1) ...
Run Tests (3.12)	UNKNOWN STEP	2025-08-21T04:32:47.4309577Z Setting up libasyncns0:amd64 (0.8-6build4) ...
Run Tests (3.12)	UNKNOWN STEP	2025-08-21T04:32:47.4331626Z Setting up libegl1:amd64 (1.7.0-1build1) ...
Run Tests (3.12)	UNKNOWN STEP	2025-08-21T04:32:47.4352929Z Setting up libqt5sql5t64:amd64 (5.15.13+dfsg-1ubuntu1) ...
Run Tests (3.12)	UNKNOWN STEP	2025-08-21T04:32:47.4373249Z Setting up libmd4c0:amd64 (0.4.8-1build1) ...
Run Tests (3.12)	UNKNOWN STEP	2025-08-21T04:32:47.4395741Z Setting up libdecor-0-0:amd64 (0.2.2-1build2) ...
Run Tests (3.12)	UNKNOWN STEP	2025-08-21T04:32:47.4419546Z Setting up fluid-soundfont-gm (3.1-5.3) ...
Run Tests (3.12)	UNKNOWN STEP	2025-08-21T04:32:47.4497821Z update-alternatives: using /usr/share/sounds/sf2/FluidR3_GM.sf2 to provide /usr/share/sounds/sf2/default-GM.sf2 (default-GM.sf2) in auto mode
Run Tests (3.12)	UNKNOWN STEP	2025-08-21T04:32:47.4555524Z Setting up libflac12t64:amd64 (1.4.3+ds-2.1ubuntu2) ...
Run Tests (3.12)	UNKNOWN STEP	2025-08-21T04:32:47.4579587Z Setting up libsamplerate0:amd64 (0.2.2-4build1) ...
Run Tests (3.12)	UNKNOWN STEP	2025-08-21T04:32:47.4600671Z Setting up timgm6mb-soundfont (1.3-5) ...
Run Tests (3.12)	UNKNOWN STEP	2025-08-21T04:32:47.4748355Z Setting up libpipewire-0.3-0t64:amd64 (1.0.5-1ubuntu3.1) ...
Run Tests (3.12)	UNKNOWN STEP	2025-08-21T04:32:47.4768198Z Setting up libdecor-0-plugin-1-gtk:amd64 (0.2.2-1build2) ...
Run Tests (3.12)	UNKNOWN STEP	2025-08-21T04:32:47.4791660Z Setting up libmp3lame0:amd64 (3.100-6build1) ...
Run Tests (3.12)	UNKNOWN STEP	2025-08-21T04:32:47.4815695Z Setting up libvorbisenc2:amd64 (1.3.7-1build3) ...
Run Tests (3.12)	UNKNOWN STEP	2025-08-21T04:32:47.4837221Z Setting up libwacom-common (2.10.0-2) ...
Run Tests (3.12)	UNKNOWN STEP	2025-08-21T04:32:47.4860317Z Setting up libqt6core6t64:amd64 (6.4.2+dfsg-21.1build5) ...
Run Tests (3.12)	UNKNOWN STEP	2025-08-21T04:32:47.4887645Z Setting up libqt5dbus5t64:amd64 (5.15.13+dfsg-1ubuntu1) ...
Run Tests (3.12)	UNKNOWN STEP	2025-08-21T04:32:47.4908999Z Setting up libqt5sql5-sqlite:amd64 (5.15.13+dfsg-1ubuntu1) ...
Run Tests (3.12)	UNKNOWN STEP	2025-08-21T04:32:47.4930328Z Setting up libwacom9:amd64 (2.10.0-2) ...
Run Tests (3.12)	UNKNOWN STEP	2025-08-21T04:32:47.4953412Z Setting up libqt5network5t64:amd64 (5.15.13+dfsg-1ubuntu1) ...
Run Tests (3.12)	UNKNOWN STEP	2025-08-21T04:32:47.4974366Z Setting up musescore3-common (3.2.3+dfsg2-16build5) ...
Run Tests (3.12)	UNKNOWN STEP	2025-08-21T04:32:47.5020873Z Setting up libqt5xml5t64:amd64 (5.15.13+dfsg-1ubuntu1) ...
Run Tests (3.12)	UNKNOWN STEP	2025-08-21T04:32:47.5045856Z Setting up libqt6dbus6t64:amd64 (6.4.2+dfsg-21.1build5) ...
Run Tests (3.12)	UNKNOWN STEP	2025-08-21T04:32:47.5066662Z Setting up libinput-bin (1.25.0-1ubuntu3.1) ...
Run Tests (3.12)	UNKNOWN STEP	2025-08-21T04:32:47.5092053Z Setting up libqt5qml5:amd64 (5.15.13+dfsg-1ubuntu0.1) ...
Run Tests (3.12)	UNKNOWN STEP	2025-08-21T04:32:47.5115494Z Setting up libjack-jackd2-0:amd64 (1.9.21~dfsg-3ubuntu3) ...
Run Tests (3.12)	UNKNOWN STEP	2025-08-21T04:32:47.5138303Z Setting up libqt6network6t64:amd64 (6.4.2+dfsg-21.1build5) ...
Run Tests (3.12)	UNKNOWN STEP	2025-08-21T04:32:47.5160289Z Setting up libsndfile1:amd64 (1.2.2-1ubuntu5.24.04.1) ...
Run Tests (3.12)	UNKNOWN STEP	2025-08-21T04:32:47.5188326Z Setting up libinstpatch-1.0-2:amd64 (1.1.6-1build2) ...
Run Tests (3.12)	UNKNOWN STEP	2025-08-21T04:32:47.5213557Z Setting up libinput10:amd64 (1.25.0-1ubuntu3.1) ...
Run Tests (3.12)	UNKNOWN STEP	2025-08-21T04:32:47.5239028Z Setting up libportaudio2:amd64 (19.6.0-1.2build3) ...
Run Tests (3.12)	UNKNOWN STEP	2025-08-21T04:32:47.5265140Z Setting up libqt5qmlmodels5:amd64 (5.15.13+dfsg-1ubuntu0.1) ...
Run Tests (3.12)	UNKNOWN STEP	2025-08-21T04:32:47.5286767Z Setting up libpulse0:amd64 (1:16.1+dfsg1-2ubuntu10.1) ...
Run Tests (3.12)	UNKNOWN STEP	2025-08-21T04:32:47.5364785Z Setting up qml-module-qtqml:amd64 (5.15.13+dfsg-1ubuntu0.1) ...
Run Tests (3.12)	UNKNOWN STEP	2025-08-21T04:32:47.5388710Z Setting up libqt5xmlpatterns5:amd64 (5.15.13-1) ...
Run Tests (3.12)	UNKNOWN STEP	2025-08-21T04:32:47.5409326Z Setting up libqt6qml6:amd64 (6.4.2+dfsg-4build3) ...
Run Tests (3.12)	UNKNOWN STEP	2025-08-21T04:32:47.5430756Z Setting up libqt6qmlmodels6:amd64 (6.4.2+dfsg-4build3) ...
Run Tests (3.12)	UNKNOWN STEP	2025-08-21T04:32:47.5452697Z Setting up qml-module-qt-labs-folderlistmodel:amd64 (5.15.13+dfsg-1ubuntu0.1) ...
Run Tests (3.12)	UNKNOWN STEP	2025-08-21T04:32:47.5472548Z Setting up libqt5qmlworkerscript5:amd64 (5.15.13+dfsg-1ubuntu0.1) ...
Run Tests (3.12)	UNKNOWN STEP	2025-08-21T04:32:47.5494297Z Setting up qml-module-qt-labs-settings:amd64 (5.15.13+dfsg-1ubuntu0.1) ...
Run Tests (3.12)	UNKNOWN STEP	2025-08-21T04:32:47.5521904Z Setting up libqt5gui5t64:amd64 (5.15.13+dfsg-1ubuntu1) ...
Run Tests (3.12)	UNKNOWN STEP	2025-08-21T04:32:47.5542992Z Setting up libqt6gui6t64:amd64 (6.4.2+dfsg-21.1build5) ...
Run Tests (3.12)	UNKNOWN STEP	2025-08-21T04:32:47.5567863Z Setting up qml-module-qtqml-models2:amd64 (5.15.13+dfsg-1ubuntu0.1) ...
Run Tests (3.12)	UNKNOWN STEP	2025-08-21T04:32:47.5594031Z Setting up libpoppler-qt5-1t64:amd64 (24.02.0-1ubuntu9.6) ...
Run Tests (3.12)	UNKNOWN STEP	2025-08-21T04:32:47.5615085Z Setting up libsdl2-2.0-0:amd64 (2.30.0+dfsg-1ubuntu3.1) ...
Run Tests (3.12)	UNKNOWN STEP	2025-08-21T04:32:47.5640133Z Setting up libqt5quick5:amd64 (5.15.13+dfsg-1ubuntu0.1) ...
Run Tests (3.12)	UNKNOWN STEP	2025-08-21T04:32:47.5663714Z Setting up libfluidsynth3:amd64 (2.3.4-1build3) ...
Run Tests (3.12)	UNKNOWN STEP	2025-08-21T04:32:47.5686750Z Setting up libqt6widgets6t64:amd64 (6.4.2+dfsg-21.1build5) ...
Run Tests (3.12)	UNKNOWN STEP	2025-08-21T04:32:47.5711515Z Setting up qt6-qpa-plugins:amd64 (6.4.2+dfsg-21.1build5) ...
Run Tests (3.12)	UNKNOWN STEP	2025-08-21T04:32:47.5732466Z Setting up libqt5widgets5t64:amd64 (5.15.13+dfsg-1ubuntu1) ...
Run Tests (3.12)	UNKNOWN STEP	2025-08-21T04:32:47.5755061Z Setting up libqt5svg5:amd64 (5.15.13-1) ...
Run Tests (3.12)	UNKNOWN STEP	2025-08-21T04:32:47.5904888Z Setting up qsynth (0.9.13-1build3) ...
Run Tests (3.12)	UNKNOWN STEP	2025-08-21T04:32:47.5932306Z Setting up qml-module-qtquick-window2:amd64 (5.15.13+dfsg-1ubuntu0.1) ...
Run Tests (3.12)	UNKNOWN STEP	2025-08-21T04:32:47.5952027Z Setting up libqt6opengl6t64:amd64 (6.4.2+dfsg-21.1build5) ...
Run Tests (3.12)	UNKNOWN STEP	2025-08-21T04:32:47.5977262Z Setting up libqt5help5:amd64 (5.15.13-1) ...
Run Tests (3.12)	UNKNOWN STEP	2025-08-21T04:32:47.5999580Z Setting up qt5-gtk-platformtheme:amd64 (5.15.13+dfsg-1ubuntu1) ...
Run Tests (3.12)	UNKNOWN STEP	2025-08-21T04:32:47.6019294Z Setting up qml-module-qtquick-layouts:amd64 (5.15.13+dfsg-1ubuntu0.1) ...
Run Tests (3.12)	UNKNOWN STEP	2025-08-21T04:32:47.6040949Z Setting up libqt5waylandclient5:amd64 (5.15.13-1) ...
Run Tests (3.12)	UNKNOWN STEP	2025-08-21T04:32:47.6061879Z Setting up libqt5waylandcompositor5:amd64 (5.15.13-1) ...
Run Tests (3.12)	UNKNOWN STEP	2025-08-21T04:32:47.6083510Z Setting up libqt6waylandclient6:amd64 (6.4.2-5build3) ...
Run Tests (3.12)	UNKNOWN STEP	2025-08-21T04:32:47.6107053Z Setting up qt6-gtk-platformtheme:amd64 (6.4.2+dfsg-21.1build5) ...
Run Tests (3.12)	UNKNOWN STEP	2025-08-21T04:32:47.6127002Z Setting up fluidsynth (2.3.4-1build3) ...
Run Tests (3.12)	UNKNOWN STEP	2025-08-21T04:32:47.7202507Z Created symlink /etc/systemd/user/default.target.wants/fluidsynth.service → /usr/lib/systemd/user/fluidsynth.service.
Run Tests (3.12)	UNKNOWN STEP	2025-08-21T04:32:47.7203206Z 
Run Tests (3.12)	UNKNOWN STEP	2025-08-21T04:32:47.7234914Z Setting up libqt6quick6:amd64 (6.4.2+dfsg-4build3) ...
Run Tests (3.12)	UNKNOWN STEP	2025-08-21T04:32:47.7255446Z Setting up qml-module-qtquick2:amd64 (5.15.13+dfsg-1ubuntu0.1) ...
Run Tests (3.12)	UNKNOWN STEP	2025-08-21T04:32:47.7276116Z Setting up libqt6wlshellintegration6:amd64 (6.4.2-5build3) ...
Run Tests (3.12)	UNKNOWN STEP	2025-08-21T04:32:47.7298609Z Setting up qml-module-qtquick-privatewidgets:amd64 (5.15.13-1) ...
Run Tests (3.12)	UNKNOWN STEP	2025-08-21T04:32:47.7318847Z Setting up libqt5printsupport5t64:amd64 (5.15.13+dfsg-1ubuntu1) ...
Run Tests (3.12)	UNKNOWN STEP	2025-08-21T04:32:47.7340173Z Setting up libqt6waylandcompositor6:amd64 (6.4.2-5build3) ...
Run Tests (3.12)	UNKNOWN STEP	2025-08-21T04:32:47.7363859Z Setting up qtwayland5:amd64 (5.15.13-1) ...
Run Tests (3.12)	UNKNOWN STEP	2025-08-21T04:32:47.7384365Z Setting up libqt6waylandeglcompositorhwintegration6:amd64 (6.4.2-5build3) ...
Run Tests (3.12)	UNKNOWN STEP	2025-08-21T04:32:47.7406248Z Setting up libqt6waylandeglclienthwintegration6:amd64 (6.4.2-5build3) ...
Run Tests (3.12)	UNKNOWN STEP	2025-08-21T04:32:47.7428737Z Setting up qml-module-qtgraphicaleffects:amd64 (5.15.13-1) ...
Run Tests (3.12)	UNKNOWN STEP	2025-08-21T04:32:47.7452164Z Setting up qml-module-qtquick-dialogs:amd64 (5.15.13-1) ...
Run Tests (3.12)	UNKNOWN STEP	2025-08-21T04:32:47.7472503Z Setting up qt6-wayland:amd64 (6.4.2-5build3) ...
Run Tests (3.12)	UNKNOWN STEP	2025-08-21T04:32:47.7495299Z Setting up qml-module-qtquick-controls:amd64 (5.15.13-1) ...
Run Tests (3.12)	UNKNOWN STEP	2025-08-21T04:32:47.7520066Z Setting up musescore3 (3.2.3+dfsg2-16build5) ...
Run Tests (3.12)	UNKNOWN STEP	2025-08-21T04:32:47.7549091Z Processing triggers for man-db (2.12.0-4build2) ...
Run Tests (3.12)	UNKNOWN STEP	2025-08-21T04:32:55.2007671Z Processing triggers for shared-mime-info (2.4-4) ...
Run Tests (3.12)	UNKNOWN STEP	2025-08-21T04:32:56.0843175Z Processing triggers for udev (255.4-1ubuntu8.10) ...
Run Tests (3.12)	UNKNOWN STEP	2025-08-21T04:32:57.1459874Z Processing triggers for fontconfig (2.15.0-1.1ubuntu2) ...
Run Tests (3.12)	UNKNOWN STEP	2025-08-21T04:32:57.3243383Z Processing triggers for hicolor-icon-theme (0.17-2) ...
Run Tests (3.12)	UNKNOWN STEP	2025-08-21T04:32:57.3601073Z Processing triggers for libc-bin (2.39-0ubuntu8.5) ...
Run Tests (3.12)	UNKNOWN STEP	2025-08-21T04:32:58.0679724Z 
Run Tests (3.12)	UNKNOWN STEP	2025-08-21T04:32:58.0680294Z Running kernel seems to be up-to-date.
Run Tests (3.12)	UNKNOWN STEP	2025-08-21T04:32:58.0680804Z 
Run Tests (3.12)	UNKNOWN STEP	2025-08-21T04:32:58.0681009Z Restarting services...
Run Tests (3.12)	UNKNOWN STEP	2025-08-21T04:32:58.0758771Z 
Run Tests (3.12)	UNKNOWN STEP	2025-08-21T04:32:58.0759231Z Service restarts being deferred:
Run Tests (3.12)	UNKNOWN STEP	2025-08-21T04:32:58.0760392Z  systemctl restart hosted-compute-agent.service
Run Tests (3.12)	UNKNOWN STEP	2025-08-21T04:32:58.0760767Z 
Run Tests (3.12)	UNKNOWN STEP	2025-08-21T04:32:58.0761132Z No containers need to be restarted.
Run Tests (3.12)	UNKNOWN STEP	2025-08-21T04:32:58.0761436Z 
Run Tests (3.12)	UNKNOWN STEP	2025-08-21T04:32:58.0761642Z No user sessions are running outdated binaries.
Run Tests (3.12)	UNKNOWN STEP	2025-08-21T04:32:58.0761993Z 
Run Tests (3.12)	UNKNOWN STEP	2025-08-21T04:32:58.0762312Z No VM guests are running outdated hypervisor (qemu) binaries on this host.
Run Tests (3.12)	UNKNOWN STEP	2025-08-21T04:32:58.9851743Z ##[group]Run uv sync --dev
Run Tests (3.12)	UNKNOWN STEP	2025-08-21T04:32:58.9852131Z [36;1muv sync --dev[0m
Run Tests (3.12)	UNKNOWN STEP	2025-08-21T04:32:58.9852516Z [36;1muv add pytest pytest-cov pytest-asyncio[0m
Run Tests (3.12)	UNKNOWN STEP	2025-08-21T04:32:58.9895674Z shell: /usr/bin/bash -e {0}
Run Tests (3.12)	UNKNOWN STEP	2025-08-21T04:32:58.9896041Z env:
Run Tests (3.12)	UNKNOWN STEP	2025-08-21T04:32:58.9896331Z   PYTHON_VERSION: 3.11
Run Tests (3.12)	UNKNOWN STEP	2025-08-21T04:32:58.9896758Z   UV_CACHE_DIR: /home/runner/work/_temp/setup-uv-cache
Run Tests (3.12)	UNKNOWN STEP	2025-08-21T04:32:58.9897243Z ##[endgroup]
Run Tests (3.12)	UNKNOWN STEP	2025-08-21T04:32:59.1395247Z Using CPython 3.12.11
Run Tests (3.12)	UNKNOWN STEP	2025-08-21T04:32:59.1395911Z Creating virtual environment at: .venv
Run Tests (3.12)	UNKNOWN STEP	2025-08-21T04:32:59.1478129Z Resolved 104 packages in 0.99ms
Run Tests (3.12)	UNKNOWN STEP	2025-08-21T04:32:59.1598174Z    Building music21-mcp-server @ file:///home/runner/work/music21-mcp-server/music21-mcp-server
Run Tests (3.12)	UNKNOWN STEP	2025-08-21T04:32:59.1821387Z Downloading setuptools (1.1MiB)
Run Tests (3.12)	UNKNOWN STEP	2025-08-21T04:32:59.1850117Z Downloading scipy (33.4MiB)
Run Tests (3.12)	UNKNOWN STEP	2025-08-21T04:32:59.1850879Z Downloading pip (1.7MiB)
Run Tests (3.12)	UNKNOWN STEP	2025-08-21T04:32:59.1852460Z Downloading pygments (1.2MiB)
Run Tests (3.12)	UNKNOWN STEP	2025-08-21T04:32:59.1853533Z Downloading kiwisolver (1.4MiB)
Run Tests (3.12)	UNKNOWN STEP	2025-08-21T04:32:59.1854206Z Downloading numpy (15.9MiB)
Run Tests (3.12)	UNKNOWN STEP	2025-08-21T04:32:59.1856408Z Downloading pillow (6.3MiB)
Run Tests (3.12)	UNKNOWN STEP	2025-08-21T04:32:59.1866584Z Downloading pydantic-core (1.9MiB)
Run Tests (3.12)	UNKNOWN STEP	2025-08-21T04:32:59.1873967Z Downloading cryptography (4.2MiB)
Run Tests (3.12)	UNKNOWN STEP	2025-08-21T04:32:59.1876754Z Downloading fonttools (4.7MiB)
Run Tests (3.12)	UNKNOWN STEP	2025-08-21T04:32:59.1879705Z Downloading matplotlib (8.2MiB)
Run Tests (3.12)	UNKNOWN STEP	2025-08-21T04:32:59.1950183Z Downloading music21 (19.2MiB)
Run Tests (3.12)	UNKNOWN STEP	2025-08-21T04:32:59.6007974Z  Downloading kiwisolver
Run Tests (3.12)	UNKNOWN STEP	2025-08-21T04:32:59.6501945Z  Downloading pydantic-core
Run Tests (3.12)	UNKNOWN STEP	2025-08-21T04:32:59.7024337Z    Building midiutil==1.2.1
Run Tests (3.12)	UNKNOWN STEP	2025-08-21T04:32:59.9412023Z  Downloading pygments
Run Tests (3.12)	UNKNOWN STEP	2025-08-21T04:32:59.9570345Z  Downloading cryptography
Run Tests (3.12)	UNKNOWN STEP	2025-08-21T04:33:00.0278231Z  Downloading pip
Run Tests (3.12)	UNKNOWN STEP	2025-08-21T04:33:00.0745502Z  Downloading fonttools
Run Tests (3.12)	UNKNOWN STEP	2025-08-21T04:33:00.0812076Z  Downloading pillow
Run Tests (3.12)	UNKNOWN STEP	2025-08-21T04:33:00.0846184Z  Downloading setuptools
Run Tests (3.12)	UNKNOWN STEP	2025-08-21T04:33:00.2469040Z  Downloading matplotlib
Run Tests (3.12)	UNKNOWN STEP	2025-08-21T04:33:00.5769663Z  Downloading numpy
Run Tests (3.12)	UNKNOWN STEP	2025-08-21T04:33:00.6417898Z       Built music21-mcp-server @ file:///home/runner/work/music21-mcp-server/music21-mcp-server
Run Tests (3.12)	UNKNOWN STEP	2025-08-21T04:33:00.8562472Z  Downloading scipy
Run Tests (3.12)	UNKNOWN STEP	2025-08-21T04:33:00.8833472Z       Built midiutil==1.2.1
Run Tests (3.12)	UNKNOWN STEP	2025-08-21T04:33:01.6191090Z  Downloading music21
Run Tests (3.12)	UNKNOWN STEP	2025-08-21T04:33:01.6193814Z Prepared 98 packages in 2.46s
Run Tests (3.12)	UNKNOWN STEP	2025-08-21T04:33:01.8606116Z Installed 98 packages in 241ms
Run Tests (3.12)	UNKNOWN STEP	2025-08-21T04:33:01.8606998Z  + aiofiles==24.1.0
Run Tests (3.12)	UNKNOWN STEP	2025-08-21T04:33:01.8607440Z  + annotated-types==0.7.0
Run Tests (3.12)	UNKNOWN STEP	2025-08-21T04:33:01.8607810Z  + anyio==4.9.0
Run Tests (3.12)	UNKNOWN STEP	2025-08-21T04:33:01.8608112Z  + attrs==25.3.0
Run Tests (3.12)	UNKNOWN STEP	2025-08-21T04:33:01.8609791Z  + authlib==1.6.0
Run Tests (3.12)	UNKNOWN STEP	2025-08-21T04:33:01.8610105Z  + bandit==1.8.6
Run Tests (3.12)	UNKNOWN STEP	2025-08-21T04:33:01.8610410Z  + bleach==6.2.0
Run Tests (3.12)	UNKNOWN STEP	2025-08-21T04:33:01.8610725Z  + boolean-py==5.0
Run Tests (3.12)	UNKNOWN STEP	2025-08-21T04:33:01.8611046Z  + cachecontrol==0.14.3
Run Tests (3.12)	UNKNOWN STEP	2025-08-21T04:33:01.8611391Z  + cachetools==6.1.0
Run Tests (3.12)	UNKNOWN STEP	2025-08-21T04:33:01.8611714Z  + certifi==2025.7.14
Run Tests (3.12)	UNKNOWN STEP	2025-08-21T04:33:01.8612036Z  + cffi==1.17.1
Run Tests (3.12)	UNKNOWN STEP	2025-08-21T04:33:01.8612377Z  + chardet==5.2.0
Run Tests (3.12)	UNKNOWN STEP	2025-08-21T04:33:01.8612708Z  + charset-normalizer==3.4.2
Run Tests (3.12)	UNKNOWN STEP	2025-08-21T04:33:01.8613061Z  + click==8.2.1
Run Tests (3.12)	UNKNOWN STEP	2025-08-21T04:33:01.8613372Z  + contourpy==1.3.2
Run Tests (3.12)	UNKNOWN STEP	2025-08-21T04:33:01.8613688Z  + cryptography==45.0.5
Run Tests (3.12)	UNKNOWN STEP	2025-08-21T04:33:01.8614026Z  + cycler==0.12.1
Run Tests (3.12)	UNKNOWN STEP	2025-08-21T04:33:01.8614354Z  + cyclonedx-python-lib==9.1.0
Run Tests (3.12)	UNKNOWN STEP	2025-08-21T04:33:01.8614730Z  + defusedxml==0.7.1
Run Tests (3.12)	UNKNOWN STEP	2025-08-21T04:33:01.8615054Z  + dparse==0.6.4
Run Tests (3.12)	UNKNOWN STEP	2025-08-21T04:33:01.8615359Z  + exceptiongroup==1.3.0
Run Tests (3.12)	UNKNOWN STEP	2025-08-21T04:33:01.8615699Z  + fastapi==0.116.1
Run Tests (3.12)	UNKNOWN STEP	2025-08-21T04:33:01.8615999Z  + fastmcp==2.9.0
Run Tests (3.12)	UNKNOWN STEP	2025-08-21T04:33:01.8616301Z  + filelock==3.12.4
Run Tests (3.12)	UNKNOWN STEP	2025-08-21T04:33:01.8616612Z  + fonttools==4.59.0
Run Tests (3.12)	UNKNOWN STEP	2025-08-21T04:33:01.8616915Z  + h11==0.16.0
Run Tests (3.12)	UNKNOWN STEP	2025-08-21T04:33:01.8617202Z  + httpcore==1.0.9
Run Tests (3.12)	UNKNOWN STEP	2025-08-21T04:33:01.8617501Z  + httpx==0.28.1
Run Tests (3.12)	UNKNOWN STEP	2025-08-21T04:33:01.8617805Z  + httpx-sse==0.4.1
Run Tests (3.12)	UNKNOWN STEP	2025-08-21T04:33:01.8618094Z  + idna==3.10
Run Tests (3.12)	UNKNOWN STEP	2025-08-21T04:33:01.8618374Z  + jinja2==3.1.6
Run Tests (3.12)	UNKNOWN STEP	2025-08-21T04:33:01.8618666Z  + joblib==1.5.1
Run Tests (3.12)	UNKNOWN STEP	2025-08-21T04:33:01.8619275Z  + jsonpickle==4.1.1
Run Tests (3.12)	UNKNOWN STEP	2025-08-21T04:33:01.8619749Z  + jsonschema==4.25.0
Run Tests (3.12)	UNKNOWN STEP	2025-08-21T04:33:01.8620111Z  + jsonschema-specifications==2025.4.1
Run Tests (3.12)	UNKNOWN STEP	2025-08-21T04:33:01.8620516Z  + kiwisolver==1.4.8
Run Tests (3.12)	UNKNOWN STEP	2025-08-21T04:33:01.8620850Z  + license-expression==30.4.4
Run Tests (3.12)	UNKNOWN STEP	2025-08-21T04:33:01.8621230Z  + markdown-it-py==3.0.0
Run Tests (3.12)	UNKNOWN STEP	2025-08-21T04:33:01.8621563Z  + markupsafe==3.0.2
Run Tests (3.12)	UNKNOWN STEP	2025-08-21T04:33:01.8621874Z  + marshmallow==4.0.0
Run Tests (3.12)	UNKNOWN STEP	2025-08-21T04:33:01.8622179Z  + matplotlib==3.10.3
Run Tests (3.12)	UNKNOWN STEP	2025-08-21T04:33:01.8622481Z  + mcp==1.12.0
Run Tests (3.12)	UNKNOWN STEP	2025-08-21T04:33:01.8622754Z  + mdurl==0.1.2
Run Tests (3.12)	UNKNOWN STEP	2025-08-21T04:33:01.8623041Z  + midiutil==1.2.1
Run Tests (3.12)	UNKNOWN STEP	2025-08-21T04:33:01.8623336Z  + more-itertools==10.7.0
Run Tests (3.12)	UNKNOWN STEP	2025-08-21T04:33:01.8623661Z  + msgpack==1.1.1
Run Tests (3.12)	UNKNOWN STEP	2025-08-21T04:33:01.8623949Z  + music21==9.7.1
Run Tests (3.12)	UNKNOWN STEP	2025-08-21T04:33:01.8624536Z  + music21-mcp-server==1.0.0 (from file:///home/runner/work/music21-mcp-server/music21-mcp-server)
Run Tests (3.12)	UNKNOWN STEP	2025-08-21T04:33:01.8625203Z  + numpy==2.3.1
Run Tests (3.12)	UNKNOWN STEP	2025-08-21T04:33:01.8625512Z  + openapi-pydantic==0.5.1
Run Tests (3.12)	UNKNOWN STEP	2025-08-21T04:33:01.8626078Z  + packageurl-python==0.17.1
Run Tests (3.12)	UNKNOWN STEP	2025-08-21T04:33:01.8626440Z  + packaging==25.0
Run Tests (3.12)	UNKNOWN STEP	2025-08-21T04:33:01.8626751Z  + pathvalidate==3.3.1
Run Tests (3.12)	UNKNOWN STEP	2025-08-21T04:33:01.8627061Z  + pbr==6.1.1
Run Tests (3.12)	UNKNOWN STEP	2025-08-21T04:33:01.8627352Z  + pillow==11.3.0
Run Tests (3.12)	UNKNOWN STEP	2025-08-21T04:33:01.8627641Z  + pip==25.1.1
Run Tests (3.12)	UNKNOWN STEP	2025-08-21T04:33:01.8627926Z  + pip-api==0.0.34
Run Tests (3.12)	UNKNOWN STEP	2025-08-21T04:33:01.8628224Z  + pip-audit==2.9.0
Run Tests (3.12)	UNKNOWN STEP	2025-08-21T04:33:01.8628601Z  + pip-requirements-parser==32.0.1
Run Tests (3.12)	UNKNOWN STEP	2025-08-21T04:33:01.8629010Z  + platformdirs==4.3.8
Run Tests (3.12)	UNKNOWN STEP	2025-08-21T04:33:01.8629320Z  + psutil==6.0.0
Run Tests (3.12)	UNKNOWN STEP	2025-08-21T04:33:01.8629773Z  + py-serializable==2.1.0
Run Tests (3.12)	UNKNOWN STEP	2025-08-21T04:33:01.8630114Z  + pycparser==2.22
Run Tests (3.12)	UNKNOWN STEP	2025-08-21T04:33:01.8630429Z  + pydantic==2.11.7
Run Tests (3.12)	UNKNOWN STEP	2025-08-21T04:33:01.8630754Z  + pydantic-core==2.33.2
Run Tests (3.12)	UNKNOWN STEP	2025-08-21T04:33:01.8631097Z  + pydantic-settings==2.10.1
Run Tests (3.12)	UNKNOWN STEP	2025-08-21T04:33:01.8631456Z  + pygments==2.19.2
Run Tests (3.12)	UNKNOWN STEP	2025-08-21T04:33:01.8631752Z  + pyparsing==3.2.3
Run Tests (3.12)	UNKNOWN STEP	2025-08-21T04:33:01.8632080Z  + python-dateutil==2.9.0.post0
Run Tests (3.12)	UNKNOWN STEP	2025-08-21T04:33:01.8632451Z  + python-dotenv==1.1.1
Run Tests (3.12)	UNKNOWN STEP	2025-08-21T04:33:01.8632807Z  + python-multipart==0.0.20
Run Tests (3.12)	UNKNOWN STEP	2025-08-21T04:33:01.8633149Z  + pyyaml==6.0.2
Run Tests (3.12)	UNKNOWN STEP	2025-08-21T04:33:01.8633458Z  + referencing==0.36.2
Run Tests (3.12)	UNKNOWN STEP	2025-08-21T04:33:01.8633768Z  + requests==2.32.4
Run Tests (3.12)	UNKNOWN STEP	2025-08-21T04:33:01.8634068Z  + rich==14.0.0
Run Tests (3.12)	UNKNOWN STEP	2025-08-21T04:33:01.8634380Z  + rpds-py==0.26.0
Run Tests (3.12)	UNKNOWN STEP	2025-08-21T04:33:01.8634683Z  + ruamel-yaml==0.18.14
Run Tests (3.12)	UNKNOWN STEP	2025-08-21T04:33:01.8635016Z  + ruamel-yaml-clib==0.2.12
Run Tests (3.12)	UNKNOWN STEP	2025-08-21T04:33:01.8635351Z  + safety==3.2.9
Run Tests (3.12)	UNKNOWN STEP	2025-08-21T04:33:01.8635657Z  + safety-schemas==0.0.5
Run Tests (3.12)	UNKNOWN STEP	2025-08-21T04:33:01.8635982Z  + scipy==1.16.0
Run Tests (3.12)	UNKNOWN STEP	2025-08-21T04:33:01.8636279Z  + setuptools==80.9.0
Run Tests (3.12)	UNKNOWN STEP	2025-08-21T04:33:01.8636595Z  + shellingham==1.5.4
Run Tests (3.12)	UNKNOWN STEP	2025-08-21T04:33:01.8636900Z  + six==1.17.0
Run Tests (3.12)	UNKNOWN STEP	2025-08-21T04:33:01.8637187Z  + sniffio==1.3.1
Run Tests (3.12)	UNKNOWN STEP	2025-08-21T04:33:01.8637504Z  + sortedcontainers==2.4.0
Run Tests (3.12)	UNKNOWN STEP	2025-08-21T04:33:01.8637855Z  + sse-starlette==2.4.1
Run Tests (3.12)	UNKNOWN STEP	2025-08-21T04:33:01.8638167Z  + starlette==0.47.2
Run Tests (3.12)	UNKNOWN STEP	2025-08-21T04:33:01.8638483Z  + stevedore==5.4.1
Run Tests (3.12)	UNKNOWN STEP	2025-08-21T04:33:01.8638778Z  + toml==0.10.2
Run Tests (3.12)	UNKNOWN STEP	2025-08-21T04:33:01.8639057Z  + typer==0.16.0
Run Tests (3.12)	UNKNOWN STEP	2025-08-21T04:33:01.8639546Z  + typing-extensions==4.14.1
Run Tests (3.12)	UNKNOWN STEP	2025-08-21T04:33:01.8639896Z  + typing-inspection==0.4.1
Run Tests (3.12)	UNKNOWN STEP	2025-08-21T04:33:01.8640184Z  + urllib3==2.5.0
Run Tests (3.12)	UNKNOWN STEP	2025-08-21T04:33:01.8640453Z  + uvicorn==0.35.0
Run Tests (3.12)	UNKNOWN STEP	2025-08-21T04:33:01.8640714Z  + webcolors==24.11.1
Run Tests (3.12)	UNKNOWN STEP	2025-08-21T04:33:01.8640990Z  + webencodings==0.5.1
Run Tests (3.12)	UNKNOWN STEP	2025-08-21T04:33:02.2963996Z Resolved 111 packages in 353ms
Run Tests (3.12)	UNKNOWN STEP	2025-08-21T04:33:02.3294262Z    Building music21-mcp-server @ file:///home/runner/work/music21-mcp-server/music21-mcp-server
Run Tests (3.12)	UNKNOWN STEP	2025-08-21T04:33:02.7390747Z       Built music21-mcp-server @ file:///home/runner/work/music21-mcp-server/music21-mcp-server
Run Tests (3.12)	UNKNOWN STEP	2025-08-21T04:33:02.7398597Z Prepared 7 packages in 411ms
Run Tests (3.12)	UNKNOWN STEP	2025-08-21T04:33:02.7404683Z Uninstalled 1 package in 0.51ms
Run Tests (3.12)	UNKNOWN STEP	2025-08-21T04:33:02.7480397Z Installed 7 packages in 7ms
Run Tests (3.12)	UNKNOWN STEP	2025-08-21T04:33:02.7480801Z  + coverage==7.10.4
Run Tests (3.12)	UNKNOWN STEP	2025-08-21T04:33:02.7481126Z  + iniconfig==2.1.0
Run Tests (3.12)	UNKNOWN STEP	2025-08-21T04:33:02.7481788Z  ~ music21-mcp-server==1.0.0 (from file:///home/runner/work/music21-mcp-server/music21-mcp-server)
Run Tests (3.12)	UNKNOWN STEP	2025-08-21T04:33:02.7482813Z  + pluggy==1.6.0
Run Tests (3.12)	UNKNOWN STEP	2025-08-21T04:33:02.7483137Z  + pytest==8.4.1
Run Tests (3.12)	UNKNOWN STEP	2025-08-21T04:33:02.7483471Z  + pytest-asyncio==1.1.0
Run Tests (3.12)	UNKNOWN STEP	2025-08-21T04:33:02.7483845Z  + pytest-cov==6.2.1
Run Tests (3.12)	UNKNOWN STEP	2025-08-21T04:33:02.7624434Z ##[group]Run uv run python -c "
Run Tests (3.12)	UNKNOWN STEP	2025-08-21T04:33:02.7624797Z [36;1muv run python -c "[0m
Run Tests (3.12)	UNKNOWN STEP	2025-08-21T04:33:02.7625107Z [36;1mimport music21[0m
Run Tests (3.12)	UNKNOWN STEP	2025-08-21T04:33:02.7625408Z [36;1mfrom music21 import environment[0m
Run Tests (3.12)	UNKNOWN STEP	2025-08-21T04:33:02.7625782Z [36;1menv = environment.Environment()[0m
Run Tests (3.12)	UNKNOWN STEP	2025-08-21T04:33:02.7626165Z [36;1menv['directoryScratch'] = '/tmp/music21'[0m
Run Tests (3.12)	UNKNOWN STEP	2025-08-21T04:33:02.7626533Z [36;1menv['autoDownload'] = 'deny'[0m
Run Tests (3.12)	UNKNOWN STEP	2025-08-21T04:33:02.7626859Z [36;1mprint('Music21 configured for CI')[0m
Run Tests (3.12)	UNKNOWN STEP	2025-08-21T04:33:02.7627159Z [36;1m"[0m
Run Tests (3.12)	UNKNOWN STEP	2025-08-21T04:33:02.7670309Z shell: /usr/bin/bash -e {0}
Run Tests (3.12)	UNKNOWN STEP	2025-08-21T04:33:02.7670609Z env:
Run Tests (3.12)	UNKNOWN STEP	2025-08-21T04:33:02.7670839Z   PYTHON_VERSION: 3.11
Run Tests (3.12)	UNKNOWN STEP	2025-08-21T04:33:02.7671175Z   UV_CACHE_DIR: /home/runner/work/_temp/setup-uv-cache
Run Tests (3.12)	UNKNOWN STEP	2025-08-21T04:33:02.7671741Z ##[endgroup]
Run Tests (3.12)	UNKNOWN STEP	2025-08-21T04:33:04.1306706Z Music21 configured for CI
Run Tests (3.12)	UNKNOWN STEP	2025-08-21T04:33:04.1830781Z ##[group]Run uv run pytest tests/ -v -m "not slow" \
Run Tests (3.12)	UNKNOWN STEP	2025-08-21T04:33:04.1831200Z [36;1muv run pytest tests/ -v -m "not slow" \[0m
Run Tests (3.12)	UNKNOWN STEP	2025-08-21T04:33:04.1831510Z [36;1m  --asyncio-mode=auto \[0m
Run Tests (3.12)	UNKNOWN STEP	2025-08-21T04:33:04.1831768Z [36;1m  --cov=src/music21_mcp \[0m
Run Tests (3.12)	UNKNOWN STEP	2025-08-21T04:33:04.1832031Z [36;1m  --cov-report=xml \[0m
Run Tests (3.12)	UNKNOWN STEP	2025-08-21T04:33:04.1832277Z [36;1m  --cov-report=term-missing \[0m
Run Tests (3.12)	UNKNOWN STEP	2025-08-21T04:33:04.1832548Z [36;1m  --cov-report=html \[0m
Run Tests (3.12)	UNKNOWN STEP	2025-08-21T04:33:04.1832818Z [36;1m  --junitxml=junit/test-results-3.12.xml \[0m
Run Tests (3.12)	UNKNOWN STEP	2025-08-21T04:33:04.1833121Z [36;1m  --cov-fail-under=76[0m
Run Tests (3.12)	UNKNOWN STEP	2025-08-21T04:33:04.1873575Z shell: /usr/bin/bash -e {0}
Run Tests (3.12)	UNKNOWN STEP	2025-08-21T04:33:04.1873834Z env:
Run Tests (3.12)	UNKNOWN STEP	2025-08-21T04:33:04.1874026Z   PYTHON_VERSION: 3.11
Run Tests (3.12)	UNKNOWN STEP	2025-08-21T04:33:04.1874311Z   UV_CACHE_DIR: /home/runner/work/_temp/setup-uv-cache
Run Tests (3.12)	UNKNOWN STEP	2025-08-21T04:33:04.1874632Z ##[endgroup]
Run Tests (3.12)	UNKNOWN STEP	2025-08-21T04:33:09.4999189Z ============================= test session starts ==============================
Run Tests (3.12)	UNKNOWN STEP	2025-08-21T04:33:09.5000738Z platform linux -- Python 3.12.11, pytest-8.4.1, pluggy-1.6.0 -- /home/runner/work/music21-mcp-server/music21-mcp-server/.venv/bin/python3
Run Tests (3.12)	UNKNOWN STEP	2025-08-21T04:33:09.5001641Z cachedir: .pytest_cache
Run Tests (3.12)	UNKNOWN STEP	2025-08-21T04:33:09.5002150Z rootdir: /home/runner/work/music21-mcp-server/music21-mcp-server
Run Tests (3.12)	UNKNOWN STEP	2025-08-21T04:33:09.5002733Z configfile: pytest.ini
Run Tests (3.12)	UNKNOWN STEP	2025-08-21T04:33:09.5003169Z plugins: cov-6.2.1, asyncio-1.1.0, anyio-4.9.0
Run Tests (3.12)	UNKNOWN STEP	2025-08-21T04:33:09.5004020Z asyncio: mode=Mode.AUTO, asyncio_default_fixture_loop_scope=None, asyncio_default_test_loop_scope=function
Run Tests (3.12)	UNKNOWN STEP	2025-08-21T04:33:11.7321313Z collecting ... collected 374 items / 3 deselected / 371 selected
Run Tests (3.12)	UNKNOWN STEP	2025-08-21T04:33:11.7321781Z 
Run Tests (3.12)	UNKNOWN STEP	2025-08-21T04:33:12.9097117Z tests/adapters/test_mcp_adapter_minimal.py::TestMCPAdapterMinimal::test_adapter_creation PASSED [  0%]
Run Tests (3.12)	UNKNOWN STEP	2025-08-21T04:33:13.8205518Z tests/adapters/test_mcp_adapter_minimal.py::TestMCPAdapterMinimal::test_get_supported_tools_basic PASSED [  0%]
Run Tests (3.12)	UNKNOWN STEP	2025-08-21T04:33:15.0771765Z tests/adapters/test_mcp_adapter_minimal.py::TestMCPAdapterMinimal::test_check_protocol_compatibility_basic PASSED [  0%]
Run Tests (3.12)	UNKNOWN STEP	2025-08-21T04:33:15.9989157Z tests/adapters/test_mcp_adapter_minimal.py::TestMCPAdapterMinimal::test_create_server_mocked PASSED [  1%]
Run Tests (3.12)	UNKNOWN STEP	2025-08-21T04:33:16.9304428Z tests/adapters/test_mcp_adapter_minimal.py::TestMCPAdapterMinimal::test_tool_registration_basic PASSED [  1%]
Run Tests (3.12)	UNKNOWN STEP	2025-08-21T04:33:17.8579272Z tests/adapters/test_mcp_adapter_minimal.py::TestMCPAdapterErrorHandling::test_graceful_degradation_on_mcp_failure PASSED [  1%]
Run Tests (3.12)	UNKNOWN STEP	2025-08-21T04:33:18.7865169Z tests/adapters/test_mcp_adapter_minimal.py::TestMCPAdapterErrorHandling::test_core_service_remains_accessible PASSED [  1%]
Run Tests (3.12)	UNKNOWN STEP	2025-08-21T04:33:20.0404489Z tests/adapters/test_mcp_adapter_minimal.py::TestMCPAdapterErrorHandling::test_core_functionality_bypasses_mcp PASSED [  2%]
Run Tests (3.12)	UNKNOWN STEP	2025-08-21T04:33:20.0418474Z tests/adapters/test_mcp_adapter_minimal.py::TestMCPProtocolVolatility::test_fastmcp_version_awareness PASSED [  2%]
Run Tests (3.12)	UNKNOWN STEP	2025-08-21T04:33:20.0470119Z tests/adapters/test_mcp_adapter_minimal.py::TestMCPProtocolVolatility::test_mcp_breaking_change_detection PASSED [  2%]
Run Tests (3.12)	UNKNOWN STEP	2025-08-21T04:33:20.9804581Z tests/adapters/test_mcp_adapter_minimal.py::TestMCPProtocolVolatility::test_protocol_isolation_effectiveness PASSED [  2%]
Run Tests (3.12)	UNKNOWN STEP	2025-08-21T04:33:21.9343182Z tests/core/test_music_analysis_service.py::TestMusicAnalysisServiceCore::test_import_bach_chorale_success PASSED [  3%]
Run Tests (3.12)	UNKNOWN STEP	2025-08-21T04:33:22.7989237Z tests/core/test_music_analysis_service.py::TestMusicAnalysisServiceCore::test_import_invalid_corpus_piece PASSED [  3%]
Run Tests (3.12)	UNKNOWN STEP	2025-08-21T04:33:23.7495613Z tests/core/test_music_analysis_service.py::TestMusicAnalysisServiceCore::test_list_scores_empty PASSED [  3%]
Run Tests (3.12)	UNKNOWN STEP	2025-08-21T04:33:24.8246065Z tests/core/test_music_analysis_service.py::TestMusicAnalysisServiceCore::test_list_scores_with_content PASSED [  4%]
Run Tests (3.12)	UNKNOWN STEP	2025-08-21T04:33:25.8252434Z tests/core/test_music_analysis_service.py::TestMusicAnalysisServiceCore::test_get_score_info_success PASSED [  4%]
Run Tests (3.12)	UNKNOWN STEP	2025-08-21T04:33:26.8027690Z tests/core/test_music_analysis_service.py::TestMusicAnalysisServiceCore::test_get_score_info_missing PASSED [  4%]
Run Tests (3.12)	UNKNOWN STEP	2025-08-21T04:33:27.7657391Z tests/core/test_music_analysis_service.py::TestMusicAnalysisServiceCore::test_delete_score_success PASSED [  4%]
Run Tests (3.12)	UNKNOWN STEP	2025-08-21T04:33:28.7157383Z tests/core/test_music_analysis_service.py::TestMusicAnalysisServiceCore::test_delete_score_missing PASSED [  5%]
Run Tests (3.12)	UNKNOWN STEP	2025-08-21T04:33:29.7557906Z tests/core/test_music_analysis_service.py::TestMusicAnalysisServiceCore::test_analyze_key_bach_chorale PASSED [  5%]
Run Tests (3.12)	UNKNOWN STEP	2025-08-21T04:33:30.7154803Z tests/core/test_music_analysis_service.py::TestMusicAnalysisServiceCore::test_analyze_key_missing_score PASSED [  5%]
Run Tests (3.12)	UNKNOWN STEP	2025-08-21T04:33:32.1148499Z tests/core/test_music_analysis_service.py::TestMusicAnalysisServiceCore::test_analyze_harmony_roman_numerals PASSED [  5%]
Run Tests (3.12)	UNKNOWN STEP	2025-08-21T04:33:33.2870089Z tests/core/test_music_analysis_service.py::TestMusicAnalysisServiceCore::test_analyze_harmony_functional PASSED [  6%]
Run Tests (3.12)	UNKNOWN STEP	2025-08-21T04:33:34.4466030Z tests/core/test_music_analysis_service.py::TestMusicAnalysisServiceCore::test_analyze_harmony_invalid_type PASSED [  6%]
Run Tests (3.12)	UNKNOWN STEP	2025-08-21T04:33:35.4369853Z tests/core/test_music_analysis_service.py::TestMusicAnalysisServiceCore::test_analyze_voice_leading_chorale PASSED [  6%]
Run Tests (3.12)	UNKNOWN STEP	2025-08-21T04:33:36.3847902Z tests/core/test_music_analysis_service.py::TestMusicAnalysisServiceCore::test_analyze_voice_leading_missing_score PASSED [  7%]
Run Tests (3.12)	UNKNOWN STEP	2025-08-21T04:33:37.4622413Z tests/core/test_music_analysis_service.py::TestMusicAnalysisServiceCore::test_recognize_melodic_patterns PASSED [  7%]
Run Tests (3.12)	UNKNOWN STEP	2025-08-21T04:33:38.6403225Z tests/core/test_music_analysis_service.py::TestMusicAnalysisServiceCore::test_recognize_rhythmic_patterns PASSED [  7%]
Run Tests (3.12)	UNKNOWN STEP	2025-08-21T04:33:39.6310471Z tests/core/test_music_analysis_service.py::TestMusicAnalysisServiceCore::test_recognize_invalid_pattern_type PASSED [  7%]
Run Tests (3.12)	UNKNOWN STEP	2025-08-21T04:33:40.5650292Z tests/core/test_music_analysis_service.py::TestMusicAnalysisServiceCore::test_get_available_tools PASSED [  8%]
Run Tests (3.12)	UNKNOWN STEP	2025-08-21T04:33:41.4840993Z tests/core/test_music_analysis_service.py::TestMusicAnalysisServiceCore::test_get_score_count_empty PASSED [  8%]
Run Tests (3.12)	UNKNOWN STEP	2025-08-21T04:33:42.5073450Z tests/core/test_music_analysis_service.py::TestMusicAnalysisServiceCore::test_get_score_count_with_scores PASSED [  8%]
Run Tests (3.12)	UNKNOWN STEP	2025-08-21T04:33:43.4926507Z tests/core/test_music_analysis_service.py::TestMusicAnalysisServiceCore::test_duplicate_score_id_import PASSED [  8%]
Run Tests (3.12)	UNKNOWN STEP	2025-08-21T04:33:44.4265636Z tests/core/test_music_analysis_service.py::TestMusicAnalysisServiceCore::test_empty_score_id PASSED [  9%]
Run Tests (3.12)	UNKNOWN STEP	2025-08-21T04:33:45.3830286Z tests/core/test_music_analysis_service.py::TestMusicAnalysisServiceCore::test_null_values PASSED [  9%]
Run Tests (3.12)	UNKNOWN STEP	2025-08-21T04:33:46.4155191Z tests/core/test_music_analysis_service.py::TestMusicAnalysisServiceCore::test_multiple_concurrent_operations PASSED [  9%]
Run Tests (3.12)	UNKNOWN STEP	2025-08-21T04:33:47.2800336Z tests/core/test_music_analysis_service.py::TestMusicAnalysisServiceCore::test_large_corpus_handling PASSED [  9%]
Run Tests (3.12)	UNKNOWN STEP	2025-08-21T04:33:48.4545507Z tests/core/test_music_analysis_service.py::TestMusicAnalysisServiceExport::test_export_musicxml PASSED [ 10%]
Run Tests (3.12)	UNKNOWN STEP	2025-08-21T04:33:49.5220064Z tests/core/test_music_analysis_service.py::TestMusicAnalysisServiceExport::test_export_midi PASSED [ 10%]
Run Tests (3.12)	UNKNOWN STEP	2025-08-21T04:33:50.5054141Z tests/core/test_music_analysis_service.py::TestMusicAnalysisServiceExport::test_export_invalid_format PASSED [ 10%]
Run Tests (3.12)	UNKNOWN STEP	2025-08-21T04:33:51.4704980Z tests/core/test_music_analysis_service.py::TestMusicAnalysisServiceExport::test_export_missing_score PASSED [ 11%]
Run Tests (3.12)	UNKNOWN STEP	2025-08-21T04:33:53.2415844Z tests/core/test_music_analysis_service.py::TestMusicAnalysisWorkflows::test_complete_chorale_analysis_workflow PASSED [ 11%]
Run Tests (3.12)	UNKNOWN STEP	2025-08-21T04:33:54.4110463Z tests/core/test_music_analysis_service.py::TestMusicAnalysisWorkflows::test_comparative_analysis PASSED [ 11%]
Run Tests (3.12)	UNKNOWN STEP	2025-08-21T04:33:56.3635765Z tests/core/test_music_analysis_service.py::TestMusicAnalysisWorkflows::test_score_lifecycle PASSED [ 11%]
Run Tests (3.12)	UNKNOWN STEP	2025-08-21T04:33:56.3651504Z tests/integration/test_claude_desktop_integration.py::TestClaudeDesktopIntegration::test_mcp_server_configuration SKIPPED [ 12%]
Run Tests (3.12)	UNKNOWN STEP	2025-08-21T04:33:56.3660966Z tests/integration/test_claude_desktop_integration.py::TestClaudeDesktopIntegration::test_tool_schema_compliance SKIPPED [ 12%]
Run Tests (3.12)	UNKNOWN STEP	2025-08-21T04:33:56.3670165Z tests/integration/test_claude_desktop_integration.py::TestClaudeDesktopIntegration::test_mcp_protocol_initialization SKIPPED [ 12%]
Run Tests (3.12)	UNKNOWN STEP	2025-08-21T04:33:57.2387598Z tests/integration/test_claude_desktop_integration.py::TestClaudeDesktopIntegration::test_claude_desktop_config_format PASSED [ 12%]
Run Tests (3.12)	UNKNOWN STEP	2025-08-21T04:33:57.2406878Z tests/integration/test_claude_desktop_integration.py::TestClaudeDesktopIntegration::test_tool_error_handling_for_claude PASSED [ 13%]
Run Tests (3.12)	UNKNOWN STEP	2025-08-21T04:33:57.5712103Z tests/integration/test_claude_desktop_integration.py::TestClaudeDesktopIntegration::test_tool_streaming_support PASSED [ 13%]
Run Tests (3.12)	UNKNOWN STEP	2025-08-21T04:34:04.1228162Z tests/integration/test_claude_desktop_integration.py::TestClaudeDesktopIntegration::test_server_subprocess_compatibility PASSED [ 13%]
Run Tests (3.12)	UNKNOWN STEP	2025-08-21T04:34:04.2158922Z tests/integration/test_claude_desktop_integration.py::TestClaudeDesktopIntegration::test_concurrent_claude_connections PASSED [ 14%]
Run Tests (3.12)	UNKNOWN STEP	2025-08-21T04:34:04.2168764Z tests/integration/test_claude_desktop_integration.py::TestClaudeDesktopIntegration::test_resource_endpoint_visibility SKIPPED [ 14%]
Run Tests (3.12)	UNKNOWN STEP	2025-08-21T04:34:04.2178434Z tests/integration/test_claude_desktop_integration.py::TestClaudeDesktopIntegration::test_tool_naming_conventions SKIPPED [ 14%]
Run Tests (3.12)	UNKNOWN STEP	2025-08-21T04:34:04.2187720Z tests/integration/test_claude_desktop_integration.py::TestMCPProtocolCompliance::test_mcp_message_format SKIPPED [ 14%]
Run Tests (3.12)	UNKNOWN STEP	2025-08-21T04:34:04.2205087Z tests/integration/test_claude_desktop_integration.py::TestMCPProtocolCompliance::test_tool_parameter_validation PASSED [ 15%]
Run Tests (3.12)	UNKNOWN STEP	2025-08-21T04:34:04.2216225Z tests/integration/test_claude_desktop_integration.py::TestMCPProtocolCompliance::test_server_metadata SKIPPED [ 15%]
Run Tests (3.12)	UNKNOWN STEP	2025-08-21T04:34:04.4083376Z tests/integration/test_fastmcp_server.py::TestFastMCPServer::test_fastmcp_server_initialization PASSED [ 15%]
Run Tests (3.12)	UNKNOWN STEP	2025-08-21T04:34:04.4094907Z tests/integration/test_fastmcp_server.py::TestFastMCPServer::test_tool_registration_via_decorator SKIPPED [ 15%]
Run Tests (3.12)	UNKNOWN STEP	2025-08-21T04:34:04.5642475Z tests/integration/test_fastmcp_server.py::TestFastMCPServer::test_score_storage_dict_operations PASSED [ 16%]
Run Tests (3.12)	UNKNOWN STEP	2025-08-21T04:34:06.8526227Z tests/integration/test_fastmcp_server.py::TestFastMCPServer::test_rate_limiting_functionality PASSED [ 16%]
Run Tests (3.12)	UNKNOWN STEP	2025-08-21T04:34:06.8539845Z tests/integration/test_fastmcp_server.py::TestFastMCPServer::test_rate_limiting_with_tools SKIPPED [ 16%]
Run Tests (3.12)	UNKNOWN STEP	2025-08-21T04:34:07.0174147Z tests/integration/test_fastmcp_server.py::TestFastMCPServer::test_error_handling_and_response_formats PASSED [ 16%]
Run Tests (3.12)	UNKNOWN STEP	2025-08-21T04:34:09.1619152Z tests/integration/test_fastmcp_server.py::TestFastMCPServer::test_tool_interconnection_workflow PASSED [ 17%]
Run Tests (3.12)	UNKNOWN STEP	2025-08-21T04:34:09.5364747Z tests/integration/test_fastmcp_server.py::TestFastMCPServer::test_concurrent_access_patterns PASSED [ 17%]
Run Tests (3.12)	UNKNOWN STEP	2025-08-21T04:34:09.5376193Z tests/integration/test_fastmcp_server.py::TestFastMCPServer::test_memory_management_and_cleanup SKIPPED [ 17%]
Run Tests (3.12)	UNKNOWN STEP	2025-08-21T04:34:09.7283968Z tests/integration/test_fastmcp_server.py::TestFastMCPServer::test_health_check_functionality PASSED [ 18%]
Run Tests (3.12)	UNKNOWN STEP	2025-08-21T04:34:09.7296247Z tests/integration/test_fastmcp_server.py::TestFastMCPServer::test_resource_endpoints SKIPPED [ 18%]
Run Tests (3.12)	UNKNOWN STEP	2025-08-21T04:34:09.9433142Z tests/integration/test_fastmcp_server.py::TestFastMCPServer::test_error_recovery_and_resilience PASSED [ 18%]
Run Tests (3.12)	UNKNOWN STEP	2025-08-21T04:34:14.6654653Z tests/integration/test_fastmcp_server.py::TestFastMCPServer::test_corpus_data_integration PASSED [ 18%]
Run Tests (3.12)	UNKNOWN STEP	2025-08-21T04:34:55.9407634Z tests/integration/test_fastmcp_server.py::TestFastMCPServerStress::test_large_score_handling PASSED [ 19%]
Run Tests (3.12)	UNKNOWN STEP	2025-08-21T04:34:57.4333900Z tests/integration/test_fastmcp_server.py::TestFastMCPServerStress::test_rapid_sequential_requests PASSED [ 19%]
Run Tests (3.12)	UNKNOWN STEP	2025-08-21T04:34:57.4668609Z tests/integration/test_production_failures.py::TestProductionFailures::test_requests_before_initialization PASSED [ 19%]
Run Tests (3.12)	UNKNOWN STEP	2025-08-21T04:34:57.4677829Z tests/integration/test_production_failures.py::TestProductionFailures::test_tools_visibility_in_claude_desktop SKIPPED [ 19%]
Run Tests (3.12)	UNKNOWN STEP	2025-08-21T04:35:04.9761405Z tests/integration/test_production_failures.py::TestProductionFailures::test_timeout_scenarios PASSED [ 20%]
Run Tests (3.12)	UNKNOWN STEP	2025-08-21T04:35:05.0663074Z tests/integration/test_production_failures.py::TestProductionFailures::test_error_recovery PASSED [ 20%]
Run Tests (3.12)	UNKNOWN STEP	2025-08-21T04:35:06.6578452Z tests/integration/test_production_failures.py::TestProductionFailures::test_concurrent_requests PASSED [ 20%]
Run Tests (3.12)	UNKNOWN STEP	2025-08-21T04:35:06.6587886Z tests/integration/test_production_failures.py::TestProductionFailures::test_docker_cloud_environment SKIPPED [ 21%]
Run Tests (3.12)	UNKNOWN STEP	2025-08-21T04:35:07.6661184Z tests/integration/test_production_failures.py::TestServerStability::test_signal_handling PASSED [ 21%]
Run Tests (3.12)	UNKNOWN STEP	2025-08-21T04:35:07.6674921Z tests/test_priority_config.py::TestPriorityValidation::test_core_test_coverage_adequate PASSED [ 21%]
Run Tests (3.12)	UNKNOWN STEP	2025-08-21T04:35:07.6687645Z tests/test_priority_config.py::TestPriorityValidation::test_adapter_test_coverage_minimal PASSED [ 21%]
Run Tests (3.12)	UNKNOWN STEP	2025-08-21T04:35:07.6699990Z tests/test_priority_config.py::TestPriorityValidation::test_reality_based_expectations PASSED [ 22%]
Run Tests (3.12)	UNKNOWN STEP	2025-08-21T04:35:08.6520821Z tests/unit/test_adapter_coverage_boost.py::TestMCPAdapterCoverage::test_adapter_initialization PASSED [ 22%]
Run Tests (3.12)	UNKNOWN STEP	2025-08-21T04:35:09.5768542Z tests/unit/test_adapter_coverage_boost.py::TestMCPAdapterCoverage::test_check_protocol_compatibility PASSED [ 22%]
Run Tests (3.12)	UNKNOWN STEP	2025-08-21T04:35:10.5044068Z tests/unit/test_adapter_coverage_boost.py::TestMCPAdapterCoverage::test_get_supported_tools PASSED [ 22%]
Run Tests (3.12)	UNKNOWN STEP	2025-08-21T04:35:10.5055247Z tests/unit/test_adapter_coverage_boost.py::TestMCPAdapterCoverage::test_create_server_mocked SKIPPED [ 23%]
Run Tests (3.12)	UNKNOWN STEP	2025-08-21T04:35:11.4461181Z tests/unit/test_adapter_coverage_boost.py::TestMCPAdapterCoverage::test_tool_methods_coverage PASSED [ 23%]
Run Tests (3.12)	UNKNOWN STEP	2025-08-21T04:35:11.4470668Z tests/unit/test_adapter_coverage_boost.py::TestPythonAdapterCoverage::test_python_adapter_initialization SKIPPED [ 23%]
Run Tests (3.12)	UNKNOWN STEP	2025-08-21T04:35:11.4479279Z tests/unit/test_adapter_coverage_boost.py::TestPythonAdapterCoverage::test_create_sync_analyzer SKIPPED [ 23%]
Run Tests (3.12)	UNKNOWN STEP	2025-08-21T04:35:11.4487371Z tests/unit/test_adapter_coverage_boost.py::TestPythonAdapterCoverage::test_adapter_methods_basic SKIPPED [ 24%]
Run Tests (3.12)	UNKNOWN STEP	2025-08-21T04:35:12.2964679Z tests/unit/test_adapter_coverage_boost.py::TestPythonAdapterCoverage::test_import_and_analyze_workflow PASSED [ 24%]
Run Tests (3.12)	UNKNOWN STEP	2025-08-21T04:35:13.2130470Z tests/unit/test_adapter_coverage_boost.py::TestPythonAdapterCoverage::test_generation_methods PASSED [ 24%]
Run Tests (3.12)	UNKNOWN STEP	2025-08-21T04:35:14.0568986Z tests/unit/test_adapter_coverage_boost.py::TestPythonAdapterCoverage::test_export_and_delete_methods PASSED [ 25%]
Run Tests (3.12)	UNKNOWN STEP	2025-08-21T04:35:14.0580730Z tests/unit/test_adapter_coverage_boost.py::TestServerMinimalCoverage::test_server_creation_mocked SKIPPED [ 25%]
Run Tests (3.12)	UNKNOWN STEP	2025-08-21T04:35:14.0593568Z tests/unit/test_chord_analysis_tool.py::TestChordAnalysisTool::test_tool_initialization PASSED [ 25%]
Run Tests (3.12)	UNKNOWN STEP	2025-08-21T04:35:14.3048386Z tests/unit/test_chord_analysis_tool.py::TestChordAnalysisTool::test_chord_analysis_success PASSED [ 25%]
Run Tests (3.12)	UNKNOWN STEP	2025-08-21T04:35:14.3065624Z tests/unit/test_chord_analysis_tool.py::TestChordAnalysisTool::test_chord_analysis_nonexistent_score PASSED [ 26%]
Run Tests (3.12)	UNKNOWN STEP	2025-08-21T04:35:14.4997341Z tests/unit/test_chord_analysis_tool.py::TestChordAnalysisTool::test_chord_analysis_detailed_chords PASSED [ 26%]
Run Tests (3.12)	UNKNOWN STEP	2025-08-21T04:35:14.6986323Z tests/unit/test_chord_analysis_tool.py::TestChordAnalysisTool::test_chord_analysis_histogram PASSED [ 26%]
Run Tests (3.12)	UNKNOWN STEP	2025-08-21T04:35:14.9984730Z tests/unit/test_chord_analysis_tool.py::TestChordAnalysisTool::test_chord_analysis_common_chords PASSED [ 26%]
Run Tests (3.12)	UNKNOWN STEP	2025-08-21T04:35:15.1942965Z tests/unit/test_chord_analysis_tool.py::TestChordAnalysisTool::test_chord_analysis_custom_parameters PASSED [ 27%]
Run Tests (3.12)	UNKNOWN STEP	2025-08-21T04:35:15.2345298Z tests/unit/test_chord_analysis_tool.py::TestChordAnalysisTool::test_chord_analysis_monophonic_music PASSED [ 27%]
Run Tests (3.12)	UNKNOWN STEP	2025-08-21T04:35:15.3035741Z tests/unit/test_chord_analysis_tool.py::TestChordAnalysisTool::test_chord_analysis_complex_harmony PASSED [ 27%]
Run Tests (3.12)	UNKNOWN STEP	2025-08-21T04:35:15.3048043Z tests/unit/test_counterpoint_tool.py::TestCounterpointGeneratorTool::test_tool_initialization PASSED [ 28%]
Run Tests (3.12)	UNKNOWN STEP	2025-08-21T04:35:15.3540213Z tests/unit/test_counterpoint_tool.py::TestCounterpointGeneratorTool::test_counterpoint_generation_success PASSED [ 28%]
Run Tests (3.12)	UNKNOWN STEP	2025-08-21T04:35:15.3558391Z tests/unit/test_counterpoint_tool.py::TestCounterpointGeneratorTool::test_counterpoint_nonexistent_score PASSED [ 28%]
Run Tests (3.12)	UNKNOWN STEP	2025-08-21T04:35:15.5807569Z tests/unit/test_counterpoint_tool.py::TestCounterpointGeneratorTool::test_counterpoint_species PASSED [ 28%]
Run Tests (3.12)	UNKNOWN STEP	2025-08-21T04:35:15.7272916Z tests/unit/test_counterpoint_tool.py::TestCounterpointGeneratorTool::test_counterpoint_voice_positions PASSED [ 29%]
Run Tests (3.12)	UNKNOWN STEP	2025-08-21T04:35:15.7674292Z tests/unit/test_counterpoint_tool.py::TestCounterpointGeneratorTool::test_counterpoint_validation PASSED [ 29%]
Run Tests (3.12)	UNKNOWN STEP	2025-08-21T04:35:15.8043458Z tests/unit/test_counterpoint_tool.py::TestCounterpointGeneratorTool::test_counterpoint_duplicate_output_id PASSED [ 29%]
Run Tests (3.12)	UNKNOWN STEP	2025-08-21T04:35:15.8456366Z tests/unit/test_counterpoint_tool.py::TestCounterpointGeneratorTool::test_counterpoint_info_structure PASSED [ 29%]
Run Tests (3.12)	UNKNOWN STEP	2025-08-21T04:35:15.8475424Z tests/unit/test_counterpoint_tool.py::TestCounterpointGeneratorTool::test_counterpoint_invalid_species PASSED [ 30%]
Run Tests (3.12)	UNKNOWN STEP	2025-08-21T04:35:15.8492666Z tests/unit/test_coverage_boost.py::TestResourceManagerComprehensive::test_score_storage_initialization PASSED [ 30%]
Run Tests (3.12)	UNKNOWN STEP	2025-08-21T04:35:15.8510421Z tests/unit/test_coverage_boost.py::TestResourceManagerComprehensive::test_score_storage_add_score PASSED [ 30%]
Run Tests (3.12)	UNKNOWN STEP	2025-08-21T04:35:15.8527913Z tests/unit/test_coverage_boost.py::TestResourceManagerComprehensive::test_score_storage_delete_score PASSED [ 30%]
Run Tests (3.12)	UNKNOWN STEP	2025-08-21T04:35:15.8545199Z tests/unit/test_coverage_boost.py::TestResourceManagerComprehensive::test_score_storage_list_scores PASSED [ 31%]
Run Tests (3.12)	UNKNOWN STEP	2025-08-21T04:35:15.9485914Z tests/unit/test_coverage_boost.py::TestResourceManagerComprehensive::test_score_storage_cleanup_expired PASSED [ 31%]
Run Tests (3.12)	UNKNOWN STEP	2025-08-21T04:35:16.0031422Z tests/unit/test_coverage_boost.py::TestResourceManagerComprehensive::test_score_storage_evict_lru PASSED [ 31%]
Run Tests (3.12)	UNKNOWN STEP	2025-08-21T04:35:16.7212763Z tests/unit/test_coverage_boost.py::TestResourceManagerComprehensive::test_score_storage_memory_limit PASSED [ 32%]
Run Tests (3.12)	UNKNOWN STEP	2025-08-21T04:35:16.7240722Z tests/unit/test_coverage_boost.py::TestResourceManagerComprehensive::test_score_storage_health_check PASSED [ 32%]
Run Tests (3.12)	UNKNOWN STEP	2025-08-21T04:35:16.7367830Z tests/unit/test_coverage_boost.py::TestResourceManagerComprehensive::test_score_storage_get_stats PASSED [ 32%]
Run Tests (3.12)	UNKNOWN STEP	2025-08-21T04:35:16.8933446Z tests/unit/test_coverage_boost.py::TestResourceManagerComprehensive::test_resource_manager_initialization PASSED [ 32%]
Run Tests (3.12)	UNKNOWN STEP	2025-08-21T04:35:16.9671061Z tests/unit/test_coverage_boost.py::TestResourceManagerComprehensive::test_resource_manager_check_memory PASSED [ 33%]
Run Tests (3.12)	UNKNOWN STEP	2025-08-21T04:35:17.0221962Z tests/unit/test_coverage_boost.py::TestResourceManagerComprehensive::test_resource_manager_get_memory_usage PASSED [ 33%]
Run Tests (3.12)	UNKNOWN STEP	2025-08-21T04:35:17.1622521Z tests/unit/test_coverage_boost.py::TestResourceManagerComprehensive::test_resource_manager_shutdown PASSED [ 33%]
Run Tests (3.12)	UNKNOWN STEP	2025-08-21T04:35:17.2930574Z tests/unit/test_coverage_boost.py::TestResourceManagerComprehensive::test_resource_manager_cleanup_loop PASSED [ 33%]
Run Tests (3.12)	UNKNOWN STEP	2025-08-21T04:35:17.3555064Z tests/unit/test_coverage_boost.py::TestResourceManagerComprehensive::test_resource_manager_monitor_resources PASSED [ 34%]
Run Tests (3.12)	UNKNOWN STEP	2025-08-21T04:35:17.3570576Z tests/unit/test_coverage_boost.py::TestImportToolComprehensive::test_validate_source_valid_corpus PASSED [ 34%]
Run Tests (3.12)	UNKNOWN STEP	2025-08-21T04:35:17.3582913Z tests/unit/test_coverage_boost.py::TestImportToolComprehensive::test_validate_source_invalid_corpus PASSED [ 34%]
Run Tests (3.12)	UNKNOWN STEP	2025-08-21T04:35:17.3594257Z tests/unit/test_coverage_boost.py::TestImportToolComprehensive::test_validate_source_valid_file PASSED [ 35%]
Run Tests (3.12)	UNKNOWN STEP	2025-08-21T04:35:17.3606084Z tests/unit/test_coverage_boost.py::TestImportToolComprehensive::test_validate_source_invalid_file PASSED [ 35%]
Run Tests (3.12)	UNKNOWN STEP	2025-08-21T04:35:17.3618214Z tests/unit/test_coverage_boost.py::TestImportToolComprehensive::test_validate_source_valid_text PASSED [ 35%]
Run Tests (3.12)	UNKNOWN STEP	2025-08-21T04:35:17.3629901Z tests/unit/test_coverage_boost.py::TestImportToolComprehensive::test_validate_source_invalid_text PASSED [ 35%]
Run Tests (3.12)	UNKNOWN STEP	2025-08-21T04:35:17.3641363Z tests/unit/test_coverage_boost.py::TestImportToolComprehensive::test_validate_source_unknown_type PASSED [ 36%]
Run Tests (3.12)	UNKNOWN STEP	2025-08-21T04:35:17.3705016Z tests/unit/test_coverage_boost.py::TestImportToolComprehensive::test_import_from_corpus_not_found PASSED [ 36%]
Run Tests (3.12)	UNKNOWN STEP	2025-08-21T04:35:17.3725427Z tests/unit/test_coverage_boost.py::TestImportToolComprehensive::test_import_from_file_not_found PASSED [ 36%]
Run Tests (3.12)	UNKNOWN STEP	2025-08-21T04:35:17.3748866Z tests/unit/test_coverage_boost.py::TestImportToolComprehensive::test_import_from_text_invalid PASSED [ 36%]
Run Tests (3.12)	UNKNOWN STEP	2025-08-21T04:35:17.3806911Z tests/unit/test_coverage_boost.py::TestImportToolComprehensive::test_handle_import_validation_error PASSED [ 37%]
Run Tests (3.12)	UNKNOWN STEP	2025-08-21T04:35:17.3823025Z tests/unit/test_coverage_boost.py::TestImportToolComprehensive::test_handle_import_unknown_type PASSED [ 37%]
Run Tests (3.12)	UNKNOWN STEP	2025-08-21T04:35:17.3842545Z tests/unit/test_coverage_boost.py::TestImportToolComprehensive::test_handle_import_none_score PASSED [ 37%]
Run Tests (3.12)	UNKNOWN STEP	2025-08-21T04:35:17.3853711Z tests/unit/test_coverage_boost.py::TestImportToolComprehensive::test_get_file_extension PASSED [ 38%]
Run Tests (3.12)	UNKNOWN STEP	2025-08-21T04:35:17.3868216Z tests/unit/test_coverage_boost.py::TestServerMinimalCoverage::test_server_minimal_imports PASSED [ 38%]
Run Tests (3.12)	UNKNOWN STEP	2025-08-21T04:35:17.3883086Z tests/unit/test_coverage_boost.py::TestServerMinimalCoverage::test_server_minimal_constants PASSED [ 38%]
Run Tests (3.12)	UNKNOWN STEP	2025-08-21T04:35:17.3913593Z tests/unit/test_coverage_boost.py::TestPerformanceOptimizationsCoverage::test_performance_optimizer_parallel_empty PASSED [ 38%]
Run Tests (3.12)	UNKNOWN STEP	2025-08-21T04:35:17.3963206Z tests/unit/test_coverage_boost.py::TestPerformanceOptimizationsCoverage::test_performance_optimizer_parallel_single PASSED [ 39%]
Run Tests (3.12)	UNKNOWN STEP	2025-08-21T04:35:17.3993367Z tests/unit/test_coverage_boost.py::TestPerformanceOptimizationsCoverage::test_performance_optimizer_cache_stats PASSED [ 39%]
Run Tests (3.12)	UNKNOWN STEP	2025-08-21T04:35:17.4022905Z tests/unit/test_coverage_boost.py::TestPerformanceOptimizationsCoverage::test_performance_optimizer_clear_cache PASSED [ 39%]
Run Tests (3.12)	UNKNOWN STEP	2025-08-21T04:35:17.4037637Z tests/unit/test_coverage_boost.py::TestPerformanceOptimizationsCoverage::test_optimized_tools_error_handling PASSED [ 39%]
Run Tests (3.12)	UNKNOWN STEP	2025-08-21T04:35:17.5254596Z tests/unit/test_coverage_boost.py::TestAdditionalErrorPaths::test_resource_manager_singleton_pattern PASSED [ 40%]
Run Tests (3.12)	UNKNOWN STEP	2025-08-21T04:35:17.5277785Z tests/unit/test_coverage_boost.py::TestAdditionalErrorPaths::test_score_storage_concurrent_access PASSED [ 40%]
Run Tests (3.12)	UNKNOWN STEP	2025-08-21T04:35:17.5289669Z tests/unit/test_coverage_boost.py::TestAdditionalErrorPaths::test_import_tool_source_sanitization PASSED [ 40%]
Run Tests (3.12)	UNKNOWN STEP	2025-08-21T04:35:17.5314376Z tests/unit/test_coverage_boost.py::TestAdditionalErrorPaths::test_async_error_propagation PASSED [ 40%]
Run Tests (3.12)	UNKNOWN STEP	2025-08-21T04:35:17.5324002Z tests/unit/test_coverage_boost.py::test_coverage_target_reached PASSED   [ 41%]
Run Tests (3.12)	UNKNOWN STEP	2025-08-21T04:35:17.5335426Z tests/unit/test_coverage_boost.py::test_import_all_modules PASSED        [ 41%]
Run Tests (3.12)	UNKNOWN STEP	2025-08-21T04:35:17.5345997Z tests/unit/test_coverage_boost_simple.py::TestBaseTool::test_base_tool_initialization PASSED [ 41%]
Run Tests (3.12)	UNKNOWN STEP	2025-08-21T04:35:17.5356612Z tests/unit/test_coverage_boost_simple.py::TestBaseTool::test_base_tool_logging PASSED [ 42%]
Run Tests (3.12)	UNKNOWN STEP	2025-08-21T04:35:17.5366923Z tests/unit/test_coverage_boost_simple.py::TestBaseTool::test_base_tool_error_handling_context PASSED [ 42%]
Run Tests (3.12)	UNKNOWN STEP	2025-08-21T04:35:17.5378381Z tests/unit/test_coverage_boost_simple.py::TestBaseTool::test_base_tool_create_error_response PASSED [ 42%]
Run Tests (3.12)	UNKNOWN STEP	2025-08-21T04:35:17.5388891Z tests/unit/test_coverage_boost_simple.py::TestBaseTool::test_base_tool_create_success_response PASSED [ 42%]
Run Tests (3.12)	UNKNOWN STEP	2025-08-21T04:35:17.5398904Z tests/unit/test_coverage_boost_simple.py::TestBaseTool::test_base_tool_validate_inputs_basic PASSED [ 43%]
Run Tests (3.12)	UNKNOWN STEP	2025-08-21T04:35:17.5409201Z tests/unit/test_coverage_boost_simple.py::TestBaseTool::test_base_tool_validate_score_exists PASSED [ 43%]
Run Tests (3.12)	UNKNOWN STEP	2025-08-21T04:35:17.5420148Z tests/unit/test_coverage_boost_simple.py::TestBaseTool::test_base_tool_get_score_metadata PASSED [ 43%]
Run Tests (3.12)	UNKNOWN STEP	2025-08-21T04:35:17.5430625Z tests/unit/test_coverage_boost_simple.py::TestBaseTool::test_base_tool_get_score_metadata_no_metadata PASSED [ 43%]
Run Tests (3.12)	UNKNOWN STEP	2025-08-21T04:35:18.4737327Z tests/unit/test_coverage_boost_simple.py::TestServices::test_music_analysis_service_initialization PASSED [ 44%]
Run Tests (3.12)	UNKNOWN STEP	2025-08-21T04:35:19.3960575Z tests/unit/test_coverage_boost_simple.py::TestServices::test_import_score_basic PASSED [ 44%]
Run Tests (3.12)	UNKNOWN STEP	2025-08-21T04:35:20.3314613Z tests/unit/test_coverage_boost_simple.py::TestServices::test_list_scores_empty PASSED [ 44%]
Run Tests (3.12)	UNKNOWN STEP	2025-08-21T04:35:21.2689791Z tests/unit/test_coverage_boost_simple.py::TestServices::test_list_scores_with_content PASSED [ 45%]
Run Tests (3.12)	UNKNOWN STEP	2025-08-21T04:35:22.1957142Z tests/unit/test_coverage_boost_simple.py::TestServices::test_delete_score_success PASSED [ 45%]
Run Tests (3.12)	UNKNOWN STEP	2025-08-21T04:35:23.1207200Z tests/unit/test_coverage_boost_simple.py::TestServices::test_delete_score_not_found PASSED [ 45%]
Run Tests (3.12)	UNKNOWN STEP	2025-08-21T04:35:24.0448651Z tests/unit/test_coverage_boost_simple.py::TestServices::test_get_score_info_basic PASSED [ 45%]
Run Tests (3.12)	UNKNOWN STEP	2025-08-21T04:35:24.9580759Z tests/unit/test_coverage_boost_simple.py::TestServices::test_get_available_tools PASSED [ 46%]
Run Tests (3.12)	UNKNOWN STEP	2025-08-21T04:35:25.8775822Z tests/unit/test_coverage_boost_simple.py::TestServices::test_get_score_count PASSED [ 46%]
Run Tests (3.12)	UNKNOWN STEP	2025-08-21T04:35:25.8785774Z tests/unit/test_coverage_boost_simple.py::TestAsyncExecutor::test_async_executor_imports PASSED [ 46%]
Run Tests (3.12)	UNKNOWN STEP	2025-08-21T04:35:25.8795964Z tests/unit/test_coverage_boost_simple.py::TestAsyncExecutor::test_task_context_manager_imports PASSED [ 46%]
Run Tests (3.12)	UNKNOWN STEP	2025-08-21T04:35:25.8814696Z tests/unit/test_coverage_boost_simple.py::TestAsyncExecutor::test_async_executor_initialization PASSED [ 47%]
Run Tests (3.12)	UNKNOWN STEP	2025-08-21T04:35:25.8834948Z tests/unit/test_coverage_boost_simple.py::TestAsyncExecutor::test_async_executor_basic_execution PASSED [ 47%]
Run Tests (3.12)	UNKNOWN STEP	2025-08-21T04:35:25.8844920Z tests/unit/test_coverage_boost_simple.py::TestPerformanceCache::test_performance_cache_imports PASSED [ 47%]
Run Tests (3.12)	UNKNOWN STEP	2025-08-21T04:35:25.8854954Z tests/unit/test_coverage_boost_simple.py::TestPerformanceCache::test_analysis_cache_decorator_imports PASSED [ 47%]
Run Tests (3.12)	UNKNOWN STEP	2025-08-21T04:35:25.8865141Z tests/unit/test_coverage_boost_simple.py::TestPerformanceCache::test_cache_manager_imports PASSED [ 48%]
Run Tests (3.12)	UNKNOWN STEP	2025-08-21T04:35:25.8875494Z tests/unit/test_coverage_boost_simple.py::TestPerformanceCache::test_performance_cache_initialization PASSED [ 48%]
Run Tests (3.12)	UNKNOWN STEP	2025-08-21T04:35:25.8885353Z tests/unit/test_coverage_boost_simple.py::TestPerformanceCache::test_cache_manager_initialization PASSED [ 48%]
Run Tests (3.12)	UNKNOWN STEP	2025-08-21T04:35:25.8895624Z tests/unit/test_coverage_boost_simple.py::TestObservability::test_observability_imports PASSED [ 49%]
Run Tests (3.12)	UNKNOWN STEP	2025-08-21T04:35:25.8905135Z tests/unit/test_coverage_boost_simple.py::TestObservability::test_performance_monitor_imports PASSED [ 49%]
Run Tests (3.12)	UNKNOWN STEP	2025-08-21T04:35:25.8914890Z tests/unit/test_coverage_boost_simple.py::TestObservability::test_metrics_collector_initialization PASSED [ 49%]
Run Tests (3.12)	UNKNOWN STEP	2025-08-21T04:35:25.8924495Z tests/unit/test_coverage_boost_simple.py::TestObservability::test_performance_monitor_initialization PASSED [ 49%]
Run Tests (3.12)	UNKNOWN STEP	2025-08-21T04:35:25.8934289Z tests/unit/test_coverage_boost_simple.py::TestParallelProcessor::test_parallel_processor_imports PASSED [ 50%]
Run Tests (3.12)	UNKNOWN STEP	2025-08-21T04:35:25.8943809Z tests/unit/test_coverage_boost_simple.py::TestParallelProcessor::test_task_queue_imports PASSED [ 50%]
Run Tests (3.12)	UNKNOWN STEP	2025-08-21T04:35:25.8955217Z tests/unit/test_coverage_boost_simple.py::TestParallelProcessor::test_parallel_processor_initialization PASSED [ 50%]
Run Tests (3.12)	UNKNOWN STEP	2025-08-21T04:35:25.8967966Z tests/unit/test_coverage_boost_simple.py::TestParallelProcessor::test_task_queue_initialization PASSED [ 50%]
Run Tests (3.12)	UNKNOWN STEP	2025-08-21T04:35:25.9011387Z tests/unit/test_coverage_boosters.py::TestCoverageBooster::test_chord_analysis_basic_execution_paths PASSED [ 51%]
Run Tests (3.12)	UNKNOWN STEP	2025-08-21T04:35:25.9043948Z tests/unit/test_coverage_boosters.py::TestCoverageBooster::test_counterpoint_basic_execution_paths PASSED [ 51%]
Run Tests (3.12)	UNKNOWN STEP	2025-08-21T04:35:26.7502415Z tests/unit/test_coverage_boosters.py::TestCoverageBooster::test_harmonization_basic_execution_paths PASSED [ 51%]
Run Tests (3.12)	UNKNOWN STEP	2025-08-21T04:35:26.7533431Z tests/unit/test_coverage_boosters.py::TestCoverageBooster::test_style_imitation_basic_execution_paths PASSED [ 52%]
Run Tests (3.12)	UNKNOWN STEP	2025-08-21T04:35:26.7548454Z tests/unit/test_coverage_boosters.py::TestCoverageBooster::test_import_tool_edge_cases PASSED [ 52%]
Run Tests (3.12)	UNKNOWN STEP	2025-08-21T04:35:26.7614419Z tests/unit/test_coverage_boosters.py::TestCoverageBooster::test_pattern_recognition_edge_cases PASSED [ 52%]
Run Tests (3.12)	UNKNOWN STEP	2025-08-21T04:35:26.7626668Z tests/unit/test_coverage_boosters.py::TestCoverageBooster::test_error_handling_coverage PASSED [ 52%]
Run Tests (3.12)	UNKNOWN STEP	2025-08-21T04:35:26.7637392Z tests/unit/test_delete_tool.py::TestDeleteScoreTool::test_tool_initialization PASSED [ 53%]
Run Tests (3.12)	UNKNOWN STEP	2025-08-21T04:35:26.7859616Z tests/unit/test_delete_tool.py::TestDeleteScoreTool::test_delete_existing_score PASSED [ 53%]
Run Tests (3.12)	UNKNOWN STEP	2025-08-21T04:35:26.7876043Z tests/unit/test_delete_tool.py::TestDeleteScoreTool::test_delete_nonexistent_score PASSED [ 53%]
Run Tests (3.12)	UNKNOWN STEP	2025-08-21T04:35:26.8086472Z tests/unit/test_delete_tool.py::TestDeleteScoreTool::test_delete_all_scores PASSED [ 53%]
Run Tests (3.12)	UNKNOWN STEP	2025-08-21T04:35:26.8288953Z tests/unit/test_delete_tool.py::TestDeleteScoreTool::test_delete_score_case_sensitive PASSED [ 54%]
Run Tests (3.12)	UNKNOWN STEP	2025-08-21T04:35:26.8304824Z tests/unit/test_delete_tool.py::TestDeleteScoreTool::test_delete_score_empty_id PASSED [ 54%]
Run Tests (3.12)	UNKNOWN STEP	2025-08-21T04:35:26.8498980Z tests/unit/test_delete_tool.py::TestDeleteScoreTool::test_delete_score_maintains_other_scores PASSED [ 54%]
Run Tests (3.12)	UNKNOWN STEP	2025-08-21T04:35:26.8510691Z tests/unit/test_export_tool.py::TestExportScoreTool::test_tool_initialization PASSED [ 54%]
Run Tests (3.12)	UNKNOWN STEP	2025-08-21T04:35:27.0301212Z tests/unit/test_export_tool.py::TestExportScoreTool::test_export_to_musicxml PASSED [ 55%]
Run Tests (3.12)	UNKNOWN STEP	2025-08-21T04:35:27.2425801Z tests/unit/test_export_tool.py::TestExportScoreTool::test_export_to_midi PASSED [ 55%]
Run Tests (3.12)	UNKNOWN STEP	2025-08-21T04:35:27.2634801Z tests/unit/test_export_tool.py::TestExportScoreTool::test_export_to_pdf PASSED [ 55%]
Run Tests (3.12)	UNKNOWN STEP	2025-08-21T04:35:27.2650893Z tests/unit/test_export_tool.py::TestExportScoreTool::test_export_nonexistent_score PASSED [ 56%]
Run Tests (3.12)	UNKNOWN STEP	2025-08-21T04:35:27.2847031Z tests/unit/test_export_tool.py::TestExportScoreTool::test_export_invalid_format PASSED [ 56%]
Run Tests (3.12)	UNKNOWN STEP	2025-08-21T04:35:27.3044029Z tests/unit/test_export_tool.py::TestExportScoreTool::test_export_to_invalid_path PASSED [ 56%]
Run Tests (3.12)	UNKNOWN STEP	2025-08-21T04:35:27.5756199Z tests/unit/test_export_tool.py::TestExportScoreTool::test_export_all_supported_formats PASSED [ 56%]
Run Tests (3.12)	UNKNOWN STEP	2025-08-21T04:35:28.4236101Z tests/unit/test_harmonization_tool.py::TestHarmonizationToolInitialization::test_harmonization_tool_initialization PASSED [ 57%]
Run Tests (3.12)	UNKNOWN STEP	2025-08-21T04:35:29.3733488Z tests/unit/test_harmonization_tool.py::TestInputValidation::test_validate_inputs_missing_score PASSED [ 57%]
Run Tests (3.12)	UNKNOWN STEP	2025-08-21T04:35:30.2120561Z tests/unit/test_harmonization_tool.py::TestInputValidation::test_validate_inputs_invalid_style PASSED [ 57%]
Run Tests (3.12)	UNKNOWN STEP	2025-08-21T04:35:31.0549634Z tests/unit/test_harmonization_tool.py::TestInputValidation::test_validate_inputs_invalid_voice_parts PASSED [ 57%]
Run Tests (3.12)	UNKNOWN STEP	2025-08-21T04:35:31.9010354Z tests/unit/test_harmonization_tool.py::TestInputValidation::test_validate_inputs_duplicate_output_id PASSED [ 58%]
Run Tests (3.12)	UNKNOWN STEP	2025-08-21T04:35:32.7528801Z tests/unit/test_harmonization_tool.py::TestInputValidation::test_validate_inputs_valid_parameters PASSED [ 58%]
Run Tests (3.12)	UNKNOWN STEP	2025-08-21T04:35:33.6021198Z tests/unit/test_harmonization_tool.py::TestMelodyExtraction::test_extract_melody_from_single_part PASSED [ 58%]
Run Tests (3.12)	UNKNOWN STEP	2025-08-21T04:35:34.4554470Z tests/unit/test_harmonization_tool.py::TestMelodyExtraction::test_extract_melody_from_multipart_score PASSED [ 59%]
Run Tests (3.12)	UNKNOWN STEP	2025-08-21T04:35:35.4099964Z tests/unit/test_harmonization_tool.py::TestMelodyExtraction::test_extract_melody_empty_score PASSED [ 59%]
Run Tests (3.12)	UNKNOWN STEP	2025-08-21T04:35:36.2704287Z tests/unit/test_harmonization_tool.py::TestMelodyExtraction::test_analyze_melody_success PASSED [ 59%]
Run Tests (3.12)	UNKNOWN STEP	2025-08-21T04:35:37.1124780Z tests/unit/test_harmonization_tool.py::TestMelodyExtraction::test_analyze_melody_empty PASSED [ 59%]
Run Tests (3.12)	UNKNOWN STEP	2025-08-21T04:35:37.9517643Z tests/unit/test_harmonization_tool.py::TestMelodyExtraction::test_analyze_contour PASSED [ 60%]
Run Tests (3.12)	UNKNOWN STEP	2025-08-21T04:35:38.7936466Z tests/unit/test_harmonization_tool.py::TestMelodyExtraction::test_get_implied_harmony PASSED [ 60%]
Run Tests (3.12)	UNKNOWN STEP	2025-08-21T04:35:39.6446192Z tests/unit/test_harmonization_tool.py::TestClassicalHarmonization::test_harmonize_classical_success PASSED [ 60%]
Run Tests (3.12)	UNKNOWN STEP	2025-08-21T04:35:40.4969067Z tests/unit/test_harmonization_tool.py::TestClassicalHarmonization::test_harmonize_classical_with_constraints PASSED [ 60%]
Run Tests (3.12)	UNKNOWN STEP	2025-08-21T04:35:41.4432570Z tests/unit/test_harmonization_tool.py::TestClassicalHarmonization::test_harmonize_classical_voice_parts_3 PASSED [ 61%]
Run Tests (3.12)	UNKNOWN STEP	2025-08-21T04:35:42.2888428Z tests/unit/test_harmonization_tool.py::TestClassicalHarmonization::test_harmonize_classical_voice_parts_2 PASSED [ 61%]
Run Tests (3.12)	UNKNOWN STEP	2025-08-21T04:35:43.1363718Z tests/unit/test_harmonization_tool.py::TestClassicalHarmonization::test_generate_progression_classical PASSED [ 61%]
Run Tests (3.12)	UNKNOWN STEP	2025-08-21T04:35:43.9834964Z tests/unit/test_harmonization_tool.py::TestClassicalHarmonization::test_is_chord_compatible PASSED [ 61%]
Run Tests (3.12)	UNKNOWN STEP	2025-08-21T04:35:44.8294010Z tests/unit/test_harmonization_tool.py::TestClassicalHarmonization::test_realize_chord_classical PASSED [ 62%]
Run Tests (3.12)	UNKNOWN STEP	2025-08-21T04:35:45.6773475Z tests/unit/test_harmonization_tool.py::TestClassicalHarmonization::test_choose_alto_note PASSED [ 62%]
Run Tests (3.12)	UNKNOWN STEP	2025-08-21T04:35:46.5215952Z tests/unit/test_harmonization_tool.py::TestClassicalHarmonization::test_choose_tenor_note PASSED [ 62%]
Run Tests (3.12)	UNKNOWN STEP	2025-08-21T04:35:47.3711931Z tests/unit/test_harmonization_tool.py::TestJazzHarmonization::test_harmonize_jazz_success PASSED [ 63%]
Run Tests (3.12)	UNKNOWN STEP	2025-08-21T04:35:48.3066571Z tests/unit/test_harmonization_tool.py::TestJazzHarmonization::test_generate_progression_jazz PASSED [ 63%]
Run Tests (3.12)	UNKNOWN STEP	2025-08-21T04:35:49.1482104Z tests/unit/test_harmonization_tool.py::TestJazzHarmonization::test_generate_progression_jazz_no_substitutions PASSED [ 63%]
Run Tests (3.12)	UNKNOWN STEP	2025-08-21T04:35:49.9949161Z tests/unit/test_harmonization_tool.py::TestJazzHarmonization::test_create_jazz_voicing_maj7 PASSED [ 63%]
Run Tests (3.12)	UNKNOWN STEP	2025-08-21T04:35:50.8434642Z tests/unit/test_harmonization_tool.py::TestJazzHarmonization::test_create_jazz_voicing_dominant7 PASSED [ 64%]
Run Tests (3.12)	UNKNOWN STEP	2025-08-21T04:35:51.7008913Z tests/unit/test_harmonization_tool.py::TestJazzHarmonization::test_create_jazz_voicing_fallback PASSED [ 64%]
Run Tests (3.12)	UNKNOWN STEP	2025-08-21T04:35:52.5592423Z tests/unit/test_harmonization_tool.py::TestPopHarmonization::test_harmonize_pop_success PASSED [ 64%]
Run Tests (3.12)	UNKNOWN STEP	2025-08-21T04:35:53.4143537Z tests/unit/test_harmonization_tool.py::TestPopHarmonization::test_generate_progression_pop PASSED [ 64%]
Run Tests (3.12)	UNKNOWN STEP	2025-08-21T04:35:54.3542087Z tests/unit/test_harmonization_tool.py::TestPopHarmonization::test_create_pop_voicing_power_chord PASSED [ 65%]
Run Tests (3.12)	UNKNOWN STEP	2025-08-21T04:35:55.1974881Z tests/unit/test_harmonization_tool.py::TestPopHarmonization::test_create_pop_voicing_triad PASSED [ 65%]
Run Tests (3.12)	UNKNOWN STEP	2025-08-21T04:35:56.0408953Z tests/unit/test_harmonization_tool.py::TestPopHarmonization::test_create_pop_voicing_fallback PASSED [ 65%]
Run Tests (3.12)	UNKNOWN STEP	2025-08-21T04:35:56.8876851Z tests/unit/test_harmonization_tool.py::TestModalHarmonization::test_harmonize_modal_success PASSED [ 66%]
Run Tests (3.12)	UNKNOWN STEP	2025-08-21T04:35:57.7291889Z tests/unit/test_harmonization_tool.py::TestModalHarmonization::test_detect_mode_mixolydian PASSED [ 66%]
Run Tests (3.12)	UNKNOWN STEP	2025-08-21T04:35:58.5739312Z tests/unit/test_harmonization_tool.py::TestModalHarmonization::test_detect_mode_dorian PASSED [ 66%]
Run Tests (3.12)	UNKNOWN STEP	2025-08-21T04:35:59.4206002Z tests/unit/test_harmonization_tool.py::TestModalHarmonization::test_detect_mode_lydian PASSED [ 66%]
Run Tests (3.12)	UNKNOWN STEP	2025-08-21T04:36:00.2643231Z tests/unit/test_harmonization_tool.py::TestModalHarmonization::test_detect_mode_default PASSED [ 67%]
Run Tests (3.12)	UNKNOWN STEP	2025-08-21T04:36:01.1994365Z tests/unit/test_harmonization_tool.py::TestModalHarmonization::test_generate_progression_modal PASSED [ 67%]
Run Tests (3.12)	UNKNOWN STEP	2025-08-21T04:36:02.0454294Z tests/unit/test_harmonization_tool.py::TestModalHarmonization::test_create_modal_voicing PASSED [ 67%]
Run Tests (3.12)	UNKNOWN STEP	2025-08-21T04:36:02.8902885Z tests/unit/test_harmonization_tool.py::TestModalHarmonization::test_create_modal_voicing_fallback PASSED [ 67%]
Run Tests (3.12)	UNKNOWN STEP	2025-08-21T04:36:03.7364193Z tests/unit/test_harmonization_tool.py::TestVoiceLeadingAnalysis::test_check_voice_leading_success PASSED [ 68%]
Run Tests (3.12)	UNKNOWN STEP	2025-08-21T04:36:04.5892321Z tests/unit/test_harmonization_tool.py::TestVoiceLeadingAnalysis::test_check_voice_leading_parallel_fifths PASSED [ 68%]
Run Tests (3.12)	UNKNOWN STEP	2025-08-21T04:36:05.4402608Z tests/unit/test_harmonization_tool.py::TestVoiceLeadingAnalysis::test_check_voice_leading_parallel_octaves PASSED [ 68%]
Run Tests (3.12)	UNKNOWN STEP	2025-08-21T04:36:06.2849665Z tests/unit/test_harmonization_tool.py::TestVoiceLeadingAnalysis::test_check_voice_leading_single_part PASSED [ 69%]
Run Tests (3.12)	UNKNOWN STEP	2025-08-21T04:36:07.2327751Z tests/unit/test_harmonization_tool.py::TestVoiceLeadingAnalysis::test_check_voice_leading_pop_style_leniency PASSED [ 69%]
Run Tests (3.12)	UNKNOWN STEP	2025-08-21T04:36:08.0769838Z tests/unit/test_harmonization_tool.py::TestUtilityMethods::test_analyze_harmonic_rhythm PASSED [ 69%]
Run Tests (3.12)	UNKNOWN STEP	2025-08-21T04:36:08.9238270Z tests/unit/test_harmonization_tool.py::TestUtilityMethods::test_analyze_harmonic_rhythm_empty PASSED [ 69%]
Run Tests (3.12)	UNKNOWN STEP	2025-08-21T04:36:09.7784621Z tests/unit/test_harmonization_tool.py::TestUtilityMethods::test_generate_explanations PASSED [ 70%]
Run Tests (3.12)	UNKNOWN STEP	2025-08-21T04:36:10.6283563Z tests/unit/test_harmonization_tool.py::TestUtilityMethods::test_get_style_characteristics PASSED [ 70%]
Run Tests (3.12)	UNKNOWN STEP	2025-08-21T04:36:11.4890504Z tests/unit/test_harmonization_tool.py::TestUtilityMethods::test_contains_progression PASSED [ 70%]
Run Tests (3.12)	UNKNOWN STEP	2025-08-21T04:36:12.3631997Z tests/unit/test_harmonization_tool.py::TestIntegrationAndEndToEnd::test_execute_complete_flow_classical PASSED [ 70%]
Run Tests (3.12)	UNKNOWN STEP	2025-08-21T04:36:13.4410128Z tests/unit/test_harmonization_tool.py::TestIntegrationAndEndToEnd::test_execute_complete_flow_all_styles PASSED [ 71%]
Run Tests (3.12)	UNKNOWN STEP	2025-08-21T04:36:14.3176039Z tests/unit/test_harmonization_tool.py::TestIntegrationAndEndToEnd::test_execute_with_constraints PASSED [ 71%]
Run Tests (3.12)	UNKNOWN STEP	2025-08-21T04:36:15.1662907Z tests/unit/test_harmonization_tool.py::TestIntegrationAndEndToEnd::test_execute_empty_melody_error PASSED [ 71%]
Run Tests (3.12)	UNKNOWN STEP	2025-08-21T04:36:16.0187710Z tests/unit/test_harmonization_tool.py::TestIntegrationAndEndToEnd::test_execute_invalid_style_error PASSED [ 71%]
Run Tests (3.12)	UNKNOWN STEP	2025-08-21T04:36:16.9898024Z tests/unit/test_harmonization_tool.py::TestErrorHandlingAndEdgeCases::test_melody_analysis_error_handling PASSED [ 72%]
Run Tests (3.12)	UNKNOWN STEP	2025-08-21T04:36:17.8129245Z tests/unit/test_harmonization_tool.py::TestErrorHandlingAndEdgeCases::test_chord_realization_error_handling PASSED [ 72%]
Run Tests (3.12)	UNKNOWN STEP	2025-08-21T04:36:18.6367527Z tests/unit/test_harmonization_tool.py::TestErrorHandlingAndEdgeCases::test_voice_leading_check_error_handling PASSED [ 72%]
Run Tests (3.12)	UNKNOWN STEP	2025-08-21T04:36:19.4822406Z tests/unit/test_harmonization_tool.py::TestErrorHandlingAndEdgeCases::test_harmonization_with_no_compatible_chords PASSED [ 73%]
Run Tests (3.12)	UNKNOWN STEP	2025-08-21T04:36:19.4834406Z tests/unit/test_harmony_analysis_tool.py::TestHarmonyAnalysisTool::test_tool_initialization PASSED [ 73%]
Run Tests (3.12)	UNKNOWN STEP	2025-08-21T04:36:19.6869993Z tests/unit/test_harmony_analysis_tool.py::TestHarmonyAnalysisTool::test_harmony_analysis_success PASSED [ 73%]
Run Tests (3.12)	UNKNOWN STEP	2025-08-21T04:36:19.9729920Z tests/unit/test_harmony_analysis_tool.py::TestHarmonyAnalysisTool::test_harmony_analysis_chord_detection PASSED [ 73%]
Run Tests (3.12)	UNKNOWN STEP	2025-08-21T04:36:20.1810814Z tests/unit/test_harmony_analysis_tool.py::TestHarmonyAnalysisTool::test_harmony_analysis_roman_numerals PASSED [ 74%]
Run Tests (3.12)	UNKNOWN STEP	2025-08-21T04:36:20.3939730Z tests/unit/test_harmony_analysis_tool.py::TestHarmonyAnalysisTool::test_harmony_analysis_progressions PASSED [ 74%]
Run Tests (3.12)	UNKNOWN STEP	2025-08-21T04:36:20.3956893Z tests/unit/test_harmony_analysis_tool.py::TestHarmonyAnalysisTool::test_harmony_analysis_nonexistent_score PASSED [ 74%]
Run Tests (3.12)	UNKNOWN STEP	2025-08-21T04:36:20.5944101Z tests/unit/test_harmony_analysis_tool.py::TestHarmonyAnalysisTool::test_harmony_analysis_custom_parameters PASSED [ 74%]
Run Tests (3.12)	UNKNOWN STEP	2025-08-21T04:36:20.6184733Z tests/unit/test_harmony_analysis_tool.py::TestHarmonyAnalysisTool::test_harmony_analysis_handles_monophonic PASSED [ 75%]
Run Tests (3.12)	UNKNOWN STEP	2025-08-21T04:36:20.6203451Z tests/unit/test_harmony_analysis_tool.py::TestHarmonyAnalysisTool::test_harmony_analysis_handles_empty_score PASSED [ 75%]
Run Tests (3.12)	UNKNOWN STEP	2025-08-21T04:36:20.6214063Z tests/unit/test_import_tool.py::TestImportScoreTool::test_tool_initialization PASSED [ 75%]
Run Tests (3.12)	UNKNOWN STEP	2025-08-21T04:36:20.7671880Z tests/unit/test_import_tool.py::TestImportScoreTool::test_import_from_corpus PASSED [ 76%]
Run Tests (3.12)	UNKNOWN STEP	2025-08-21T04:36:20.7875918Z tests/unit/test_import_tool.py::TestImportScoreTool::test_import_duplicate_id PASSED [ 76%]
Run Tests (3.12)	UNKNOWN STEP	2025-08-21T04:36:20.7944109Z tests/unit/test_import_tool.py::TestImportScoreTool::test_import_invalid_source PASSED [ 76%]
Run Tests (3.12)	UNKNOWN STEP	2025-08-21T04:36:20.7960278Z tests/unit/test_import_tool.py::TestImportScoreTool::test_import_url_source PASSED [ 76%]
Run Tests (3.12)	UNKNOWN STEP	2025-08-21T04:36:20.7980499Z tests/unit/test_import_tool.py::TestImportScoreTool::test_import_file_source PASSED [ 77%]
Run Tests (3.12)	UNKNOWN STEP	2025-08-21T04:36:20.7991368Z tests/unit/test_key_analysis_tool.py::TestKeyAnalysisTool::test_tool_initialization PASSED [ 77%]
Run Tests (3.12)	UNKNOWN STEP	2025-08-21T04:36:20.8919826Z tests/unit/test_key_analysis_tool.py::TestKeyAnalysisTool::test_analyze_key_success PASSED [ 77%]
Run Tests (3.12)	UNKNOWN STEP	2025-08-21T04:36:20.8935626Z tests/unit/test_key_analysis_tool.py::TestKeyAnalysisTool::test_analyze_nonexistent_score PASSED [ 77%]
Run Tests (3.12)	UNKNOWN STEP	2025-08-21T04:36:20.9854719Z tests/unit/test_key_analysis_tool.py::TestKeyAnalysisTool::test_analyze_key_with_confidence PASSED [ 78%]
Run Tests (3.12)	UNKNOWN STEP	2025-08-21T04:36:21.0787679Z tests/unit/test_key_analysis_tool.py::TestKeyAnalysisTool::test_analyze_key_alternative_keys PASSED [ 78%]
Run Tests (3.12)	UNKNOWN STEP	2025-08-21T04:36:21.2576510Z tests/unit/test_key_analysis_tool.py::TestKeyAnalysisTool::test_analyze_key_algorithm_results PASSED [ 78%]
Run Tests (3.12)	UNKNOWN STEP	2025-08-21T04:36:21.2635363Z tests/unit/test_key_analysis_tool.py::TestKeyAnalysisTool::test_key_analysis_handles_empty_score PASSED [ 78%]
Run Tests (3.12)	UNKNOWN STEP	2025-08-21T04:36:21.2646637Z tests/unit/test_list_tool.py::TestListScoresTool::test_tool_initialization PASSED [ 79%]
Run Tests (3.12)	UNKNOWN STEP	2025-08-21T04:36:21.2662920Z tests/unit/test_list_tool.py::TestListScoresTool::test_list_empty_storage PASSED [ 79%]
Run Tests (3.12)	UNKNOWN STEP	2025-08-21T04:36:21.2919586Z tests/unit/test_list_tool.py::TestListScoresTool::test_list_populated_storage PASSED [ 79%]
Run Tests (3.12)	UNKNOWN STEP	2025-08-21T04:36:21.3197405Z tests/unit/test_list_tool.py::TestListScoresTool::test_list_with_multiple_scores PASSED [ 80%]
Run Tests (3.12)	UNKNOWN STEP	2025-08-21T04:36:21.3449590Z tests/unit/test_list_tool.py::TestListScoresTool::test_list_score_metadata PASSED [ 80%]
Run Tests (3.12)	UNKNOWN STEP	2025-08-21T04:36:21.3469000Z tests/unit/test_list_tool.py::TestListScoresTool::test_list_handles_invalid_scores PASSED [ 80%]
Run Tests (3.12)	UNKNOWN STEP	2025-08-21T04:36:21.3480709Z tests/unit/test_pattern_recognition_tool.py::TestPatternRecognitionTool::test_tool_initialization PASSED [ 80%]
Run Tests (3.12)	UNKNOWN STEP	2025-08-21T04:36:21.6660172Z tests/unit/test_pattern_recognition_tool.py::TestPatternRecognitionTool::test_pattern_recognition_success PASSED [ 81%]
Run Tests (3.12)	UNKNOWN STEP	2025-08-21T04:36:21.9805300Z tests/unit/test_pattern_recognition_tool.py::TestPatternRecognitionTool::test_pattern_recognition_melodic_sequences PASSED [ 81%]
Run Tests (3.12)	UNKNOWN STEP	2025-08-21T04:36:22.2935253Z tests/unit/test_pattern_recognition_tool.py::TestPatternRecognitionTool::test_pattern_recognition_motifs PASSED [ 81%]
Run Tests (3.12)	UNKNOWN STEP	2025-08-21T04:36:22.2952230Z tests/unit/test_pattern_recognition_tool.py::TestPatternRecognitionTool::test_pattern_recognition_nonexistent_score PASSED [ 81%]
Run Tests (3.12)	UNKNOWN STEP	2025-08-21T04:36:22.6087610Z tests/unit/test_pattern_recognition_tool.py::TestPatternRecognitionTool::test_pattern_recognition_custom_parameters PASSED [ 82%]
Run Tests (3.12)	UNKNOWN STEP	2025-08-21T04:36:23.0407734Z tests/unit/test_pattern_recognition_tool.py::TestPatternRecognitionTool::test_pattern_recognition_rhythmic_patterns PASSED [ 82%]
Run Tests (3.12)	UNKNOWN STEP	2025-08-21T04:36:23.3544915Z tests/unit/test_pattern_recognition_tool.py::TestPatternRecognitionTool::test_pattern_recognition_harmonic_patterns PASSED [ 82%]
Run Tests (3.12)	UNKNOWN STEP	2025-08-21T04:36:23.3569798Z tests/unit/test_pattern_recognition_tool.py::TestPatternRecognitionTool::test_pattern_recognition_handles_empty_score PASSED [ 83%]
Run Tests (3.12)	UNKNOWN STEP	2025-08-21T04:36:23.3585868Z tests/unit/test_performance_optimizations.py::TestPerformanceOptimizer::test_optimizer_initialization PASSED [ 83%]
Run Tests (3.12)	UNKNOWN STEP	2025-08-21T04:36:23.3603143Z tests/unit/test_performance_optimizations.py::TestPerformanceOptimizer::test_chord_hash PASSED [ 83%]
Run Tests (3.12)	UNKNOWN STEP	2025-08-21T04:36:23.3648300Z tests/unit/test_performance_optimizations.py::TestPerformanceOptimizer::test_fast_roman_lookup PASSED [ 83%]
Run Tests (3.12)	UNKNOWN STEP	2025-08-21T04:36:23.3682668Z tests/unit/test_performance_optimizations.py::TestPerformanceOptimizer::test_cached_roman_numeral PASSED [ 84%]
Run Tests (3.12)	UNKNOWN STEP	2025-08-21T04:36:23.3762964Z tests/unit/test_performance_optimizations.py::TestPerformanceOptimizer::test_analyze_chords_parallel PASSED [ 84%]
Run Tests (3.12)	UNKNOWN STEP	2025-08-21T04:36:24.2179575Z tests/unit/test_performance_optimizations.py::TestPerformanceOptimizer::test_warm_cache PASSED [ 84%]
Run Tests (3.12)	UNKNOWN STEP	2025-08-21T04:36:24.2202166Z tests/unit/test_performance_optimizations.py::TestOptimizedChordAnalysisTool::test_analyze_chords_not_found PASSED [ 84%]
Run Tests (3.12)	UNKNOWN STEP	2025-08-21T04:36:24.2463101Z tests/unit/test_performance_optimizations.py::TestOptimizedChordAnalysisTool::test_analyze_chords_with_caching PASSED [ 85%]
Run Tests (3.12)	UNKNOWN STEP	2025-08-21T04:36:24.2483170Z tests/unit/test_performance_optimizations.py::TestOptimizedHarmonyAnalysisTool::test_analyze_harmony_not_found PASSED [ 85%]
Run Tests (3.12)	UNKNOWN STEP	2025-08-21T04:36:24.2726511Z tests/unit/test_performance_optimizations.py::TestOptimizedHarmonyAnalysisTool::test_analyze_harmony_with_cache PASSED [ 85%]
Run Tests (3.12)	UNKNOWN STEP	2025-08-21T04:36:24.2743240Z tests/unit/test_performance_optimizations.py::TestCachedAnalysisDecorator::test_cached_decorator_basic PASSED [ 85%]
Run Tests (3.12)	UNKNOWN STEP	2025-08-21T04:36:24.2758455Z tests/unit/test_performance_optimizations.py::TestCachedAnalysisDecorator::test_cached_decorator_with_key_func PASSED [ 86%]
Run Tests (3.12)	UNKNOWN STEP	2025-08-21T04:36:25.1523929Z tests/unit/test_performance_optimizations.py::TestIntegration::test_full_optimization_workflow PASSED [ 86%]
Run Tests (3.12)	UNKNOWN STEP	2025-08-21T04:36:25.1535348Z tests/unit/test_score_info_tool.py::TestScoreInfoTool::test_tool_initialization PASSED [ 86%]
Run Tests (3.12)	UNKNOWN STEP	2025-08-21T04:36:25.1911220Z tests/unit/test_score_info_tool.py::TestScoreInfoTool::test_get_score_info_success PASSED [ 87%]
Run Tests (3.12)	UNKNOWN STEP	2025-08-21T04:36:25.1927561Z tests/unit/test_score_info_tool.py::TestScoreInfoTool::test_get_score_info_nonexistent PASSED [ 87%]
Run Tests (3.12)	UNKNOWN STEP	2025-08-21T04:36:25.2323811Z tests/unit/test_score_info_tool.py::TestScoreInfoTool::test_score_info_structure PASSED [ 87%]
Run Tests (3.12)	UNKNOWN STEP	2025-08-21T04:36:25.2681833Z tests/unit/test_score_info_tool.py::TestScoreInfoTool::test_score_info_time_signature PASSED [ 87%]
Run Tests (3.12)	UNKNOWN STEP	2025-08-21T04:36:25.3050116Z tests/unit/test_score_info_tool.py::TestScoreInfoTool::test_score_info_key_signature PASSED [ 88%]
Run Tests (3.12)	UNKNOWN STEP	2025-08-21T04:36:25.3420642Z tests/unit/test_score_info_tool.py::TestScoreInfoTool::test_score_info_duration PASSED [ 88%]
Run Tests (3.12)	UNKNOWN STEP	2025-08-21T04:36:25.3469654Z tests/unit/test_score_info_tool.py::TestScoreInfoTool::test_score_info_handles_complex_score PASSED [ 88%]
Run Tests (3.12)	UNKNOWN STEP	2025-08-21T04:36:25.3493285Z tests/unit/test_score_info_tool.py::TestScoreInfoTool::test_score_info_handles_empty_score PASSED [ 88%]
Run Tests (3.12)	UNKNOWN STEP	2025-08-21T04:36:25.3504313Z tests/unit/test_style_imitation_tool.py::TestStyleImitationTool::test_tool_initialization PASSED [ 89%]
Run Tests (3.12)	UNKNOWN STEP	2025-08-21T04:36:25.7754847Z tests/unit/test_style_imitation_tool.py::TestStyleImitationTool::test_style_imitation_success PASSED [ 89%]
Run Tests (3.12)	UNKNOWN STEP	2025-08-21T04:36:25.7773538Z tests/unit/test_style_imitation_tool.py::TestStyleImitationTool::test_style_imitation_nonexistent_score PASSED [ 89%]
Run Tests (3.12)	UNKNOWN STEP	2025-08-21T04:36:25.7987994Z tests/unit/test_style_imitation_tool.py::TestStyleImitationTool::test_style_imitation_different_styles PASSED [ 90%]
Run Tests (3.12)	UNKNOWN STEP	2025-08-21T04:36:27.2934273Z tests/unit/test_style_imitation_tool.py::TestStyleImitationTool::test_style_imitation_length_parameter PASSED [ 90%]
Run Tests (3.12)	UNKNOWN STEP	2025-08-21T04:36:27.5904266Z tests/unit/test_style_imitation_tool.py::TestStyleImitationTool::test_style_imitation_analysis_info PASSED [ 90%]
Run Tests (3.12)	UNKNOWN STEP	2025-08-21T04:36:27.8842448Z tests/unit/test_style_imitation_tool.py::TestStyleImitationTool::test_style_imitation_duplicate_output_id PASSED [ 90%]
Run Tests (3.12)	UNKNOWN STEP	2025-08-21T04:36:28.2787217Z tests/unit/test_style_imitation_tool.py::TestStyleImitationTool::test_style_imitation_custom_parameters PASSED [ 91%]
Run Tests (3.12)	UNKNOWN STEP	2025-08-21T04:36:28.2805876Z tests/unit/test_style_imitation_tool.py::TestStyleImitationTool::test_style_imitation_minimal_input PASSED [ 91%]
Run Tests (3.12)	UNKNOWN STEP	2025-08-21T04:36:28.4026786Z tests/unit/test_style_imitation_tool.py::TestStyleImitationTool::test_style_imitation_invalid_length PASSED [ 91%]
Run Tests (3.12)	UNKNOWN STEP	2025-08-21T04:36:28.4628927Z tests/unit/test_style_imitation_tool.py::TestStyleImitationTool::test_style_imitation_auto_detect_style PASSED [ 91%]
Run Tests (3.12)	UNKNOWN STEP	2025-08-21T04:36:28.4953069Z tests/unit/test_tools_unit.py::TestImportScoreTool::test_import_corpus_score PASSED [ 92%]
Run Tests (3.12)	UNKNOWN STEP	2025-08-21T04:36:28.5177635Z tests/unit/test_tools_unit.py::TestImportScoreTool::test_import_text_score PASSED [ 92%]
Run Tests (3.12)	UNKNOWN STEP	2025-08-21T04:36:28.5205031Z tests/unit/test_tools_unit.py::TestImportScoreTool::test_import_file_not_found PASSED [ 92%]
Run Tests (3.12)	UNKNOWN STEP	2025-08-21T04:36:28.5227942Z tests/unit/test_tools_unit.py::TestListScoresTool::test_list_empty_scores PASSED [ 92%]
Run Tests (3.12)	UNKNOWN STEP	2025-08-21T04:36:28.5272487Z tests/unit/test_tools_unit.py::TestListScoresTool::test_list_multiple_scores PASSED [ 93%]
Run Tests (3.12)	UNKNOWN STEP	2025-08-21T04:36:28.5496356Z tests/unit/test_tools_unit.py::TestKeyAnalysisTool::test_analyze_key_krumhansl PASSED [ 93%]
Run Tests (3.12)	UNKNOWN STEP	2025-08-21T04:36:28.5518021Z tests/unit/test_tools_unit.py::TestKeyAnalysisTool::test_analyze_key_score_not_found PASSED [ 93%]
Run Tests (3.12)	UNKNOWN STEP	2025-08-21T04:36:28.5805285Z tests/unit/test_tools_unit.py::TestChordAnalysisTool::test_analyze_chords PASSED [ 94%]
Run Tests (3.12)	UNKNOWN STEP	2025-08-21T04:36:28.5864632Z tests/unit/test_tools_unit.py::TestScoreInfoTool::test_get_score_info PASSED [ 94%]
Run Tests (3.12)	UNKNOWN STEP	2025-08-21T04:36:28.6344900Z tests/unit/test_tools_unit.py::TestExportScoreTool::test_export_musicxml PASSED [ 94%]
Run Tests (3.12)	UNKNOWN STEP	2025-08-21T04:36:28.6480171Z tests/unit/test_tools_unit.py::TestExportScoreTool::test_export_midi PASSED [ 94%]
Run Tests (3.12)	UNKNOWN STEP	2025-08-21T04:36:28.6513192Z tests/unit/test_tools_unit.py::TestDeleteScoreTool::test_delete_existing_score PASSED [ 95%]
Run Tests (3.12)	UNKNOWN STEP	2025-08-21T04:36:28.6535843Z tests/unit/test_tools_unit.py::TestDeleteScoreTool::test_delete_nonexistent_score PASSED [ 95%]
Run Tests (3.12)	UNKNOWN STEP	2025-08-21T04:36:28.7064010Z tests/unit/test_tools_unit.py::TestHarmonyAnalysisTool::test_analyze_harmony PASSED [ 95%]
Run Tests (3.12)	UNKNOWN STEP	2025-08-21T04:36:28.7110312Z tests/unit/test_tools_unit.py::TestVoiceLeadingAnalysisTool::test_analyze_voice_leading PASSED [ 95%]
Run Tests (3.12)	UNKNOWN STEP	2025-08-21T04:36:28.7717295Z tests/unit/test_tools_unit.py::TestPatternRecognitionTool::test_recognize_patterns PASSED [ 96%]
Run Tests (3.12)	UNKNOWN STEP	2025-08-21T04:36:29.6337342Z tests/unit/test_tools_unit.py::TestHarmonizationTool::test_harmonize_melody PASSED [ 96%]
Run Tests (3.12)	UNKNOWN STEP	2025-08-21T04:36:29.6817298Z tests/unit/test_tools_unit.py::TestCounterpointGeneratorTool::test_generate_counterpoint PASSED [ 96%]
Run Tests (3.12)	UNKNOWN STEP	2025-08-21T04:36:29.7324711Z tests/unit/test_tools_unit.py::TestStyleImitationTool::test_imitate_style PASSED [ 97%]
Run Tests (3.12)	UNKNOWN STEP	2025-08-21T04:36:29.9931172Z tests/unit/test_tools_unit.py::TestToolIntegration::test_import_analyze_export_workflow PASSED [ 97%]
Run Tests (3.12)	UNKNOWN STEP	2025-08-21T04:36:29.9941849Z tests/unit/test_voice_leading_tool.py::TestVoiceLeadingAnalysisTool::test_tool_initialization PASSED [ 97%]
Run Tests (3.12)	UNKNOWN STEP	2025-08-21T04:36:30.0316750Z tests/unit/test_voice_leading_tool.py::TestVoiceLeadingAnalysisTool::test_voice_leading_analysis_success PASSED [ 97%]
Run Tests (3.12)	UNKNOWN STEP	2025-08-21T04:36:30.0332057Z tests/unit/test_voice_leading_tool.py::TestVoiceLeadingAnalysisTool::test_voice_leading_nonexistent_score PASSED [ 98%]
Run Tests (3.12)	UNKNOWN STEP	2025-08-21T04:36:30.0723289Z tests/unit/test_voice_leading_tool.py::TestVoiceLeadingAnalysisTool::test_voice_leading_smoothness PASSED [ 98%]
Run Tests (3.12)	UNKNOWN STEP	2025-08-21T04:36:30.1107410Z tests/unit/test_voice_leading_tool.py::TestVoiceLeadingAnalysisTool::test_voice_leading_parallel_detection PASSED [ 98%]
Run Tests (3.12)	UNKNOWN STEP	2025-08-21T04:36:30.1493919Z tests/unit/test_voice_leading_tool.py::TestVoiceLeadingAnalysisTool::test_voice_leading_crossing_detection PASSED [ 98%]
Run Tests (3.12)	UNKNOWN STEP	2025-08-21T04:36:30.1878685Z tests/unit/test_voice_leading_tool.py::TestVoiceLeadingAnalysisTool::test_voice_leading_overall_score PASSED [ 99%]
Run Tests (3.12)	UNKNOWN STEP	2025-08-21T04:36:30.2263693Z tests/unit/test_voice_leading_tool.py::TestVoiceLeadingAnalysisTool::test_voice_leading_basic_parameters PASSED [ 99%]
Run Tests (3.12)	UNKNOWN STEP	2025-08-21T04:36:30.2286853Z tests/unit/test_voice_leading_tool.py::TestVoiceLeadingAnalysisTool::test_voice_leading_monophonic PASSED [ 99%]
Run Tests (3.12)	UNKNOWN STEP	2025-08-21T04:36:34.2218504Z tests/unit/test_voice_leading_tool.py::TestVoiceLeadingAnalysisTool::test_voice_leading_satb PASSED [100%]
Run Tests (3.12)	UNKNOWN STEP	2025-08-21T04:36:34.2219950Z ERROR: Coverage failure: total of 61.22 is less than fail-under=76.00
Run Tests (3.12)	UNKNOWN STEP	2025-08-21T04:36:34.2220397Z 
Run Tests (3.12)	UNKNOWN STEP	2025-08-21T04:36:34.2220404Z 
Run Tests (3.12)	UNKNOWN STEP	2025-08-21T04:36:34.2220604Z =============================== warnings summary ===============================
Run Tests (3.12)	UNKNOWN STEP	2025-08-21T04:36:34.2221122Z tests/adapters/test_mcp_adapter_minimal.py:188
Run Tests (3.12)	UNKNOWN STEP	2025-08-21T04:36:34.2223025Z   /home/runner/work/music21-mcp-server/music21-mcp-server/tests/adapters/test_mcp_adapter_minimal.py:188: PytestUnknownMarkWarning: Unknown pytest.mark.slow - is this a typo?  You can register custom marks to avoid this warning - for details, see https://docs.pytest.org/en/stable/how-to/mark.html
Run Tests (3.12)	UNKNOWN STEP	2025-08-21T04:36:34.2224765Z     @pytest.mark.slow
Run Tests (3.12)	UNKNOWN STEP	2025-08-21T04:36:34.2224952Z 
Run Tests (3.12)	UNKNOWN STEP	2025-08-21T04:36:34.2225131Z tests/integration/test_production_failures.py:637
Run Tests (3.12)	UNKNOWN STEP	2025-08-21T04:36:34.2226874Z   /home/runner/work/music21-mcp-server/music21-mcp-server/tests/integration/test_production_failures.py:637: PytestUnknownMarkWarning: Unknown pytest.mark.slow - is this a typo?  You can register custom marks to avoid this warning - for details, see https://docs.pytest.org/en/stable/how-to/mark.html
Run Tests (3.12)	UNKNOWN STEP	2025-08-21T04:36:34.2228543Z     @pytest.mark.slow
Run Tests (3.12)	UNKNOWN STEP	2025-08-21T04:36:34.2228726Z 
Run Tests (3.12)	UNKNOWN STEP	2025-08-21T04:36:34.2228905Z tests/integration/test_production_failures.py:638
Run Tests (3.12)	UNKNOWN STEP	2025-08-21T04:36:34.2230746Z   /home/runner/work/music21-mcp-server/music21-mcp-server/tests/integration/test_production_failures.py:638: PytestUnknownMarkWarning: Unknown pytest.mark.timeout - is this a typo?  You can register custom marks to avoid this warning - for details, see https://docs.pytest.org/en/stable/how-to/mark.html
Run Tests (3.12)	UNKNOWN STEP	2025-08-21T04:36:34.2232366Z     @pytest.mark.timeout(180)
Run Tests (3.12)	UNKNOWN STEP	2025-08-21T04:36:34.2232575Z 
Run Tests (3.12)	UNKNOWN STEP	2025-08-21T04:36:34.2232736Z tests/integration/test_production_failures.py:767
Run Tests (3.12)	UNKNOWN STEP	2025-08-21T04:36:34.2234421Z   /home/runner/work/music21-mcp-server/music21-mcp-server/tests/integration/test_production_failures.py:767: PytestUnknownMarkWarning: Unknown pytest.mark.slow - is this a typo?  You can register custom marks to avoid this warning - for details, see https://docs.pytest.org/en/stable/how-to/mark.html
Run Tests (3.12)	UNKNOWN STEP	2025-08-21T04:36:34.2236029Z     @pytest.mark.slow
Run Tests (3.12)	UNKNOWN STEP	2025-08-21T04:36:34.2236194Z 
Run Tests (3.12)	UNKNOWN STEP	2025-08-21T04:36:34.2236353Z tests/integration/test_production_failures.py:768
Run Tests (3.12)	UNKNOWN STEP	2025-08-21T04:36:34.2238026Z   /home/runner/work/music21-mcp-server/music21-mcp-server/tests/integration/test_production_failures.py:768: PytestUnknownMarkWarning: Unknown pytest.mark.timeout - is this a typo?  You can register custom marks to avoid this warning - for details, see https://docs.pytest.org/en/stable/how-to/mark.html
Run Tests (3.12)	UNKNOWN STEP	2025-08-21T04:36:34.2239821Z     @pytest.mark.timeout(300)
Run Tests (3.12)	UNKNOWN STEP	2025-08-21T04:36:34.2240031Z 
Run Tests (3.12)	UNKNOWN STEP	2025-08-21T04:36:34.2240171Z tests/unit/test_tools_unit.py:421
Run Tests (3.12)	UNKNOWN STEP	2025-08-21T04:36:34.2241682Z   /home/runner/work/music21-mcp-server/music21-mcp-server/tests/unit/test_tools_unit.py:421: PytestUnknownMarkWarning: Unknown pytest.mark.integration - is this a typo?  You can register custom marks to avoid this warning - for details, see https://docs.pytest.org/en/stable/how-to/mark.html
Run Tests (3.12)	UNKNOWN STEP	2025-08-21T04:36:34.2243213Z     @pytest.mark.integration
Run Tests (3.12)	UNKNOWN STEP	2025-08-21T04:36:34.2243427Z 
Run Tests (3.12)	UNKNOWN STEP	2025-08-21T04:36:34.2243790Z tests/adapters/test_mcp_adapter_minimal.py::TestMCPAdapterMinimal::test_adapter_creation
Run Tests (3.12)	UNKNOWN STEP	2025-08-21T04:36:34.2244952Z   /home/runner/work/music21-mcp-server/music21-mcp-server/src/music21_mcp/parallel_processor.py:31: DeprecationWarning: There is no current event loop
Run Tests (3.12)	UNKNOWN STEP	2025-08-21T04:36:34.2245941Z     4, (asyncio.get_event_loop().is_running() and 4) or 4
Run Tests (3.12)	UNKNOWN STEP	2025-08-21T04:36:34.2246245Z 
Run Tests (3.12)	UNKNOWN STEP	2025-08-21T04:36:34.2246426Z tests/adapters/test_mcp_adapter_minimal.py: 1 warning
Run Tests (3.12)	UNKNOWN STEP	2025-08-21T04:36:34.2246929Z tests/core/test_music_analysis_service.py: 22 warnings
Run Tests (3.12)	UNKNOWN STEP	2025-08-21T04:36:34.2247387Z tests/unit/test_coverage_boost.py: 11 warnings
Run Tests (3.12)	UNKNOWN STEP	2025-08-21T04:36:34.2247835Z tests/unit/test_coverage_boost_simple.py: 1 warning
Run Tests (3.12)	UNKNOWN STEP	2025-08-21T04:36:34.2249614Z   /home/runner/work/music21-mcp-server/music21-mcp-server/.venv/lib/python3.12/site-packages/music21/stream/base.py:3675: Music21DeprecationWarning: .flat is deprecated.  Call .flatten() instead
Run Tests (3.12)	UNKNOWN STEP	2025-08-21T04:36:34.2250903Z     return self.iter().getElementsByClass(classFilterList)
Run Tests (3.12)	UNKNOWN STEP	2025-08-21T04:36:34.2251231Z 
Run Tests (3.12)	UNKNOWN STEP	2025-08-21T04:36:34.2251686Z tests/unit/test_adapter_coverage_boost.py::TestPythonAdapterCoverage::test_import_and_analyze_workflow
Run Tests (3.12)	UNKNOWN STEP	2025-08-21T04:36:34.2253082Z   /home/runner/work/music21-mcp-server/music21-mcp-server/tests/unit/test_adapter_coverage_boost.py:142: RuntimeWarning: coroutine 'PythonAdapter.import_score' was never awaited
Run Tests (3.12)	UNKNOWN STEP	2025-08-21T04:36:34.2254252Z     result = method(**kwargs)
Run Tests (3.12)	UNKNOWN STEP	2025-08-21T04:36:34.2254701Z   Enable tracemalloc to get traceback where the object was allocated.
Run Tests (3.12)	UNKNOWN STEP	2025-08-21T04:36:34.2255511Z   See https://docs.pytest.org/en/stable/how-to/capture-warnings.html#resource-warnings for more info.
Run Tests (3.12)	UNKNOWN STEP	2025-08-21T04:36:34.2256074Z 
Run Tests (3.12)	UNKNOWN STEP	2025-08-21T04:36:34.2256516Z tests/unit/test_adapter_coverage_boost.py::TestPythonAdapterCoverage::test_import_and_analyze_workflow
Run Tests (3.12)	UNKNOWN STEP	2025-08-21T04:36:34.2257862Z   /home/runner/work/music21-mcp-server/music21-mcp-server/tests/unit/test_adapter_coverage_boost.py:143: RuntimeWarning: coroutine 'PythonAdapter.analyze_key' was never awaited
Run Tests (3.12)	UNKNOWN STEP	2025-08-21T04:36:34.2258940Z     assert isinstance(result, dict)
Run Tests (3.12)	UNKNOWN STEP	2025-08-21T04:36:34.2259596Z   Enable tracemalloc to get traceback where the object was allocated.
Run Tests (3.12)	UNKNOWN STEP	2025-08-21T04:36:34.2260409Z   See https://docs.pytest.org/en/stable/how-to/capture-warnings.html#resource-warnings for more info.
Run Tests (3.12)	UNKNOWN STEP	2025-08-21T04:36:34.2260959Z 
Run Tests (3.12)	UNKNOWN STEP	2025-08-21T04:36:34.2261403Z tests/unit/test_adapter_coverage_boost.py::TestPythonAdapterCoverage::test_import_and_analyze_workflow
Run Tests (3.12)	UNKNOWN STEP	2025-08-21T04:36:34.2262787Z   /home/runner/work/music21-mcp-server/music21-mcp-server/tests/unit/test_adapter_coverage_boost.py:143: RuntimeWarning: coroutine 'PythonAdapter.analyze_harmony' was never awaited
Run Tests (3.12)	UNKNOWN STEP	2025-08-21T04:36:34.2263879Z     assert isinstance(result, dict)
Run Tests (3.12)	UNKNOWN STEP	2025-08-21T04:36:34.2264354Z   Enable tracemalloc to get traceback where the object was allocated.
Run Tests (3.12)	UNKNOWN STEP	2025-08-21T04:36:34.2265112Z   See https://docs.pytest.org/en/stable/how-to/capture-warnings.html#resource-warnings for more info.
Run Tests (3.12)	UNKNOWN STEP	2025-08-21T04:36:34.2265636Z 
Run Tests (3.12)	UNKNOWN STEP	2025-08-21T04:36:34.2266064Z tests/unit/test_adapter_coverage_boost.py::TestPythonAdapterCoverage::test_import_and_analyze_workflow
Run Tests (3.12)	UNKNOWN STEP	2025-08-21T04:36:34.2267414Z   /home/runner/work/music21-mcp-server/music21-mcp-server/tests/unit/test_adapter_coverage_boost.py:143: RuntimeWarning: coroutine 'PythonAdapter.analyze_voice_leading' was never awaited
Run Tests (3.12)	UNKNOWN STEP	2025-08-21T04:36:34.2268522Z     assert isinstance(result, dict)
Run Tests (3.12)	UNKNOWN STEP	2025-08-21T04:36:34.2268971Z   Enable tracemalloc to get traceback where the object was allocated.
Run Tests (3.12)	UNKNOWN STEP	2025-08-21T04:36:34.2269852Z   See https://docs.pytest.org/en/stable/how-to/capture-warnings.html#resource-warnings for more info.
Run Tests (3.12)	UNKNOWN STEP	2025-08-21T04:36:34.2270361Z 
Run Tests (3.12)	UNKNOWN STEP	2025-08-21T04:36:34.2270798Z tests/unit/test_adapter_coverage_boost.py::TestPythonAdapterCoverage::test_import_and_analyze_workflow
Run Tests (3.12)	UNKNOWN STEP	2025-08-21T04:36:34.2272159Z   /home/runner/work/music21-mcp-server/music21-mcp-server/tests/unit/test_adapter_coverage_boost.py:143: RuntimeWarning: coroutine 'PythonAdapter.get_score_info' was never awaited
Run Tests (3.12)	UNKNOWN STEP	2025-08-21T04:36:34.2273199Z     assert isinstance(result, dict)
Run Tests (3.12)	UNKNOWN STEP	2025-08-21T04:36:34.2273651Z   Enable tracemalloc to get traceback where the object was allocated.
Run Tests (3.12)	UNKNOWN STEP	2025-08-21T04:36:34.2274418Z   See https://docs.pytest.org/en/stable/how-to/capture-warnings.html#resource-warnings for more info.
Run Tests (3.12)	UNKNOWN STEP	2025-08-21T04:36:34.2274951Z 
Run Tests (3.12)	UNKNOWN STEP	2025-08-21T04:36:34.2275376Z tests/unit/test_adapter_coverage_boost.py::TestPythonAdapterCoverage::test_import_and_analyze_workflow
Run Tests (3.12)	UNKNOWN STEP	2025-08-21T04:36:34.2276801Z   /home/runner/work/music21-mcp-server/music21-mcp-server/.venv/lib/python3.12/site-packages/_pytest/python.py:157: RuntimeWarning: coroutine 'PythonAdapter.recognize_patterns' was never awaited
Run Tests (3.12)	UNKNOWN STEP	2025-08-21T04:36:34.2277948Z     result = testfunction(**testargs)
Run Tests (3.12)	UNKNOWN STEP	2025-08-21T04:36:34.2278793Z   Enable tracemalloc to get traceback where the object was allocated.
Run Tests (3.12)	UNKNOWN STEP	2025-08-21T04:36:34.2279736Z   See https://docs.pytest.org/en/stable/how-to/capture-warnings.html#resource-warnings for more info.
Run Tests (3.12)	UNKNOWN STEP	2025-08-21T04:36:34.2280293Z 
Run Tests (3.12)	UNKNOWN STEP	2025-08-21T04:36:34.2280712Z tests/unit/test_adapter_coverage_boost.py::TestPythonAdapterCoverage::test_export_and_delete_methods
Run Tests (3.12)	UNKNOWN STEP	2025-08-21T04:36:34.2282054Z   /home/runner/work/music21-mcp-server/music21-mcp-server/tests/unit/test_adapter_coverage_boost.py:183: RuntimeWarning: coroutine 'PythonAdapter.export_score' was never awaited
Run Tests (3.12)	UNKNOWN STEP	2025-08-21T04:36:34.2283089Z     assert isinstance(result, dict)
Run Tests (3.12)	UNKNOWN STEP	2025-08-21T04:36:34.2283542Z   Enable tracemalloc to get traceback where the object was allocated.
Run Tests (3.12)	UNKNOWN STEP	2025-08-21T04:36:34.2284300Z   See https://docs.pytest.org/en/stable/how-to/capture-warnings.html#resource-warnings for more info.
Run Tests (3.12)	UNKNOWN STEP	2025-08-21T04:36:34.2284820Z 
Run Tests (3.12)	UNKNOWN STEP	2025-08-21T04:36:34.2285235Z tests/unit/test_adapter_coverage_boost.py::TestPythonAdapterCoverage::test_export_and_delete_methods
Run Tests (3.12)	UNKNOWN STEP	2025-08-21T04:36:34.2286626Z   /home/runner/work/music21-mcp-server/music21-mcp-server/.venv/lib/python3.12/site-packages/_pytest/python.py:157: RuntimeWarning: coroutine 'PythonAdapter.delete_score' was never awaited
Run Tests (3.12)	UNKNOWN STEP	2025-08-21T04:36:34.2287721Z     result = testfunction(**testargs)
Run Tests (3.12)	UNKNOWN STEP	2025-08-21T04:36:34.2288181Z   Enable tracemalloc to get traceback where the object was allocated.
Run Tests (3.12)	UNKNOWN STEP	2025-08-21T04:36:34.2288933Z   See https://docs.pytest.org/en/stable/how-to/capture-warnings.html#resource-warnings for more info.
Run Tests (3.12)	UNKNOWN STEP	2025-08-21T04:36:34.2289600Z 
Run Tests (3.12)	UNKNOWN STEP	2025-08-21T04:36:34.2289859Z -- Docs: https://docs.pytest.org/en/stable/how-to/capture-warnings.html
Run Tests (3.12)	UNKNOWN STEP	2025-08-21T04:36:34.2290688Z - generated xml file: /home/runner/work/music21-mcp-server/music21-mcp-server/junit/test-results-3.12.xml -
Run Tests (3.12)	UNKNOWN STEP	2025-08-21T04:36:34.2291429Z ================================ tests coverage ================================
Run Tests (3.12)	UNKNOWN STEP	2025-08-21T04:36:34.2291958Z _______________ coverage: platform linux, python 3.12.11-final-0 _______________
Run Tests (3.12)	UNKNOWN STEP	2025-08-21T04:36:34.2292345Z 
Run Tests (3.12)	UNKNOWN STEP	2025-08-21T04:36:34.2292547Z Name                                                Stmts   Miss Branch BrPart   Cover   Missing
Run Tests (3.12)	UNKNOWN STEP	2025-08-21T04:36:34.2293103Z ------------------------------------------------------------------------------------------------
Run Tests (3.12)	UNKNOWN STEP	2025-08-21T04:36:34.2294064Z src/music21_mcp/adapters/mcp_adapter.py               119     80      6      0  31.20%   46-50, 54-58, 62-66, 72-76, 80-84, 88-92, 98-102, 110-114, 120-124, 132-136, 144-148, 156-167, 179-199, 212-216, 225-226, 266-267, 282-283
Run Tests (3.12)	UNKNOWN STEP	2025-08-21T04:36:34.2295448Z src/music21_mcp/adapters/python_adapter.py             96     56      2      0  40.82%   42, 50, 61, 75, 86, 99, 110, 124, 135, 149, 159, 167, 175, 194-217, 233-260, 282, 286-294, 302, 306, 310, 314, 320, 324, 328, 334, 338, 342, 346, 350, 354, 358, 362, 370, 375
Run Tests (3.12)	UNKNOWN STEP	2025-08-21T04:36:34.2296769Z src/music21_mcp/async_executor.py                     110     33     16      3  66.67%   57->59, 87-88, 107-112, 124-125, 137-139, 188-192, 200-202, 207-209, 216, 221, 226, 248, 284-285, 291-293, 299-301
Run Tests (3.12)	UNKNOWN STEP	2025-08-21T04:36:34.2297736Z src/music21_mcp/async_optimization.py                 253    253     70      0   0.00%   16-540
Run Tests (3.12)	UNKNOWN STEP	2025-08-21T04:36:34.2298428Z src/music21_mcp/cache_warmer.py                        87     87     24      0   0.00%   8-216
Run Tests (3.12)	UNKNOWN STEP	2025-08-21T04:36:34.2299524Z src/music21_mcp/health_checks.py                      195    160     34      0  15.28%   47-52, 56, 75-86, 90-139, 153-204, 212-257, 265-325, 333-377, 385-430, 438-442, 446-459, 469-478, 492-494, 500-501, 506-507, 512-513
Run Tests (3.12)	UNKNOWN STEP	2025-08-21T04:36:34.2300499Z src/music21_mcp/memory_manager.py                     171    171     50      0   0.00%   7-301
Run Tests (3.12)	UNKNOWN STEP	2025-08-21T04:36:34.2301209Z src/music21_mcp/memory_pressure_monitor.py            251    251     72      0   0.00%   10-538
Run Tests (3.12)	UNKNOWN STEP	2025-08-21T04:36:34.2302184Z src/music21_mcp/observability.py                      216     94     34      5  52.40%   87, 91, 95, 114-115, 121-132, 138-149, 210-213, 217-220, 231-268, 272-277, 282, 302-307, 317, 332-371, 410-433, 437-486, 493
Run Tests (3.12)	UNKNOWN STEP	2025-08-21T04:36:34.2303494Z src/music21_mcp/parallel_processor.py                  50      5     16      2  89.39%   84, 110-115, 126->exit
Run Tests (3.12)	UNKNOWN STEP	2025-08-21T04:36:34.2304334Z src/music21_mcp/performance_cache.py                   89     18     12      2  80.20%   108-112, 127, 184->191, 186->191, 194-204, 224-229, 247-248
Run Tests (3.12)	UNKNOWN STEP	2025-08-21T04:36:34.2305607Z src/music21_mcp/performance_optimizations.py          303     60     78     11  78.74%   108->exit, 113, 121-146, 154-180, 292-294, 317, 334, 344->353, 346->353, 349, 351, 357-359, 374, 404-411, 449, 455-461, 499, 527-528, 567-573, 579, 585->exit, 588-589, 665-666, 692
Run Tests (3.12)	UNKNOWN STEP	2025-08-21T04:36:34.2307060Z src/music21_mcp/rate_limiter.py                       153    113     42      0  20.51%   43-44, 61-67, 80-136, 142, 156-174, 178-179, 183-193, 197-199, 213-216, 225-230, 234-240, 247-249, 254-292, 311-317, 333-377
Run Tests (3.12)	UNKNOWN STEP	2025-08-21T04:36:34.2308227Z src/music21_mcp/resource_manager.py                   179     19     40     15  83.56%   95->103, 169, 172, 190, 209, 232->247, 240-244, 262->270, 265, 273-274, 317-318, 361, 365, 371, 377, 383, 385
Run Tests (3.12)	UNKNOWN STEP	2025-08-21T04:36:34.2309135Z src/music21_mcp/retry_logic.py                        206    206     46      0   0.00%   8-459
Run Tests (3.12)	UNKNOWN STEP	2025-08-21T04:36:34.2310096Z src/music21_mcp/server_minimal.py                      85     41      2      0  50.57%   26-35, 42-44, 66, 72, 78, 84, 90, 96, 102, 108, 114, 120, 128, 136, 147, 156-157, 170-173, 188-190, 204-218
Run Tests (3.12)	UNKNOWN STEP	2025-08-21T04:36:34.2311022Z src/music21_mcp/services.py                            84     20      0      0  76.19%   103-105, 136, 164, 170, 174, 204, 210, 214, 218, 222-223, 236-237, 243, 247-251
Run Tests (3.12)	UNKNOWN STEP	2025-08-21T04:36:34.2311825Z src/music21_mcp/tools/base_tool.py                     67     14      8      2  78.67%   79-92, 112-113, 119, 194-196, 204
Run Tests (3.12)	UNKNOWN STEP	2025-08-21T04:36:34.2312721Z src/music21_mcp/tools/chord_analysis_tool.py          101     12     24      5  86.40%   56-58, 76->87, 81-82, 99, 115->121, 130->136, 132->136, 195-197, 220->218, 231-233
Run Tests (3.12)	UNKNOWN STEP	2025-08-21T04:36:34.2314086Z src/music21_mcp/tools/counterpoint_tool.py            465     44    226     26  87.55%   151, 172->177, 232, 235, 253->252, 277-288, 332, 395, 423->435, 432, 564->575, 669->675, 745, 761-767, 780-798, 893, 899, 931, 991-1003, 1029, 1085->1080, 1096->1080, 1110, 1117, 1184, 1191, 1215
Run Tests (3.12)	UNKNOWN STEP	2025-08-21T04:36:34.2315298Z src/music21_mcp/tools/delete_tool.py                   32      8     12      2  72.73%   34-48, 75
Run Tests (3.12)	UNKNOWN STEP	2025-08-21T04:36:34.2316043Z src/music21_mcp/tools/export_tool.py                   96     14     24      5  82.50%   65, 92, 108-113, 142-143, 146-148, 161, 177
Run Tests (3.12)	UNKNOWN STEP	2025-08-21T04:36:34.2317353Z src/music21_mcp/tools/harmonization_tool.py           479     27    182     23  90.92%   149, 171->176, 284, 332->331, 358->366, 370->379, 380->387, 454, 474-476, 491->496, 528, 548-558, 594->599, 643, 690-694, 723->722, 743->749, 834->843, 896, 932, 999->973, 1021, 1066->1075, 1076->1091, 1081-1088
Run Tests (3.12)	UNKNOWN STEP	2025-08-21T04:36:34.2318764Z src/music21_mcp/tools/harmony_analysis_tool.py        105     18     44      8  82.55%   42, 54, 103, 123-126, 142-145, 155-156, 186-189, 226, 243, 259
Run Tests (3.12)	UNKNOWN STEP	2025-08-21T04:36:34.2319866Z src/music21_mcp/tools/import_tool.py                  179     37     54      8  78.11%   53, 68, 80, 156, 166-192, 211-219, 243-244, 265, 270-271, 280, 310-312, 344
Run Tests (3.12)	UNKNOWN STEP	2025-08-21T04:36:34.2320755Z src/music21_mcp/tools/key_analysis_tool.py             96      7     36      5  90.91%   49, 77, 111, 137-138, 157, 207
Run Tests (3.12)	UNKNOWN STEP	2025-08-21T04:36:34.2321507Z src/music21_mcp/tools/list_tool.py                     24      1      8      2  90.62%   39->45, 42->45, 60
Run Tests (3.12)	UNKNOWN STEP	2025-08-21T04:36:34.2322848Z src/music21_mcp/tools/pattern_recognition_tool.py     442     68    234     31  82.10%   97, 139->137, 236, 244-246, 302, 364, 376->387, 412, 416, 441, 460, 462, 466, 474, 482-484, 534, 550, 602, 609->619, 611->619, 623, 647-648, 656-666, 672-680, 712-713, 723, 733-743, 762, 764, 768, 776-778, 828-844, 864, 883-885, 905, 912, 920->916
Run Tests (3.12)	UNKNOWN STEP	2025-08-21T04:36:34.2324280Z src/music21_mcp/tools/score_info_tool.py              179     13     74      8  90.91%   87->91, 91->97, 97->109, 282->289, 284->289, 315, 320-321, 328-333, 346-351
Run Tests (3.12)	UNKNOWN STEP	2025-08-21T04:36:34.2326396Z src/music21_mcp/tools/style_imitation_tool.py         455    139    218     29  65.53%   156, 165->168, 215-247, 270, 290->324, 295->292, 303-305, 308->324, 326-338, 344->356, 357->368, 375-376, 390-404, 410-418, 426->425, 447->441, 475->466, 495-497, 499->502, 546->544, 566->564, 584-585, 613-614, 615->607, 644, 730->734, 740, 742, 745-764, 775->774, 798, 801, 804, 816->813, 828, 833, 838, 851->868, 881-896, 900-914, 918-923, 927, 931-954, 960-992
Run Tests (3.12)	UNKNOWN STEP	2025-08-21T04:36:34.2330278Z src/music21_mcp/tools/voice_leading_tool.py            99     12     36      5  87.41%   40, 68, 92->91, 116-118, 154-156, 176, 195-197, 200->172
Run Tests (3.12)	UNKNOWN STEP	2025-08-21T04:36:34.2330997Z ------------------------------------------------------------------------------------------------
Run Tests (3.12)	UNKNOWN STEP	2025-08-21T04:36:34.2331500Z TOTAL                                                5466   2081   1724    197  61.22%
Run Tests (3.12)	UNKNOWN STEP	2025-08-21T04:36:34.2331908Z Coverage HTML written to dir htmlcov
Run Tests (3.12)	UNKNOWN STEP	2025-08-21T04:36:34.2332284Z Coverage XML written to file coverage.xml
Run Tests (3.12)	UNKNOWN STEP	2025-08-21T04:36:35.3137061Z FAIL Required test coverage of 76% not reached. Total coverage: 61.22%
Run Tests (3.12)	UNKNOWN STEP	2025-08-21T04:36:35.3138515Z ==== 353 passed, 18 skipped, 3 deselected, 50 warnings in 204.73s (0:03:24) ====
Run Tests (3.12)	UNKNOWN STEP	2025-08-21T04:36:36.1724399Z ##[error]Process completed with exit code 1.
Run Tests (3.12)	UNKNOWN STEP	2025-08-21T04:36:36.1800463Z ##[group]Run actions/upload-artifact@v4
Run Tests (3.12)	UNKNOWN STEP	2025-08-21T04:36:36.1800772Z with:
Run Tests (3.12)	UNKNOWN STEP	2025-08-21T04:36:36.1800981Z   name: test-results-3.12
Run Tests (3.12)	UNKNOWN STEP	2025-08-21T04:36:36.1801221Z   path: junit/
Run Tests (3.12)	UNKNOWN STEP	2025-08-21T04:36:36.1801432Z   if-no-files-found: warn
Run Tests (3.12)	UNKNOWN STEP	2025-08-21T04:36:36.1801671Z   compression-level: 6
Run Tests (3.12)	UNKNOWN STEP	2025-08-21T04:36:36.1801888Z   overwrite: false
Run Tests (3.12)	UNKNOWN STEP	2025-08-21T04:36:36.1802111Z   include-hidden-files: false
Run Tests (3.12)	UNKNOWN STEP	2025-08-21T04:36:36.1802346Z env:
Run Tests (3.12)	UNKNOWN STEP	2025-08-21T04:36:36.1802533Z   PYTHON_VERSION: 3.11
Run Tests (3.12)	UNKNOWN STEP	2025-08-21T04:36:36.1802802Z   UV_CACHE_DIR: /home/runner/work/_temp/setup-uv-cache
Run Tests (3.12)	UNKNOWN STEP	2025-08-21T04:36:36.1803118Z ##[endgroup]
Run Tests (3.12)	UNKNOWN STEP	2025-08-21T04:36:36.3961787Z With the provided path, there will be 1 file uploaded
Run Tests (3.12)	UNKNOWN STEP	2025-08-21T04:36:36.3966169Z Artifact name is valid!
Run Tests (3.12)	UNKNOWN STEP	2025-08-21T04:36:36.3967293Z Root directory input is valid!
Run Tests (3.12)	UNKNOWN STEP	2025-08-21T04:36:36.5392996Z Beginning upload of artifact content to blob storage
Run Tests (3.12)	UNKNOWN STEP	2025-08-21T04:36:36.6288478Z Uploaded bytes 5769
Run Tests (3.12)	UNKNOWN STEP	2025-08-21T04:36:36.6464777Z Finished uploading artifact content to blob storage!
Run Tests (3.12)	UNKNOWN STEP	2025-08-21T04:36:36.6468966Z SHA256 digest of uploaded artifact zip is e3d69da9bbf128cf7c9ff34ad30c85cd725d0946807f7bafae9a753648dcff10
Run Tests (3.12)	UNKNOWN STEP	2025-08-21T04:36:36.6470743Z Finalizing artifact upload
Run Tests (3.12)	UNKNOWN STEP	2025-08-21T04:36:36.7377908Z Artifact test-results-3.12.zip successfully finalized. Artifact ID 3815504729
Run Tests (3.12)	UNKNOWN STEP	2025-08-21T04:36:36.7380391Z Artifact test-results-3.12 has been successfully uploaded! Final size is 5769 bytes. Artifact ID is 3815504729
Run Tests (3.12)	UNKNOWN STEP	2025-08-21T04:36:36.7389311Z Artifact download URL: https://github.com/brightlikethelight/music21-mcp-server/actions/runs/17117151570/artifacts/3815504729
Run Tests (3.12)	UNKNOWN STEP	2025-08-21T04:36:36.7541772Z Post job cleanup.
Run Tests (3.12)	UNKNOWN STEP	2025-08-21T04:36:36.8483060Z [command]/usr/bin/git version
Run Tests (3.12)	UNKNOWN STEP	2025-08-21T04:36:36.8522011Z git version 2.51.0
Run Tests (3.12)	UNKNOWN STEP	2025-08-21T04:36:36.8565635Z Temporarily overriding HOME='/home/runner/work/_temp/fabceb98-d29b-4661-8a8f-9fc7a29bce6a' before making global git config changes
Run Tests (3.12)	UNKNOWN STEP	2025-08-21T04:36:36.8567300Z Adding repository directory to the temporary git global config as a safe directory
Run Tests (3.12)	UNKNOWN STEP	2025-08-21T04:36:36.8580866Z [command]/usr/bin/git config --global --add safe.directory /home/runner/work/music21-mcp-server/music21-mcp-server
Run Tests (3.12)	UNKNOWN STEP	2025-08-21T04:36:36.8618908Z [command]/usr/bin/git config --local --name-only --get-regexp core\.sshCommand
Run Tests (3.12)	UNKNOWN STEP	2025-08-21T04:36:36.8663067Z [command]/usr/bin/git submodule foreach --recursive sh -c "git config --local --name-only --get-regexp 'core\.sshCommand' && git config --local --unset-all 'core.sshCommand' || :"
Run Tests (3.12)	UNKNOWN STEP	2025-08-21T04:36:36.8890461Z [command]/usr/bin/git config --local --name-only --get-regexp http\.https\:\/\/github\.com\/\.extraheader
Run Tests (3.12)	UNKNOWN STEP	2025-08-21T04:36:36.8915148Z http.https://github.com/.extraheader
Run Tests (3.12)	UNKNOWN STEP	2025-08-21T04:36:36.8927959Z [command]/usr/bin/git config --local --unset-all http.https://github.com/.extraheader
Run Tests (3.12)	UNKNOWN STEP	2025-08-21T04:36:36.8960415Z [command]/usr/bin/git submodule foreach --recursive sh -c "git config --local --name-only --get-regexp 'http\.https\:\/\/github\.com\/\.extraheader' && git config --local --unset-all 'http.https://github.com/.extraheader' || :"
Run Tests (3.12)	UNKNOWN STEP	2025-08-21T04:36:36.9316323Z Cleaning up orphan processes
Run Tests (3.10)	UNKNOWN STEP	﻿2025-08-21T04:32:21.5147296Z Current runner version: '2.328.0'
Run Tests (3.10)	UNKNOWN STEP	2025-08-21T04:32:21.5169865Z ##[group]Runner Image Provisioner
Run Tests (3.10)	UNKNOWN STEP	2025-08-21T04:32:21.5170768Z Hosted Compute Agent
Run Tests (3.10)	UNKNOWN STEP	2025-08-21T04:32:21.5171313Z Version: 20250818.377
Run Tests (3.10)	UNKNOWN STEP	2025-08-21T04:32:21.5171861Z Commit: 3c593e9f75fe0b87e893bca80d6e12ba089c61fc
Run Tests (3.10)	UNKNOWN STEP	2025-08-21T04:32:21.5172679Z Build Date: 2025-08-18T14:52:18Z
Run Tests (3.10)	UNKNOWN STEP	2025-08-21T04:32:21.5173265Z ##[endgroup]
Run Tests (3.10)	UNKNOWN STEP	2025-08-21T04:32:21.5173793Z ##[group]Operating System
Run Tests (3.10)	UNKNOWN STEP	2025-08-21T04:32:21.5174341Z Ubuntu
Run Tests (3.10)	UNKNOWN STEP	2025-08-21T04:32:21.5174832Z 24.04.2
Run Tests (3.10)	UNKNOWN STEP	2025-08-21T04:32:21.5175279Z LTS
Run Tests (3.10)	UNKNOWN STEP	2025-08-21T04:32:21.5175805Z ##[endgroup]
Run Tests (3.10)	UNKNOWN STEP	2025-08-21T04:32:21.5176307Z ##[group]Runner Image
Run Tests (3.10)	UNKNOWN STEP	2025-08-21T04:32:21.5176789Z Image: ubuntu-24.04
Run Tests (3.10)	UNKNOWN STEP	2025-08-21T04:32:21.5177312Z Version: 20250818.1.0
Run Tests (3.10)	UNKNOWN STEP	2025-08-21T04:32:21.5178618Z Included Software: https://github.com/actions/runner-images/blob/ubuntu24/20250818.1/images/ubuntu/Ubuntu2404-Readme.md
Run Tests (3.10)	UNKNOWN STEP	2025-08-21T04:32:21.5180197Z Image Release: https://github.com/actions/runner-images/releases/tag/ubuntu24%2F20250818.1
Run Tests (3.10)	UNKNOWN STEP	2025-08-21T04:32:21.5181260Z ##[endgroup]
Run Tests (3.10)	UNKNOWN STEP	2025-08-21T04:32:21.5182300Z ##[group]GITHUB_TOKEN Permissions
Run Tests (3.10)	UNKNOWN STEP	2025-08-21T04:32:21.5184108Z Contents: read
Run Tests (3.10)	UNKNOWN STEP	2025-08-21T04:32:21.5184612Z Metadata: read
Run Tests (3.10)	UNKNOWN STEP	2025-08-21T04:32:21.5185124Z Packages: read
Run Tests (3.10)	UNKNOWN STEP	2025-08-21T04:32:21.5185670Z ##[endgroup]
Run Tests (3.10)	UNKNOWN STEP	2025-08-21T04:32:21.5187774Z Secret source: Actions
Run Tests (3.10)	UNKNOWN STEP	2025-08-21T04:32:21.5188461Z Prepare workflow directory
Run Tests (3.10)	UNKNOWN STEP	2025-08-21T04:32:21.5575815Z Prepare all required actions
Run Tests (3.10)	UNKNOWN STEP	2025-08-21T04:32:21.5612378Z Getting action download info
Run Tests (3.10)	UNKNOWN STEP	2025-08-21T04:32:21.9945573Z Download action repository 'actions/checkout@v4' (SHA:08eba0b27e820071cde6df949e0beb9ba4906955)
Run Tests (3.10)	UNKNOWN STEP	2025-08-21T04:32:22.0749095Z Download action repository 'astral-sh/setup-uv@v3' (SHA:caf0cab7a618c569241d31dcd442f54681755d39)
Run Tests (3.10)	UNKNOWN STEP	2025-08-21T04:32:22.9319045Z Download action repository 'actions/upload-artifact@v4' (SHA:ea165f8d65b6e75b540449e92b4886f43607fa02)
Run Tests (3.10)	UNKNOWN STEP	2025-08-21T04:32:23.0378325Z Download action repository 'codecov/codecov-action@v4' (SHA:b9fd7d16f6d7d1b5d2bec1a2887e65ceed900238)
Run Tests (3.10)	UNKNOWN STEP	2025-08-21T04:32:23.8891359Z Complete job name: Run Tests (3.10)
Run Tests (3.10)	UNKNOWN STEP	2025-08-21T04:32:23.9640426Z ##[group]Run actions/checkout@v4
Run Tests (3.10)	UNKNOWN STEP	2025-08-21T04:32:23.9641662Z with:
Run Tests (3.10)	UNKNOWN STEP	2025-08-21T04:32:23.9642302Z   fetch-depth: 0
Run Tests (3.10)	UNKNOWN STEP	2025-08-21T04:32:23.9643166Z   repository: brightlikethelight/music21-mcp-server
Run Tests (3.10)	UNKNOWN STEP	2025-08-21T04:32:23.9644490Z   token: ***
Run Tests (3.10)	UNKNOWN STEP	2025-08-21T04:32:23.9645145Z   ssh-strict: true
Run Tests (3.10)	UNKNOWN STEP	2025-08-21T04:32:23.9645832Z   ssh-user: git
Run Tests (3.10)	UNKNOWN STEP	2025-08-21T04:32:23.9646533Z   persist-credentials: true
Run Tests (3.10)	UNKNOWN STEP	2025-08-21T04:32:23.9647334Z   clean: true
Run Tests (3.10)	UNKNOWN STEP	2025-08-21T04:32:23.9648274Z   sparse-checkout-cone-mode: true
Run Tests (3.10)	UNKNOWN STEP	2025-08-21T04:32:23.9649175Z   fetch-tags: false
Run Tests (3.10)	UNKNOWN STEP	2025-08-21T04:32:23.9649888Z   show-progress: true
Run Tests (3.10)	UNKNOWN STEP	2025-08-21T04:32:23.9650615Z   lfs: false
Run Tests (3.10)	UNKNOWN STEP	2025-08-21T04:32:23.9651263Z   submodules: false
Run Tests (3.10)	UNKNOWN STEP	2025-08-21T04:32:23.9651986Z   set-safe-directory: true
Run Tests (3.10)	UNKNOWN STEP	2025-08-21T04:32:23.9653024Z env:
Run Tests (3.10)	UNKNOWN STEP	2025-08-21T04:32:23.9653654Z   PYTHON_VERSION: 3.11
Run Tests (3.10)	UNKNOWN STEP	2025-08-21T04:32:23.9654420Z   UV_CACHE_DIR: /tmp/.uv-cache
Run Tests (3.10)	UNKNOWN STEP	2025-08-21T04:32:23.9655219Z ##[endgroup]
Run Tests (3.10)	UNKNOWN STEP	2025-08-21T04:32:24.0731354Z Syncing repository: brightlikethelight/music21-mcp-server
Run Tests (3.10)	UNKNOWN STEP	2025-08-21T04:32:24.0734030Z ##[group]Getting Git version info
Run Tests (3.10)	UNKNOWN STEP	2025-08-21T04:32:24.0735448Z Working directory is '/home/runner/work/music21-mcp-server/music21-mcp-server'
Run Tests (3.10)	UNKNOWN STEP	2025-08-21T04:32:24.0737358Z [command]/usr/bin/git version
Run Tests (3.10)	UNKNOWN STEP	2025-08-21T04:32:24.0769110Z git version 2.51.0
Run Tests (3.10)	UNKNOWN STEP	2025-08-21T04:32:24.0795032Z ##[endgroup]
Run Tests (3.10)	UNKNOWN STEP	2025-08-21T04:32:24.0809539Z Temporarily overriding HOME='/home/runner/work/_temp/efc9d40a-6a82-48f4-b3b0-caf8f51f02d5' before making global git config changes
Run Tests (3.10)	UNKNOWN STEP	2025-08-21T04:32:24.0812223Z Adding repository directory to the temporary git global config as a safe directory
Run Tests (3.10)	UNKNOWN STEP	2025-08-21T04:32:24.0822090Z [command]/usr/bin/git config --global --add safe.directory /home/runner/work/music21-mcp-server/music21-mcp-server
Run Tests (3.10)	UNKNOWN STEP	2025-08-21T04:32:24.0858262Z Deleting the contents of '/home/runner/work/music21-mcp-server/music21-mcp-server'
Run Tests (3.10)	UNKNOWN STEP	2025-08-21T04:32:24.0861428Z ##[group]Initializing the repository
Run Tests (3.10)	UNKNOWN STEP	2025-08-21T04:32:24.0865524Z [command]/usr/bin/git init /home/runner/work/music21-mcp-server/music21-mcp-server
Run Tests (3.10)	UNKNOWN STEP	2025-08-21T04:32:24.0947321Z hint: Using 'master' as the name for the initial branch. This default branch name
Run Tests (3.10)	UNKNOWN STEP	2025-08-21T04:32:24.0949471Z hint: is subject to change. To configure the initial branch name to use in all
Run Tests (3.10)	UNKNOWN STEP	2025-08-21T04:32:24.0952061Z hint: of your new repositories, which will suppress this warning, call:
Run Tests (3.10)	UNKNOWN STEP	2025-08-21T04:32:24.0953982Z hint:
Run Tests (3.10)	UNKNOWN STEP	2025-08-21T04:32:24.0954800Z hint: 	git config --global init.defaultBranch <name>
Run Tests (3.10)	UNKNOWN STEP	2025-08-21T04:32:24.0956172Z hint:
Run Tests (3.10)	UNKNOWN STEP	2025-08-21T04:32:24.0957180Z hint: Names commonly chosen instead of 'master' are 'main', 'trunk' and
Run Tests (3.10)	UNKNOWN STEP	2025-08-21T04:32:24.0959390Z hint: 'development'. The just-created branch can be renamed via this command:
Run Tests (3.10)	UNKNOWN STEP	2025-08-21T04:32:24.0960886Z hint:
Run Tests (3.10)	UNKNOWN STEP	2025-08-21T04:32:24.0961804Z hint: 	git branch -m <name>
Run Tests (3.10)	UNKNOWN STEP	2025-08-21T04:32:24.0962589Z hint:
Run Tests (3.10)	UNKNOWN STEP	2025-08-21T04:32:24.0963668Z hint: Disable this message with "git config set advice.defaultBranchName false"
Run Tests (3.10)	UNKNOWN STEP	2025-08-21T04:32:24.0965779Z Initialized empty Git repository in /home/runner/work/music21-mcp-server/music21-mcp-server/.git/
Run Tests (3.10)	UNKNOWN STEP	2025-08-21T04:32:24.0969201Z [command]/usr/bin/git remote add origin https://github.com/brightlikethelight/music21-mcp-server
Run Tests (3.10)	UNKNOWN STEP	2025-08-21T04:32:24.0998038Z ##[endgroup]
Run Tests (3.10)	UNKNOWN STEP	2025-08-21T04:32:24.0999278Z ##[group]Disabling automatic garbage collection
Run Tests (3.10)	UNKNOWN STEP	2025-08-21T04:32:24.1001310Z [command]/usr/bin/git config --local gc.auto 0
Run Tests (3.10)	UNKNOWN STEP	2025-08-21T04:32:24.1031565Z ##[endgroup]
Run Tests (3.10)	UNKNOWN STEP	2025-08-21T04:32:24.1033607Z ##[group]Setting up auth
Run Tests (3.10)	UNKNOWN STEP	2025-08-21T04:32:24.1039312Z [command]/usr/bin/git config --local --name-only --get-regexp core\.sshCommand
Run Tests (3.10)	UNKNOWN STEP	2025-08-21T04:32:24.1071556Z [command]/usr/bin/git submodule foreach --recursive sh -c "git config --local --name-only --get-regexp 'core\.sshCommand' && git config --local --unset-all 'core.sshCommand' || :"
Run Tests (3.10)	UNKNOWN STEP	2025-08-21T04:32:24.1360599Z [command]/usr/bin/git config --local --name-only --get-regexp http\.https\:\/\/github\.com\/\.extraheader
Run Tests (3.10)	UNKNOWN STEP	2025-08-21T04:32:24.1396288Z [command]/usr/bin/git submodule foreach --recursive sh -c "git config --local --name-only --get-regexp 'http\.https\:\/\/github\.com\/\.extraheader' && git config --local --unset-all 'http.https://github.com/.extraheader' || :"
Run Tests (3.10)	UNKNOWN STEP	2025-08-21T04:32:24.1617031Z [command]/usr/bin/git config --local http.https://github.com/.extraheader AUTHORIZATION: basic ***
Run Tests (3.10)	UNKNOWN STEP	2025-08-21T04:32:24.1653427Z ##[endgroup]
Run Tests (3.10)	UNKNOWN STEP	2025-08-21T04:32:24.1655563Z ##[group]Fetching the repository
Run Tests (3.10)	UNKNOWN STEP	2025-08-21T04:32:24.1673827Z [command]/usr/bin/git -c protocol.version=2 fetch --prune --no-recurse-submodules origin +refs/heads/*:refs/remotes/origin/* +refs/tags/*:refs/tags/*
Run Tests (3.10)	UNKNOWN STEP	2025-08-21T04:32:25.0341925Z From https://github.com/brightlikethelight/music21-mcp-server
Run Tests (3.10)	UNKNOWN STEP	2025-08-21T04:32:25.0344765Z  * [new branch]      dependabot/github_actions/actions/checkout-5 -> origin/dependabot/github_actions/actions/checkout-5
Run Tests (3.10)	UNKNOWN STEP	2025-08-21T04:32:25.0346265Z  * [new branch]      dependabot/github_actions/actions/setup-python-5 -> origin/dependabot/github_actions/actions/setup-python-5
Run Tests (3.10)	UNKNOWN STEP	2025-08-21T04:32:25.0347947Z  * [new branch]      dependabot/github_actions/astral-sh/setup-uv-6 -> origin/dependabot/github_actions/astral-sh/setup-uv-6
Run Tests (3.10)	UNKNOWN STEP	2025-08-21T04:32:25.0349409Z  * [new branch]      dependabot/github_actions/codecov/codecov-action-5 -> origin/dependabot/github_actions/codecov/codecov-action-5
Run Tests (3.10)	UNKNOWN STEP	2025-08-21T04:32:25.0350665Z  * [new branch]      dependabot/pip/fastapi-0.116.1 -> origin/dependabot/pip/fastapi-0.116.1
Run Tests (3.10)	UNKNOWN STEP	2025-08-21T04:32:25.0351696Z  * [new branch]      dependabot/pip/pre-commit-tw-4.2.0 -> origin/dependabot/pip/pre-commit-tw-4.2.0
Run Tests (3.10)	UNKNOWN STEP	2025-08-21T04:32:25.0352740Z  * [new branch]      dependabot/pip/pydantic-2.11.7 -> origin/dependabot/pip/pydantic-2.11.7
Run Tests (3.10)	UNKNOWN STEP	2025-08-21T04:32:25.0353811Z  * [new branch]      dependabot/pip/types-psutil-tw-7.0.0 -> origin/dependabot/pip/types-psutil-tw-7.0.0
Run Tests (3.10)	UNKNOWN STEP	2025-08-21T04:32:25.0355025Z  * [new branch]      dependabot/pip/uvicorn-standard--0.35.0 -> origin/dependabot/pip/uvicorn-standard--0.35.0
Run Tests (3.10)	UNKNOWN STEP	2025-08-21T04:32:25.0355955Z  * [new branch]      main       -> origin/main
Run Tests (3.10)	UNKNOWN STEP	2025-08-21T04:32:25.0402029Z [command]/usr/bin/git branch --list --remote origin/main
Run Tests (3.10)	UNKNOWN STEP	2025-08-21T04:32:25.0426810Z   origin/main
Run Tests (3.10)	UNKNOWN STEP	2025-08-21T04:32:25.0435492Z [command]/usr/bin/git rev-parse refs/remotes/origin/main
Run Tests (3.10)	UNKNOWN STEP	2025-08-21T04:32:25.0456273Z 9d8df043cf11fb0d04458db3b85ff4ca4514fbe1
Run Tests (3.10)	UNKNOWN STEP	2025-08-21T04:32:25.0462080Z ##[endgroup]
Run Tests (3.10)	UNKNOWN STEP	2025-08-21T04:32:25.0462518Z ##[group]Determining the checkout info
Run Tests (3.10)	UNKNOWN STEP	2025-08-21T04:32:25.0463270Z ##[endgroup]
Run Tests (3.10)	UNKNOWN STEP	2025-08-21T04:32:25.0467722Z [command]/usr/bin/git sparse-checkout disable
Run Tests (3.10)	UNKNOWN STEP	2025-08-21T04:32:25.0504589Z [command]/usr/bin/git config --local --unset-all extensions.worktreeConfig
Run Tests (3.10)	UNKNOWN STEP	2025-08-21T04:32:25.0529082Z ##[group]Checking out the ref
Run Tests (3.10)	UNKNOWN STEP	2025-08-21T04:32:25.0533007Z [command]/usr/bin/git checkout --progress --force -B main refs/remotes/origin/main
Run Tests (3.10)	UNKNOWN STEP	2025-08-21T04:32:25.0727285Z Switched to a new branch 'main'
Run Tests (3.10)	UNKNOWN STEP	2025-08-21T04:32:25.0729575Z branch 'main' set up to track 'origin/main'.
Run Tests (3.10)	UNKNOWN STEP	2025-08-21T04:32:25.0738134Z ##[endgroup]
Run Tests (3.10)	UNKNOWN STEP	2025-08-21T04:32:25.0775347Z [command]/usr/bin/git log -1 --format=%H
Run Tests (3.10)	UNKNOWN STEP	2025-08-21T04:32:25.0796820Z 9d8df043cf11fb0d04458db3b85ff4ca4514fbe1
Run Tests (3.10)	UNKNOWN STEP	2025-08-21T04:32:25.0985342Z ##[group]Run astral-sh/setup-uv@v3
Run Tests (3.10)	UNKNOWN STEP	2025-08-21T04:32:25.0985671Z with:
Run Tests (3.10)	UNKNOWN STEP	2025-08-21T04:32:25.0985883Z   enable-cache: true
Run Tests (3.10)	UNKNOWN STEP	2025-08-21T04:32:25.0986120Z   version: latest
Run Tests (3.10)	UNKNOWN STEP	2025-08-21T04:32:25.0986505Z   github-token: ***
Run Tests (3.10)	UNKNOWN STEP	2025-08-21T04:32:25.0986755Z   cache-dependency-glob: **/uv.lock
Run Tests (3.10)	UNKNOWN STEP	2025-08-21T04:32:25.0987041Z   prune-cache: true
Run Tests (3.10)	UNKNOWN STEP	2025-08-21T04:32:25.0987256Z env:
Run Tests (3.10)	UNKNOWN STEP	2025-08-21T04:32:25.0987696Z   PYTHON_VERSION: 3.11
Run Tests (3.10)	UNKNOWN STEP	2025-08-21T04:32:25.0987965Z   UV_CACHE_DIR: /tmp/.uv-cache
Run Tests (3.10)	UNKNOWN STEP	2025-08-21T04:32:25.0988220Z ##[endgroup]
Run Tests (3.10)	UNKNOWN STEP	2025-08-21T04:32:25.2608529Z Downloading uv from "https://github.com/astral-sh/uv/releases/latest/download/uv-x86_64-unknown-linux-gnu.tar.gz" ...
Run Tests (3.10)	UNKNOWN STEP	2025-08-21T04:32:25.8735125Z [command]/usr/bin/tar xz --warning=no-unknown-keyword --overwrite -C /home/runner/work/_temp/d9b7df28-5582-4f32-9abc-1d919a039fad -f /home/runner/work/_temp/ab07d472-d3f1-4767-a20b-f81202d2a67c
Run Tests (3.10)	UNKNOWN STEP	2025-08-21T04:32:26.2661350Z Added /opt/hostedtoolcache/uv/0.8.12/x86_64 to the path
Run Tests (3.10)	UNKNOWN STEP	2025-08-21T04:32:26.2662538Z Added /home/runner/.local/bin to the path
Run Tests (3.10)	UNKNOWN STEP	2025-08-21T04:32:26.2667041Z Successfully installed uv version 0.8.12
Run Tests (3.10)	UNKNOWN STEP	2025-08-21T04:32:26.2694758Z Set UV_CACHE_DIR to /home/runner/work/_temp/setup-uv-cache
Run Tests (3.10)	UNKNOWN STEP	2025-08-21T04:32:26.2695480Z Searching files using cache dependency glob: **/uv.lock
Run Tests (3.10)	UNKNOWN STEP	2025-08-21T04:32:26.3010354Z /home/runner/work/music21-mcp-server/music21-mcp-server/uv.lock
Run Tests (3.10)	UNKNOWN STEP	2025-08-21T04:32:26.3040404Z Found 1 files to hash.
Run Tests (3.10)	UNKNOWN STEP	2025-08-21T04:32:26.3042131Z Trying to restore uv cache from GitHub Actions cache with key: setup-uv-1-x86_64-unknown-linux-gnu-0.8.12-8fa48ae63ace3844ac3557b85585f9543a46916205256a6804701b9faff037d7
Run Tests (3.10)	UNKNOWN STEP	2025-08-21T04:32:26.3449322Z ##[warning]Failed to restore: Cache service responded with 400
Run Tests (3.10)	UNKNOWN STEP	2025-08-21T04:32:26.3457048Z No GitHub Actions cache found for key: setup-uv-1-x86_64-unknown-linux-gnu-0.8.12-8fa48ae63ace3844ac3557b85585f9543a46916205256a6804701b9faff037d7
Run Tests (3.10)	UNKNOWN STEP	2025-08-21T04:32:26.3555871Z ##[group]Run uv python install 3.10
Run Tests (3.10)	UNKNOWN STEP	2025-08-21T04:32:26.3556233Z [36;1muv python install 3.10[0m
Run Tests (3.10)	UNKNOWN STEP	2025-08-21T04:32:26.3626752Z shell: /usr/bin/bash -e {0}
Run Tests (3.10)	UNKNOWN STEP	2025-08-21T04:32:26.3627033Z env:
Run Tests (3.10)	UNKNOWN STEP	2025-08-21T04:32:26.3627229Z   PYTHON_VERSION: 3.11
Run Tests (3.10)	UNKNOWN STEP	2025-08-21T04:32:26.3627755Z   UV_CACHE_DIR: /home/runner/work/_temp/setup-uv-cache
Run Tests (3.10)	UNKNOWN STEP	2025-08-21T04:32:26.3628049Z ##[endgroup]
Run Tests (3.10)	UNKNOWN STEP	2025-08-21T04:32:26.6247055Z Downloading cpython-3.10.18-linux-x86_64-gnu (download) (26.5MiB)
Run Tests (3.10)	UNKNOWN STEP	2025-08-21T04:32:27.4300959Z  Downloading cpython-3.10.18-linux-x86_64-gnu (download)
Run Tests (3.10)	UNKNOWN STEP	2025-08-21T04:32:27.4343772Z Installed Python 3.10.18 in 1.05s
Run Tests (3.10)	UNKNOWN STEP	2025-08-21T04:32:27.4344262Z  + cpython-3.10.18-linux-x86_64-gnu (python3.10)
Run Tests (3.10)	UNKNOWN STEP	2025-08-21T04:32:27.4395593Z ##[group]Run sudo apt-get update
Run Tests (3.10)	UNKNOWN STEP	2025-08-21T04:32:27.4395913Z [36;1msudo apt-get update[0m
Run Tests (3.10)	UNKNOWN STEP	2025-08-21T04:32:27.4396225Z [36;1msudo apt-get install -y fluidsynth musescore3[0m
Run Tests (3.10)	UNKNOWN STEP	2025-08-21T04:32:27.4436273Z shell: /usr/bin/bash -e {0}
Run Tests (3.10)	UNKNOWN STEP	2025-08-21T04:32:27.4436515Z env:
Run Tests (3.10)	UNKNOWN STEP	2025-08-21T04:32:27.4436693Z   PYTHON_VERSION: 3.11
Run Tests (3.10)	UNKNOWN STEP	2025-08-21T04:32:27.4437138Z   UV_CACHE_DIR: /home/runner/work/_temp/setup-uv-cache
Run Tests (3.10)	UNKNOWN STEP	2025-08-21T04:32:27.4437441Z ##[endgroup]
Run Tests (3.10)	UNKNOWN STEP	2025-08-21T04:32:27.5282743Z Get:1 file:/etc/apt/apt-mirrors.txt Mirrorlist [144 B]
Run Tests (3.10)	UNKNOWN STEP	2025-08-21T04:32:27.5600394Z Hit:2 http://azure.archive.ubuntu.com/ubuntu noble InRelease
Run Tests (3.10)	UNKNOWN STEP	2025-08-21T04:32:27.5619048Z Get:3 http://azure.archive.ubuntu.com/ubuntu noble-updates InRelease [126 kB]
Run Tests (3.10)	UNKNOWN STEP	2025-08-21T04:32:27.5659093Z Get:4 http://azure.archive.ubuntu.com/ubuntu noble-backports InRelease [126 kB]
Run Tests (3.10)	UNKNOWN STEP	2025-08-21T04:32:27.5683401Z Get:5 http://azure.archive.ubuntu.com/ubuntu noble-security InRelease [126 kB]
Run Tests (3.10)	UNKNOWN STEP	2025-08-21T04:32:27.6847333Z Hit:6 https://packages.microsoft.com/repos/azure-cli noble InRelease
Run Tests (3.10)	UNKNOWN STEP	2025-08-21T04:32:27.7000898Z Get:7 http://azure.archive.ubuntu.com/ubuntu noble-updates/main amd64 Packages [1350 kB]
Run Tests (3.10)	UNKNOWN STEP	2025-08-21T04:32:27.7182959Z Get:8 http://azure.archive.ubuntu.com/ubuntu noble-updates/main Translation-en [268 kB]
Run Tests (3.10)	UNKNOWN STEP	2025-08-21T04:32:27.7201509Z Get:9 http://azure.archive.ubuntu.com/ubuntu noble-updates/main amd64 Components [175 kB]
Run Tests (3.10)	UNKNOWN STEP	2025-08-21T04:32:27.7214993Z Get:10 http://azure.archive.ubuntu.com/ubuntu noble-updates/universe amd64 Packages [1123 kB]
Run Tests (3.10)	UNKNOWN STEP	2025-08-21T04:32:27.7276350Z Get:17 https://packages.microsoft.com/ubuntu/24.04/prod noble InRelease [3600 B]
Run Tests (3.10)	UNKNOWN STEP	2025-08-21T04:32:27.7285704Z Get:11 http://azure.archive.ubuntu.com/ubuntu noble-updates/universe Translation-en [288 kB]
Run Tests (3.10)	UNKNOWN STEP	2025-08-21T04:32:27.7315197Z Get:12 http://azure.archive.ubuntu.com/ubuntu noble-updates/universe amd64 Components [376 kB]
Run Tests (3.10)	UNKNOWN STEP	2025-08-21T04:32:27.7346307Z Get:13 http://azure.archive.ubuntu.com/ubuntu noble-updates/restricted amd64 Packages [1728 kB]
Run Tests (3.10)	UNKNOWN STEP	2025-08-21T04:32:27.7438488Z Get:14 http://azure.archive.ubuntu.com/ubuntu noble-updates/restricted Translation-en [382 kB]
Run Tests (3.10)	UNKNOWN STEP	2025-08-21T04:32:27.7465350Z Get:15 http://azure.archive.ubuntu.com/ubuntu noble-updates/restricted amd64 Components [212 B]
Run Tests (3.10)	UNKNOWN STEP	2025-08-21T04:32:27.7473635Z Get:16 http://azure.archive.ubuntu.com/ubuntu noble-updates/multiverse amd64 Components [940 B]
Run Tests (3.10)	UNKNOWN STEP	2025-08-21T04:32:27.8052262Z Get:18 http://azure.archive.ubuntu.com/ubuntu noble-backports/main amd64 Components [7072 B]
Run Tests (3.10)	UNKNOWN STEP	2025-08-21T04:32:27.8066088Z Get:19 http://azure.archive.ubuntu.com/ubuntu noble-backports/universe amd64 Components [19.2 kB]
Run Tests (3.10)	UNKNOWN STEP	2025-08-21T04:32:27.8074885Z Get:20 http://azure.archive.ubuntu.com/ubuntu noble-backports/restricted amd64 Components [216 B]
Run Tests (3.10)	UNKNOWN STEP	2025-08-21T04:32:27.8113203Z Get:21 http://azure.archive.ubuntu.com/ubuntu noble-backports/multiverse amd64 Components [212 B]
Run Tests (3.10)	UNKNOWN STEP	2025-08-21T04:32:27.8131247Z Get:22 http://azure.archive.ubuntu.com/ubuntu noble-security/main amd64 Packages [1083 kB]
Run Tests (3.10)	UNKNOWN STEP	2025-08-21T04:32:27.8198799Z Get:23 http://azure.archive.ubuntu.com/ubuntu noble-security/main Translation-en [187 kB]
Run Tests (3.10)	UNKNOWN STEP	2025-08-21T04:32:27.8216508Z Get:24 http://azure.archive.ubuntu.com/ubuntu noble-security/main amd64 Components [21.5 kB]
Run Tests (3.10)	UNKNOWN STEP	2025-08-21T04:32:27.8229159Z Get:25 http://azure.archive.ubuntu.com/ubuntu noble-security/universe amd64 Packages [881 kB]
Run Tests (3.10)	UNKNOWN STEP	2025-08-21T04:32:27.8284361Z Get:26 http://azure.archive.ubuntu.com/ubuntu noble-security/universe Translation-en [195 kB]
Run Tests (3.10)	UNKNOWN STEP	2025-08-21T04:32:27.8318519Z Get:27 http://azure.archive.ubuntu.com/ubuntu noble-security/universe amd64 Components [52.2 kB]
Run Tests (3.10)	UNKNOWN STEP	2025-08-21T04:32:27.8323434Z Get:28 http://azure.archive.ubuntu.com/ubuntu noble-security/restricted amd64 Packages [1631 kB]
Run Tests (3.10)	UNKNOWN STEP	2025-08-21T04:32:27.8430217Z Get:29 http://azure.archive.ubuntu.com/ubuntu noble-security/restricted Translation-en [361 kB]
Run Tests (3.10)	UNKNOWN STEP	2025-08-21T04:32:27.8448161Z Get:30 http://azure.archive.ubuntu.com/ubuntu noble-security/restricted amd64 Components [212 B]
Run Tests (3.10)	UNKNOWN STEP	2025-08-21T04:32:27.8457773Z Get:31 http://azure.archive.ubuntu.com/ubuntu noble-security/multiverse amd64 Components [208 B]
Run Tests (3.10)	UNKNOWN STEP	2025-08-21T04:32:27.9302136Z Get:32 https://packages.microsoft.com/ubuntu/24.04/prod noble/main arm64 Packages [33.2 kB]
Run Tests (3.10)	UNKNOWN STEP	2025-08-21T04:32:27.9625254Z Get:33 https://packages.microsoft.com/ubuntu/24.04/prod noble/main amd64 Packages [48.0 kB]
Run Tests (3.10)	UNKNOWN STEP	2025-08-21T04:32:27.9867046Z Get:34 https://packages.microsoft.com/ubuntu/24.04/prod noble/main armhf Packages [9870 B]
Run Tests (3.10)	UNKNOWN STEP	2025-08-21T04:32:34.6833134Z Fetched 10.6 MB in 1s (8483 kB/s)
Run Tests (3.10)	UNKNOWN STEP	2025-08-21T04:32:35.3504252Z Reading package lists...
Run Tests (3.10)	UNKNOWN STEP	2025-08-21T04:32:35.3812822Z Reading package lists...
Run Tests (3.10)	UNKNOWN STEP	2025-08-21T04:32:35.5348797Z Building dependency tree...
Run Tests (3.10)	UNKNOWN STEP	2025-08-21T04:32:35.5355904Z Reading state information...
Run Tests (3.10)	UNKNOWN STEP	2025-08-21T04:32:35.6878851Z The following additional packages will be installed:
Run Tests (3.10)	UNKNOWN STEP	2025-08-21T04:32:35.6879863Z   desktop-file-utils fluid-soundfont-gm fonts-freefont-ttf libasyncns0 libb2-1
Run Tests (3.10)	UNKNOWN STEP	2025-08-21T04:32:35.6880931Z   libdecor-0-0 libdecor-0-plugin-1-gtk libdouble-conversion3 libegl-mesa0
Run Tests (3.10)	UNKNOWN STEP	2025-08-21T04:32:35.6881860Z   libegl1 libflac12t64 libfluidsynth3 libinput-bin libinput10
Run Tests (3.10)	UNKNOWN STEP	2025-08-21T04:32:35.6882475Z   libinstpatch-1.0-2 libjack-jackd2-0 libmd4c0 libmp3lame0 libmpg123-0t64
Run Tests (3.10)	UNKNOWN STEP	2025-08-21T04:32:35.6883278Z   libmtdev1t64 libopengl0 libopus0 libpipewire-0.3-0t64 libpipewire-0.3-common
Run Tests (3.10)	UNKNOWN STEP	2025-08-21T04:32:35.6883915Z   libpoppler-qt5-1t64 libpoppler134 libportaudio2 libportmidi0 libproxy1v5
Run Tests (3.10)	UNKNOWN STEP	2025-08-21T04:32:35.6884507Z   libpulse0 libqt5core5t64 libqt5dbus5t64 libqt5gui5t64 libqt5help5
Run Tests (3.10)	UNKNOWN STEP	2025-08-21T04:32:35.6885251Z   libqt5network5t64 libqt5printsupport5t64 libqt5qml5 libqt5qmlmodels5
Run Tests (3.10)	UNKNOWN STEP	2025-08-21T04:32:35.6885988Z   libqt5qmlworkerscript5 libqt5quick5 libqt5sql5-sqlite libqt5sql5t64
Run Tests (3.10)	UNKNOWN STEP	2025-08-21T04:32:35.6886765Z   libqt5svg5 libqt5waylandclient5 libqt5waylandcompositor5 libqt5widgets5t64
Run Tests (3.10)	UNKNOWN STEP	2025-08-21T04:32:35.6887697Z   libqt5xml5t64 libqt5xmlpatterns5 libqt6core6t64 libqt6dbus6t64 libqt6gui6t64
Run Tests (3.10)	UNKNOWN STEP	2025-08-21T04:32:35.6888351Z   libqt6network6t64 libqt6opengl6t64 libqt6qml6 libqt6qmlmodels6 libqt6quick6
Run Tests (3.10)	UNKNOWN STEP	2025-08-21T04:32:35.6888876Z   libqt6waylandclient6 libqt6waylandcompositor6
Run Tests (3.10)	UNKNOWN STEP	2025-08-21T04:32:35.6889258Z   libqt6waylandeglclienthwintegration6
Run Tests (3.10)	UNKNOWN STEP	2025-08-21T04:32:35.6889690Z   libqt6waylandeglcompositorhwintegration6 libqt6widgets6t64
Run Tests (3.10)	UNKNOWN STEP	2025-08-21T04:32:35.6890259Z   libqt6wlshellintegration6 libsamplerate0 libsdl2-2.0-0 libsndfile1
Run Tests (3.10)	UNKNOWN STEP	2025-08-21T04:32:35.6890807Z   libspa-0.2-modules libts0t64 libvorbisenc2 libwacom-common libwacom9
Run Tests (3.10)	UNKNOWN STEP	2025-08-21T04:32:35.6891393Z   libwebrtc-audio-processing1 libxcb-icccm4 libxcb-image0 libxcb-keysyms1
Run Tests (3.10)	UNKNOWN STEP	2025-08-21T04:32:35.6891960Z   libxcb-render-util0 libxcb-shape0 libxcb-util1 libxcb-xinerama0
Run Tests (3.10)	UNKNOWN STEP	2025-08-21T04:32:35.6892415Z   libxcb-xinput0 libxcb-xkb1 libxkbcommon-x11-0
Run Tests (3.10)	UNKNOWN STEP	2025-08-21T04:32:35.6892890Z   musescore-general-soundfont-small musescore3-common poppler-data
Run Tests (3.10)	UNKNOWN STEP	2025-08-21T04:32:35.6893630Z   qml-module-qt-labs-folderlistmodel qml-module-qt-labs-settings
Run Tests (3.10)	UNKNOWN STEP	2025-08-21T04:32:35.6894294Z   qml-module-qtgraphicaleffects qml-module-qtqml qml-module-qtqml-models2
Run Tests (3.10)	UNKNOWN STEP	2025-08-21T04:32:35.6894828Z   qml-module-qtquick-controls qml-module-qtquick-dialogs
Run Tests (3.10)	UNKNOWN STEP	2025-08-21T04:32:35.6895205Z   qml-module-qtquick-layouts qml-module-qtquick-privatewidgets
Run Tests (3.10)	UNKNOWN STEP	2025-08-21T04:32:35.6895666Z   qml-module-qtquick-window2 qml-module-qtquick2 qsynth qt5-gtk-platformtheme
Run Tests (3.10)	UNKNOWN STEP	2025-08-21T04:32:35.6896141Z   qt6-gtk-platformtheme qt6-qpa-plugins qt6-translations-l10n qt6-wayland
Run Tests (3.10)	UNKNOWN STEP	2025-08-21T04:32:35.6896546Z   qttranslations5-l10n qtwayland5 timgm6mb-soundfont
Run Tests (3.10)	UNKNOWN STEP	2025-08-21T04:32:35.6896833Z Suggested packages:
Run Tests (3.10)	UNKNOWN STEP	2025-08-21T04:32:35.6897154Z   fluid-soundfont-gs jackd2 opus-tools pipewire pulseaudio qgnomeplatform-qt5
Run Tests (3.10)	UNKNOWN STEP	2025-08-21T04:32:35.6897771Z   qt5-image-formats-plugins qt5-qmltooling-plugins qt6-qmltooling-plugins
Run Tests (3.10)	UNKNOWN STEP	2025-08-21T04:32:35.6898196Z   libwacom-bin pulseaudio-utils poppler-utils ghostscript
Run Tests (3.10)	UNKNOWN STEP	2025-08-21T04:32:35.6898596Z   fonts-japanese-mincho | fonts-ipafont-mincho fonts-japanese-gothic
Run Tests (3.10)	UNKNOWN STEP	2025-08-21T04:32:35.6899029Z   | fonts-ipafont-gothic fonts-arphic-ukai fonts-arphic-uming fonts-nanum
Run Tests (3.10)	UNKNOWN STEP	2025-08-21T04:32:35.6899364Z   jackd
Run Tests (3.10)	UNKNOWN STEP	2025-08-21T04:32:35.7349736Z The following NEW packages will be installed:
Run Tests (3.10)	UNKNOWN STEP	2025-08-21T04:32:35.7350562Z   desktop-file-utils fluid-soundfont-gm fluidsynth fonts-freefont-ttf
Run Tests (3.10)	UNKNOWN STEP	2025-08-21T04:32:35.7351100Z   libasyncns0 libb2-1 libdecor-0-0 libdecor-0-plugin-1-gtk
Run Tests (3.10)	UNKNOWN STEP	2025-08-21T04:32:35.7357224Z   libdouble-conversion3 libegl-mesa0 libegl1 libflac12t64 libfluidsynth3
Run Tests (3.10)	UNKNOWN STEP	2025-08-21T04:32:35.7358477Z   libinput-bin libinput10 libinstpatch-1.0-2 libjack-jackd2-0 libmd4c0
Run Tests (3.10)	UNKNOWN STEP	2025-08-21T04:32:35.7359162Z   libmp3lame0 libmpg123-0t64 libmtdev1t64 libopengl0 libopus0
Run Tests (3.10)	UNKNOWN STEP	2025-08-21T04:32:35.7359768Z   libpipewire-0.3-0t64 libpipewire-0.3-common libpoppler-qt5-1t64
Run Tests (3.10)	UNKNOWN STEP	2025-08-21T04:32:35.7360218Z   libpoppler134 libportaudio2 libportmidi0 libproxy1v5 libpulse0
Run Tests (3.10)	UNKNOWN STEP	2025-08-21T04:32:35.7360705Z   libqt5core5t64 libqt5dbus5t64 libqt5gui5t64 libqt5help5 libqt5network5t64
Run Tests (3.10)	UNKNOWN STEP	2025-08-21T04:32:35.7361251Z   libqt5printsupport5t64 libqt5qml5 libqt5qmlmodels5 libqt5qmlworkerscript5
Run Tests (3.10)	UNKNOWN STEP	2025-08-21T04:32:35.7361796Z   libqt5quick5 libqt5sql5-sqlite libqt5sql5t64 libqt5svg5 libqt5waylandclient5
Run Tests (3.10)	UNKNOWN STEP	2025-08-21T04:32:35.7362345Z   libqt5waylandcompositor5 libqt5widgets5t64 libqt5xml5t64 libqt5xmlpatterns5
Run Tests (3.10)	UNKNOWN STEP	2025-08-21T04:32:35.7362840Z   libqt6core6t64 libqt6dbus6t64 libqt6gui6t64 libqt6network6t64
Run Tests (3.10)	UNKNOWN STEP	2025-08-21T04:32:35.7363274Z   libqt6opengl6t64 libqt6qml6 libqt6qmlmodels6 libqt6quick6
Run Tests (3.10)	UNKNOWN STEP	2025-08-21T04:32:35.7363650Z   libqt6waylandclient6 libqt6waylandcompositor6
Run Tests (3.10)	UNKNOWN STEP	2025-08-21T04:32:35.7363977Z   libqt6waylandeglclienthwintegration6
Run Tests (3.10)	UNKNOWN STEP	2025-08-21T04:32:35.7364349Z   libqt6waylandeglcompositorhwintegration6 libqt6widgets6t64
Run Tests (3.10)	UNKNOWN STEP	2025-08-21T04:32:35.7364819Z   libqt6wlshellintegration6 libsamplerate0 libsdl2-2.0-0 libsndfile1
Run Tests (3.10)	UNKNOWN STEP	2025-08-21T04:32:35.7365299Z   libspa-0.2-modules libts0t64 libvorbisenc2 libwacom-common libwacom9
Run Tests (3.10)	UNKNOWN STEP	2025-08-21T04:32:35.7365791Z   libwebrtc-audio-processing1 libxcb-icccm4 libxcb-image0 libxcb-keysyms1
Run Tests (3.10)	UNKNOWN STEP	2025-08-21T04:32:35.7366261Z   libxcb-render-util0 libxcb-shape0 libxcb-util1 libxcb-xinerama0
Run Tests (3.10)	UNKNOWN STEP	2025-08-21T04:32:35.7366632Z   libxcb-xinput0 libxcb-xkb1 libxkbcommon-x11-0
Run Tests (3.10)	UNKNOWN STEP	2025-08-21T04:32:35.7367052Z   musescore-general-soundfont-small musescore3 musescore3-common poppler-data
Run Tests (3.10)	UNKNOWN STEP	2025-08-21T04:32:35.7367682Z   qml-module-qt-labs-folderlistmodel qml-module-qt-labs-settings
Run Tests (3.10)	UNKNOWN STEP	2025-08-21T04:32:35.7368140Z   qml-module-qtgraphicaleffects qml-module-qtqml qml-module-qtqml-models2
Run Tests (3.10)	UNKNOWN STEP	2025-08-21T04:32:35.7368575Z   qml-module-qtquick-controls qml-module-qtquick-dialogs
Run Tests (3.10)	UNKNOWN STEP	2025-08-21T04:32:35.7369002Z   qml-module-qtquick-layouts qml-module-qtquick-privatewidgets
Run Tests (3.10)	UNKNOWN STEP	2025-08-21T04:32:35.7369464Z   qml-module-qtquick-window2 qml-module-qtquick2 qsynth qt5-gtk-platformtheme
Run Tests (3.10)	UNKNOWN STEP	2025-08-21T04:32:35.7369954Z   qt6-gtk-platformtheme qt6-qpa-plugins qt6-translations-l10n qt6-wayland
Run Tests (3.10)	UNKNOWN STEP	2025-08-21T04:32:35.7370480Z   qttranslations5-l10n qtwayland5 timgm6mb-soundfont
Run Tests (3.10)	UNKNOWN STEP	2025-08-21T04:32:35.7559747Z 0 upgraded, 106 newly installed, 0 to remove and 21 not upgraded.
Run Tests (3.10)	UNKNOWN STEP	2025-08-21T04:32:35.7560338Z Need to get 231 MB of archives.
Run Tests (3.10)	UNKNOWN STEP	2025-08-21T04:32:35.7560696Z After this operation, 438 MB of additional disk space will be used.
Run Tests (3.10)	UNKNOWN STEP	2025-08-21T04:32:35.7561090Z Get:1 file:/etc/apt/apt-mirrors.txt Mirrorlist [144 B]
Run Tests (3.10)	UNKNOWN STEP	2025-08-21T04:32:35.8356018Z Get:2 http://azure.archive.ubuntu.com/ubuntu noble/main amd64 poppler-data all 0.4.12-1 [2060 kB]
Run Tests (3.10)	UNKNOWN STEP	2025-08-21T04:32:36.4098484Z Get:3 http://azure.archive.ubuntu.com/ubuntu noble/universe amd64 libdouble-conversion3 amd64 3.3.0-1build1 [40.3 kB]
Run Tests (3.10)	UNKNOWN STEP	2025-08-21T04:32:36.4738905Z Get:4 http://azure.archive.ubuntu.com/ubuntu noble/universe amd64 libqt5core5t64 amd64 5.15.13+dfsg-1ubuntu1 [2011 kB]
Run Tests (3.10)	UNKNOWN STEP	2025-08-21T04:32:36.7333167Z Get:5 http://azure.archive.ubuntu.com/ubuntu noble-updates/main amd64 libegl-mesa0 amd64 25.0.7-0ubuntu0.24.04.1 [124 kB]
Run Tests (3.10)	UNKNOWN STEP	2025-08-21T04:32:36.7985729Z Get:6 http://azure.archive.ubuntu.com/ubuntu noble/main amd64 libegl1 amd64 1.7.0-1build1 [28.7 kB]
Run Tests (3.10)	UNKNOWN STEP	2025-08-21T04:32:36.8648270Z Get:7 http://azure.archive.ubuntu.com/ubuntu noble/main amd64 libmtdev1t64 amd64 1.1.6-1.1build1 [14.4 kB]
Run Tests (3.10)	UNKNOWN STEP	2025-08-21T04:32:36.9284461Z Get:8 http://azure.archive.ubuntu.com/ubuntu noble/main amd64 libwacom-common all 2.10.0-2 [63.4 kB]
Run Tests (3.10)	UNKNOWN STEP	2025-08-21T04:32:36.9925126Z Get:9 http://azure.archive.ubuntu.com/ubuntu noble/main amd64 libwacom9 amd64 2.10.0-2 [23.9 kB]
Run Tests (3.10)	UNKNOWN STEP	2025-08-21T04:32:37.0563035Z Get:10 http://azure.archive.ubuntu.com/ubuntu noble-updates/main amd64 libinput-bin amd64 1.25.0-1ubuntu3.1 [22.6 kB]
Run Tests (3.10)	UNKNOWN STEP	2025-08-21T04:32:37.1215956Z Get:11 http://azure.archive.ubuntu.com/ubuntu noble-updates/main amd64 libinput10 amd64 1.25.0-1ubuntu3.1 [133 kB]
Run Tests (3.10)	UNKNOWN STEP	2025-08-21T04:32:37.1911371Z Get:12 http://azure.archive.ubuntu.com/ubuntu noble/universe amd64 libmd4c0 amd64 0.4.8-1build1 [42.3 kB]
Run Tests (3.10)	UNKNOWN STEP	2025-08-21T04:32:37.2551219Z Get:13 http://azure.archive.ubuntu.com/ubuntu noble/universe amd64 libqt5dbus5t64 amd64 5.15.13+dfsg-1ubuntu1 [220 kB]
Run Tests (3.10)	UNKNOWN STEP	2025-08-21T04:32:37.3226047Z Get:14 http://azure.archive.ubuntu.com/ubuntu noble/universe amd64 libqt5network5t64 amd64 5.15.13+dfsg-1ubuntu1 [723 kB]
Run Tests (3.10)	UNKNOWN STEP	2025-08-21T04:32:37.4551945Z Get:15 http://azure.archive.ubuntu.com/ubuntu noble/main amd64 libxcb-icccm4 amd64 0.4.1-1.1build3 [10.8 kB]
Run Tests (3.10)	UNKNOWN STEP	2025-08-21T04:32:37.5191350Z Get:16 http://azure.archive.ubuntu.com/ubuntu noble/main amd64 libxcb-util1 amd64 0.4.0-1build3 [10.7 kB]
Run Tests (3.10)	UNKNOWN STEP	2025-08-21T04:32:37.5842564Z Get:17 http://azure.archive.ubuntu.com/ubuntu noble/main amd64 libxcb-image0 amd64 0.4.0-2build1 [10.8 kB]
Run Tests (3.10)	UNKNOWN STEP	2025-08-21T04:32:37.6479014Z Get:18 http://azure.archive.ubuntu.com/ubuntu noble/main amd64 libxcb-keysyms1 amd64 0.4.0-1build4 [7956 B]
Run Tests (3.10)	UNKNOWN STEP	2025-08-21T04:32:37.7125774Z Get:19 http://azure.archive.ubuntu.com/ubuntu noble/main amd64 libxcb-render-util0 amd64 0.3.9-1build4 [9608 B]
Run Tests (3.10)	UNKNOWN STEP	2025-08-21T04:32:37.7762467Z Get:20 http://azure.archive.ubuntu.com/ubuntu noble/main amd64 libxcb-shape0 amd64 1.15-1ubuntu2 [6100 B]
Run Tests (3.10)	UNKNOWN STEP	2025-08-21T04:32:37.8394268Z Get:21 http://azure.archive.ubuntu.com/ubuntu noble/main amd64 libxcb-xinerama0 amd64 1.15-1ubuntu2 [5410 B]
Run Tests (3.10)	UNKNOWN STEP	2025-08-21T04:32:37.9029760Z Get:22 http://azure.archive.ubuntu.com/ubuntu noble/main amd64 libxcb-xinput0 amd64 1.15-1ubuntu2 [33.2 kB]
Run Tests (3.10)	UNKNOWN STEP	2025-08-21T04:32:37.9664757Z Get:23 http://azure.archive.ubuntu.com/ubuntu noble/main amd64 libxcb-xkb1 amd64 1.15-1ubuntu2 [32.3 kB]
Run Tests (3.10)	UNKNOWN STEP	2025-08-21T04:32:38.0301902Z Get:24 http://azure.archive.ubuntu.com/ubuntu noble/main amd64 libxkbcommon-x11-0 amd64 1.6.0-1build1 [14.5 kB]
Run Tests (3.10)	UNKNOWN STEP	2025-08-21T04:32:38.0935851Z Get:25 http://azure.archive.ubuntu.com/ubuntu noble/universe amd64 libqt5gui5t64 amd64 5.15.13+dfsg-1ubuntu1 [3748 kB]
Run Tests (3.10)	UNKNOWN STEP	2025-08-21T04:32:38.4756212Z Get:26 http://azure.archive.ubuntu.com/ubuntu noble-updates/universe amd64 libqt5qml5 amd64 5.15.13+dfsg-1ubuntu0.1 [1482 kB]
Run Tests (3.10)	UNKNOWN STEP	2025-08-21T04:32:38.6674455Z Get:27 http://azure.archive.ubuntu.com/ubuntu noble-updates/universe amd64 libqt5qmlmodels5 amd64 5.15.13+dfsg-1ubuntu0.1 [203 kB]
Run Tests (3.10)	UNKNOWN STEP	2025-08-21T04:32:38.7328010Z Get:28 http://azure.archive.ubuntu.com/ubuntu noble-updates/universe amd64 libqt5quick5 amd64 5.15.13+dfsg-1ubuntu0.1 [1733 kB]
Run Tests (3.10)	UNKNOWN STEP	2025-08-21T04:32:38.9343861Z Get:29 http://azure.archive.ubuntu.com/ubuntu noble-updates/universe amd64 qml-module-qtquick-window2 amd64 5.15.13+dfsg-1ubuntu0.1 [26.2 kB]
Run Tests (3.10)	UNKNOWN STEP	2025-08-21T04:32:38.9992169Z Get:30 http://azure.archive.ubuntu.com/ubuntu noble-updates/universe amd64 libqt5qmlworkerscript5 amd64 5.15.13+dfsg-1ubuntu0.1 [33.6 kB]
Run Tests (3.10)	UNKNOWN STEP	2025-08-21T04:32:39.0657802Z Get:31 http://azure.archive.ubuntu.com/ubuntu noble-updates/universe amd64 qml-module-qtquick2 amd64 5.15.13+dfsg-1ubuntu0.1 [33.7 kB]
Run Tests (3.10)	UNKNOWN STEP	2025-08-21T04:32:39.1310943Z Get:32 http://azure.archive.ubuntu.com/ubuntu noble/universe amd64 qml-module-qtgraphicaleffects amd64 5.15.13-1 [74.4 kB]
Run Tests (3.10)	UNKNOWN STEP	2025-08-21T04:32:39.1969030Z Get:33 http://azure.archive.ubuntu.com/ubuntu noble-updates/universe amd64 qml-module-qtqml amd64 5.15.13+dfsg-1ubuntu0.1 [17.3 kB]
Run Tests (3.10)	UNKNOWN STEP	2025-08-21T04:32:39.2738284Z Get:34 http://azure.archive.ubuntu.com/ubuntu noble-updates/universe amd64 qml-module-qtqml-models2 amd64 5.15.13+dfsg-1ubuntu0.1 [18.1 kB]
Run Tests (3.10)	UNKNOWN STEP	2025-08-21T04:32:39.3386787Z Get:35 http://azure.archive.ubuntu.com/ubuntu noble-updates/universe amd64 qml-module-qtquick-layouts amd64 5.15.13+dfsg-1ubuntu0.1 [54.6 kB]
Run Tests (3.10)	UNKNOWN STEP	2025-08-21T04:32:39.4030056Z Get:36 http://azure.archive.ubuntu.com/ubuntu noble/universe amd64 libqt5widgets5t64 amd64 5.15.13+dfsg-1ubuntu1 [2561 kB]
Run Tests (3.10)	UNKNOWN STEP	2025-08-21T04:32:39.6530761Z Get:37 http://azure.archive.ubuntu.com/ubuntu noble/universe amd64 qml-module-qtquick-controls amd64 5.15.13-1 [574 kB]
Run Tests (3.10)	UNKNOWN STEP	2025-08-21T04:32:39.7806823Z Get:38 http://azure.archive.ubuntu.com/ubuntu noble/main amd64 desktop-file-utils amd64 0.27-2build1 [53.8 kB]
Run Tests (3.10)	UNKNOWN STEP	2025-08-21T04:32:39.8456125Z Get:39 http://azure.archive.ubuntu.com/ubuntu noble/universe amd64 fluid-soundfont-gm all 3.1-5.3 [130 MB]
Run Tests (3.10)	UNKNOWN STEP	2025-08-21T04:32:42.8751334Z Get:40 http://azure.archive.ubuntu.com/ubuntu noble/main amd64 libflac12t64 amd64 1.4.3+ds-2.1ubuntu2 [197 kB]
Run Tests (3.10)	UNKNOWN STEP	2025-08-21T04:32:42.9414590Z Get:41 http://azure.archive.ubuntu.com/ubuntu noble/main amd64 libmp3lame0 amd64 3.100-6build1 [142 kB]
Run Tests (3.10)	UNKNOWN STEP	2025-08-21T04:32:43.0064092Z Get:42 http://azure.archive.ubuntu.com/ubuntu noble-updates/main amd64 libmpg123-0t64 amd64 1.32.5-1ubuntu1.1 [169 kB]
Run Tests (3.10)	UNKNOWN STEP	2025-08-21T04:32:43.0722157Z Get:43 http://azure.archive.ubuntu.com/ubuntu noble/main amd64 libopus0 amd64 1.4-1build1 [208 kB]
Run Tests (3.10)	UNKNOWN STEP	2025-08-21T04:32:43.1388086Z Get:44 http://azure.archive.ubuntu.com/ubuntu noble/main amd64 libvorbisenc2 amd64 1.3.7-1build3 [80.8 kB]
Run Tests (3.10)	UNKNOWN STEP	2025-08-21T04:32:43.2033938Z Get:45 http://azure.archive.ubuntu.com/ubuntu noble-updates/main amd64 libsndfile1 amd64 1.2.2-1ubuntu5.24.04.1 [209 kB]
Run Tests (3.10)	UNKNOWN STEP	2025-08-21T04:32:43.2715040Z Get:46 http://azure.archive.ubuntu.com/ubuntu noble/universe amd64 libinstpatch-1.0-2 amd64 1.1.6-1build2 [251 kB]
Run Tests (3.10)	UNKNOWN STEP	2025-08-21T04:32:43.3399905Z Get:47 http://azure.archive.ubuntu.com/ubuntu noble/main amd64 libsamplerate0 amd64 0.2.2-4build1 [1344 kB]
Run Tests (3.10)	UNKNOWN STEP	2025-08-21T04:32:43.5364489Z Get:48 http://azure.archive.ubuntu.com/ubuntu noble/main amd64 libjack-jackd2-0 amd64 1.9.21~dfsg-3ubuntu3 [289 kB]
Run Tests (3.10)	UNKNOWN STEP	2025-08-21T04:32:43.6028934Z Get:49 http://azure.archive.ubuntu.com/ubuntu noble/main amd64 libwebrtc-audio-processing1 amd64 0.3.1-0ubuntu6 [290 kB]
Run Tests (3.10)	UNKNOWN STEP	2025-08-21T04:32:43.6709169Z Get:50 http://azure.archive.ubuntu.com/ubuntu noble-updates/main amd64 libspa-0.2-modules amd64 1.0.5-1ubuntu3.1 [626 kB]
Run Tests (3.10)	UNKNOWN STEP	2025-08-21T04:32:43.8026118Z Get:51 http://azure.archive.ubuntu.com/ubuntu noble-updates/main amd64 libpipewire-0.3-0t64 amd64 1.0.5-1ubuntu3.1 [252 kB]
Run Tests (3.10)	UNKNOWN STEP	2025-08-21T04:32:43.8706350Z Get:52 http://azure.archive.ubuntu.com/ubuntu noble/main amd64 libasyncns0 amd64 0.8-6build4 [11.3 kB]
Run Tests (3.10)	UNKNOWN STEP	2025-08-21T04:32:43.9352411Z Get:53 http://azure.archive.ubuntu.com/ubuntu noble-updates/main amd64 libpulse0 amd64 1:16.1+dfsg1-2ubuntu10.1 [292 kB]
Run Tests (3.10)	UNKNOWN STEP	2025-08-21T04:32:44.0033808Z Get:54 http://azure.archive.ubuntu.com/ubuntu noble/main amd64 libdecor-0-0 amd64 0.2.2-1build2 [16.5 kB]
Run Tests (3.10)	UNKNOWN STEP	2025-08-21T04:32:44.0681556Z Get:55 http://azure.archive.ubuntu.com/ubuntu noble-updates/main amd64 libsdl2-2.0-0 amd64 2.30.0+dfsg-1ubuntu3.1 [686 kB]
Run Tests (3.10)	UNKNOWN STEP	2025-08-21T04:32:44.1975225Z Get:56 http://azure.archive.ubuntu.com/ubuntu noble/universe amd64 timgm6mb-soundfont all 1.3-5 [5427 kB]
Run Tests (3.10)	UNKNOWN STEP	2025-08-21T04:32:44.5771412Z Get:57 http://azure.archive.ubuntu.com/ubuntu noble/universe amd64 musescore-general-soundfont-small all 0.2.1-1 [34.1 MB]
Run Tests (3.10)	UNKNOWN STEP	2025-08-21T04:32:45.5922141Z Get:58 http://azure.archive.ubuntu.com/ubuntu noble/universe amd64 libfluidsynth3 amd64 2.3.4-1build3 [249 kB]
Run Tests (3.10)	UNKNOWN STEP	2025-08-21T04:32:45.6588505Z Get:59 http://azure.archive.ubuntu.com/ubuntu noble/universe amd64 fluidsynth amd64 2.3.4-1build3 [27.4 kB]
Run Tests (3.10)	UNKNOWN STEP	2025-08-21T04:32:45.7221247Z Get:60 http://azure.archive.ubuntu.com/ubuntu noble/main amd64 fonts-freefont-ttf all 20211204+svn4273-2 [5641 kB]
Run Tests (3.10)	UNKNOWN STEP	2025-08-21T04:32:46.1076423Z Get:61 http://azure.archive.ubuntu.com/ubuntu noble/universe amd64 libb2-1 amd64 0.98.1-1.1build1 [45.0 kB]
Run Tests (3.10)	UNKNOWN STEP	2025-08-21T04:32:46.1735310Z Get:62 http://azure.archive.ubuntu.com/ubuntu noble/main amd64 libdecor-0-plugin-1-gtk amd64 0.2.2-1build2 [22.2 kB]
Run Tests (3.10)	UNKNOWN STEP	2025-08-21T04:32:46.2373558Z Get:63 http://azure.archive.ubuntu.com/ubuntu noble-updates/main amd64 libpipewire-0.3-common all 1.0.5-1ubuntu3.1 [18.9 kB]
Run Tests (3.10)	UNKNOWN STEP	2025-08-21T04:32:46.3012692Z Get:64 http://azure.archive.ubuntu.com/ubuntu noble-updates/main amd64 libpoppler134 amd64 24.02.0-1ubuntu9.6 [1118 kB]
Run Tests (3.10)	UNKNOWN STEP	2025-08-21T04:32:46.4332412Z Get:65 http://azure.archive.ubuntu.com/ubuntu noble/universe amd64 libqt5xml5t64 amd64 5.15.13+dfsg-1ubuntu1 [124 kB]
Run Tests (3.10)	UNKNOWN STEP	2025-08-21T04:32:46.4985962Z Get:66 http://azure.archive.ubuntu.com/ubuntu noble-updates/universe amd64 libpoppler-qt5-1t64 amd64 24.02.0-1ubuntu9.6 [177 kB]
Run Tests (3.10)	UNKNOWN STEP	2025-08-21T04:32:46.5632544Z Get:67 http://azure.archive.ubuntu.com/ubuntu noble/universe amd64 libportaudio2 amd64 19.6.0-1.2build3 [67.9 kB]
Run Tests (3.10)	UNKNOWN STEP	2025-08-21T04:32:46.6422817Z Get:68 http://azure.archive.ubuntu.com/ubuntu noble/universe amd64 libportmidi0 amd64 1:217-6.1build3 [18.1 kB]
Run Tests (3.10)	UNKNOWN STEP	2025-08-21T04:32:46.7053671Z Get:69 http://azure.archive.ubuntu.com/ubuntu noble/main amd64 libproxy1v5 amd64 0.5.4-4build1 [26.5 kB]
Run Tests (3.10)	UNKNOWN STEP	2025-08-21T04:32:46.7685551Z Get:70 http://azure.archive.ubuntu.com/ubuntu noble/universe amd64 libqt5sql5t64 amd64 5.15.13+dfsg-1ubuntu1 [122 kB]
Run Tests (3.10)	UNKNOWN STEP	2025-08-21T04:32:46.8346697Z Get:71 http://azure.archive.ubuntu.com/ubuntu noble/universe amd64 libqt5help5 amd64 5.15.13-1 [161 kB]
Run Tests (3.10)	UNKNOWN STEP	2025-08-21T04:32:46.8995273Z Get:72 http://azure.archive.ubuntu.com/ubuntu noble/universe amd64 libqt5printsupport5t64 amd64 5.15.13+dfsg-1ubuntu1 [208 kB]
Run Tests (3.10)	UNKNOWN STEP	2025-08-21T04:32:46.9657073Z Get:73 http://azure.archive.ubuntu.com/ubuntu noble/universe amd64 libqt5sql5-sqlite amd64 5.15.13+dfsg-1ubuntu1 [51.5 kB]
Run Tests (3.10)	UNKNOWN STEP	2025-08-21T04:32:47.0301145Z Get:74 http://azure.archive.ubuntu.com/ubuntu noble/universe amd64 libqt5svg5 amd64 5.15.13-1 [146 kB]
Run Tests (3.10)	UNKNOWN STEP	2025-08-21T04:32:47.1817295Z Get:75 http://azure.archive.ubuntu.com/ubuntu noble/universe amd64 libqt5waylandclient5 amd64 5.15.13-1 [405 kB]
Run Tests (3.10)	UNKNOWN STEP	2025-08-21T04:32:47.9165724Z Get:76 http://azure.archive.ubuntu.com/ubuntu noble/universe amd64 libqt5waylandcompositor5 amd64 5.15.13-1 [396 kB]
Run Tests (3.10)	UNKNOWN STEP	2025-08-21T04:32:48.3471008Z Get:77 http://azure.archive.ubuntu.com/ubuntu noble/universe amd64 libqt5xmlpatterns5 amd64 5.15.13-1 [899 kB]
Run Tests (3.10)	UNKNOWN STEP	2025-08-21T04:32:48.8283753Z Get:78 http://azure.archive.ubuntu.com/ubuntu noble/universe amd64 libqt6core6t64 amd64 6.4.2+dfsg-21.1build5 [1789 kB]
Run Tests (3.10)	UNKNOWN STEP	2025-08-21T04:32:49.3833156Z Get:79 http://azure.archive.ubuntu.com/ubuntu noble/universe amd64 libqt6dbus6t64 amd64 6.4.2+dfsg-21.1build5 [267 kB]
Run Tests (3.10)	UNKNOWN STEP	2025-08-21T04:32:49.5254989Z Get:80 http://azure.archive.ubuntu.com/ubuntu noble/main amd64 libopengl0 amd64 1.7.0-1build1 [32.8 kB]
Run Tests (3.10)	UNKNOWN STEP	2025-08-21T04:32:49.5961213Z Get:81 http://azure.archive.ubuntu.com/ubuntu noble/universe amd64 libts0t64 amd64 1.22-1.1build1 [63.8 kB]
Run Tests (3.10)	UNKNOWN STEP	2025-08-21T04:32:49.6611851Z Get:82 http://azure.archive.ubuntu.com/ubuntu noble/universe amd64 libqt6gui6t64 amd64 6.4.2+dfsg-21.1build5 [3119 kB]
Run Tests (3.10)	UNKNOWN STEP	2025-08-21T04:32:49.9966452Z Get:83 http://azure.archive.ubuntu.com/ubuntu noble/universe amd64 libqt6network6t64 amd64 6.4.2+dfsg-21.1build5 [740 kB]
Run Tests (3.10)	UNKNOWN STEP	2025-08-21T04:32:50.1262061Z Get:84 http://azure.archive.ubuntu.com/ubuntu noble/universe amd64 libqt6opengl6t64 amd64 6.4.2+dfsg-21.1build5 [420 kB]
Run Tests (3.10)	UNKNOWN STEP	2025-08-21T04:32:50.2515135Z Get:85 http://azure.archive.ubuntu.com/ubuntu noble/universe amd64 libqt6qml6 amd64 6.4.2+dfsg-4build3 [1619 kB]
Run Tests (3.10)	UNKNOWN STEP	2025-08-21T04:32:50.4504413Z Get:86 http://azure.archive.ubuntu.com/ubuntu noble/universe amd64 libqt6qmlmodels6 amd64 6.4.2+dfsg-4build3 [267 kB]
Run Tests (3.10)	UNKNOWN STEP	2025-08-21T04:32:50.5165002Z Get:87 http://azure.archive.ubuntu.com/ubuntu noble/universe amd64 libqt6quick6 amd64 6.4.2+dfsg-4build3 [2001 kB]
Run Tests (3.10)	UNKNOWN STEP	2025-08-21T04:32:50.7156864Z Get:88 http://azure.archive.ubuntu.com/ubuntu noble/universe amd64 libqt6waylandclient6 amd64 6.4.2-5build3 [251 kB]
Run Tests (3.10)	UNKNOWN STEP	2025-08-21T04:32:50.7808451Z Get:89 http://azure.archive.ubuntu.com/ubuntu noble/universe amd64 libqt6waylandcompositor6 amd64 6.4.2-5build3 [427 kB]
Run Tests (3.10)	UNKNOWN STEP	2025-08-21T04:32:50.9072632Z Get:90 http://azure.archive.ubuntu.com/ubuntu noble/universe amd64 libqt6waylandeglclienthwintegration6 amd64 6.4.2-5build3 [19.5 kB]
Run Tests (3.10)	UNKNOWN STEP	2025-08-21T04:32:50.9704550Z Get:91 http://azure.archive.ubuntu.com/ubuntu noble/universe amd64 libqt6waylandeglcompositorhwintegration6 amd64 6.4.2-5build3 [15.2 kB]
Run Tests (3.10)	UNKNOWN STEP	2025-08-21T04:32:51.0341390Z Get:92 http://azure.archive.ubuntu.com/ubuntu noble/universe amd64 libqt6widgets6t64 amd64 6.4.2+dfsg-21.1build5 [2648 kB]
Run Tests (3.10)	UNKNOWN STEP	2025-08-21T04:32:51.2860790Z Get:93 http://azure.archive.ubuntu.com/ubuntu noble/universe amd64 libqt6wlshellintegration6 amd64 6.4.2-5build3 [38.0 kB]
Run Tests (3.10)	UNKNOWN STEP	2025-08-21T04:32:51.3509423Z Get:94 http://azure.archive.ubuntu.com/ubuntu noble-updates/universe amd64 qml-module-qt-labs-folderlistmodel amd64 5.15.13+dfsg-1ubuntu0.1 [35.9 kB]
Run Tests (3.10)	UNKNOWN STEP	2025-08-21T04:32:51.4157105Z Get:95 http://azure.archive.ubuntu.com/ubuntu noble-updates/universe amd64 qml-module-qt-labs-settings amd64 5.15.13+dfsg-1ubuntu0.1 [26.4 kB]
Run Tests (3.10)	UNKNOWN STEP	2025-08-21T04:32:51.4830899Z Get:96 http://azure.archive.ubuntu.com/ubuntu noble/universe amd64 qml-module-qtquick-privatewidgets amd64 5.15.13-1 [48.1 kB]
Run Tests (3.10)	UNKNOWN STEP	2025-08-21T04:32:51.5483864Z Get:97 http://azure.archive.ubuntu.com/ubuntu noble/universe amd64 qml-module-qtquick-dialogs amd64 5.15.13-1 [132 kB]
Run Tests (3.10)	UNKNOWN STEP	2025-08-21T04:32:51.6168849Z Get:98 http://azure.archive.ubuntu.com/ubuntu noble/universe amd64 musescore3-common all 3.2.3+dfsg2-16build5 [3739 kB]
Run Tests (3.10)	UNKNOWN STEP	2025-08-21T04:32:51.9985570Z Get:99 http://azure.archive.ubuntu.com/ubuntu noble/universe amd64 musescore3 amd64 3.2.3+dfsg2-16build5 [8014 kB]
Run Tests (3.10)	UNKNOWN STEP	2025-08-21T04:32:52.3845850Z Get:100 http://azure.archive.ubuntu.com/ubuntu noble/universe amd64 qsynth amd64 0.9.13-1build3 [306 kB]
Run Tests (3.10)	UNKNOWN STEP	2025-08-21T04:32:52.4503630Z Get:101 http://azure.archive.ubuntu.com/ubuntu noble/universe amd64 qt5-gtk-platformtheme amd64 5.15.13+dfsg-1ubuntu1 [125 kB]
Run Tests (3.10)	UNKNOWN STEP	2025-08-21T04:32:52.5161625Z Get:102 http://azure.archive.ubuntu.com/ubuntu noble/universe amd64 qt6-gtk-platformtheme amd64 6.4.2+dfsg-21.1build5 [55.1 kB]
Run Tests (3.10)	UNKNOWN STEP	2025-08-21T04:32:52.5832159Z Get:103 http://azure.archive.ubuntu.com/ubuntu noble/universe amd64 qt6-qpa-plugins amd64 6.4.2+dfsg-21.1build5 [89.3 kB]
Run Tests (3.10)	UNKNOWN STEP	2025-08-21T04:32:52.6489333Z Get:104 http://azure.archive.ubuntu.com/ubuntu noble/universe amd64 qt6-translations-l10n all 6.4.2-1 [1761 kB]
Run Tests (3.10)	UNKNOWN STEP	2025-08-21T04:32:52.9025889Z Get:105 http://azure.archive.ubuntu.com/ubuntu noble/universe amd64 qt6-wayland amd64 6.4.2-5build3 [127 kB]
Run Tests (3.10)	UNKNOWN STEP	2025-08-21T04:32:52.9684464Z Get:106 http://azure.archive.ubuntu.com/ubuntu noble/universe amd64 qttranslations5-l10n all 5.15.13-1 [1964 kB]
Run Tests (3.10)	UNKNOWN STEP	2025-08-21T04:32:53.1723199Z Get:107 http://azure.archive.ubuntu.com/ubuntu noble/universe amd64 qtwayland5 amd64 5.15.13-1 [223 kB]
Run Tests (3.10)	UNKNOWN STEP	2025-08-21T04:32:53.5217806Z Fetched 231 MB in 17s (13.2 MB/s)
Run Tests (3.10)	UNKNOWN STEP	2025-08-21T04:32:53.5478265Z Selecting previously unselected package poppler-data.
Run Tests (3.10)	UNKNOWN STEP	2025-08-21T04:32:53.5707687Z (Reading database ... 
Run Tests (3.10)	UNKNOWN STEP	2025-08-21T04:32:53.5708225Z (Reading database ... 5%
Run Tests (3.10)	UNKNOWN STEP	2025-08-21T04:32:53.5708669Z (Reading database ... 10%
Run Tests (3.10)	UNKNOWN STEP	2025-08-21T04:32:53.5709157Z (Reading database ... 15%
Run Tests (3.10)	UNKNOWN STEP	2025-08-21T04:32:53.5709432Z (Reading database ... 20%
Run Tests (3.10)	UNKNOWN STEP	2025-08-21T04:32:53.5709877Z (Reading database ... 25%
Run Tests (3.10)	UNKNOWN STEP	2025-08-21T04:32:53.5710294Z (Reading database ... 30%
Run Tests (3.10)	UNKNOWN STEP	2025-08-21T04:32:53.5710730Z (Reading database ... 35%
Run Tests (3.10)	UNKNOWN STEP	2025-08-21T04:32:53.5711155Z (Reading database ... 40%
Run Tests (3.10)	UNKNOWN STEP	2025-08-21T04:32:53.5711571Z (Reading database ... 45%
Run Tests (3.10)	UNKNOWN STEP	2025-08-21T04:32:53.5711991Z (Reading database ... 50%
Run Tests (3.10)	UNKNOWN STEP	2025-08-21T04:32:53.5794579Z (Reading database ... 55%
Run Tests (3.10)	UNKNOWN STEP	2025-08-21T04:32:53.6142284Z (Reading database ... 60%
Run Tests (3.10)	UNKNOWN STEP	2025-08-21T04:32:53.6383508Z (Reading database ... 65%
Run Tests (3.10)	UNKNOWN STEP	2025-08-21T04:32:53.6667979Z (Reading database ... 70%
Run Tests (3.10)	UNKNOWN STEP	2025-08-21T04:32:53.6909022Z (Reading database ... 75%
Run Tests (3.10)	UNKNOWN STEP	2025-08-21T04:32:53.7271232Z (Reading database ... 80%
Run Tests (3.10)	UNKNOWN STEP	2025-08-21T04:32:53.7705164Z (Reading database ... 85%
Run Tests (3.10)	UNKNOWN STEP	2025-08-21T04:32:53.8010467Z (Reading database ... 90%
Run Tests (3.10)	UNKNOWN STEP	2025-08-21T04:32:53.8514600Z (Reading database ... 95%
Run Tests (3.10)	UNKNOWN STEP	2025-08-21T04:32:53.8514954Z (Reading database ... 100%
Run Tests (3.10)	UNKNOWN STEP	2025-08-21T04:32:53.8515288Z (Reading database ... 219830 files and directories currently installed.)
Run Tests (3.10)	UNKNOWN STEP	2025-08-21T04:32:53.8556014Z Preparing to unpack .../000-poppler-data_0.4.12-1_all.deb ...
Run Tests (3.10)	UNKNOWN STEP	2025-08-21T04:32:53.8583981Z Unpacking poppler-data (0.4.12-1) ...
Run Tests (3.10)	UNKNOWN STEP	2025-08-21T04:32:53.9940397Z Selecting previously unselected package libdouble-conversion3:amd64.
Run Tests (3.10)	UNKNOWN STEP	2025-08-21T04:32:54.0076801Z Preparing to unpack .../001-libdouble-conversion3_3.3.0-1build1_amd64.deb ...
Run Tests (3.10)	UNKNOWN STEP	2025-08-21T04:32:54.0098279Z Unpacking libdouble-conversion3:amd64 (3.3.0-1build1) ...
Run Tests (3.10)	UNKNOWN STEP	2025-08-21T04:32:54.0481563Z Selecting previously unselected package libqt5core5t64:amd64.
Run Tests (3.10)	UNKNOWN STEP	2025-08-21T04:32:54.0614612Z Preparing to unpack .../002-libqt5core5t64_5.15.13+dfsg-1ubuntu1_amd64.deb ...
Run Tests (3.10)	UNKNOWN STEP	2025-08-21T04:32:54.0630019Z Unpacking libqt5core5t64:amd64 (5.15.13+dfsg-1ubuntu1) ...
Run Tests (3.10)	UNKNOWN STEP	2025-08-21T04:32:54.1140723Z Selecting previously unselected package libegl-mesa0:amd64.
Run Tests (3.10)	UNKNOWN STEP	2025-08-21T04:32:54.1274892Z Preparing to unpack .../003-libegl-mesa0_25.0.7-0ubuntu0.24.04.1_amd64.deb ...
Run Tests (3.10)	UNKNOWN STEP	2025-08-21T04:32:54.1289276Z Unpacking libegl-mesa0:amd64 (25.0.7-0ubuntu0.24.04.1) ...
Run Tests (3.10)	UNKNOWN STEP	2025-08-21T04:32:54.1568151Z Selecting previously unselected package libegl1:amd64.
Run Tests (3.10)	UNKNOWN STEP	2025-08-21T04:32:54.1702520Z Preparing to unpack .../004-libegl1_1.7.0-1build1_amd64.deb ...
Run Tests (3.10)	UNKNOWN STEP	2025-08-21T04:32:54.1715016Z Unpacking libegl1:amd64 (1.7.0-1build1) ...
Run Tests (3.10)	UNKNOWN STEP	2025-08-21T04:32:54.1959742Z Selecting previously unselected package libmtdev1t64:amd64.
Run Tests (3.10)	UNKNOWN STEP	2025-08-21T04:32:54.2090542Z Preparing to unpack .../005-libmtdev1t64_1.1.6-1.1build1_amd64.deb ...
Run Tests (3.10)	UNKNOWN STEP	2025-08-21T04:32:54.2111575Z Unpacking libmtdev1t64:amd64 (1.1.6-1.1build1) ...
Run Tests (3.10)	UNKNOWN STEP	2025-08-21T04:32:54.2357419Z Selecting previously unselected package libwacom-common.
Run Tests (3.10)	UNKNOWN STEP	2025-08-21T04:32:54.2488998Z Preparing to unpack .../006-libwacom-common_2.10.0-2_all.deb ...
Run Tests (3.10)	UNKNOWN STEP	2025-08-21T04:32:54.2502748Z Unpacking libwacom-common (2.10.0-2) ...
Run Tests (3.10)	UNKNOWN STEP	2025-08-21T04:32:54.3487391Z Selecting previously unselected package libwacom9:amd64.
Run Tests (3.10)	UNKNOWN STEP	2025-08-21T04:32:54.3622926Z Preparing to unpack .../007-libwacom9_2.10.0-2_amd64.deb ...
Run Tests (3.10)	UNKNOWN STEP	2025-08-21T04:32:54.3636804Z Unpacking libwacom9:amd64 (2.10.0-2) ...
Run Tests (3.10)	UNKNOWN STEP	2025-08-21T04:32:54.3869518Z Selecting previously unselected package libinput-bin.
Run Tests (3.10)	UNKNOWN STEP	2025-08-21T04:32:54.3999546Z Preparing to unpack .../008-libinput-bin_1.25.0-1ubuntu3.1_amd64.deb ...
Run Tests (3.10)	UNKNOWN STEP	2025-08-21T04:32:54.4010404Z Unpacking libinput-bin (1.25.0-1ubuntu3.1) ...
Run Tests (3.10)	UNKNOWN STEP	2025-08-21T04:32:54.4340519Z Selecting previously unselected package libinput10:amd64.
Run Tests (3.10)	UNKNOWN STEP	2025-08-21T04:32:54.4471289Z Preparing to unpack .../009-libinput10_1.25.0-1ubuntu3.1_amd64.deb ...
Run Tests (3.10)	UNKNOWN STEP	2025-08-21T04:32:54.4487633Z Unpacking libinput10:amd64 (1.25.0-1ubuntu3.1) ...
Run Tests (3.10)	UNKNOWN STEP	2025-08-21T04:32:54.4747873Z Selecting previously unselected package libmd4c0:amd64.
Run Tests (3.10)	UNKNOWN STEP	2025-08-21T04:32:54.4879695Z Preparing to unpack .../010-libmd4c0_0.4.8-1build1_amd64.deb ...
Run Tests (3.10)	UNKNOWN STEP	2025-08-21T04:32:54.4900243Z Unpacking libmd4c0:amd64 (0.4.8-1build1) ...
Run Tests (3.10)	UNKNOWN STEP	2025-08-21T04:32:54.5164213Z Selecting previously unselected package libqt5dbus5t64:amd64.
Run Tests (3.10)	UNKNOWN STEP	2025-08-21T04:32:54.5295390Z Preparing to unpack .../011-libqt5dbus5t64_5.15.13+dfsg-1ubuntu1_amd64.deb ...
Run Tests (3.10)	UNKNOWN STEP	2025-08-21T04:32:54.5311173Z Unpacking libqt5dbus5t64:amd64 (5.15.13+dfsg-1ubuntu1) ...
Run Tests (3.10)	UNKNOWN STEP	2025-08-21T04:32:54.5610879Z Selecting previously unselected package libqt5network5t64:amd64.
Run Tests (3.10)	UNKNOWN STEP	2025-08-21T04:32:54.5741595Z Preparing to unpack .../012-libqt5network5t64_5.15.13+dfsg-1ubuntu1_amd64.deb ...
Run Tests (3.10)	UNKNOWN STEP	2025-08-21T04:32:54.5753455Z Unpacking libqt5network5t64:amd64 (5.15.13+dfsg-1ubuntu1) ...
Run Tests (3.10)	UNKNOWN STEP	2025-08-21T04:32:54.6117120Z Selecting previously unselected package libxcb-icccm4:amd64.
Run Tests (3.10)	UNKNOWN STEP	2025-08-21T04:32:54.6249872Z Preparing to unpack .../013-libxcb-icccm4_0.4.1-1.1build3_amd64.deb ...
Run Tests (3.10)	UNKNOWN STEP	2025-08-21T04:32:54.6272770Z Unpacking libxcb-icccm4:amd64 (0.4.1-1.1build3) ...
Run Tests (3.10)	UNKNOWN STEP	2025-08-21T04:32:54.6526906Z Selecting previously unselected package libxcb-util1:amd64.
Run Tests (3.10)	UNKNOWN STEP	2025-08-21T04:32:54.6657354Z Preparing to unpack .../014-libxcb-util1_0.4.0-1build3_amd64.deb ...
Run Tests (3.10)	UNKNOWN STEP	2025-08-21T04:32:54.6674506Z Unpacking libxcb-util1:amd64 (0.4.0-1build3) ...
Run Tests (3.10)	UNKNOWN STEP	2025-08-21T04:32:54.6920392Z Selecting previously unselected package libxcb-image0:amd64.
Run Tests (3.10)	UNKNOWN STEP	2025-08-21T04:32:54.7049802Z Preparing to unpack .../015-libxcb-image0_0.4.0-2build1_amd64.deb ...
Run Tests (3.10)	UNKNOWN STEP	2025-08-21T04:32:54.7068729Z Unpacking libxcb-image0:amd64 (0.4.0-2build1) ...
Run Tests (3.10)	UNKNOWN STEP	2025-08-21T04:32:54.7311548Z Selecting previously unselected package libxcb-keysyms1:amd64.
Run Tests (3.10)	UNKNOWN STEP	2025-08-21T04:32:54.7440355Z Preparing to unpack .../016-libxcb-keysyms1_0.4.0-1build4_amd64.deb ...
Run Tests (3.10)	UNKNOWN STEP	2025-08-21T04:32:54.7451827Z Unpacking libxcb-keysyms1:amd64 (0.4.0-1build4) ...
Run Tests (3.10)	UNKNOWN STEP	2025-08-21T04:32:54.7706102Z Selecting previously unselected package libxcb-render-util0:amd64.
Run Tests (3.10)	UNKNOWN STEP	2025-08-21T04:32:54.7833401Z Preparing to unpack .../017-libxcb-render-util0_0.3.9-1build4_amd64.deb ...
Run Tests (3.10)	UNKNOWN STEP	2025-08-21T04:32:54.7849952Z Unpacking libxcb-render-util0:amd64 (0.3.9-1build4) ...
Run Tests (3.10)	UNKNOWN STEP	2025-08-21T04:32:54.8106987Z Selecting previously unselected package libxcb-shape0:amd64.
Run Tests (3.10)	UNKNOWN STEP	2025-08-21T04:32:54.8236039Z Preparing to unpack .../018-libxcb-shape0_1.15-1ubuntu2_amd64.deb ...
Run Tests (3.10)	UNKNOWN STEP	2025-08-21T04:32:54.8250003Z Unpacking libxcb-shape0:amd64 (1.15-1ubuntu2) ...
Run Tests (3.10)	UNKNOWN STEP	2025-08-21T04:32:54.8532690Z Selecting previously unselected package libxcb-xinerama0:amd64.
Run Tests (3.10)	UNKNOWN STEP	2025-08-21T04:32:54.8661988Z Preparing to unpack .../019-libxcb-xinerama0_1.15-1ubuntu2_amd64.deb ...
Run Tests (3.10)	UNKNOWN STEP	2025-08-21T04:32:54.8677084Z Unpacking libxcb-xinerama0:amd64 (1.15-1ubuntu2) ...
Run Tests (3.10)	UNKNOWN STEP	2025-08-21T04:32:54.8929835Z Selecting previously unselected package libxcb-xinput0:amd64.
Run Tests (3.10)	UNKNOWN STEP	2025-08-21T04:32:54.9058092Z Preparing to unpack .../020-libxcb-xinput0_1.15-1ubuntu2_amd64.deb ...
Run Tests (3.10)	UNKNOWN STEP	2025-08-21T04:32:54.9076568Z Unpacking libxcb-xinput0:amd64 (1.15-1ubuntu2) ...
Run Tests (3.10)	UNKNOWN STEP	2025-08-21T04:32:54.9335870Z Selecting previously unselected package libxcb-xkb1:amd64.
Run Tests (3.10)	UNKNOWN STEP	2025-08-21T04:32:54.9463077Z Preparing to unpack .../021-libxcb-xkb1_1.15-1ubuntu2_amd64.deb ...
Run Tests (3.10)	UNKNOWN STEP	2025-08-21T04:32:54.9476233Z Unpacking libxcb-xkb1:amd64 (1.15-1ubuntu2) ...
Run Tests (3.10)	UNKNOWN STEP	2025-08-21T04:32:54.9755540Z Selecting previously unselected package libxkbcommon-x11-0:amd64.
Run Tests (3.10)	UNKNOWN STEP	2025-08-21T04:32:54.9883042Z Preparing to unpack .../022-libxkbcommon-x11-0_1.6.0-1build1_amd64.deb ...
Run Tests (3.10)	UNKNOWN STEP	2025-08-21T04:32:54.9896595Z Unpacking libxkbcommon-x11-0:amd64 (1.6.0-1build1) ...
Run Tests (3.10)	UNKNOWN STEP	2025-08-21T04:32:55.0133960Z Selecting previously unselected package libqt5gui5t64:amd64.
Run Tests (3.10)	UNKNOWN STEP	2025-08-21T04:32:55.0261799Z Preparing to unpack .../023-libqt5gui5t64_5.15.13+dfsg-1ubuntu1_amd64.deb ...
Run Tests (3.10)	UNKNOWN STEP	2025-08-21T04:32:55.0277068Z Unpacking libqt5gui5t64:amd64 (5.15.13+dfsg-1ubuntu1) ...
Run Tests (3.10)	UNKNOWN STEP	2025-08-21T04:32:55.1116058Z Selecting previously unselected package libqt5qml5:amd64.
Run Tests (3.10)	UNKNOWN STEP	2025-08-21T04:32:55.1251594Z Preparing to unpack .../024-libqt5qml5_5.15.13+dfsg-1ubuntu0.1_amd64.deb ...
Run Tests (3.10)	UNKNOWN STEP	2025-08-21T04:32:55.1267872Z Unpacking libqt5qml5:amd64 (5.15.13+dfsg-1ubuntu0.1) ...
Run Tests (3.10)	UNKNOWN STEP	2025-08-21T04:32:55.1689437Z Selecting previously unselected package libqt5qmlmodels5:amd64.
Run Tests (3.10)	UNKNOWN STEP	2025-08-21T04:32:55.1824877Z Preparing to unpack .../025-libqt5qmlmodels5_5.15.13+dfsg-1ubuntu0.1_amd64.deb ...
Run Tests (3.10)	UNKNOWN STEP	2025-08-21T04:32:55.1838074Z Unpacking libqt5qmlmodels5:amd64 (5.15.13+dfsg-1ubuntu0.1) ...
Run Tests (3.10)	UNKNOWN STEP	2025-08-21T04:32:55.2143871Z Selecting previously unselected package libqt5quick5:amd64.
Run Tests (3.10)	UNKNOWN STEP	2025-08-21T04:32:55.2277072Z Preparing to unpack .../026-libqt5quick5_5.15.13+dfsg-1ubuntu0.1_amd64.deb ...
Run Tests (3.10)	UNKNOWN STEP	2025-08-21T04:32:55.2289228Z Unpacking libqt5quick5:amd64 (5.15.13+dfsg-1ubuntu0.1) ...
Run Tests (3.10)	UNKNOWN STEP	2025-08-21T04:32:55.2739136Z Selecting previously unselected package qml-module-qtquick-window2:amd64.
Run Tests (3.10)	UNKNOWN STEP	2025-08-21T04:32:55.2872768Z Preparing to unpack .../027-qml-module-qtquick-window2_5.15.13+dfsg-1ubuntu0.1_amd64.deb ...
Run Tests (3.10)	UNKNOWN STEP	2025-08-21T04:32:55.2884181Z Unpacking qml-module-qtquick-window2:amd64 (5.15.13+dfsg-1ubuntu0.1) ...
Run Tests (3.10)	UNKNOWN STEP	2025-08-21T04:32:55.3123558Z Selecting previously unselected package libqt5qmlworkerscript5:amd64.
Run Tests (3.10)	UNKNOWN STEP	2025-08-21T04:32:55.3256850Z Preparing to unpack .../028-libqt5qmlworkerscript5_5.15.13+dfsg-1ubuntu0.1_amd64.deb ...
Run Tests (3.10)	UNKNOWN STEP	2025-08-21T04:32:55.3282371Z Unpacking libqt5qmlworkerscript5:amd64 (5.15.13+dfsg-1ubuntu0.1) ...
Run Tests (3.10)	UNKNOWN STEP	2025-08-21T04:32:55.3508894Z Selecting previously unselected package qml-module-qtquick2:amd64.
Run Tests (3.10)	UNKNOWN STEP	2025-08-21T04:32:55.3641728Z Preparing to unpack .../029-qml-module-qtquick2_5.15.13+dfsg-1ubuntu0.1_amd64.deb ...
Run Tests (3.10)	UNKNOWN STEP	2025-08-21T04:32:55.3659686Z Unpacking qml-module-qtquick2:amd64 (5.15.13+dfsg-1ubuntu0.1) ...
Run Tests (3.10)	UNKNOWN STEP	2025-08-21T04:32:55.3886063Z Selecting previously unselected package qml-module-qtgraphicaleffects:amd64.
Run Tests (3.10)	UNKNOWN STEP	2025-08-21T04:32:55.4016533Z Preparing to unpack .../030-qml-module-qtgraphicaleffects_5.15.13-1_amd64.deb ...
Run Tests (3.10)	UNKNOWN STEP	2025-08-21T04:32:55.4029172Z Unpacking qml-module-qtgraphicaleffects:amd64 (5.15.13-1) ...
Run Tests (3.10)	UNKNOWN STEP	2025-08-21T04:32:55.4340028Z Selecting previously unselected package qml-module-qtqml:amd64.
Run Tests (3.10)	UNKNOWN STEP	2025-08-21T04:32:55.4472066Z Preparing to unpack .../031-qml-module-qtqml_5.15.13+dfsg-1ubuntu0.1_amd64.deb ...
Run Tests (3.10)	UNKNOWN STEP	2025-08-21T04:32:55.4483804Z Unpacking qml-module-qtqml:amd64 (5.15.13+dfsg-1ubuntu0.1) ...
Run Tests (3.10)	UNKNOWN STEP	2025-08-21T04:32:55.4712419Z Selecting previously unselected package qml-module-qtqml-models2:amd64.
Run Tests (3.10)	UNKNOWN STEP	2025-08-21T04:32:55.4842759Z Preparing to unpack .../032-qml-module-qtqml-models2_5.15.13+dfsg-1ubuntu0.1_amd64.deb ...
Run Tests (3.10)	UNKNOWN STEP	2025-08-21T04:32:55.4856107Z Unpacking qml-module-qtqml-models2:amd64 (5.15.13+dfsg-1ubuntu0.1) ...
Run Tests (3.10)	UNKNOWN STEP	2025-08-21T04:32:55.5082081Z Selecting previously unselected package qml-module-qtquick-layouts:amd64.
Run Tests (3.10)	UNKNOWN STEP	2025-08-21T04:32:55.5207857Z Preparing to unpack .../033-qml-module-qtquick-layouts_5.15.13+dfsg-1ubuntu0.1_amd64.deb ...
Run Tests (3.10)	UNKNOWN STEP	2025-08-21T04:32:55.5221382Z Unpacking qml-module-qtquick-layouts:amd64 (5.15.13+dfsg-1ubuntu0.1) ...
Run Tests (3.10)	UNKNOWN STEP	2025-08-21T04:32:55.5480543Z Selecting previously unselected package libqt5widgets5t64:amd64.
Run Tests (3.10)	UNKNOWN STEP	2025-08-21T04:32:55.5607868Z Preparing to unpack .../034-libqt5widgets5t64_5.15.13+dfsg-1ubuntu1_amd64.deb ...
Run Tests (3.10)	UNKNOWN STEP	2025-08-21T04:32:55.5619769Z Unpacking libqt5widgets5t64:amd64 (5.15.13+dfsg-1ubuntu1) ...
Run Tests (3.10)	UNKNOWN STEP	2025-08-21T04:32:55.6115257Z Selecting previously unselected package qml-module-qtquick-controls:amd64.
Run Tests (3.10)	UNKNOWN STEP	2025-08-21T04:32:55.6249646Z Preparing to unpack .../035-qml-module-qtquick-controls_5.15.13-1_amd64.deb ...
Run Tests (3.10)	UNKNOWN STEP	2025-08-21T04:32:55.6267023Z Unpacking qml-module-qtquick-controls:amd64 (5.15.13-1) ...
Run Tests (3.10)	UNKNOWN STEP	2025-08-21T04:32:55.7012672Z Selecting previously unselected package desktop-file-utils.
Run Tests (3.10)	UNKNOWN STEP	2025-08-21T04:32:55.7146281Z Preparing to unpack .../036-desktop-file-utils_0.27-2build1_amd64.deb ...
Run Tests (3.10)	UNKNOWN STEP	2025-08-21T04:32:55.7159764Z Unpacking desktop-file-utils (0.27-2build1) ...
Run Tests (3.10)	UNKNOWN STEP	2025-08-21T04:32:55.7580878Z Selecting previously unselected package fluid-soundfont-gm.
Run Tests (3.10)	UNKNOWN STEP	2025-08-21T04:32:55.7712841Z Preparing to unpack .../037-fluid-soundfont-gm_3.1-5.3_all.deb ...
Run Tests (3.10)	UNKNOWN STEP	2025-08-21T04:32:55.7726291Z Unpacking fluid-soundfont-gm (3.1-5.3) ...
Run Tests (3.10)	UNKNOWN STEP	2025-08-21T04:32:56.3973025Z Selecting previously unselected package libflac12t64:amd64.
Run Tests (3.10)	UNKNOWN STEP	2025-08-21T04:32:56.4108531Z Preparing to unpack .../038-libflac12t64_1.4.3+ds-2.1ubuntu2_amd64.deb ...
Run Tests (3.10)	UNKNOWN STEP	2025-08-21T04:32:56.4122057Z Unpacking libflac12t64:amd64 (1.4.3+ds-2.1ubuntu2) ...
Run Tests (3.10)	UNKNOWN STEP	2025-08-21T04:32:56.4400243Z Selecting previously unselected package libmp3lame0:amd64.
Run Tests (3.10)	UNKNOWN STEP	2025-08-21T04:32:56.4535529Z Preparing to unpack .../039-libmp3lame0_3.100-6build1_amd64.deb ...
Run Tests (3.10)	UNKNOWN STEP	2025-08-21T04:32:56.4551155Z Unpacking libmp3lame0:amd64 (3.100-6build1) ...
Run Tests (3.10)	UNKNOWN STEP	2025-08-21T04:32:56.4800839Z Selecting previously unselected package libmpg123-0t64:amd64.
Run Tests (3.10)	UNKNOWN STEP	2025-08-21T04:32:56.4937120Z Preparing to unpack .../040-libmpg123-0t64_1.32.5-1ubuntu1.1_amd64.deb ...
Run Tests (3.10)	UNKNOWN STEP	2025-08-21T04:32:56.4953876Z Unpacking libmpg123-0t64:amd64 (1.32.5-1ubuntu1.1) ...
Run Tests (3.10)	UNKNOWN STEP	2025-08-21T04:32:56.5210805Z Selecting previously unselected package libopus0:amd64.
Run Tests (3.10)	UNKNOWN STEP	2025-08-21T04:32:56.5344179Z Preparing to unpack .../041-libopus0_1.4-1build1_amd64.deb ...
Run Tests (3.10)	UNKNOWN STEP	2025-08-21T04:32:56.5360050Z Unpacking libopus0:amd64 (1.4-1build1) ...
Run Tests (3.10)	UNKNOWN STEP	2025-08-21T04:32:56.5630567Z Selecting previously unselected package libvorbisenc2:amd64.
Run Tests (3.10)	UNKNOWN STEP	2025-08-21T04:32:56.5762779Z Preparing to unpack .../042-libvorbisenc2_1.3.7-1build3_amd64.deb ...
Run Tests (3.10)	UNKNOWN STEP	2025-08-21T04:32:56.5775589Z Unpacking libvorbisenc2:amd64 (1.3.7-1build3) ...
Run Tests (3.10)	UNKNOWN STEP	2025-08-21T04:32:56.6041439Z Selecting previously unselected package libsndfile1:amd64.
Run Tests (3.10)	UNKNOWN STEP	2025-08-21T04:32:56.6174819Z Preparing to unpack .../043-libsndfile1_1.2.2-1ubuntu5.24.04.1_amd64.deb ...
Run Tests (3.10)	UNKNOWN STEP	2025-08-21T04:32:56.6189761Z Unpacking libsndfile1:amd64 (1.2.2-1ubuntu5.24.04.1) ...
Run Tests (3.10)	UNKNOWN STEP	2025-08-21T04:32:56.6459087Z Selecting previously unselected package libinstpatch-1.0-2:amd64.
Run Tests (3.10)	UNKNOWN STEP	2025-08-21T04:32:56.6589656Z Preparing to unpack .../044-libinstpatch-1.0-2_1.1.6-1build2_amd64.deb ...
Run Tests (3.10)	UNKNOWN STEP	2025-08-21T04:32:56.6606414Z Unpacking libinstpatch-1.0-2:amd64 (1.1.6-1build2) ...
Run Tests (3.10)	UNKNOWN STEP	2025-08-21T04:32:56.6872218Z Selecting previously unselected package libsamplerate0:amd64.
Run Tests (3.10)	UNKNOWN STEP	2025-08-21T04:32:56.7001906Z Preparing to unpack .../045-libsamplerate0_0.2.2-4build1_amd64.deb ...
Run Tests (3.10)	UNKNOWN STEP	2025-08-21T04:32:56.7017968Z Unpacking libsamplerate0:amd64 (0.2.2-4build1) ...
Run Tests (3.10)	UNKNOWN STEP	2025-08-21T04:32:56.7333837Z Selecting previously unselected package libjack-jackd2-0:amd64.
Run Tests (3.10)	UNKNOWN STEP	2025-08-21T04:32:56.7465390Z Preparing to unpack .../046-libjack-jackd2-0_1.9.21~dfsg-3ubuntu3_amd64.deb ...
Run Tests (3.10)	UNKNOWN STEP	2025-08-21T04:32:56.7479111Z Unpacking libjack-jackd2-0:amd64 (1.9.21~dfsg-3ubuntu3) ...
Run Tests (3.10)	UNKNOWN STEP	2025-08-21T04:32:56.7775463Z Selecting previously unselected package libwebrtc-audio-processing1:amd64.
Run Tests (3.10)	UNKNOWN STEP	2025-08-21T04:32:56.7906217Z Preparing to unpack .../047-libwebrtc-audio-processing1_0.3.1-0ubuntu6_amd64.deb ...
Run Tests (3.10)	UNKNOWN STEP	2025-08-21T04:32:56.7917263Z Unpacking libwebrtc-audio-processing1:amd64 (0.3.1-0ubuntu6) ...
Run Tests (3.10)	UNKNOWN STEP	2025-08-21T04:32:56.8160528Z Selecting previously unselected package libspa-0.2-modules:amd64.
Run Tests (3.10)	UNKNOWN STEP	2025-08-21T04:32:56.8290392Z Preparing to unpack .../048-libspa-0.2-modules_1.0.5-1ubuntu3.1_amd64.deb ...
Run Tests (3.10)	UNKNOWN STEP	2025-08-21T04:32:56.8308078Z Unpacking libspa-0.2-modules:amd64 (1.0.5-1ubuntu3.1) ...
Run Tests (3.10)	UNKNOWN STEP	2025-08-21T04:32:56.8671785Z Selecting previously unselected package libpipewire-0.3-0t64:amd64.
Run Tests (3.10)	UNKNOWN STEP	2025-08-21T04:32:56.8802409Z Preparing to unpack .../049-libpipewire-0.3-0t64_1.0.5-1ubuntu3.1_amd64.deb ...
Run Tests (3.10)	UNKNOWN STEP	2025-08-21T04:32:56.8814303Z Unpacking libpipewire-0.3-0t64:amd64 (1.0.5-1ubuntu3.1) ...
Run Tests (3.10)	UNKNOWN STEP	2025-08-21T04:32:56.9108771Z Selecting previously unselected package libasyncns0:amd64.
Run Tests (3.10)	UNKNOWN STEP	2025-08-21T04:32:56.9238258Z Preparing to unpack .../050-libasyncns0_0.8-6build4_amd64.deb ...
Run Tests (3.10)	UNKNOWN STEP	2025-08-21T04:32:56.9260752Z Unpacking libasyncns0:amd64 (0.8-6build4) ...
Run Tests (3.10)	UNKNOWN STEP	2025-08-21T04:32:56.9556932Z Selecting previously unselected package libpulse0:amd64.
Run Tests (3.10)	UNKNOWN STEP	2025-08-21T04:32:56.9685798Z Preparing to unpack .../051-libpulse0_1%3a16.1+dfsg1-2ubuntu10.1_amd64.deb ...
Run Tests (3.10)	UNKNOWN STEP	2025-08-21T04:32:56.9755498Z Unpacking libpulse0:amd64 (1:16.1+dfsg1-2ubuntu10.1) ...
Run Tests (3.10)	UNKNOWN STEP	2025-08-21T04:32:57.0042728Z Selecting previously unselected package libdecor-0-0:amd64.
Run Tests (3.10)	UNKNOWN STEP	2025-08-21T04:32:57.0171820Z Preparing to unpack .../052-libdecor-0-0_0.2.2-1build2_amd64.deb ...
Run Tests (3.10)	UNKNOWN STEP	2025-08-21T04:32:57.0189261Z Unpacking libdecor-0-0:amd64 (0.2.2-1build2) ...
Run Tests (3.10)	UNKNOWN STEP	2025-08-21T04:32:57.0454351Z Selecting previously unselected package libsdl2-2.0-0:amd64.
Run Tests (3.10)	UNKNOWN STEP	2025-08-21T04:32:57.0581482Z Preparing to unpack .../053-libsdl2-2.0-0_2.30.0+dfsg-1ubuntu3.1_amd64.deb ...
Run Tests (3.10)	UNKNOWN STEP	2025-08-21T04:32:57.0593721Z Unpacking libsdl2-2.0-0:amd64 (2.30.0+dfsg-1ubuntu3.1) ...
Run Tests (3.10)	UNKNOWN STEP	2025-08-21T04:32:57.0928196Z Selecting previously unselected package timgm6mb-soundfont.
Run Tests (3.10)	UNKNOWN STEP	2025-08-21T04:32:57.1058456Z Preparing to unpack .../054-timgm6mb-soundfont_1.3-5_all.deb ...
Run Tests (3.10)	UNKNOWN STEP	2025-08-21T04:32:57.1076744Z Unpacking timgm6mb-soundfont (1.3-5) ...
Run Tests (3.10)	UNKNOWN STEP	2025-08-21T04:32:57.4485029Z Selecting previously unselected package musescore-general-soundfont-small.
Run Tests (3.10)	UNKNOWN STEP	2025-08-21T04:32:57.4621567Z Preparing to unpack .../055-musescore-general-soundfont-small_0.2.1-1_all.deb ...
Run Tests (3.10)	UNKNOWN STEP	2025-08-21T04:32:57.4638689Z Unpacking musescore-general-soundfont-small (0.2.1-1) ...
Run Tests (3.10)	UNKNOWN STEP	2025-08-21T04:32:57.6115932Z Selecting previously unselected package libfluidsynth3:amd64.
Run Tests (3.10)	UNKNOWN STEP	2025-08-21T04:32:57.6251972Z Preparing to unpack .../056-libfluidsynth3_2.3.4-1build3_amd64.deb ...
Run Tests (3.10)	UNKNOWN STEP	2025-08-21T04:32:57.6265315Z Unpacking libfluidsynth3:amd64 (2.3.4-1build3) ...
Run Tests (3.10)	UNKNOWN STEP	2025-08-21T04:32:57.6534830Z Selecting previously unselected package fluidsynth.
Run Tests (3.10)	UNKNOWN STEP	2025-08-21T04:32:57.6670309Z Preparing to unpack .../057-fluidsynth_2.3.4-1build3_amd64.deb ...
Run Tests (3.10)	UNKNOWN STEP	2025-08-21T04:32:57.6707443Z Unpacking fluidsynth (2.3.4-1build3) ...
Run Tests (3.10)	UNKNOWN STEP	2025-08-21T04:32:57.6929737Z Selecting previously unselected package fonts-freefont-ttf.
Run Tests (3.10)	UNKNOWN STEP	2025-08-21T04:32:57.7061420Z Preparing to unpack .../058-fonts-freefont-ttf_20211204+svn4273-2_all.deb ...
Run Tests (3.10)	UNKNOWN STEP	2025-08-21T04:32:57.7074885Z Unpacking fonts-freefont-ttf (20211204+svn4273-2) ...
Run Tests (3.10)	UNKNOWN STEP	2025-08-21T04:32:57.7935458Z Selecting previously unselected package libb2-1:amd64.
Run Tests (3.10)	UNKNOWN STEP	2025-08-21T04:32:57.8071802Z Preparing to unpack .../059-libb2-1_0.98.1-1.1build1_amd64.deb ...
Run Tests (3.10)	UNKNOWN STEP	2025-08-21T04:32:57.8081826Z Unpacking libb2-1:amd64 (0.98.1-1.1build1) ...
Run Tests (3.10)	UNKNOWN STEP	2025-08-21T04:32:57.8286490Z Selecting previously unselected package libdecor-0-plugin-1-gtk:amd64.
Run Tests (3.10)	UNKNOWN STEP	2025-08-21T04:32:57.8422706Z Preparing to unpack .../060-libdecor-0-plugin-1-gtk_0.2.2-1build2_amd64.deb ...
Run Tests (3.10)	UNKNOWN STEP	2025-08-21T04:32:57.8431272Z Unpacking libdecor-0-plugin-1-gtk:amd64 (0.2.2-1build2) ...
Run Tests (3.10)	UNKNOWN STEP	2025-08-21T04:32:57.8639051Z Selecting previously unselected package libpipewire-0.3-common.
Run Tests (3.10)	UNKNOWN STEP	2025-08-21T04:32:57.8774714Z Preparing to unpack .../061-libpipewire-0.3-common_1.0.5-1ubuntu3.1_all.deb ...
Run Tests (3.10)	UNKNOWN STEP	2025-08-21T04:32:57.8784323Z Unpacking libpipewire-0.3-common (1.0.5-1ubuntu3.1) ...
Run Tests (3.10)	UNKNOWN STEP	2025-08-21T04:32:57.8999197Z Selecting previously unselected package libpoppler134:amd64.
Run Tests (3.10)	UNKNOWN STEP	2025-08-21T04:32:57.9133798Z Preparing to unpack .../062-libpoppler134_24.02.0-1ubuntu9.6_amd64.deb ...
Run Tests (3.10)	UNKNOWN STEP	2025-08-21T04:32:57.9145050Z Unpacking libpoppler134:amd64 (24.02.0-1ubuntu9.6) ...
Run Tests (3.10)	UNKNOWN STEP	2025-08-21T04:32:57.9544285Z Selecting previously unselected package libqt5xml5t64:amd64.
Run Tests (3.10)	UNKNOWN STEP	2025-08-21T04:32:57.9680469Z Preparing to unpack .../063-libqt5xml5t64_5.15.13+dfsg-1ubuntu1_amd64.deb ...
Run Tests (3.10)	UNKNOWN STEP	2025-08-21T04:32:57.9690314Z Unpacking libqt5xml5t64:amd64 (5.15.13+dfsg-1ubuntu1) ...
Run Tests (3.10)	UNKNOWN STEP	2025-08-21T04:32:57.9962463Z Selecting previously unselected package libpoppler-qt5-1t64:amd64.
Run Tests (3.10)	UNKNOWN STEP	2025-08-21T04:32:58.0097683Z Preparing to unpack .../064-libpoppler-qt5-1t64_24.02.0-1ubuntu9.6_amd64.deb ...
Run Tests (3.10)	UNKNOWN STEP	2025-08-21T04:32:58.0110557Z Unpacking libpoppler-qt5-1t64:amd64 (24.02.0-1ubuntu9.6) ...
Run Tests (3.10)	UNKNOWN STEP	2025-08-21T04:32:58.0391496Z Selecting previously unselected package libportaudio2:amd64.
Run Tests (3.10)	UNKNOWN STEP	2025-08-21T04:32:58.0523827Z Preparing to unpack .../065-libportaudio2_19.6.0-1.2build3_amd64.deb ...
Run Tests (3.10)	UNKNOWN STEP	2025-08-21T04:32:58.0539415Z Unpacking libportaudio2:amd64 (19.6.0-1.2build3) ...
Run Tests (3.10)	UNKNOWN STEP	2025-08-21T04:32:58.0791853Z Selecting previously unselected package libportmidi0:amd64.
Run Tests (3.10)	UNKNOWN STEP	2025-08-21T04:32:58.0924130Z Preparing to unpack .../066-libportmidi0_1%3a217-6.1build3_amd64.deb ...
Run Tests (3.10)	UNKNOWN STEP	2025-08-21T04:32:58.0939900Z Unpacking libportmidi0:amd64 (1:217-6.1build3) ...
Run Tests (3.10)	UNKNOWN STEP	2025-08-21T04:32:58.1211004Z Selecting previously unselected package libproxy1v5:amd64.
Run Tests (3.10)	UNKNOWN STEP	2025-08-21T04:32:58.1341031Z Preparing to unpack .../067-libproxy1v5_0.5.4-4build1_amd64.deb ...
Run Tests (3.10)	UNKNOWN STEP	2025-08-21T04:32:58.1356364Z Unpacking libproxy1v5:amd64 (0.5.4-4build1) ...
Run Tests (3.10)	UNKNOWN STEP	2025-08-21T04:32:58.1604627Z Selecting previously unselected package libqt5sql5t64:amd64.
Run Tests (3.10)	UNKNOWN STEP	2025-08-21T04:32:58.1734817Z Preparing to unpack .../068-libqt5sql5t64_5.15.13+dfsg-1ubuntu1_amd64.deb ...
Run Tests (3.10)	UNKNOWN STEP	2025-08-21T04:32:58.1744548Z Unpacking libqt5sql5t64:amd64 (5.15.13+dfsg-1ubuntu1) ...
Run Tests (3.10)	UNKNOWN STEP	2025-08-21T04:32:58.1993691Z Selecting previously unselected package libqt5help5:amd64.
Run Tests (3.10)	UNKNOWN STEP	2025-08-21T04:32:58.2123442Z Preparing to unpack .../069-libqt5help5_5.15.13-1_amd64.deb ...
Run Tests (3.10)	UNKNOWN STEP	2025-08-21T04:32:58.2182333Z Unpacking libqt5help5:amd64 (5.15.13-1) ...
Run Tests (3.10)	UNKNOWN STEP	2025-08-21T04:32:58.2462700Z Selecting previously unselected package libqt5printsupport5t64:amd64.
Run Tests (3.10)	UNKNOWN STEP	2025-08-21T04:32:58.2592631Z Preparing to unpack .../070-libqt5printsupport5t64_5.15.13+dfsg-1ubuntu1_amd64.deb ...
Run Tests (3.10)	UNKNOWN STEP	2025-08-21T04:32:58.2610417Z Unpacking libqt5printsupport5t64:amd64 (5.15.13+dfsg-1ubuntu1) ...
Run Tests (3.10)	UNKNOWN STEP	2025-08-21T04:32:58.2870998Z Selecting previously unselected package libqt5sql5-sqlite:amd64.
Run Tests (3.10)	UNKNOWN STEP	2025-08-21T04:32:58.3001411Z Preparing to unpack .../071-libqt5sql5-sqlite_5.15.13+dfsg-1ubuntu1_amd64.deb ...
Run Tests (3.10)	UNKNOWN STEP	2025-08-21T04:32:58.3013410Z Unpacking libqt5sql5-sqlite:amd64 (5.15.13+dfsg-1ubuntu1) ...
Run Tests (3.10)	UNKNOWN STEP	2025-08-21T04:32:58.3256895Z Selecting previously unselected package libqt5svg5:amd64.
Run Tests (3.10)	UNKNOWN STEP	2025-08-21T04:32:58.3391176Z Preparing to unpack .../072-libqt5svg5_5.15.13-1_amd64.deb ...
Run Tests (3.10)	UNKNOWN STEP	2025-08-21T04:32:58.3402190Z Unpacking libqt5svg5:amd64 (5.15.13-1) ...
Run Tests (3.10)	UNKNOWN STEP	2025-08-21T04:32:58.3683216Z Selecting previously unselected package libqt5waylandclient5:amd64.
Run Tests (3.10)	UNKNOWN STEP	2025-08-21T04:32:58.3813911Z Preparing to unpack .../073-libqt5waylandclient5_5.15.13-1_amd64.deb ...
Run Tests (3.10)	UNKNOWN STEP	2025-08-21T04:32:58.3825164Z Unpacking libqt5waylandclient5:amd64 (5.15.13-1) ...
Run Tests (3.10)	UNKNOWN STEP	2025-08-21T04:32:58.4170498Z Selecting previously unselected package libqt5waylandcompositor5:amd64.
Run Tests (3.10)	UNKNOWN STEP	2025-08-21T04:32:58.4301369Z Preparing to unpack .../074-libqt5waylandcompositor5_5.15.13-1_amd64.deb ...
Run Tests (3.10)	UNKNOWN STEP	2025-08-21T04:32:58.4316607Z Unpacking libqt5waylandcompositor5:amd64 (5.15.13-1) ...
Run Tests (3.10)	UNKNOWN STEP	2025-08-21T04:32:58.4661742Z Selecting previously unselected package libqt5xmlpatterns5:amd64.
Run Tests (3.10)	UNKNOWN STEP	2025-08-21T04:32:58.4795097Z Preparing to unpack .../075-libqt5xmlpatterns5_5.15.13-1_amd64.deb ...
Run Tests (3.10)	UNKNOWN STEP	2025-08-21T04:32:58.4806494Z Unpacking libqt5xmlpatterns5:amd64 (5.15.13-1) ...
Run Tests (3.10)	UNKNOWN STEP	2025-08-21T04:32:58.5182729Z Selecting previously unselected package libqt6core6t64:amd64.
Run Tests (3.10)	UNKNOWN STEP	2025-08-21T04:32:58.5315912Z Preparing to unpack .../076-libqt6core6t64_6.4.2+dfsg-21.1build5_amd64.deb ...
Run Tests (3.10)	UNKNOWN STEP	2025-08-21T04:32:58.5328088Z Unpacking libqt6core6t64:amd64 (6.4.2+dfsg-21.1build5) ...
Run Tests (3.10)	UNKNOWN STEP	2025-08-21T04:32:58.5844821Z Selecting previously unselected package libqt6dbus6t64:amd64.
Run Tests (3.10)	UNKNOWN STEP	2025-08-21T04:32:58.5980047Z Preparing to unpack .../077-libqt6dbus6t64_6.4.2+dfsg-21.1build5_amd64.deb ...
Run Tests (3.10)	UNKNOWN STEP	2025-08-21T04:32:58.5991001Z Unpacking libqt6dbus6t64:amd64 (6.4.2+dfsg-21.1build5) ...
Run Tests (3.10)	UNKNOWN STEP	2025-08-21T04:32:58.6281627Z Selecting previously unselected package libopengl0:amd64.
Run Tests (3.10)	UNKNOWN STEP	2025-08-21T04:32:58.6414011Z Preparing to unpack .../078-libopengl0_1.7.0-1build1_amd64.deb ...
Run Tests (3.10)	UNKNOWN STEP	2025-08-21T04:32:58.6423779Z Unpacking libopengl0:amd64 (1.7.0-1build1) ...
Run Tests (3.10)	UNKNOWN STEP	2025-08-21T04:32:58.6744290Z Selecting previously unselected package libts0t64:amd64.
Run Tests (3.10)	UNKNOWN STEP	2025-08-21T04:32:58.6875703Z Preparing to unpack .../079-libts0t64_1.22-1.1build1_amd64.deb ...
Run Tests (3.10)	UNKNOWN STEP	2025-08-21T04:32:58.6891724Z Unpacking libts0t64:amd64 (1.22-1.1build1) ...
Run Tests (3.10)	UNKNOWN STEP	2025-08-21T04:32:58.7282411Z Selecting previously unselected package libqt6gui6t64:amd64.
Run Tests (3.10)	UNKNOWN STEP	2025-08-21T04:32:58.7415814Z Preparing to unpack .../080-libqt6gui6t64_6.4.2+dfsg-21.1build5_amd64.deb ...
Run Tests (3.10)	UNKNOWN STEP	2025-08-21T04:32:58.7428551Z Unpacking libqt6gui6t64:amd64 (6.4.2+dfsg-21.1build5) ...
Run Tests (3.10)	UNKNOWN STEP	2025-08-21T04:32:58.8064416Z Selecting previously unselected package libqt6network6t64:amd64.
Run Tests (3.10)	UNKNOWN STEP	2025-08-21T04:32:58.8200894Z Preparing to unpack .../081-libqt6network6t64_6.4.2+dfsg-21.1build5_amd64.deb ...
Run Tests (3.10)	UNKNOWN STEP	2025-08-21T04:32:58.8211379Z Unpacking libqt6network6t64:amd64 (6.4.2+dfsg-21.1build5) ...
Run Tests (3.10)	UNKNOWN STEP	2025-08-21T04:32:58.8690731Z Selecting previously unselected package libqt6opengl6t64:amd64.
Run Tests (3.10)	UNKNOWN STEP	2025-08-21T04:32:58.8836563Z Preparing to unpack .../082-libqt6opengl6t64_6.4.2+dfsg-21.1build5_amd64.deb ...
Run Tests (3.10)	UNKNOWN STEP	2025-08-21T04:32:58.8894367Z Unpacking libqt6opengl6t64:amd64 (6.4.2+dfsg-21.1build5) ...
Run Tests (3.10)	UNKNOWN STEP	2025-08-21T04:32:58.9248113Z Selecting previously unselected package libqt6qml6:amd64.
Run Tests (3.10)	UNKNOWN STEP	2025-08-21T04:32:58.9381945Z Preparing to unpack .../083-libqt6qml6_6.4.2+dfsg-4build3_amd64.deb ...
Run Tests (3.10)	UNKNOWN STEP	2025-08-21T04:32:58.9395362Z Unpacking libqt6qml6:amd64 (6.4.2+dfsg-4build3) ...
Run Tests (3.10)	UNKNOWN STEP	2025-08-21T04:32:58.9864855Z Selecting previously unselected package libqt6qmlmodels6:amd64.
Run Tests (3.10)	UNKNOWN STEP	2025-08-21T04:32:59.0003687Z Preparing to unpack .../084-libqt6qmlmodels6_6.4.2+dfsg-4build3_amd64.deb ...
Run Tests (3.10)	UNKNOWN STEP	2025-08-21T04:32:59.0013561Z Unpacking libqt6qmlmodels6:amd64 (6.4.2+dfsg-4build3) ...
Run Tests (3.10)	UNKNOWN STEP	2025-08-21T04:32:59.0289398Z Selecting previously unselected package libqt6quick6:amd64.
Run Tests (3.10)	UNKNOWN STEP	2025-08-21T04:32:59.0424818Z Preparing to unpack .../085-libqt6quick6_6.4.2+dfsg-4build3_amd64.deb ...
Run Tests (3.10)	UNKNOWN STEP	2025-08-21T04:32:59.0435254Z Unpacking libqt6quick6:amd64 (6.4.2+dfsg-4build3) ...
Run Tests (3.10)	UNKNOWN STEP	2025-08-21T04:32:59.0948545Z Selecting previously unselected package libqt6waylandclient6:amd64.
Run Tests (3.10)	UNKNOWN STEP	2025-08-21T04:32:59.1086681Z Preparing to unpack .../086-libqt6waylandclient6_6.4.2-5build3_amd64.deb ...
Run Tests (3.10)	UNKNOWN STEP	2025-08-21T04:32:59.1137754Z Unpacking libqt6waylandclient6:amd64 (6.4.2-5build3) ...
Run Tests (3.10)	UNKNOWN STEP	2025-08-21T04:32:59.1412419Z Selecting previously unselected package libqt6waylandcompositor6:amd64.
Run Tests (3.10)	UNKNOWN STEP	2025-08-21T04:32:59.1548259Z Preparing to unpack .../087-libqt6waylandcompositor6_6.4.2-5build3_amd64.deb ...
Run Tests (3.10)	UNKNOWN STEP	2025-08-21T04:32:59.1562248Z Unpacking libqt6waylandcompositor6:amd64 (6.4.2-5build3) ...
Run Tests (3.10)	UNKNOWN STEP	2025-08-21T04:32:59.1854177Z Selecting previously unselected package libqt6waylandeglclienthwintegration6:amd64.
Run Tests (3.10)	UNKNOWN STEP	2025-08-21T04:32:59.1990619Z Preparing to unpack .../088-libqt6waylandeglclienthwintegration6_6.4.2-5build3_amd64.deb ...
Run Tests (3.10)	UNKNOWN STEP	2025-08-21T04:32:59.2000628Z Unpacking libqt6waylandeglclienthwintegration6:amd64 (6.4.2-5build3) ...
Run Tests (3.10)	UNKNOWN STEP	2025-08-21T04:32:59.2256791Z Selecting previously unselected package libqt6waylandeglcompositorhwintegration6:amd64.
Run Tests (3.10)	UNKNOWN STEP	2025-08-21T04:32:59.2391526Z Preparing to unpack .../089-libqt6waylandeglcompositorhwintegration6_6.4.2-5build3_amd64.deb ...
Run Tests (3.10)	UNKNOWN STEP	2025-08-21T04:32:59.2404357Z Unpacking libqt6waylandeglcompositorhwintegration6:amd64 (6.4.2-5build3) ...
Run Tests (3.10)	UNKNOWN STEP	2025-08-21T04:32:59.2652161Z Selecting previously unselected package libqt6widgets6t64:amd64.
Run Tests (3.10)	UNKNOWN STEP	2025-08-21T04:32:59.2780038Z Preparing to unpack .../090-libqt6widgets6t64_6.4.2+dfsg-21.1build5_amd64.deb ...
Run Tests (3.10)	UNKNOWN STEP	2025-08-21T04:32:59.2800539Z Unpacking libqt6widgets6t64:amd64 (6.4.2+dfsg-21.1build5) ...
Run Tests (3.10)	UNKNOWN STEP	2025-08-21T04:32:59.3369311Z Selecting previously unselected package libqt6wlshellintegration6:amd64.
Run Tests (3.10)	UNKNOWN STEP	2025-08-21T04:32:59.3505036Z Preparing to unpack .../091-libqt6wlshellintegration6_6.4.2-5build3_amd64.deb ...
Run Tests (3.10)	UNKNOWN STEP	2025-08-21T04:32:59.3516843Z Unpacking libqt6wlshellintegration6:amd64 (6.4.2-5build3) ...
Run Tests (3.10)	UNKNOWN STEP	2025-08-21T04:32:59.3735662Z Selecting previously unselected package qml-module-qt-labs-folderlistmodel:amd64.
Run Tests (3.10)	UNKNOWN STEP	2025-08-21T04:32:59.3870542Z Preparing to unpack .../092-qml-module-qt-labs-folderlistmodel_5.15.13+dfsg-1ubuntu0.1_amd64.deb ...
Run Tests (3.10)	UNKNOWN STEP	2025-08-21T04:32:59.3884950Z Unpacking qml-module-qt-labs-folderlistmodel:amd64 (5.15.13+dfsg-1ubuntu0.1) ...
Run Tests (3.10)	UNKNOWN STEP	2025-08-21T04:32:59.4111911Z Selecting previously unselected package qml-module-qt-labs-settings:amd64.
Run Tests (3.10)	UNKNOWN STEP	2025-08-21T04:32:59.4245129Z Preparing to unpack .../093-qml-module-qt-labs-settings_5.15.13+dfsg-1ubuntu0.1_amd64.deb ...
Run Tests (3.10)	UNKNOWN STEP	2025-08-21T04:32:59.4255783Z Unpacking qml-module-qt-labs-settings:amd64 (5.15.13+dfsg-1ubuntu0.1) ...
Run Tests (3.10)	UNKNOWN STEP	2025-08-21T04:32:59.4477821Z Selecting previously unselected package qml-module-qtquick-privatewidgets:amd64.
Run Tests (3.10)	UNKNOWN STEP	2025-08-21T04:32:59.4611529Z Preparing to unpack .../094-qml-module-qtquick-privatewidgets_5.15.13-1_amd64.deb ...
Run Tests (3.10)	UNKNOWN STEP	2025-08-21T04:32:59.4623278Z Unpacking qml-module-qtquick-privatewidgets:amd64 (5.15.13-1) ...
Run Tests (3.10)	UNKNOWN STEP	2025-08-21T04:32:59.5011079Z Selecting previously unselected package qml-module-qtquick-dialogs:amd64.
Run Tests (3.10)	UNKNOWN STEP	2025-08-21T04:32:59.5163903Z Preparing to unpack .../095-qml-module-qtquick-dialogs_5.15.13-1_amd64.deb ...
Run Tests (3.10)	UNKNOWN STEP	2025-08-21T04:32:59.5186233Z Unpacking qml-module-qtquick-dialogs:amd64 (5.15.13-1) ...
Run Tests (3.10)	UNKNOWN STEP	2025-08-21T04:32:59.7183094Z Selecting previously unselected package musescore3-common.
Run Tests (3.10)	UNKNOWN STEP	2025-08-21T04:32:59.7318700Z Preparing to unpack .../096-musescore3-common_3.2.3+dfsg2-16build5_all.deb ...
Run Tests (3.10)	UNKNOWN STEP	2025-08-21T04:32:59.7337040Z Unpacking musescore3-common (3.2.3+dfsg2-16build5) ...
Run Tests (3.10)	UNKNOWN STEP	2025-08-21T04:32:59.9453386Z Selecting previously unselected package musescore3.
Run Tests (3.10)	UNKNOWN STEP	2025-08-21T04:32:59.9592137Z Preparing to unpack .../097-musescore3_3.2.3+dfsg2-16build5_amd64.deb ...
Run Tests (3.10)	UNKNOWN STEP	2025-08-21T04:32:59.9603623Z Unpacking musescore3 (3.2.3+dfsg2-16build5) ...
Run Tests (3.10)	UNKNOWN STEP	2025-08-21T04:33:00.0887110Z Selecting previously unselected package qsynth.
Run Tests (3.10)	UNKNOWN STEP	2025-08-21T04:33:00.1026486Z Preparing to unpack .../098-qsynth_0.9.13-1build3_amd64.deb ...
Run Tests (3.10)	UNKNOWN STEP	2025-08-21T04:33:00.1037376Z Unpacking qsynth (0.9.13-1build3) ...
Run Tests (3.10)	UNKNOWN STEP	2025-08-21T04:33:00.1334376Z Selecting previously unselected package qt5-gtk-platformtheme:amd64.
Run Tests (3.10)	UNKNOWN STEP	2025-08-21T04:33:00.1468690Z Preparing to unpack .../099-qt5-gtk-platformtheme_5.15.13+dfsg-1ubuntu1_amd64.deb ...
Run Tests (3.10)	UNKNOWN STEP	2025-08-21T04:33:00.1484735Z Unpacking qt5-gtk-platformtheme:amd64 (5.15.13+dfsg-1ubuntu1) ...
Run Tests (3.10)	UNKNOWN STEP	2025-08-21T04:33:00.1733787Z Selecting previously unselected package qt6-gtk-platformtheme:amd64.
Run Tests (3.10)	UNKNOWN STEP	2025-08-21T04:33:00.1867763Z Preparing to unpack .../100-qt6-gtk-platformtheme_6.4.2+dfsg-21.1build5_amd64.deb ...
Run Tests (3.10)	UNKNOWN STEP	2025-08-21T04:33:00.1876971Z Unpacking qt6-gtk-platformtheme:amd64 (6.4.2+dfsg-21.1build5) ...
Run Tests (3.10)	UNKNOWN STEP	2025-08-21T04:33:00.2094027Z Selecting previously unselected package qt6-qpa-plugins:amd64.
Run Tests (3.10)	UNKNOWN STEP	2025-08-21T04:33:00.2225340Z Preparing to unpack .../101-qt6-qpa-plugins_6.4.2+dfsg-21.1build5_amd64.deb ...
Run Tests (3.10)	UNKNOWN STEP	2025-08-21T04:33:00.2240866Z Unpacking qt6-qpa-plugins:amd64 (6.4.2+dfsg-21.1build5) ...
Run Tests (3.10)	UNKNOWN STEP	2025-08-21T04:33:00.2479892Z Selecting previously unselected package qt6-translations-l10n.
Run Tests (3.10)	UNKNOWN STEP	2025-08-21T04:33:00.2611157Z Preparing to unpack .../102-qt6-translations-l10n_6.4.2-1_all.deb ...
Run Tests (3.10)	UNKNOWN STEP	2025-08-21T04:33:00.2624434Z Unpacking qt6-translations-l10n (6.4.2-1) ...
Run Tests (3.10)	UNKNOWN STEP	2025-08-21T04:33:00.3659826Z Selecting previously unselected package qt6-wayland:amd64.
Run Tests (3.10)	UNKNOWN STEP	2025-08-21T04:33:00.3796626Z Preparing to unpack .../103-qt6-wayland_6.4.2-5build3_amd64.deb ...
Run Tests (3.10)	UNKNOWN STEP	2025-08-21T04:33:00.3808441Z Unpacking qt6-wayland:amd64 (6.4.2-5build3) ...
Run Tests (3.10)	UNKNOWN STEP	2025-08-21T04:33:00.4102577Z Selecting previously unselected package qttranslations5-l10n.
Run Tests (3.10)	UNKNOWN STEP	2025-08-21T04:33:00.4238868Z Preparing to unpack .../104-qttranslations5-l10n_5.15.13-1_all.deb ...
Run Tests (3.10)	UNKNOWN STEP	2025-08-21T04:33:00.4249582Z Unpacking qttranslations5-l10n (5.15.13-1) ...
Run Tests (3.10)	UNKNOWN STEP	2025-08-21T04:33:00.5459672Z Selecting previously unselected package qtwayland5:amd64.
Run Tests (3.10)	UNKNOWN STEP	2025-08-21T04:33:00.5597966Z Preparing to unpack .../105-qtwayland5_5.15.13-1_amd64.deb ...
Run Tests (3.10)	UNKNOWN STEP	2025-08-21T04:33:00.5608423Z Unpacking qtwayland5:amd64 (5.15.13-1) ...
Run Tests (3.10)	UNKNOWN STEP	2025-08-21T04:33:00.6118390Z Setting up libpipewire-0.3-common (1.0.5-1ubuntu3.1) ...
Run Tests (3.10)	UNKNOWN STEP	2025-08-21T04:33:00.6150827Z Setting up libb2-1:amd64 (0.98.1-1.1build1) ...
Run Tests (3.10)	UNKNOWN STEP	2025-08-21T04:33:00.6183269Z Setting up libdouble-conversion3:amd64 (3.3.0-1build1) ...
Run Tests (3.10)	UNKNOWN STEP	2025-08-21T04:33:00.6215239Z Setting up libproxy1v5:amd64 (0.5.4-4build1) ...
Run Tests (3.10)	UNKNOWN STEP	2025-08-21T04:33:00.6242890Z Setting up desktop-file-utils (0.27-2build1) ...
Run Tests (3.10)	UNKNOWN STEP	2025-08-21T04:33:00.6565788Z Setting up libxcb-xinput0:amd64 (1.15-1ubuntu2) ...
Run Tests (3.10)	UNKNOWN STEP	2025-08-21T04:33:00.6614498Z Setting up libpoppler134:amd64 (24.02.0-1ubuntu9.6) ...
Run Tests (3.10)	UNKNOWN STEP	2025-08-21T04:33:00.6648884Z Setting up libts0t64:amd64 (1.22-1.1build1) ...
Run Tests (3.10)	UNKNOWN STEP	2025-08-21T04:33:00.6689652Z Setting up libxcb-keysyms1:amd64 (0.4.0-1build4) ...
Run Tests (3.10)	UNKNOWN STEP	2025-08-21T04:33:00.6716987Z Setting up libxcb-shape0:amd64 (1.15-1ubuntu2) ...
Run Tests (3.10)	UNKNOWN STEP	2025-08-21T04:33:00.6746999Z Setting up libwebrtc-audio-processing1:amd64 (0.3.1-0ubuntu6) ...
Run Tests (3.10)	UNKNOWN STEP	2025-08-21T04:33:00.6774709Z Setting up fonts-freefont-ttf (20211204+svn4273-2) ...
Run Tests (3.10)	UNKNOWN STEP	2025-08-21T04:33:00.6805001Z Setting up libxcb-render-util0:amd64 (0.3.9-1build4) ...
Run Tests (3.10)	UNKNOWN STEP	2025-08-21T04:33:00.6830733Z Setting up libxcb-icccm4:amd64 (0.4.1-1.1build3) ...
Run Tests (3.10)	UNKNOWN STEP	2025-08-21T04:33:00.6858479Z Setting up musescore-general-soundfont-small (0.2.1-1) ...
Run Tests (3.10)	UNKNOWN STEP	2025-08-21T04:33:00.6918330Z update-alternatives: using /usr/share/sounds/sf3/MuseScore_General_Lite.sf3 to provide /usr/share/sounds/sf3/default-GM.sf3 (default-GM.sf3) in auto mode
Run Tests (3.10)	UNKNOWN STEP	2025-08-21T04:33:00.6961589Z update-alternatives: using /usr/share/sounds/sf3/MuseScore_General_Lite.sf3 to provide /usr/share/sounds/sf3/MuseScore_General.sf3 (MuseScore_General.sf3) in auto mode
Run Tests (3.10)	UNKNOWN STEP	2025-08-21T04:33:00.6981859Z Setting up libmpg123-0t64:amd64 (1.32.5-1ubuntu1.1) ...
Run Tests (3.10)	UNKNOWN STEP	2025-08-21T04:33:00.7014866Z Setting up libopengl0:amd64 (1.7.0-1build1) ...
Run Tests (3.10)	UNKNOWN STEP	2025-08-21T04:33:00.7041553Z Setting up libxcb-util1:amd64 (0.4.0-1build3) ...
Run Tests (3.10)	UNKNOWN STEP	2025-08-21T04:33:00.7074430Z Setting up poppler-data (0.4.12-1) ...
Run Tests (3.10)	UNKNOWN STEP	2025-08-21T04:33:00.7166115Z Setting up libxcb-xkb1:amd64 (1.15-1ubuntu2) ...
Run Tests (3.10)	UNKNOWN STEP	2025-08-21T04:33:00.7197150Z Setting up libxcb-image0:amd64 (0.4.0-2build1) ...
Run Tests (3.10)	UNKNOWN STEP	2025-08-21T04:33:00.7223911Z Setting up qt6-translations-l10n (6.4.2-1) ...
Run Tests (3.10)	UNKNOWN STEP	2025-08-21T04:33:00.7252746Z Setting up libqt5core5t64:amd64 (5.15.13+dfsg-1ubuntu1) ...
Run Tests (3.10)	UNKNOWN STEP	2025-08-21T04:33:00.7290805Z Setting up libegl-mesa0:amd64 (25.0.7-0ubuntu0.24.04.1) ...
Run Tests (3.10)	UNKNOWN STEP	2025-08-21T04:33:00.7323752Z Setting up libxcb-xinerama0:amd64 (1.15-1ubuntu2) ...
Run Tests (3.10)	UNKNOWN STEP	2025-08-21T04:33:00.7352818Z Setting up qttranslations5-l10n (5.15.13-1) ...
Run Tests (3.10)	UNKNOWN STEP	2025-08-21T04:33:00.7379502Z Setting up libspa-0.2-modules:amd64 (1.0.5-1ubuntu3.1) ...
Run Tests (3.10)	UNKNOWN STEP	2025-08-21T04:33:00.7410194Z Setting up libopus0:amd64 (1.4-1build1) ...
Run Tests (3.10)	UNKNOWN STEP	2025-08-21T04:33:00.7436782Z Setting up libportmidi0:amd64 (1:217-6.1build3) ...
Run Tests (3.10)	UNKNOWN STEP	2025-08-21T04:33:00.7463431Z Setting up libxkbcommon-x11-0:amd64 (1.6.0-1build1) ...
Run Tests (3.10)	UNKNOWN STEP	2025-08-21T04:33:00.7490386Z Setting up libmtdev1t64:amd64 (1.1.6-1.1build1) ...
Run Tests (3.10)	UNKNOWN STEP	2025-08-21T04:33:00.7521281Z Setting up libasyncns0:amd64 (0.8-6build4) ...
Run Tests (3.10)	UNKNOWN STEP	2025-08-21T04:33:00.7551917Z Setting up libegl1:amd64 (1.7.0-1build1) ...
Run Tests (3.10)	UNKNOWN STEP	2025-08-21T04:33:00.7583688Z Setting up libqt5sql5t64:amd64 (5.15.13+dfsg-1ubuntu1) ...
Run Tests (3.10)	UNKNOWN STEP	2025-08-21T04:33:00.7609952Z Setting up libmd4c0:amd64 (0.4.8-1build1) ...
Run Tests (3.10)	UNKNOWN STEP	2025-08-21T04:33:00.7640966Z Setting up libdecor-0-0:amd64 (0.2.2-1build2) ...
Run Tests (3.10)	UNKNOWN STEP	2025-08-21T04:33:00.7672229Z Setting up fluid-soundfont-gm (3.1-5.3) ...
Run Tests (3.10)	UNKNOWN STEP	2025-08-21T04:33:00.7792422Z update-alternatives: using /usr/share/sounds/sf2/FluidR3_GM.sf2 to provide /usr/share/sounds/sf2/default-GM.sf2 (default-GM.sf2) in auto mode
Run Tests (3.10)	UNKNOWN STEP	2025-08-21T04:33:00.7852243Z Setting up libflac12t64:amd64 (1.4.3+ds-2.1ubuntu2) ...
Run Tests (3.10)	UNKNOWN STEP	2025-08-21T04:33:00.7880131Z Setting up libsamplerate0:amd64 (0.2.2-4build1) ...
Run Tests (3.10)	UNKNOWN STEP	2025-08-21T04:33:00.7908497Z Setting up timgm6mb-soundfont (1.3-5) ...
Run Tests (3.10)	UNKNOWN STEP	2025-08-21T04:33:00.8052055Z Setting up libpipewire-0.3-0t64:amd64 (1.0.5-1ubuntu3.1) ...
Run Tests (3.10)	UNKNOWN STEP	2025-08-21T04:33:00.8079235Z Setting up libdecor-0-plugin-1-gtk:amd64 (0.2.2-1build2) ...
Run Tests (3.10)	UNKNOWN STEP	2025-08-21T04:33:00.8109075Z Setting up libmp3lame0:amd64 (3.100-6build1) ...
Run Tests (3.10)	UNKNOWN STEP	2025-08-21T04:33:00.8137961Z Setting up libvorbisenc2:amd64 (1.3.7-1build3) ...
Run Tests (3.10)	UNKNOWN STEP	2025-08-21T04:33:00.8170462Z Setting up libwacom-common (2.10.0-2) ...
Run Tests (3.10)	UNKNOWN STEP	2025-08-21T04:33:00.8200846Z Setting up libqt6core6t64:amd64 (6.4.2+dfsg-21.1build5) ...
Run Tests (3.10)	UNKNOWN STEP	2025-08-21T04:33:00.8230169Z Setting up libqt5dbus5t64:amd64 (5.15.13+dfsg-1ubuntu1) ...
Run Tests (3.10)	UNKNOWN STEP	2025-08-21T04:33:00.8264068Z Setting up libqt5sql5-sqlite:amd64 (5.15.13+dfsg-1ubuntu1) ...
Run Tests (3.10)	UNKNOWN STEP	2025-08-21T04:33:00.8293284Z Setting up libwacom9:amd64 (2.10.0-2) ...
Run Tests (3.10)	UNKNOWN STEP	2025-08-21T04:33:00.8324742Z Setting up libqt5network5t64:amd64 (5.15.13+dfsg-1ubuntu1) ...
Run Tests (3.10)	UNKNOWN STEP	2025-08-21T04:33:00.8359712Z Setting up musescore3-common (3.2.3+dfsg2-16build5) ...
Run Tests (3.10)	UNKNOWN STEP	2025-08-21T04:33:00.8411363Z Setting up libqt5xml5t64:amd64 (5.15.13+dfsg-1ubuntu1) ...
Run Tests (3.10)	UNKNOWN STEP	2025-08-21T04:33:00.8441317Z Setting up libqt6dbus6t64:amd64 (6.4.2+dfsg-21.1build5) ...
Run Tests (3.10)	UNKNOWN STEP	2025-08-21T04:33:00.8468277Z Setting up libinput-bin (1.25.0-1ubuntu3.1) ...
Run Tests (3.10)	UNKNOWN STEP	2025-08-21T04:33:00.8503254Z Setting up libqt5qml5:amd64 (5.15.13+dfsg-1ubuntu0.1) ...
Run Tests (3.10)	UNKNOWN STEP	2025-08-21T04:33:00.8542899Z Setting up libjack-jackd2-0:amd64 (1.9.21~dfsg-3ubuntu3) ...
Run Tests (3.10)	UNKNOWN STEP	2025-08-21T04:33:00.8583025Z Setting up libqt6network6t64:amd64 (6.4.2+dfsg-21.1build5) ...
Run Tests (3.10)	UNKNOWN STEP	2025-08-21T04:33:00.8617399Z Setting up libsndfile1:amd64 (1.2.2-1ubuntu5.24.04.1) ...
Run Tests (3.10)	UNKNOWN STEP	2025-08-21T04:33:00.8648240Z Setting up libinstpatch-1.0-2:amd64 (1.1.6-1build2) ...
Run Tests (3.10)	UNKNOWN STEP	2025-08-21T04:33:00.8691309Z Setting up libinput10:amd64 (1.25.0-1ubuntu3.1) ...
Run Tests (3.10)	UNKNOWN STEP	2025-08-21T04:33:00.8729602Z Setting up libportaudio2:amd64 (19.6.0-1.2build3) ...
Run Tests (3.10)	UNKNOWN STEP	2025-08-21T04:33:00.8783048Z Setting up libqt5qmlmodels5:amd64 (5.15.13+dfsg-1ubuntu0.1) ...
Run Tests (3.10)	UNKNOWN STEP	2025-08-21T04:33:00.8839431Z Setting up libpulse0:amd64 (1:16.1+dfsg1-2ubuntu10.1) ...
Run Tests (3.10)	UNKNOWN STEP	2025-08-21T04:33:00.8923087Z Setting up qml-module-qtqml:amd64 (5.15.13+dfsg-1ubuntu0.1) ...
Run Tests (3.10)	UNKNOWN STEP	2025-08-21T04:33:00.8945946Z Setting up libqt5xmlpatterns5:amd64 (5.15.13-1) ...
Run Tests (3.10)	UNKNOWN STEP	2025-08-21T04:33:00.8971881Z Setting up libqt6qml6:amd64 (6.4.2+dfsg-4build3) ...
Run Tests (3.10)	UNKNOWN STEP	2025-08-21T04:33:00.9001140Z Setting up libqt6qmlmodels6:amd64 (6.4.2+dfsg-4build3) ...
Run Tests (3.10)	UNKNOWN STEP	2025-08-21T04:33:00.9031938Z Setting up qml-module-qt-labs-folderlistmodel:amd64 (5.15.13+dfsg-1ubuntu0.1) ...
Run Tests (3.10)	UNKNOWN STEP	2025-08-21T04:33:00.9060276Z Setting up libqt5qmlworkerscript5:amd64 (5.15.13+dfsg-1ubuntu0.1) ...
Run Tests (3.10)	UNKNOWN STEP	2025-08-21T04:33:00.9093344Z Setting up qml-module-qt-labs-settings:amd64 (5.15.13+dfsg-1ubuntu0.1) ...
Run Tests (3.10)	UNKNOWN STEP	2025-08-21T04:33:00.9123422Z Setting up libqt5gui5t64:amd64 (5.15.13+dfsg-1ubuntu1) ...
Run Tests (3.10)	UNKNOWN STEP	2025-08-21T04:33:00.9160309Z Setting up libqt6gui6t64:amd64 (6.4.2+dfsg-21.1build5) ...
Run Tests (3.10)	UNKNOWN STEP	2025-08-21T04:33:00.9193444Z Setting up qml-module-qtqml-models2:amd64 (5.15.13+dfsg-1ubuntu0.1) ...
Run Tests (3.10)	UNKNOWN STEP	2025-08-21T04:33:00.9229018Z Setting up libpoppler-qt5-1t64:amd64 (24.02.0-1ubuntu9.6) ...
Run Tests (3.10)	UNKNOWN STEP	2025-08-21T04:33:00.9269115Z Setting up libsdl2-2.0-0:amd64 (2.30.0+dfsg-1ubuntu3.1) ...
Run Tests (3.10)	UNKNOWN STEP	2025-08-21T04:33:00.9312002Z Setting up libqt5quick5:amd64 (5.15.13+dfsg-1ubuntu0.1) ...
Run Tests (3.10)	UNKNOWN STEP	2025-08-21T04:33:00.9347701Z Setting up libfluidsynth3:amd64 (2.3.4-1build3) ...
Run Tests (3.10)	UNKNOWN STEP	2025-08-21T04:33:00.9375426Z Setting up libqt6widgets6t64:amd64 (6.4.2+dfsg-21.1build5) ...
Run Tests (3.10)	UNKNOWN STEP	2025-08-21T04:33:00.9409232Z Setting up qt6-qpa-plugins:amd64 (6.4.2+dfsg-21.1build5) ...
Run Tests (3.10)	UNKNOWN STEP	2025-08-21T04:33:00.9437188Z Setting up libqt5widgets5t64:amd64 (5.15.13+dfsg-1ubuntu1) ...
Run Tests (3.10)	UNKNOWN STEP	2025-08-21T04:33:00.9465169Z Setting up libqt5svg5:amd64 (5.15.13-1) ...
Run Tests (3.10)	UNKNOWN STEP	2025-08-21T04:33:00.9611636Z Setting up qsynth (0.9.13-1build3) ...
Run Tests (3.10)	UNKNOWN STEP	2025-08-21T04:33:00.9636124Z Setting up qml-module-qtquick-window2:amd64 (5.15.13+dfsg-1ubuntu0.1) ...
Run Tests (3.10)	UNKNOWN STEP	2025-08-21T04:33:00.9659859Z Setting up libqt6opengl6t64:amd64 (6.4.2+dfsg-21.1build5) ...
Run Tests (3.10)	UNKNOWN STEP	2025-08-21T04:33:00.9685486Z Setting up libqt5help5:amd64 (5.15.13-1) ...
Run Tests (3.10)	UNKNOWN STEP	2025-08-21T04:33:00.9714139Z Setting up qt5-gtk-platformtheme:amd64 (5.15.13+dfsg-1ubuntu1) ...
Run Tests (3.10)	UNKNOWN STEP	2025-08-21T04:33:00.9744147Z Setting up qml-module-qtquick-layouts:amd64 (5.15.13+dfsg-1ubuntu0.1) ...
Run Tests (3.10)	UNKNOWN STEP	2025-08-21T04:33:00.9773617Z Setting up libqt5waylandclient5:amd64 (5.15.13-1) ...
Run Tests (3.10)	UNKNOWN STEP	2025-08-21T04:33:00.9805642Z Setting up libqt5waylandcompositor5:amd64 (5.15.13-1) ...
Run Tests (3.10)	UNKNOWN STEP	2025-08-21T04:33:00.9830605Z Setting up libqt6waylandclient6:amd64 (6.4.2-5build3) ...
Run Tests (3.10)	UNKNOWN STEP	2025-08-21T04:33:00.9858534Z Setting up qt6-gtk-platformtheme:amd64 (6.4.2+dfsg-21.1build5) ...
Run Tests (3.10)	UNKNOWN STEP	2025-08-21T04:33:00.9888174Z Setting up fluidsynth (2.3.4-1build3) ...
Run Tests (3.10)	UNKNOWN STEP	2025-08-21T04:33:01.0962467Z Created symlink /etc/systemd/user/default.target.wants/fluidsynth.service → /usr/lib/systemd/user/fluidsynth.service.
Run Tests (3.10)	UNKNOWN STEP	2025-08-21T04:33:01.0962976Z 
Run Tests (3.10)	UNKNOWN STEP	2025-08-21T04:33:01.0993219Z Setting up libqt6quick6:amd64 (6.4.2+dfsg-4build3) ...
Run Tests (3.10)	UNKNOWN STEP	2025-08-21T04:33:01.1023124Z Setting up qml-module-qtquick2:amd64 (5.15.13+dfsg-1ubuntu0.1) ...
Run Tests (3.10)	UNKNOWN STEP	2025-08-21T04:33:01.1056723Z Setting up libqt6wlshellintegration6:amd64 (6.4.2-5build3) ...
Run Tests (3.10)	UNKNOWN STEP	2025-08-21T04:33:01.1106698Z Setting up qml-module-qtquick-privatewidgets:amd64 (5.15.13-1) ...
Run Tests (3.10)	UNKNOWN STEP	2025-08-21T04:33:01.1158980Z Setting up libqt5printsupport5t64:amd64 (5.15.13+dfsg-1ubuntu1) ...
Run Tests (3.10)	UNKNOWN STEP	2025-08-21T04:33:01.1191389Z Setting up libqt6waylandcompositor6:amd64 (6.4.2-5build3) ...
Run Tests (3.10)	UNKNOWN STEP	2025-08-21T04:33:01.1226750Z Setting up qtwayland5:amd64 (5.15.13-1) ...
Run Tests (3.10)	UNKNOWN STEP	2025-08-21T04:33:01.1257627Z Setting up libqt6waylandeglcompositorhwintegration6:amd64 (6.4.2-5build3) ...
Run Tests (3.10)	UNKNOWN STEP	2025-08-21T04:33:01.1285426Z Setting up libqt6waylandeglclienthwintegration6:amd64 (6.4.2-5build3) ...
Run Tests (3.10)	UNKNOWN STEP	2025-08-21T04:33:01.1313888Z Setting up qml-module-qtgraphicaleffects:amd64 (5.15.13-1) ...
Run Tests (3.10)	UNKNOWN STEP	2025-08-21T04:33:01.1340354Z Setting up qml-module-qtquick-dialogs:amd64 (5.15.13-1) ...
Run Tests (3.10)	UNKNOWN STEP	2025-08-21T04:33:01.1369193Z Setting up qt6-wayland:amd64 (6.4.2-5build3) ...
Run Tests (3.10)	UNKNOWN STEP	2025-08-21T04:33:01.1394431Z Setting up qml-module-qtquick-controls:amd64 (5.15.13-1) ...
Run Tests (3.10)	UNKNOWN STEP	2025-08-21T04:33:01.1419440Z Setting up musescore3 (3.2.3+dfsg2-16build5) ...
Run Tests (3.10)	UNKNOWN STEP	2025-08-21T04:33:01.1450176Z Processing triggers for man-db (2.12.0-4build2) ...
Run Tests (3.10)	UNKNOWN STEP	2025-08-21T04:33:09.4370481Z Processing triggers for shared-mime-info (2.4-4) ...
Run Tests (3.10)	UNKNOWN STEP	2025-08-21T04:33:10.5300125Z Processing triggers for udev (255.4-1ubuntu8.10) ...
Run Tests (3.10)	UNKNOWN STEP	2025-08-21T04:33:10.9777996Z Processing triggers for fontconfig (2.15.0-1.1ubuntu2) ...
Run Tests (3.10)	UNKNOWN STEP	2025-08-21T04:33:11.0453150Z Processing triggers for hicolor-icon-theme (0.17-2) ...
Run Tests (3.10)	UNKNOWN STEP	2025-08-21T04:33:11.4959572Z Processing triggers for libc-bin (2.39-0ubuntu8.5) ...
Run Tests (3.10)	UNKNOWN STEP	2025-08-21T04:33:13.5570109Z 
Run Tests (3.10)	UNKNOWN STEP	2025-08-21T04:33:13.5570850Z Running kernel seems to be up-to-date.
Run Tests (3.10)	UNKNOWN STEP	2025-08-21T04:33:13.5571233Z 
Run Tests (3.10)	UNKNOWN STEP	2025-08-21T04:33:13.5571381Z Restarting services...
Run Tests (3.10)	UNKNOWN STEP	2025-08-21T04:33:13.5637630Z 
Run Tests (3.10)	UNKNOWN STEP	2025-08-21T04:33:13.5638434Z Service restarts being deferred:
Run Tests (3.10)	UNKNOWN STEP	2025-08-21T04:33:13.5639185Z  systemctl restart hosted-compute-agent.service
Run Tests (3.10)	UNKNOWN STEP	2025-08-21T04:33:13.5639485Z 
Run Tests (3.10)	UNKNOWN STEP	2025-08-21T04:33:13.5639902Z No containers need to be restarted.
Run Tests (3.10)	UNKNOWN STEP	2025-08-21T04:33:13.5640238Z 
Run Tests (3.10)	UNKNOWN STEP	2025-08-21T04:33:13.5640432Z No user sessions are running outdated binaries.
Run Tests (3.10)	UNKNOWN STEP	2025-08-21T04:33:13.5640648Z 
Run Tests (3.10)	UNKNOWN STEP	2025-08-21T04:33:13.5640837Z No VM guests are running outdated hypervisor (qemu) binaries on this host.
Run Tests (3.10)	UNKNOWN STEP	2025-08-21T04:33:14.3740539Z ##[group]Run uv sync --dev
Run Tests (3.10)	UNKNOWN STEP	2025-08-21T04:33:14.3740842Z [36;1muv sync --dev[0m
Run Tests (3.10)	UNKNOWN STEP	2025-08-21T04:33:14.3741102Z [36;1muv add pytest pytest-cov pytest-asyncio[0m
Run Tests (3.10)	UNKNOWN STEP	2025-08-21T04:33:14.3781233Z shell: /usr/bin/bash -e {0}
Run Tests (3.10)	UNKNOWN STEP	2025-08-21T04:33:14.3781489Z env:
Run Tests (3.10)	UNKNOWN STEP	2025-08-21T04:33:14.3781678Z   PYTHON_VERSION: 3.11
Run Tests (3.10)	UNKNOWN STEP	2025-08-21T04:33:14.3781942Z   UV_CACHE_DIR: /home/runner/work/_temp/setup-uv-cache
Run Tests (3.10)	UNKNOWN STEP	2025-08-21T04:33:14.3782235Z ##[endgroup]
Run Tests (3.10)	UNKNOWN STEP	2025-08-21T04:33:14.5894992Z Using CPython 3.10.18
Run Tests (3.10)	UNKNOWN STEP	2025-08-21T04:33:14.5895424Z Creating virtual environment at: .venv
Run Tests (3.10)	UNKNOWN STEP	2025-08-21T04:33:14.5970781Z Resolved 104 packages in 0.98ms
Run Tests (3.10)	UNKNOWN STEP	2025-08-21T04:33:14.6086373Z    Building music21-mcp-server @ file:///home/runner/work/music21-mcp-server/music21-mcp-server
Run Tests (3.10)	UNKNOWN STEP	2025-08-21T04:33:14.6453044Z Downloading setuptools (1.1MiB)
Run Tests (3.10)	UNKNOWN STEP	2025-08-21T04:33:14.6621685Z Downloading kiwisolver (1.6MiB)
Run Tests (3.10)	UNKNOWN STEP	2025-08-21T04:33:14.6627323Z Downloading music21 (19.2MiB)
Run Tests (3.10)	UNKNOWN STEP	2025-08-21T04:33:14.6629225Z Downloading fonttools (4.6MiB)
Run Tests (3.10)	UNKNOWN STEP	2025-08-21T04:33:14.6632908Z Downloading cryptography (4.2MiB)
Run Tests (3.10)	UNKNOWN STEP	2025-08-21T04:33:14.6634816Z Downloading pygments (1.2MiB)
Run Tests (3.10)	UNKNOWN STEP	2025-08-21T04:33:14.6647817Z Downloading numpy (16.0MiB)
Run Tests (3.10)	UNKNOWN STEP	2025-08-21T04:33:14.6650292Z Downloading pydantic-core (1.9MiB)
Run Tests (3.10)	UNKNOWN STEP	2025-08-21T04:33:14.6657974Z Downloading matplotlib (8.2MiB)
Run Tests (3.10)	UNKNOWN STEP	2025-08-21T04:33:14.6665914Z Downloading pillow (6.3MiB)
Run Tests (3.10)	UNKNOWN STEP	2025-08-21T04:33:14.6674650Z Downloading scipy (35.9MiB)
Run Tests (3.10)	UNKNOWN STEP	2025-08-21T04:33:14.6690704Z Downloading pip (1.7MiB)
Run Tests (3.10)	UNKNOWN STEP	2025-08-21T04:33:15.0662066Z  Downloading kiwisolver
Run Tests (3.10)	UNKNOWN STEP	2025-08-21T04:33:15.1221491Z  Downloading pydantic-core
Run Tests (3.10)	UNKNOWN STEP	2025-08-21T04:33:15.1736213Z    Building midiutil==1.2.1
Run Tests (3.10)	UNKNOWN STEP	2025-08-21T04:33:15.3059171Z  Downloading pygments
Run Tests (3.10)	UNKNOWN STEP	2025-08-21T04:33:15.3662066Z  Downloading cryptography
Run Tests (3.10)	UNKNOWN STEP	2025-08-21T04:33:15.3701938Z  Downloading pip
Run Tests (3.10)	UNKNOWN STEP	2025-08-21T04:33:15.4297300Z  Downloading setuptools
Run Tests (3.10)	UNKNOWN STEP	2025-08-21T04:33:15.4422428Z  Downloading fonttools
Run Tests (3.10)	UNKNOWN STEP	2025-08-21T04:33:15.5313952Z  Downloading pillow
Run Tests (3.10)	UNKNOWN STEP	2025-08-21T04:33:15.6994519Z  Downloading matplotlib
Run Tests (3.10)	UNKNOWN STEP	2025-08-21T04:33:15.9978401Z  Downloading numpy
Run Tests (3.10)	UNKNOWN STEP	2025-08-21T04:33:16.0301021Z       Built music21-mcp-server @ file:///home/runner/work/music21-mcp-server/music21-mcp-server
Run Tests (3.10)	UNKNOWN STEP	2025-08-21T04:33:16.2313098Z       Built midiutil==1.2.1
Run Tests (3.10)	UNKNOWN STEP	2025-08-21T04:33:16.3268233Z  Downloading scipy
Run Tests (3.10)	UNKNOWN STEP	2025-08-21T04:33:17.0185191Z  Downloading music21
Run Tests (3.10)	UNKNOWN STEP	2025-08-21T04:33:17.0187730Z Prepared 100 packages in 2.41s
Run Tests (3.10)	UNKNOWN STEP	2025-08-21T04:33:17.2640881Z Installed 100 packages in 245ms
Run Tests (3.10)	UNKNOWN STEP	2025-08-21T04:33:17.2641715Z  + aiofiles==24.1.0
Run Tests (3.10)	UNKNOWN STEP	2025-08-21T04:33:17.2642072Z  + annotated-types==0.7.0
Run Tests (3.10)	UNKNOWN STEP	2025-08-21T04:33:17.2642434Z  + anyio==4.9.0
Run Tests (3.10)	UNKNOWN STEP	2025-08-21T04:33:17.2642985Z  + attrs==25.3.0
Run Tests (3.10)	UNKNOWN STEP	2025-08-21T04:33:17.2643334Z  + authlib==1.6.0
Run Tests (3.10)	UNKNOWN STEP	2025-08-21T04:33:17.2643740Z  + backports-datetime-fromisoformat==2.0.3
Run Tests (3.10)	UNKNOWN STEP	2025-08-21T04:33:17.2644189Z  + bandit==1.8.6
Run Tests (3.10)	UNKNOWN STEP	2025-08-21T04:33:17.2644482Z  + bleach==6.2.0
Run Tests (3.10)	UNKNOWN STEP	2025-08-21T04:33:17.2644789Z  + boolean-py==5.0
Run Tests (3.10)	UNKNOWN STEP	2025-08-21T04:33:17.2645108Z  + cachecontrol==0.14.3
Run Tests (3.10)	UNKNOWN STEP	2025-08-21T04:33:17.2645447Z  + cachetools==6.1.0
Run Tests (3.10)	UNKNOWN STEP	2025-08-21T04:33:17.2645785Z  + certifi==2025.7.14
Run Tests (3.10)	UNKNOWN STEP	2025-08-21T04:33:17.2646145Z  + cffi==1.17.1
Run Tests (3.10)	UNKNOWN STEP	2025-08-21T04:33:17.2646696Z  + chardet==5.2.0
Run Tests (3.10)	UNKNOWN STEP	2025-08-21T04:33:17.2647055Z  + charset-normalizer==3.4.2
Run Tests (3.10)	UNKNOWN STEP	2025-08-21T04:33:17.2647444Z  + click==8.2.1
Run Tests (3.10)	UNKNOWN STEP	2025-08-21T04:33:17.2647921Z  + contourpy==1.3.2
Run Tests (3.10)	UNKNOWN STEP	2025-08-21T04:33:17.2648242Z  + cryptography==45.0.5
Run Tests (3.10)	UNKNOWN STEP	2025-08-21T04:33:17.2648580Z  + cycler==0.12.1
Run Tests (3.10)	UNKNOWN STEP	2025-08-21T04:33:17.2648901Z  + cyclonedx-python-lib==9.1.0
Run Tests (3.10)	UNKNOWN STEP	2025-08-21T04:33:17.2649279Z  + defusedxml==0.7.1
Run Tests (3.10)	UNKNOWN STEP	2025-08-21T04:33:17.2649590Z  + dparse==0.6.4
Run Tests (3.10)	UNKNOWN STEP	2025-08-21T04:33:17.2650026Z  + exceptiongroup==1.3.0
Run Tests (3.10)	UNKNOWN STEP	2025-08-21T04:33:17.2650388Z  + fastapi==0.116.1
Run Tests (3.10)	UNKNOWN STEP	2025-08-21T04:33:17.2650744Z  + fastmcp==2.9.0
Run Tests (3.10)	UNKNOWN STEP	2025-08-21T04:33:17.2651107Z  + filelock==3.12.4
Run Tests (3.10)	UNKNOWN STEP	2025-08-21T04:33:17.2651478Z  + fonttools==4.59.0
Run Tests (3.10)	UNKNOWN STEP	2025-08-21T04:33:17.2651802Z  + h11==0.16.0
Run Tests (3.10)	UNKNOWN STEP	2025-08-21T04:33:17.2652201Z  + httpcore==1.0.9
Run Tests (3.10)	UNKNOWN STEP	2025-08-21T04:33:17.2652518Z  + httpx==0.28.1
Run Tests (3.10)	UNKNOWN STEP	2025-08-21T04:33:17.2652879Z  + httpx-sse==0.4.1
Run Tests (3.10)	UNKNOWN STEP	2025-08-21T04:33:17.2653191Z  + idna==3.10
Run Tests (3.10)	UNKNOWN STEP	2025-08-21T04:33:17.2653507Z  + jinja2==3.1.6
Run Tests (3.10)	UNKNOWN STEP	2025-08-21T04:33:17.2654148Z  + joblib==1.5.1
Run Tests (3.10)	UNKNOWN STEP	2025-08-21T04:33:17.2654475Z  + jsonpickle==4.1.1
Run Tests (3.10)	UNKNOWN STEP	2025-08-21T04:33:17.2654812Z  + jsonschema==4.25.0
Run Tests (3.10)	UNKNOWN STEP	2025-08-21T04:33:17.2655167Z  + jsonschema-specifications==2025.4.1
Run Tests (3.10)	UNKNOWN STEP	2025-08-21T04:33:17.2655587Z  + kiwisolver==1.4.8
Run Tests (3.10)	UNKNOWN STEP	2025-08-21T04:33:17.2655924Z  + license-expression==30.4.4
Run Tests (3.10)	UNKNOWN STEP	2025-08-21T04:33:17.2656300Z  + markdown-it-py==3.0.0
Run Tests (3.10)	UNKNOWN STEP	2025-08-21T04:33:17.2656642Z  + markupsafe==3.0.2
Run Tests (3.10)	UNKNOWN STEP	2025-08-21T04:33:17.2656957Z  + marshmallow==4.0.0
Run Tests (3.10)	UNKNOWN STEP	2025-08-21T04:33:17.2657278Z  + matplotlib==3.10.3
Run Tests (3.10)	UNKNOWN STEP	2025-08-21T04:33:17.2657729Z  + mcp==1.12.0
Run Tests (3.10)	UNKNOWN STEP	2025-08-21T04:33:17.2658018Z  + mdurl==0.1.2
Run Tests (3.10)	UNKNOWN STEP	2025-08-21T04:33:17.2658318Z  + midiutil==1.2.1
Run Tests (3.10)	UNKNOWN STEP	2025-08-21T04:33:17.2658627Z  + more-itertools==10.7.0
Run Tests (3.10)	UNKNOWN STEP	2025-08-21T04:33:17.2658973Z  + msgpack==1.1.1
Run Tests (3.10)	UNKNOWN STEP	2025-08-21T04:33:17.2659265Z  + music21==9.7.1
Run Tests (3.10)	UNKNOWN STEP	2025-08-21T04:33:17.2659864Z  + music21-mcp-server==1.0.0 (from file:///home/runner/work/music21-mcp-server/music21-mcp-server)
Run Tests (3.10)	UNKNOWN STEP	2025-08-21T04:33:17.2660539Z  + numpy==2.2.6
Run Tests (3.10)	UNKNOWN STEP	2025-08-21T04:33:17.2661071Z  + openapi-pydantic==0.5.1
Run Tests (3.10)	UNKNOWN STEP	2025-08-21T04:33:17.2661446Z  + packageurl-python==0.17.1
Run Tests (3.10)	UNKNOWN STEP	2025-08-21T04:33:17.2661817Z  + packaging==25.0
Run Tests (3.10)	UNKNOWN STEP	2025-08-21T04:33:17.2662121Z  + pathvalidate==3.3.1
Run Tests (3.10)	UNKNOWN STEP	2025-08-21T04:33:17.2662452Z  + pbr==6.1.1
Run Tests (3.10)	UNKNOWN STEP	2025-08-21T04:33:17.2662740Z  + pillow==11.3.0
Run Tests (3.10)	UNKNOWN STEP	2025-08-21T04:33:17.2663030Z  + pip==25.1.1
Run Tests (3.10)	UNKNOWN STEP	2025-08-21T04:33:17.2663342Z  + pip-api==0.0.34
Run Tests (3.10)	UNKNOWN STEP	2025-08-21T04:33:17.2663644Z  + pip-audit==2.9.0
Run Tests (3.10)	UNKNOWN STEP	2025-08-21T04:33:17.2663991Z  + pip-requirements-parser==32.0.1
Run Tests (3.10)	UNKNOWN STEP	2025-08-21T04:33:17.2664393Z  + platformdirs==4.3.8
Run Tests (3.10)	UNKNOWN STEP	2025-08-21T04:33:17.2664719Z  + psutil==6.0.0
Run Tests (3.10)	UNKNOWN STEP	2025-08-21T04:33:17.2665034Z  + py-serializable==2.1.0
Run Tests (3.10)	UNKNOWN STEP	2025-08-21T04:33:17.2665385Z  + pycparser==2.22
Run Tests (3.10)	UNKNOWN STEP	2025-08-21T04:33:17.2665694Z  + pydantic==2.11.7
Run Tests (3.10)	UNKNOWN STEP	2025-08-21T04:33:17.2666005Z  + pydantic-core==2.33.2
Run Tests (3.10)	UNKNOWN STEP	2025-08-21T04:33:17.2666366Z  + pydantic-settings==2.10.1
Run Tests (3.10)	UNKNOWN STEP	2025-08-21T04:33:17.2666725Z  + pygments==2.19.2
Run Tests (3.10)	UNKNOWN STEP	2025-08-21T04:33:17.2667039Z  + pyparsing==3.2.3
Run Tests (3.10)	UNKNOWN STEP	2025-08-21T04:33:17.2667358Z  + python-dateutil==2.9.0.post0
Run Tests (3.10)	UNKNOWN STEP	2025-08-21T04:33:17.2667892Z  + python-dotenv==1.1.1
Run Tests (3.10)	UNKNOWN STEP	2025-08-21T04:33:17.2668245Z  + python-multipart==0.0.20
Run Tests (3.10)	UNKNOWN STEP	2025-08-21T04:33:17.2668585Z  + pyyaml==6.0.2
Run Tests (3.10)	UNKNOWN STEP	2025-08-21T04:33:17.2668896Z  + referencing==0.36.2
Run Tests (3.10)	UNKNOWN STEP	2025-08-21T04:33:17.2669205Z  + requests==2.32.4
Run Tests (3.10)	UNKNOWN STEP	2025-08-21T04:33:17.2669506Z  + rich==14.0.0
Run Tests (3.10)	UNKNOWN STEP	2025-08-21T04:33:17.2669790Z  + rpds-py==0.26.0
Run Tests (3.10)	UNKNOWN STEP	2025-08-21T04:33:17.2670098Z  + ruamel-yaml==0.18.14
Run Tests (3.10)	UNKNOWN STEP	2025-08-21T04:33:17.2670432Z  + ruamel-yaml-clib==0.2.12
Run Tests (3.10)	UNKNOWN STEP	2025-08-21T04:33:17.2670764Z  + safety==3.2.9
Run Tests (3.10)	UNKNOWN STEP	2025-08-21T04:33:17.2671074Z  + safety-schemas==0.0.5
Run Tests (3.10)	UNKNOWN STEP	2025-08-21T04:33:17.2671393Z  + scipy==1.15.3
Run Tests (3.10)	UNKNOWN STEP	2025-08-21T04:33:17.2671695Z  + setuptools==80.9.0
Run Tests (3.10)	UNKNOWN STEP	2025-08-21T04:33:17.2672015Z  + shellingham==1.5.4
Run Tests (3.10)	UNKNOWN STEP	2025-08-21T04:33:17.2672323Z  + six==1.17.0
Run Tests (3.10)	UNKNOWN STEP	2025-08-21T04:33:17.2672620Z  + sniffio==1.3.1
Run Tests (3.10)	UNKNOWN STEP	2025-08-21T04:33:17.2672926Z  + sortedcontainers==2.4.0
Run Tests (3.10)	UNKNOWN STEP	2025-08-21T04:33:17.2673282Z  + sse-starlette==2.4.1
Run Tests (3.10)	UNKNOWN STEP	2025-08-21T04:33:17.2673604Z  + starlette==0.47.2
Run Tests (3.10)	UNKNOWN STEP	2025-08-21T04:33:17.2673920Z  + stevedore==5.4.1
Run Tests (3.10)	UNKNOWN STEP	2025-08-21T04:33:17.2674216Z  + toml==0.10.2
Run Tests (3.10)	UNKNOWN STEP	2025-08-21T04:33:17.2674514Z  + tomli==2.2.1
Run Tests (3.10)	UNKNOWN STEP	2025-08-21T04:33:17.2674925Z  + typer==0.16.0
Run Tests (3.10)	UNKNOWN STEP	2025-08-21T04:33:17.2675280Z  + typing-extensions==4.14.1
Run Tests (3.10)	UNKNOWN STEP	2025-08-21T04:33:17.2675689Z  + typing-inspection==0.4.1
Run Tests (3.10)	UNKNOWN STEP	2025-08-21T04:33:17.2676061Z  + urllib3==2.5.0
Run Tests (3.10)	UNKNOWN STEP	2025-08-21T04:33:17.2676376Z  + uvicorn==0.35.0
Run Tests (3.10)	UNKNOWN STEP	2025-08-21T04:33:17.2676713Z  + webcolors==24.11.1
Run Tests (3.10)	UNKNOWN STEP	2025-08-21T04:33:17.2676968Z  + webencodings==0.5.1
Run Tests (3.10)	UNKNOWN STEP	2025-08-21T04:33:17.8799345Z Resolved 111 packages in 510ms
Run Tests (3.10)	UNKNOWN STEP	2025-08-21T04:33:17.9112312Z    Building music21-mcp-server @ file:///home/runner/work/music21-mcp-server/music21-mcp-server
Run Tests (3.10)	UNKNOWN STEP	2025-08-21T04:33:18.3137946Z       Built music21-mcp-server @ file:///home/runner/work/music21-mcp-server/music21-mcp-server
Run Tests (3.10)	UNKNOWN STEP	2025-08-21T04:33:18.3145479Z Prepared 8 packages in 404ms
Run Tests (3.10)	UNKNOWN STEP	2025-08-21T04:33:18.3151203Z Uninstalled 1 package in 0.49ms
Run Tests (3.10)	UNKNOWN STEP	2025-08-21T04:33:18.3231436Z Installed 8 packages in 8ms
Run Tests (3.10)	UNKNOWN STEP	2025-08-21T04:33:18.3231864Z  + backports-asyncio-runner==1.2.0
Run Tests (3.10)	UNKNOWN STEP	2025-08-21T04:33:18.3232569Z  + coverage==7.10.4
Run Tests (3.10)	UNKNOWN STEP	2025-08-21T04:33:18.3233248Z  + iniconfig==2.1.0
Run Tests (3.10)	UNKNOWN STEP	2025-08-21T04:33:18.3233905Z  ~ music21-mcp-server==1.0.0 (from file:///home/runner/work/music21-mcp-server/music21-mcp-server)
Run Tests (3.10)	UNKNOWN STEP	2025-08-21T04:33:18.3234619Z  + pluggy==1.6.0
Run Tests (3.10)	UNKNOWN STEP	2025-08-21T04:33:18.3234929Z  + pytest==8.4.1
Run Tests (3.10)	UNKNOWN STEP	2025-08-21T04:33:18.3235252Z  + pytest-asyncio==1.1.0
Run Tests (3.10)	UNKNOWN STEP	2025-08-21T04:33:18.3235523Z  + pytest-cov==6.2.1
Run Tests (3.10)	UNKNOWN STEP	2025-08-21T04:33:18.3376305Z ##[group]Run uv run python -c "
Run Tests (3.10)	UNKNOWN STEP	2025-08-21T04:33:18.3376606Z [36;1muv run python -c "[0m
Run Tests (3.10)	UNKNOWN STEP	2025-08-21T04:33:18.3376829Z [36;1mimport music21[0m
Run Tests (3.10)	UNKNOWN STEP	2025-08-21T04:33:18.3377049Z [36;1mfrom music21 import environment[0m
Run Tests (3.10)	UNKNOWN STEP	2025-08-21T04:33:18.3377333Z [36;1menv = environment.Environment()[0m
Run Tests (3.10)	UNKNOWN STEP	2025-08-21T04:33:18.3378360Z [36;1menv['directoryScratch'] = '/tmp/music21'[0m
Run Tests (3.10)	UNKNOWN STEP	2025-08-21T04:33:18.3378664Z [36;1menv['autoDownload'] = 'deny'[0m
Run Tests (3.10)	UNKNOWN STEP	2025-08-21T04:33:18.3378997Z [36;1mprint('Music21 configured for CI')[0m
Run Tests (3.10)	UNKNOWN STEP	2025-08-21T04:33:18.3379239Z [36;1m"[0m
Run Tests (3.10)	UNKNOWN STEP	2025-08-21T04:33:18.3418887Z shell: /usr/bin/bash -e {0}
Run Tests (3.10)	UNKNOWN STEP	2025-08-21T04:33:18.3419292Z env:
Run Tests (3.10)	UNKNOWN STEP	2025-08-21T04:33:18.3419470Z   PYTHON_VERSION: 3.11
Run Tests (3.10)	UNKNOWN STEP	2025-08-21T04:33:18.3419721Z   UV_CACHE_DIR: /home/runner/work/_temp/setup-uv-cache
Run Tests (3.10)	UNKNOWN STEP	2025-08-21T04:33:18.3420007Z ##[endgroup]
Run Tests (3.10)	UNKNOWN STEP	2025-08-21T04:33:19.5409810Z Music21 configured for CI
Run Tests (3.10)	UNKNOWN STEP	2025-08-21T04:33:19.5830621Z ##[group]Run uv run pytest tests/ -v -m "not slow" \
Run Tests (3.10)	UNKNOWN STEP	2025-08-21T04:33:19.5831007Z [36;1muv run pytest tests/ -v -m "not slow" \[0m
Run Tests (3.10)	UNKNOWN STEP	2025-08-21T04:33:19.5831319Z [36;1m  --asyncio-mode=auto \[0m
Run Tests (3.10)	UNKNOWN STEP	2025-08-21T04:33:19.5831556Z [36;1m  --cov=src/music21_mcp \[0m
Run Tests (3.10)	UNKNOWN STEP	2025-08-21T04:33:19.5831794Z [36;1m  --cov-report=xml \[0m
Run Tests (3.10)	UNKNOWN STEP	2025-08-21T04:33:19.5832025Z [36;1m  --cov-report=term-missing \[0m
Run Tests (3.10)	UNKNOWN STEP	2025-08-21T04:33:19.5832273Z [36;1m  --cov-report=html \[0m
Run Tests (3.10)	UNKNOWN STEP	2025-08-21T04:33:19.5832523Z [36;1m  --junitxml=junit/test-results-3.10.xml \[0m
Run Tests (3.10)	UNKNOWN STEP	2025-08-21T04:33:19.5832796Z [36;1m  --cov-fail-under=76[0m
Run Tests (3.10)	UNKNOWN STEP	2025-08-21T04:33:19.5872266Z shell: /usr/bin/bash -e {0}
Run Tests (3.10)	UNKNOWN STEP	2025-08-21T04:33:19.5872486Z env:
Run Tests (3.10)	UNKNOWN STEP	2025-08-21T04:33:19.5872678Z   PYTHON_VERSION: 3.11
Run Tests (3.10)	UNKNOWN STEP	2025-08-21T04:33:19.5872921Z   UV_CACHE_DIR: /home/runner/work/_temp/setup-uv-cache
Run Tests (3.10)	UNKNOWN STEP	2025-08-21T04:33:19.5873188Z ##[endgroup]
Run Tests (3.10)	UNKNOWN STEP	2025-08-21T04:33:21.4467196Z ============================= test session starts ==============================
Run Tests (3.10)	UNKNOWN STEP	2025-08-21T04:33:21.4468366Z platform linux -- Python 3.10.18, pytest-8.4.1, pluggy-1.6.0 -- /home/runner/work/music21-mcp-server/music21-mcp-server/.venv/bin/python3
Run Tests (3.10)	UNKNOWN STEP	2025-08-21T04:33:21.4469047Z cachedir: .pytest_cache
Run Tests (3.10)	UNKNOWN STEP	2025-08-21T04:33:21.4469426Z rootdir: /home/runner/work/music21-mcp-server/music21-mcp-server
Run Tests (3.10)	UNKNOWN STEP	2025-08-21T04:33:21.4469841Z configfile: pytest.ini
Run Tests (3.10)	UNKNOWN STEP	2025-08-21T04:33:21.4470135Z plugins: cov-6.2.1, asyncio-1.1.0, anyio-4.9.0
Run Tests (3.10)	UNKNOWN STEP	2025-08-21T04:33:21.4470701Z asyncio: mode=auto, asyncio_default_fixture_loop_scope=None, asyncio_default_test_loop_scope=function
Run Tests (3.10)	UNKNOWN STEP	2025-08-21T04:33:23.2320746Z collecting ... collected 374 items / 3 deselected / 371 selected
Run Tests (3.10)	UNKNOWN STEP	2025-08-21T04:33:23.2321126Z 
Run Tests (3.10)	UNKNOWN STEP	2025-08-21T04:33:24.7823985Z tests/adapters/test_mcp_adapter_minimal.py::TestMCPAdapterMinimal::test_adapter_creation PASSED [  0%]
Run Tests (3.10)	UNKNOWN STEP	2025-08-21T04:33:25.9174761Z tests/adapters/test_mcp_adapter_minimal.py::TestMCPAdapterMinimal::test_get_supported_tools_basic PASSED [  0%]
Run Tests (3.10)	UNKNOWN STEP	2025-08-21T04:33:27.3433212Z tests/adapters/test_mcp_adapter_minimal.py::TestMCPAdapterMinimal::test_check_protocol_compatibility_basic PASSED [  0%]
Run Tests (3.10)	UNKNOWN STEP	2025-08-21T04:33:28.4928387Z tests/adapters/test_mcp_adapter_minimal.py::TestMCPAdapterMinimal::test_create_server_mocked PASSED [  1%]
Run Tests (3.10)	UNKNOWN STEP	2025-08-21T04:33:29.6364117Z tests/adapters/test_mcp_adapter_minimal.py::TestMCPAdapterMinimal::test_tool_registration_basic PASSED [  1%]
Run Tests (3.10)	UNKNOWN STEP	2025-08-21T04:33:30.7763381Z tests/adapters/test_mcp_adapter_minimal.py::TestMCPAdapterErrorHandling::test_graceful_degradation_on_mcp_failure PASSED [  1%]
Run Tests (3.10)	UNKNOWN STEP	2025-08-21T04:33:31.9193758Z tests/adapters/test_mcp_adapter_minimal.py::TestMCPAdapterErrorHandling::test_core_service_remains_accessible PASSED [  1%]
Run Tests (3.10)	UNKNOWN STEP	2025-08-21T04:33:33.4127985Z tests/adapters/test_mcp_adapter_minimal.py::TestMCPAdapterErrorHandling::test_core_functionality_bypasses_mcp PASSED [  2%]
Run Tests (3.10)	UNKNOWN STEP	2025-08-21T04:33:33.4143649Z tests/adapters/test_mcp_adapter_minimal.py::TestMCPProtocolVolatility::test_fastmcp_version_awareness PASSED [  2%]
Run Tests (3.10)	UNKNOWN STEP	2025-08-21T04:33:33.4198779Z tests/adapters/test_mcp_adapter_minimal.py::TestMCPProtocolVolatility::test_mcp_breaking_change_detection PASSED [  2%]
Run Tests (3.10)	UNKNOWN STEP	2025-08-21T04:33:34.5605528Z tests/adapters/test_mcp_adapter_minimal.py::TestMCPProtocolVolatility::test_protocol_isolation_effectiveness PASSED [  2%]
Run Tests (3.10)	UNKNOWN STEP	2025-08-21T04:33:35.7392314Z tests/core/test_music_analysis_service.py::TestMusicAnalysisServiceCore::test_import_bach_chorale_success PASSED [  3%]
Run Tests (3.10)	UNKNOWN STEP	2025-08-21T04:33:36.8992561Z tests/core/test_music_analysis_service.py::TestMusicAnalysisServiceCore::test_import_invalid_corpus_piece PASSED [  3%]
Run Tests (3.10)	UNKNOWN STEP	2025-08-21T04:33:38.0414525Z tests/core/test_music_analysis_service.py::TestMusicAnalysisServiceCore::test_list_scores_empty PASSED [  3%]
Run Tests (3.10)	UNKNOWN STEP	2025-08-21T04:33:39.3671444Z tests/core/test_music_analysis_service.py::TestMusicAnalysisServiceCore::test_list_scores_with_content PASSED [  4%]
Run Tests (3.10)	UNKNOWN STEP	2025-08-21T04:33:40.5760662Z tests/core/test_music_analysis_service.py::TestMusicAnalysisServiceCore::test_get_score_info_success PASSED [  4%]
Run Tests (3.10)	UNKNOWN STEP	2025-08-21T04:33:41.7242230Z tests/core/test_music_analysis_service.py::TestMusicAnalysisServiceCore::test_get_score_info_missing PASSED [  4%]
Run Tests (3.10)	UNKNOWN STEP	2025-08-21T04:33:42.9052648Z tests/core/test_music_analysis_service.py::TestMusicAnalysisServiceCore::test_delete_score_success PASSED [  4%]
Run Tests (3.10)	UNKNOWN STEP	2025-08-21T04:33:44.0556235Z tests/core/test_music_analysis_service.py::TestMusicAnalysisServiceCore::test_delete_score_missing PASSED [  5%]
Run Tests (3.10)	UNKNOWN STEP	2025-08-21T04:33:45.3411291Z tests/core/test_music_analysis_service.py::TestMusicAnalysisServiceCore::test_analyze_key_bach_chorale PASSED [  5%]
Run Tests (3.10)	UNKNOWN STEP	2025-08-21T04:33:46.5319118Z tests/core/test_music_analysis_service.py::TestMusicAnalysisServiceCore::test_analyze_key_missing_score PASSED [  5%]
Run Tests (3.10)	UNKNOWN STEP	2025-08-21T04:33:48.1497717Z tests/core/test_music_analysis_service.py::TestMusicAnalysisServiceCore::test_analyze_harmony_roman_numerals PASSED [  5%]
Run Tests (3.10)	UNKNOWN STEP	2025-08-21T04:33:49.5570671Z tests/core/test_music_analysis_service.py::TestMusicAnalysisServiceCore::test_analyze_harmony_functional PASSED [  6%]
Run Tests (3.10)	UNKNOWN STEP	2025-08-21T04:33:50.9674322Z tests/core/test_music_analysis_service.py::TestMusicAnalysisServiceCore::test_analyze_harmony_invalid_type PASSED [  6%]
Run Tests (3.10)	UNKNOWN STEP	2025-08-21T04:33:52.1792243Z tests/core/test_music_analysis_service.py::TestMusicAnalysisServiceCore::test_analyze_voice_leading_chorale PASSED [  6%]
Run Tests (3.10)	UNKNOWN STEP	2025-08-21T04:33:53.3317049Z tests/core/test_music_analysis_service.py::TestMusicAnalysisServiceCore::test_analyze_voice_leading_missing_score PASSED [  7%]
Run Tests (3.10)	UNKNOWN STEP	2025-08-21T04:33:54.6040996Z tests/core/test_music_analysis_service.py::TestMusicAnalysisServiceCore::test_recognize_melodic_patterns PASSED [  7%]
Run Tests (3.10)	UNKNOWN STEP	2025-08-21T04:33:55.9516422Z tests/core/test_music_analysis_service.py::TestMusicAnalysisServiceCore::test_recognize_rhythmic_patterns PASSED [  7%]
Run Tests (3.10)	UNKNOWN STEP	2025-08-21T04:33:57.1367296Z tests/core/test_music_analysis_service.py::TestMusicAnalysisServiceCore::test_recognize_invalid_pattern_type PASSED [  7%]
Run Tests (3.10)	UNKNOWN STEP	2025-08-21T04:33:58.2833608Z tests/core/test_music_analysis_service.py::TestMusicAnalysisServiceCore::test_get_available_tools PASSED [  8%]
Run Tests (3.10)	UNKNOWN STEP	2025-08-21T04:33:59.4281478Z tests/core/test_music_analysis_service.py::TestMusicAnalysisServiceCore::test_get_score_count_empty PASSED [  8%]
Run Tests (3.10)	UNKNOWN STEP	2025-08-21T04:34:00.6566041Z tests/core/test_music_analysis_service.py::TestMusicAnalysisServiceCore::test_get_score_count_with_scores PASSED [  8%]
Run Tests (3.10)	UNKNOWN STEP	2025-08-21T04:34:01.8465971Z tests/core/test_music_analysis_service.py::TestMusicAnalysisServiceCore::test_duplicate_score_id_import PASSED [  8%]
Run Tests (3.10)	UNKNOWN STEP	2025-08-21T04:34:03.0056435Z tests/core/test_music_analysis_service.py::TestMusicAnalysisServiceCore::test_empty_score_id PASSED [  9%]
Run Tests (3.10)	UNKNOWN STEP	2025-08-21T04:34:04.1594953Z tests/core/test_music_analysis_service.py::TestMusicAnalysisServiceCore::test_null_values PASSED [  9%]
Run Tests (3.10)	UNKNOWN STEP	2025-08-21T04:34:05.4186854Z tests/core/test_music_analysis_service.py::TestMusicAnalysisServiceCore::test_multiple_concurrent_operations PASSED [  9%]
Run Tests (3.10)	UNKNOWN STEP	2025-08-21T04:34:06.5765666Z tests/core/test_music_analysis_service.py::TestMusicAnalysisServiceCore::test_large_corpus_handling PASSED [  9%]
Run Tests (3.10)	UNKNOWN STEP	2025-08-21T04:34:07.9546843Z tests/core/test_music_analysis_service.py::TestMusicAnalysisServiceExport::test_export_musicxml PASSED [ 10%]
Run Tests (3.10)	UNKNOWN STEP	2025-08-21T04:34:09.2648454Z tests/core/test_music_analysis_service.py::TestMusicAnalysisServiceExport::test_export_midi PASSED [ 10%]
Run Tests (3.10)	UNKNOWN STEP	2025-08-21T04:34:10.4533947Z tests/core/test_music_analysis_service.py::TestMusicAnalysisServiceExport::test_export_invalid_format PASSED [ 10%]
Run Tests (3.10)	UNKNOWN STEP	2025-08-21T04:34:11.6013133Z tests/core/test_music_analysis_service.py::TestMusicAnalysisServiceExport::test_export_missing_score PASSED [ 11%]
Run Tests (3.10)	UNKNOWN STEP	2025-08-21T04:34:13.5720643Z tests/core/test_music_analysis_service.py::TestMusicAnalysisWorkflows::test_complete_chorale_analysis_workflow PASSED [ 11%]
Run Tests (3.10)	UNKNOWN STEP	2025-08-21T04:34:15.0854933Z tests/core/test_music_analysis_service.py::TestMusicAnalysisWorkflows::test_comparative_analysis PASSED [ 11%]
Run Tests (3.10)	UNKNOWN STEP	2025-08-21T04:34:17.3408916Z tests/core/test_music_analysis_service.py::TestMusicAnalysisWorkflows::test_score_lifecycle PASSED [ 11%]
Run Tests (3.10)	UNKNOWN STEP	2025-08-21T04:34:17.3423226Z tests/integration/test_claude_desktop_integration.py::TestClaudeDesktopIntegration::test_mcp_server_configuration SKIPPED [ 12%]
Run Tests (3.10)	UNKNOWN STEP	2025-08-21T04:34:17.3433429Z tests/integration/test_claude_desktop_integration.py::TestClaudeDesktopIntegration::test_tool_schema_compliance SKIPPED [ 12%]
Run Tests (3.10)	UNKNOWN STEP	2025-08-21T04:34:17.3443097Z tests/integration/test_claude_desktop_integration.py::TestClaudeDesktopIntegration::test_mcp_protocol_initialization SKIPPED [ 12%]
Run Tests (3.10)	UNKNOWN STEP	2025-08-21T04:34:18.4522101Z tests/integration/test_claude_desktop_integration.py::TestClaudeDesktopIntegration::test_claude_desktop_config_format PASSED [ 12%]
Run Tests (3.10)	UNKNOWN STEP	2025-08-21T04:34:18.4543508Z tests/integration/test_claude_desktop_integration.py::TestClaudeDesktopIntegration::test_tool_error_handling_for_claude PASSED [ 13%]
Run Tests (3.10)	UNKNOWN STEP	2025-08-21T04:34:18.7075846Z tests/integration/test_claude_desktop_integration.py::TestClaudeDesktopIntegration::test_tool_streaming_support PASSED [ 13%]
Run Tests (3.10)	UNKNOWN STEP	2025-08-21T04:34:21.8133831Z tests/integration/test_claude_desktop_integration.py::TestClaudeDesktopIntegration::test_server_subprocess_compatibility PASSED [ 13%]
Run Tests (3.10)	UNKNOWN STEP	2025-08-21T04:34:21.9399460Z tests/integration/test_claude_desktop_integration.py::TestClaudeDesktopIntegration::test_concurrent_claude_connections PASSED [ 14%]
Run Tests (3.10)	UNKNOWN STEP	2025-08-21T04:34:21.9411003Z tests/integration/test_claude_desktop_integration.py::TestClaudeDesktopIntegration::test_resource_endpoint_visibility SKIPPED [ 14%]
Run Tests (3.10)	UNKNOWN STEP	2025-08-21T04:34:21.9421962Z tests/integration/test_claude_desktop_integration.py::TestClaudeDesktopIntegration::test_tool_naming_conventions SKIPPED [ 14%]
Run Tests (3.10)	UNKNOWN STEP	2025-08-21T04:34:21.9432677Z tests/integration/test_claude_desktop_integration.py::TestMCPProtocolCompliance::test_mcp_message_format SKIPPED [ 14%]
Run Tests (3.10)	UNKNOWN STEP	2025-08-21T04:34:21.9451517Z tests/integration/test_claude_desktop_integration.py::TestMCPProtocolCompliance::test_tool_parameter_validation PASSED [ 15%]
Run Tests (3.10)	UNKNOWN STEP	2025-08-21T04:34:21.9463179Z tests/integration/test_claude_desktop_integration.py::TestMCPProtocolCompliance::test_server_metadata SKIPPED [ 15%]
Run Tests (3.10)	UNKNOWN STEP	2025-08-21T04:34:22.0753610Z tests/integration/test_fastmcp_server.py::TestFastMCPServer::test_fastmcp_server_initialization PASSED [ 15%]
Run Tests (3.10)	UNKNOWN STEP	2025-08-21T04:34:22.0765615Z tests/integration/test_fastmcp_server.py::TestFastMCPServer::test_tool_registration_via_decorator SKIPPED [ 15%]
Run Tests (3.10)	UNKNOWN STEP	2025-08-21T04:34:22.2019015Z tests/integration/test_fastmcp_server.py::TestFastMCPServer::test_score_storage_dict_operations PASSED [ 16%]
Run Tests (3.10)	UNKNOWN STEP	2025-08-21T04:34:24.3988968Z tests/integration/test_fastmcp_server.py::TestFastMCPServer::test_rate_limiting_functionality PASSED [ 16%]
Run Tests (3.10)	UNKNOWN STEP	2025-08-21T04:34:24.3999810Z tests/integration/test_fastmcp_server.py::TestFastMCPServer::test_rate_limiting_with_tools SKIPPED [ 16%]
Run Tests (3.10)	UNKNOWN STEP	2025-08-21T04:34:24.4845434Z tests/integration/test_fastmcp_server.py::TestFastMCPServer::test_error_handling_and_response_formats PASSED [ 16%]
Run Tests (3.10)	UNKNOWN STEP	2025-08-21T04:34:26.6793682Z tests/integration/test_fastmcp_server.py::TestFastMCPServer::test_tool_interconnection_workflow PASSED [ 17%]
Run Tests (3.10)	UNKNOWN STEP	2025-08-21T04:34:26.9678437Z tests/integration/test_fastmcp_server.py::TestFastMCPServer::test_concurrent_access_patterns PASSED [ 17%]
Run Tests (3.10)	UNKNOWN STEP	2025-08-21T04:34:26.9689831Z tests/integration/test_fastmcp_server.py::TestFastMCPServer::test_memory_management_and_cleanup SKIPPED [ 17%]
Run Tests (3.10)	UNKNOWN STEP	2025-08-21T04:34:27.0913029Z tests/integration/test_fastmcp_server.py::TestFastMCPServer::test_health_check_functionality PASSED [ 18%]
Run Tests (3.10)	UNKNOWN STEP	2025-08-21T04:34:27.0923866Z tests/integration/test_fastmcp_server.py::TestFastMCPServer::test_resource_endpoints SKIPPED [ 18%]
Run Tests (3.10)	UNKNOWN STEP	2025-08-21T04:34:27.2113202Z tests/integration/test_fastmcp_server.py::TestFastMCPServer::test_error_recovery_and_resilience PASSED [ 18%]
Run Tests (3.10)	UNKNOWN STEP	2025-08-21T04:34:32.7235091Z tests/integration/test_fastmcp_server.py::TestFastMCPServer::test_corpus_data_integration PASSED [ 18%]
Run Tests (3.10)	UNKNOWN STEP	2025-08-21T04:35:14.3256566Z tests/integration/test_fastmcp_server.py::TestFastMCPServerStress::test_large_score_handling PASSED [ 19%]
Run Tests (3.10)	UNKNOWN STEP	2025-08-21T04:35:16.3474989Z tests/integration/test_fastmcp_server.py::TestFastMCPServerStress::test_rapid_sequential_requests PASSED [ 19%]
Run Tests (3.10)	UNKNOWN STEP	2025-08-21T04:35:16.3874567Z tests/integration/test_production_failures.py::TestProductionFailures::test_requests_before_initialization PASSED [ 19%]
Run Tests (3.10)	UNKNOWN STEP	2025-08-21T04:35:16.3885203Z tests/integration/test_production_failures.py::TestProductionFailures::test_tools_visibility_in_claude_desktop SKIPPED [ 19%]
Run Tests (3.10)	UNKNOWN STEP	2025-08-21T04:35:23.9014446Z tests/integration/test_production_failures.py::TestProductionFailures::test_timeout_scenarios PASSED [ 20%]
Run Tests (3.10)	UNKNOWN STEP	2025-08-21T04:35:24.0254060Z tests/integration/test_production_failures.py::TestProductionFailures::test_error_recovery PASSED [ 20%]
Run Tests (3.10)	UNKNOWN STEP	2025-08-21T04:35:25.9473221Z tests/integration/test_production_failures.py::TestProductionFailures::test_concurrent_requests PASSED [ 20%]
Run Tests (3.10)	UNKNOWN STEP	2025-08-21T04:35:25.9483890Z tests/integration/test_production_failures.py::TestProductionFailures::test_docker_cloud_environment SKIPPED [ 21%]
Run Tests (3.10)	UNKNOWN STEP	2025-08-21T04:35:26.9591722Z tests/integration/test_production_failures.py::TestServerStability::test_signal_handling PASSED [ 21%]
Run Tests (3.10)	UNKNOWN STEP	2025-08-21T04:35:26.9605385Z tests/test_priority_config.py::TestPriorityValidation::test_core_test_coverage_adequate PASSED [ 21%]
Run Tests (3.10)	UNKNOWN STEP	2025-08-21T04:35:26.9619476Z tests/test_priority_config.py::TestPriorityValidation::test_adapter_test_coverage_minimal PASSED [ 21%]
Run Tests (3.10)	UNKNOWN STEP	2025-08-21T04:35:26.9632304Z tests/test_priority_config.py::TestPriorityValidation::test_reality_based_expectations PASSED [ 22%]
Run Tests (3.10)	UNKNOWN STEP	2025-08-21T04:35:28.1859596Z tests/unit/test_adapter_coverage_boost.py::TestMCPAdapterCoverage::test_adapter_initialization PASSED [ 22%]
Run Tests (3.10)	UNKNOWN STEP	2025-08-21T04:35:29.3559913Z tests/unit/test_adapter_coverage_boost.py::TestMCPAdapterCoverage::test_check_protocol_compatibility PASSED [ 22%]
Run Tests (3.10)	UNKNOWN STEP	2025-08-21T04:35:30.5024405Z tests/unit/test_adapter_coverage_boost.py::TestMCPAdapterCoverage::test_get_supported_tools PASSED [ 22%]
Run Tests (3.10)	UNKNOWN STEP	2025-08-21T04:35:30.5034649Z tests/unit/test_adapter_coverage_boost.py::TestMCPAdapterCoverage::test_create_server_mocked SKIPPED [ 23%]
Run Tests (3.10)	UNKNOWN STEP	2025-08-21T04:35:31.6486319Z tests/unit/test_adapter_coverage_boost.py::TestMCPAdapterCoverage::test_tool_methods_coverage PASSED [ 23%]
Run Tests (3.10)	UNKNOWN STEP	2025-08-21T04:35:31.6496450Z tests/unit/test_adapter_coverage_boost.py::TestPythonAdapterCoverage::test_python_adapter_initialization SKIPPED [ 23%]
Run Tests (3.10)	UNKNOWN STEP	2025-08-21T04:35:31.6506057Z tests/unit/test_adapter_coverage_boost.py::TestPythonAdapterCoverage::test_create_sync_analyzer SKIPPED [ 23%]
Run Tests (3.10)	UNKNOWN STEP	2025-08-21T04:35:31.6516241Z tests/unit/test_adapter_coverage_boost.py::TestPythonAdapterCoverage::test_adapter_methods_basic SKIPPED [ 24%]
Run Tests (3.10)	UNKNOWN STEP	2025-08-21T04:35:32.7455484Z tests/unit/test_adapter_coverage_boost.py::TestPythonAdapterCoverage::test_import_and_analyze_workflow PASSED [ 24%]
Run Tests (3.10)	UNKNOWN STEP	2025-08-21T04:35:33.8806941Z tests/unit/test_adapter_coverage_boost.py::TestPythonAdapterCoverage::test_generation_methods PASSED [ 24%]
Run Tests (3.10)	UNKNOWN STEP	2025-08-21T04:35:34.9538115Z tests/unit/test_adapter_coverage_boost.py::TestPythonAdapterCoverage::test_export_and_delete_methods PASSED [ 25%]
Run Tests (3.10)	UNKNOWN STEP	2025-08-21T04:35:34.9549136Z tests/unit/test_adapter_coverage_boost.py::TestServerMinimalCoverage::test_server_creation_mocked SKIPPED [ 25%]
Run Tests (3.10)	UNKNOWN STEP	2025-08-21T04:35:34.9562876Z tests/unit/test_chord_analysis_tool.py::TestChordAnalysisTool::test_tool_initialization PASSED [ 25%]
Run Tests (3.10)	UNKNOWN STEP	2025-08-21T04:35:35.2389267Z tests/unit/test_chord_analysis_tool.py::TestChordAnalysisTool::test_chord_analysis_success PASSED [ 25%]
Run Tests (3.10)	UNKNOWN STEP	2025-08-21T04:35:35.2409671Z tests/unit/test_chord_analysis_tool.py::TestChordAnalysisTool::test_chord_analysis_nonexistent_score PASSED [ 26%]
Run Tests (3.10)	UNKNOWN STEP	2025-08-21T04:35:35.4627035Z tests/unit/test_chord_analysis_tool.py::TestChordAnalysisTool::test_chord_analysis_detailed_chords PASSED [ 26%]
Run Tests (3.10)	UNKNOWN STEP	2025-08-21T04:35:35.6842086Z tests/unit/test_chord_analysis_tool.py::TestChordAnalysisTool::test_chord_analysis_histogram PASSED [ 26%]
Run Tests (3.10)	UNKNOWN STEP	2025-08-21T04:35:36.0031545Z tests/unit/test_chord_analysis_tool.py::TestChordAnalysisTool::test_chord_analysis_common_chords PASSED [ 26%]
Run Tests (3.10)	UNKNOWN STEP	2025-08-21T04:35:36.2251176Z tests/unit/test_chord_analysis_tool.py::TestChordAnalysisTool::test_chord_analysis_custom_parameters PASSED [ 27%]
Run Tests (3.10)	UNKNOWN STEP	2025-08-21T04:35:36.2733929Z tests/unit/test_chord_analysis_tool.py::TestChordAnalysisTool::test_chord_analysis_monophonic_music PASSED [ 27%]
Run Tests (3.10)	UNKNOWN STEP	2025-08-21T04:35:36.3638089Z tests/unit/test_chord_analysis_tool.py::TestChordAnalysisTool::test_chord_analysis_complex_harmony PASSED [ 27%]
Run Tests (3.10)	UNKNOWN STEP	2025-08-21T04:35:36.3652914Z tests/unit/test_counterpoint_tool.py::TestCounterpointGeneratorTool::test_tool_initialization PASSED [ 28%]
Run Tests (3.10)	UNKNOWN STEP	2025-08-21T04:35:36.4310344Z tests/unit/test_counterpoint_tool.py::TestCounterpointGeneratorTool::test_counterpoint_generation_success PASSED [ 28%]
Run Tests (3.10)	UNKNOWN STEP	2025-08-21T04:35:36.4330624Z tests/unit/test_counterpoint_tool.py::TestCounterpointGeneratorTool::test_counterpoint_nonexistent_score PASSED [ 28%]
Run Tests (3.10)	UNKNOWN STEP	2025-08-21T04:35:36.7472801Z tests/unit/test_counterpoint_tool.py::TestCounterpointGeneratorTool::test_counterpoint_species PASSED [ 28%]
Run Tests (3.10)	UNKNOWN STEP	2025-08-21T04:35:37.0287393Z tests/unit/test_counterpoint_tool.py::TestCounterpointGeneratorTool::test_counterpoint_voice_positions PASSED [ 29%]
Run Tests (3.10)	UNKNOWN STEP	2025-08-21T04:35:37.0870098Z tests/unit/test_counterpoint_tool.py::TestCounterpointGeneratorTool::test_counterpoint_validation PASSED [ 29%]
Run Tests (3.10)	UNKNOWN STEP	2025-08-21T04:35:37.1419827Z tests/unit/test_counterpoint_tool.py::TestCounterpointGeneratorTool::test_counterpoint_duplicate_output_id PASSED [ 29%]
Run Tests (3.10)	UNKNOWN STEP	2025-08-21T04:35:37.2003930Z tests/unit/test_counterpoint_tool.py::TestCounterpointGeneratorTool::test_counterpoint_info_structure PASSED [ 29%]
Run Tests (3.10)	UNKNOWN STEP	2025-08-21T04:35:37.2027877Z tests/unit/test_counterpoint_tool.py::TestCounterpointGeneratorTool::test_counterpoint_invalid_species PASSED [ 30%]
Run Tests (3.10)	UNKNOWN STEP	2025-08-21T04:35:37.2046947Z tests/unit/test_coverage_boost.py::TestResourceManagerComprehensive::test_score_storage_initialization PASSED [ 30%]
Run Tests (3.10)	UNKNOWN STEP	2025-08-21T04:35:37.2067735Z tests/unit/test_coverage_boost.py::TestResourceManagerComprehensive::test_score_storage_add_score PASSED [ 30%]
Run Tests (3.10)	UNKNOWN STEP	2025-08-21T04:35:37.2087874Z tests/unit/test_coverage_boost.py::TestResourceManagerComprehensive::test_score_storage_delete_score PASSED [ 30%]
Run Tests (3.10)	UNKNOWN STEP	2025-08-21T04:35:37.2108517Z tests/unit/test_coverage_boost.py::TestResourceManagerComprehensive::test_score_storage_list_scores PASSED [ 31%]
Run Tests (3.10)	UNKNOWN STEP	2025-08-21T04:35:37.2780559Z tests/unit/test_coverage_boost.py::TestResourceManagerComprehensive::test_score_storage_cleanup_expired PASSED [ 31%]
Run Tests (3.10)	UNKNOWN STEP	2025-08-21T04:35:37.3323781Z tests/unit/test_coverage_boost.py::TestResourceManagerComprehensive::test_score_storage_evict_lru PASSED [ 31%]
Run Tests (3.10)	UNKNOWN STEP	2025-08-21T04:35:38.3002745Z tests/unit/test_coverage_boost.py::TestResourceManagerComprehensive::test_score_storage_memory_limit PASSED [ 32%]
Run Tests (3.10)	UNKNOWN STEP	2025-08-21T04:35:38.3028640Z tests/unit/test_coverage_boost.py::TestResourceManagerComprehensive::test_score_storage_health_check PASSED [ 32%]
Run Tests (3.10)	UNKNOWN STEP	2025-08-21T04:35:38.3150882Z tests/unit/test_coverage_boost.py::TestResourceManagerComprehensive::test_score_storage_get_stats PASSED [ 32%]
Run Tests (3.10)	UNKNOWN STEP	2025-08-21T04:35:38.4188848Z tests/unit/test_coverage_boost.py::TestResourceManagerComprehensive::test_resource_manager_initialization PASSED [ 32%]
Run Tests (3.10)	UNKNOWN STEP	2025-08-21T04:35:38.4771144Z tests/unit/test_coverage_boost.py::TestResourceManagerComprehensive::test_resource_manager_check_memory PASSED [ 33%]
Run Tests (3.10)	UNKNOWN STEP	2025-08-21T04:35:38.5235152Z tests/unit/test_coverage_boost.py::TestResourceManagerComprehensive::test_resource_manager_get_memory_usage PASSED [ 33%]
Run Tests (3.10)	UNKNOWN STEP	2025-08-21T04:35:38.6067006Z tests/unit/test_coverage_boost.py::TestResourceManagerComprehensive::test_resource_manager_shutdown PASSED [ 33%]
Run Tests (3.10)	UNKNOWN STEP	2025-08-21T04:35:38.6870995Z tests/unit/test_coverage_boost.py::TestResourceManagerComprehensive::test_resource_manager_cleanup_loop PASSED [ 33%]
Run Tests (3.10)	UNKNOWN STEP	2025-08-21T04:35:38.7317720Z tests/unit/test_coverage_boost.py::TestResourceManagerComprehensive::test_resource_manager_monitor_resources PASSED [ 34%]
Run Tests (3.10)	UNKNOWN STEP	2025-08-21T04:35:38.7332746Z tests/unit/test_coverage_boost.py::TestImportToolComprehensive::test_validate_source_valid_corpus PASSED [ 34%]
Run Tests (3.10)	UNKNOWN STEP	2025-08-21T04:35:38.7345811Z tests/unit/test_coverage_boost.py::TestImportToolComprehensive::test_validate_source_invalid_corpus PASSED [ 34%]
Run Tests (3.10)	UNKNOWN STEP	2025-08-21T04:35:38.7358057Z tests/unit/test_coverage_boost.py::TestImportToolComprehensive::test_validate_source_valid_file PASSED [ 35%]
Run Tests (3.10)	UNKNOWN STEP	2025-08-21T04:35:38.7371496Z tests/unit/test_coverage_boost.py::TestImportToolComprehensive::test_validate_source_invalid_file PASSED [ 35%]
Run Tests (3.10)	UNKNOWN STEP	2025-08-21T04:35:38.7384506Z tests/unit/test_coverage_boost.py::TestImportToolComprehensive::test_validate_source_valid_text PASSED [ 35%]
Run Tests (3.10)	UNKNOWN STEP	2025-08-21T04:35:38.7397106Z tests/unit/test_coverage_boost.py::TestImportToolComprehensive::test_validate_source_invalid_text PASSED [ 35%]
Run Tests (3.10)	UNKNOWN STEP	2025-08-21T04:35:38.7410011Z tests/unit/test_coverage_boost.py::TestImportToolComprehensive::test_validate_source_unknown_type PASSED [ 36%]
Run Tests (3.10)	UNKNOWN STEP	2025-08-21T04:35:38.7461728Z tests/unit/test_coverage_boost.py::TestImportToolComprehensive::test_import_from_corpus_not_found PASSED [ 36%]
Run Tests (3.10)	UNKNOWN STEP	2025-08-21T04:35:38.7481807Z tests/unit/test_coverage_boost.py::TestImportToolComprehensive::test_import_from_file_not_found PASSED [ 36%]
Run Tests (3.10)	UNKNOWN STEP	2025-08-21T04:35:38.7507734Z tests/unit/test_coverage_boost.py::TestImportToolComprehensive::test_import_from_text_invalid PASSED [ 36%]
Run Tests (3.10)	UNKNOWN STEP	2025-08-21T04:35:38.7556826Z tests/unit/test_coverage_boost.py::TestImportToolComprehensive::test_handle_import_validation_error PASSED [ 37%]
Run Tests (3.10)	UNKNOWN STEP	2025-08-21T04:35:38.7576510Z tests/unit/test_coverage_boost.py::TestImportToolComprehensive::test_handle_import_unknown_type PASSED [ 37%]
Run Tests (3.10)	UNKNOWN STEP	2025-08-21T04:35:38.7604212Z tests/unit/test_coverage_boost.py::TestImportToolComprehensive::test_handle_import_none_score PASSED [ 37%]
Run Tests (3.10)	UNKNOWN STEP	2025-08-21T04:35:38.7616931Z tests/unit/test_coverage_boost.py::TestImportToolComprehensive::test_get_file_extension PASSED [ 38%]
Run Tests (3.10)	UNKNOWN STEP	2025-08-21T04:35:38.7634446Z tests/unit/test_coverage_boost.py::TestServerMinimalCoverage::test_server_minimal_imports PASSED [ 38%]
Run Tests (3.10)	UNKNOWN STEP	2025-08-21T04:35:38.7651348Z tests/unit/test_coverage_boost.py::TestServerMinimalCoverage::test_server_minimal_constants PASSED [ 38%]
Run Tests (3.10)	UNKNOWN STEP	2025-08-21T04:35:38.7687367Z tests/unit/test_coverage_boost.py::TestPerformanceOptimizationsCoverage::test_performance_optimizer_parallel_empty PASSED [ 38%]
Run Tests (3.10)	UNKNOWN STEP	2025-08-21T04:35:38.7739050Z tests/unit/test_coverage_boost.py::TestPerformanceOptimizationsCoverage::test_performance_optimizer_parallel_single PASSED [ 39%]
Run Tests (3.10)	UNKNOWN STEP	2025-08-21T04:35:38.7775500Z tests/unit/test_coverage_boost.py::TestPerformanceOptimizationsCoverage::test_performance_optimizer_cache_stats PASSED [ 39%]
Run Tests (3.10)	UNKNOWN STEP	2025-08-21T04:35:38.7812528Z tests/unit/test_coverage_boost.py::TestPerformanceOptimizationsCoverage::test_performance_optimizer_clear_cache PASSED [ 39%]
Run Tests (3.10)	UNKNOWN STEP	2025-08-21T04:35:38.7830021Z tests/unit/test_coverage_boost.py::TestPerformanceOptimizationsCoverage::test_optimized_tools_error_handling PASSED [ 39%]
Run Tests (3.10)	UNKNOWN STEP	2025-08-21T04:35:38.8691195Z tests/unit/test_coverage_boost.py::TestAdditionalErrorPaths::test_resource_manager_singleton_pattern PASSED [ 40%]
Run Tests (3.10)	UNKNOWN STEP	2025-08-21T04:35:38.8718581Z tests/unit/test_coverage_boost.py::TestAdditionalErrorPaths::test_score_storage_concurrent_access PASSED [ 40%]
Run Tests (3.10)	UNKNOWN STEP	2025-08-21T04:35:38.8732149Z tests/unit/test_coverage_boost.py::TestAdditionalErrorPaths::test_import_tool_source_sanitization PASSED [ 40%]
Run Tests (3.10)	UNKNOWN STEP	2025-08-21T04:35:38.8761802Z tests/unit/test_coverage_boost.py::TestAdditionalErrorPaths::test_async_error_propagation PASSED [ 40%]
Run Tests (3.10)	UNKNOWN STEP	2025-08-21T04:35:38.8773173Z tests/unit/test_coverage_boost.py::test_coverage_target_reached PASSED   [ 41%]
Run Tests (3.10)	UNKNOWN STEP	2025-08-21T04:35:38.8784830Z tests/unit/test_coverage_boost.py::test_import_all_modules PASSED        [ 41%]
Run Tests (3.10)	UNKNOWN STEP	2025-08-21T04:35:38.8796713Z tests/unit/test_coverage_boost_simple.py::TestBaseTool::test_base_tool_initialization PASSED [ 41%]
Run Tests (3.10)	UNKNOWN STEP	2025-08-21T04:35:38.8808701Z tests/unit/test_coverage_boost_simple.py::TestBaseTool::test_base_tool_logging PASSED [ 42%]
Run Tests (3.10)	UNKNOWN STEP	2025-08-21T04:35:38.8820399Z tests/unit/test_coverage_boost_simple.py::TestBaseTool::test_base_tool_error_handling_context PASSED [ 42%]
Run Tests (3.10)	UNKNOWN STEP	2025-08-21T04:35:38.8831991Z tests/unit/test_coverage_boost_simple.py::TestBaseTool::test_base_tool_create_error_response PASSED [ 42%]
Run Tests (3.10)	UNKNOWN STEP	2025-08-21T04:35:38.8844854Z tests/unit/test_coverage_boost_simple.py::TestBaseTool::test_base_tool_create_success_response PASSED [ 42%]
Run Tests (3.10)	UNKNOWN STEP	2025-08-21T04:35:38.8856381Z tests/unit/test_coverage_boost_simple.py::TestBaseTool::test_base_tool_validate_inputs_basic PASSED [ 43%]
Run Tests (3.10)	UNKNOWN STEP	2025-08-21T04:35:38.8869470Z tests/unit/test_coverage_boost_simple.py::TestBaseTool::test_base_tool_validate_score_exists PASSED [ 43%]
Run Tests (3.10)	UNKNOWN STEP	2025-08-21T04:35:38.8883945Z tests/unit/test_coverage_boost_simple.py::TestBaseTool::test_base_tool_get_score_metadata PASSED [ 43%]
Run Tests (3.10)	UNKNOWN STEP	2025-08-21T04:35:38.8897094Z tests/unit/test_coverage_boost_simple.py::TestBaseTool::test_base_tool_get_score_metadata_no_metadata PASSED [ 43%]
Run Tests (3.10)	UNKNOWN STEP	2025-08-21T04:35:40.0304463Z tests/unit/test_coverage_boost_simple.py::TestServices::test_music_analysis_service_initialization PASSED [ 44%]
Run Tests (3.10)	UNKNOWN STEP	2025-08-21T04:35:41.1652148Z tests/unit/test_coverage_boost_simple.py::TestServices::test_import_score_basic PASSED [ 44%]
Run Tests (3.10)	UNKNOWN STEP	2025-08-21T04:35:42.3083752Z tests/unit/test_coverage_boost_simple.py::TestServices::test_list_scores_empty PASSED [ 44%]
Run Tests (3.10)	UNKNOWN STEP	2025-08-21T04:35:43.4393985Z tests/unit/test_coverage_boost_simple.py::TestServices::test_list_scores_with_content PASSED [ 45%]
Run Tests (3.10)	UNKNOWN STEP	2025-08-21T04:35:44.5718735Z tests/unit/test_coverage_boost_simple.py::TestServices::test_delete_score_success PASSED [ 45%]
Run Tests (3.10)	UNKNOWN STEP	2025-08-21T04:35:45.7047925Z tests/unit/test_coverage_boost_simple.py::TestServices::test_delete_score_not_found PASSED [ 45%]
Run Tests (3.10)	UNKNOWN STEP	2025-08-21T04:35:46.8425877Z tests/unit/test_coverage_boost_simple.py::TestServices::test_get_score_info_basic PASSED [ 45%]
Run Tests (3.10)	UNKNOWN STEP	2025-08-21T04:35:47.9787041Z tests/unit/test_coverage_boost_simple.py::TestServices::test_get_available_tools PASSED [ 46%]
Run Tests (3.10)	UNKNOWN STEP	2025-08-21T04:35:49.1145613Z tests/unit/test_coverage_boost_simple.py::TestServices::test_get_score_count PASSED [ 46%]
Run Tests (3.10)	UNKNOWN STEP	2025-08-21T04:35:49.1157797Z tests/unit/test_coverage_boost_simple.py::TestAsyncExecutor::test_async_executor_imports PASSED [ 46%]
Run Tests (3.10)	UNKNOWN STEP	2025-08-21T04:35:49.1169703Z tests/unit/test_coverage_boost_simple.py::TestAsyncExecutor::test_task_context_manager_imports PASSED [ 46%]
Run Tests (3.10)	UNKNOWN STEP	2025-08-21T04:35:49.1190653Z tests/unit/test_coverage_boost_simple.py::TestAsyncExecutor::test_async_executor_initialization PASSED [ 47%]
Run Tests (3.10)	UNKNOWN STEP	2025-08-21T04:35:49.1213812Z tests/unit/test_coverage_boost_simple.py::TestAsyncExecutor::test_async_executor_basic_execution PASSED [ 47%]
Run Tests (3.10)	UNKNOWN STEP	2025-08-21T04:35:49.1225773Z tests/unit/test_coverage_boost_simple.py::TestPerformanceCache::test_performance_cache_imports PASSED [ 47%]
Run Tests (3.10)	UNKNOWN STEP	2025-08-21T04:35:49.1238033Z tests/unit/test_coverage_boost_simple.py::TestPerformanceCache::test_analysis_cache_decorator_imports PASSED [ 47%]
Run Tests (3.10)	UNKNOWN STEP	2025-08-21T04:35:49.1250046Z tests/unit/test_coverage_boost_simple.py::TestPerformanceCache::test_cache_manager_imports PASSED [ 48%]
Run Tests (3.10)	UNKNOWN STEP	2025-08-21T04:35:49.1262267Z tests/unit/test_coverage_boost_simple.py::TestPerformanceCache::test_performance_cache_initialization PASSED [ 48%]
Run Tests (3.10)	UNKNOWN STEP	2025-08-21T04:35:49.1274303Z tests/unit/test_coverage_boost_simple.py::TestPerformanceCache::test_cache_manager_initialization PASSED [ 48%]
Run Tests (3.10)	UNKNOWN STEP	2025-08-21T04:35:49.1285958Z tests/unit/test_coverage_boost_simple.py::TestObservability::test_observability_imports PASSED [ 49%]
Run Tests (3.10)	UNKNOWN STEP	2025-08-21T04:35:49.1297871Z tests/unit/test_coverage_boost_simple.py::TestObservability::test_performance_monitor_imports PASSED [ 49%]
Run Tests (3.10)	UNKNOWN STEP	2025-08-21T04:35:49.1309758Z tests/unit/test_coverage_boost_simple.py::TestObservability::test_metrics_collector_initialization PASSED [ 49%]
Run Tests (3.10)	UNKNOWN STEP	2025-08-21T04:35:49.1321575Z tests/unit/test_coverage_boost_simple.py::TestObservability::test_performance_monitor_initialization PASSED [ 49%]
Run Tests (3.10)	UNKNOWN STEP	2025-08-21T04:35:49.1333267Z tests/unit/test_coverage_boost_simple.py::TestParallelProcessor::test_parallel_processor_imports PASSED [ 50%]
Run Tests (3.10)	UNKNOWN STEP	2025-08-21T04:35:49.1344854Z tests/unit/test_coverage_boost_simple.py::TestParallelProcessor::test_task_queue_imports PASSED [ 50%]
Run Tests (3.10)	UNKNOWN STEP	2025-08-21T04:35:49.1358495Z tests/unit/test_coverage_boost_simple.py::TestParallelProcessor::test_parallel_processor_initialization PASSED [ 50%]
Run Tests (3.10)	UNKNOWN STEP	2025-08-21T04:35:49.1373170Z tests/unit/test_coverage_boost_simple.py::TestParallelProcessor::test_task_queue_initialization PASSED [ 50%]
Run Tests (3.10)	UNKNOWN STEP	2025-08-21T04:35:49.1439630Z tests/unit/test_coverage_boosters.py::TestCoverageBooster::test_chord_analysis_basic_execution_paths PASSED [ 51%]
Run Tests (3.10)	UNKNOWN STEP	2025-08-21T04:35:49.1491782Z tests/unit/test_coverage_boosters.py::TestCoverageBooster::test_counterpoint_basic_execution_paths PASSED [ 51%]
Run Tests (3.10)	UNKNOWN STEP	2025-08-21T04:35:50.2377024Z tests/unit/test_coverage_boosters.py::TestCoverageBooster::test_harmonization_basic_execution_paths PASSED [ 51%]
Run Tests (3.10)	UNKNOWN STEP	2025-08-21T04:35:50.2422662Z tests/unit/test_coverage_boosters.py::TestCoverageBooster::test_style_imitation_basic_execution_paths PASSED [ 52%]
Run Tests (3.10)	UNKNOWN STEP	2025-08-21T04:35:50.2439943Z tests/unit/test_coverage_boosters.py::TestCoverageBooster::test_import_tool_edge_cases PASSED [ 52%]
Run Tests (3.10)	UNKNOWN STEP	2025-08-21T04:35:50.2557889Z tests/unit/test_coverage_boosters.py::TestCoverageBooster::test_pattern_recognition_edge_cases PASSED [ 52%]
Run Tests (3.10)	UNKNOWN STEP	2025-08-21T04:35:50.2570252Z tests/unit/test_coverage_boosters.py::TestCoverageBooster::test_error_handling_coverage PASSED [ 52%]
Run Tests (3.10)	UNKNOWN STEP	2025-08-21T04:35:50.2582841Z tests/unit/test_delete_tool.py::TestDeleteScoreTool::test_tool_initialization PASSED [ 53%]
Run Tests (3.10)	UNKNOWN STEP	2025-08-21T04:35:50.2852479Z tests/unit/test_delete_tool.py::TestDeleteScoreTool::test_delete_existing_score PASSED [ 53%]
Run Tests (3.10)	UNKNOWN STEP	2025-08-21T04:35:50.2870383Z tests/unit/test_delete_tool.py::TestDeleteScoreTool::test_delete_nonexistent_score PASSED [ 53%]
Run Tests (3.10)	UNKNOWN STEP	2025-08-21T04:35:50.3132624Z tests/unit/test_delete_tool.py::TestDeleteScoreTool::test_delete_all_scores PASSED [ 53%]
Run Tests (3.10)	UNKNOWN STEP	2025-08-21T04:35:50.3388212Z tests/unit/test_delete_tool.py::TestDeleteScoreTool::test_delete_score_case_sensitive PASSED [ 54%]
Run Tests (3.10)	UNKNOWN STEP	2025-08-21T04:35:50.3406097Z tests/unit/test_delete_tool.py::TestDeleteScoreTool::test_delete_score_empty_id PASSED [ 54%]
Run Tests (3.10)	UNKNOWN STEP	2025-08-21T04:35:50.3674983Z tests/unit/test_delete_tool.py::TestDeleteScoreTool::test_delete_score_maintains_other_scores PASSED [ 54%]
Run Tests (3.10)	UNKNOWN STEP	2025-08-21T04:35:50.3687723Z tests/unit/test_export_tool.py::TestExportScoreTool::test_tool_initialization PASSED [ 54%]
Run Tests (3.10)	UNKNOWN STEP	2025-08-21T04:35:50.6586521Z tests/unit/test_export_tool.py::TestExportScoreTool::test_export_to_musicxml PASSED [ 55%]
Run Tests (3.10)	UNKNOWN STEP	2025-08-21T04:35:50.8006428Z tests/unit/test_export_tool.py::TestExportScoreTool::test_export_to_midi PASSED [ 55%]
Run Tests (3.10)	UNKNOWN STEP	2025-08-21T04:35:50.8277190Z tests/unit/test_export_tool.py::TestExportScoreTool::test_export_to_pdf PASSED [ 55%]
Run Tests (3.10)	UNKNOWN STEP	2025-08-21T04:35:50.8296078Z tests/unit/test_export_tool.py::TestExportScoreTool::test_export_nonexistent_score PASSED [ 56%]
Run Tests (3.10)	UNKNOWN STEP	2025-08-21T04:35:50.8551939Z tests/unit/test_export_tool.py::TestExportScoreTool::test_export_invalid_format PASSED [ 56%]
Run Tests (3.10)	UNKNOWN STEP	2025-08-21T04:35:50.8811290Z tests/unit/test_export_tool.py::TestExportScoreTool::test_export_to_invalid_path PASSED [ 56%]
Run Tests (3.10)	UNKNOWN STEP	2025-08-21T04:35:51.2030106Z tests/unit/test_export_tool.py::TestExportScoreTool::test_export_all_supported_formats PASSED [ 56%]
Run Tests (3.10)	UNKNOWN STEP	2025-08-21T04:35:52.3678603Z tests/unit/test_harmonization_tool.py::TestHarmonizationToolInitialization::test_harmonization_tool_initialization PASSED [ 57%]
Run Tests (3.10)	UNKNOWN STEP	2025-08-21T04:35:53.4454954Z tests/unit/test_harmonization_tool.py::TestInputValidation::test_validate_inputs_missing_score PASSED [ 57%]
Run Tests (3.10)	UNKNOWN STEP	2025-08-21T04:35:54.5230942Z tests/unit/test_harmonization_tool.py::TestInputValidation::test_validate_inputs_invalid_style PASSED [ 57%]
Run Tests (3.10)	UNKNOWN STEP	2025-08-21T04:35:55.6006219Z tests/unit/test_harmonization_tool.py::TestInputValidation::test_validate_inputs_invalid_voice_parts PASSED [ 57%]
Run Tests (3.10)	UNKNOWN STEP	2025-08-21T04:35:56.6733985Z tests/unit/test_harmonization_tool.py::TestInputValidation::test_validate_inputs_duplicate_output_id PASSED [ 58%]
Run Tests (3.10)	UNKNOWN STEP	2025-08-21T04:35:57.7433856Z tests/unit/test_harmonization_tool.py::TestInputValidation::test_validate_inputs_valid_parameters PASSED [ 58%]
Run Tests (3.10)	UNKNOWN STEP	2025-08-21T04:35:58.8842760Z tests/unit/test_harmonization_tool.py::TestMelodyExtraction::test_extract_melody_from_single_part PASSED [ 58%]
Run Tests (3.10)	UNKNOWN STEP	2025-08-21T04:35:59.9510560Z tests/unit/test_harmonization_tool.py::TestMelodyExtraction::test_extract_melody_from_multipart_score PASSED [ 59%]
Run Tests (3.10)	UNKNOWN STEP	2025-08-21T04:36:01.0221161Z tests/unit/test_harmonization_tool.py::TestMelodyExtraction::test_extract_melody_empty_score PASSED [ 59%]
Run Tests (3.10)	UNKNOWN STEP	2025-08-21T04:36:02.1237177Z tests/unit/test_harmonization_tool.py::TestMelodyExtraction::test_analyze_melody_success PASSED [ 59%]
Run Tests (3.10)	UNKNOWN STEP	2025-08-21T04:36:03.1952247Z tests/unit/test_harmonization_tool.py::TestMelodyExtraction::test_analyze_melody_empty PASSED [ 59%]
Run Tests (3.10)	UNKNOWN STEP	2025-08-21T04:36:04.3396611Z tests/unit/test_harmonization_tool.py::TestMelodyExtraction::test_analyze_contour PASSED [ 60%]
Run Tests (3.10)	UNKNOWN STEP	2025-08-21T04:36:05.4103326Z tests/unit/test_harmonization_tool.py::TestMelodyExtraction::test_get_implied_harmony PASSED [ 60%]
Run Tests (3.10)	UNKNOWN STEP	2025-08-21T04:36:06.4806331Z tests/unit/test_harmonization_tool.py::TestClassicalHarmonization::test_harmonize_classical_success PASSED [ 60%]
Run Tests (3.10)	UNKNOWN STEP	2025-08-21T04:36:07.5533817Z tests/unit/test_harmonization_tool.py::TestClassicalHarmonization::test_harmonize_classical_with_constraints PASSED [ 60%]
Run Tests (3.10)	UNKNOWN STEP	2025-08-21T04:36:08.6248773Z tests/unit/test_harmonization_tool.py::TestClassicalHarmonization::test_harmonize_classical_voice_parts_3 PASSED [ 61%]
Run Tests (3.10)	UNKNOWN STEP	2025-08-21T04:36:09.6965415Z tests/unit/test_harmonization_tool.py::TestClassicalHarmonization::test_harmonize_classical_voice_parts_2 PASSED [ 61%]
Run Tests (3.10)	UNKNOWN STEP	2025-08-21T04:36:10.8385147Z tests/unit/test_harmonization_tool.py::TestClassicalHarmonization::test_generate_progression_classical PASSED [ 61%]
Run Tests (3.10)	UNKNOWN STEP	2025-08-21T04:36:11.9092090Z tests/unit/test_harmonization_tool.py::TestClassicalHarmonization::test_is_chord_compatible PASSED [ 61%]
Run Tests (3.10)	UNKNOWN STEP	2025-08-21T04:36:12.9791245Z tests/unit/test_harmonization_tool.py::TestClassicalHarmonization::test_realize_chord_classical PASSED [ 62%]
Run Tests (3.10)	UNKNOWN STEP	2025-08-21T04:36:14.0480583Z tests/unit/test_harmonization_tool.py::TestClassicalHarmonization::test_choose_alto_note PASSED [ 62%]
Run Tests (3.10)	UNKNOWN STEP	2025-08-21T04:36:15.1185583Z tests/unit/test_harmonization_tool.py::TestClassicalHarmonization::test_choose_tenor_note PASSED [ 62%]
Run Tests (3.10)	UNKNOWN STEP	2025-08-21T04:36:16.1894683Z tests/unit/test_harmonization_tool.py::TestJazzHarmonization::test_harmonize_jazz_success PASSED [ 63%]
Run Tests (3.10)	UNKNOWN STEP	2025-08-21T04:36:17.3453618Z tests/unit/test_harmonization_tool.py::TestJazzHarmonization::test_generate_progression_jazz PASSED [ 63%]
Run Tests (3.10)	UNKNOWN STEP	2025-08-21T04:36:18.4183350Z tests/unit/test_harmonization_tool.py::TestJazzHarmonization::test_generate_progression_jazz_no_substitutions PASSED [ 63%]
Run Tests (3.10)	UNKNOWN STEP	2025-08-21T04:36:19.4923361Z tests/unit/test_harmonization_tool.py::TestJazzHarmonization::test_create_jazz_voicing_maj7 PASSED [ 63%]
Run Tests (3.10)	UNKNOWN STEP	2025-08-21T04:36:20.5732647Z tests/unit/test_harmonization_tool.py::TestJazzHarmonization::test_create_jazz_voicing_dominant7 PASSED [ 64%]
Run Tests (3.10)	UNKNOWN STEP	2025-08-21T04:36:21.6411500Z tests/unit/test_harmonization_tool.py::TestJazzHarmonization::test_create_jazz_voicing_fallback PASSED [ 64%]
Run Tests (3.10)	UNKNOWN STEP	2025-08-21T04:36:22.7100832Z tests/unit/test_harmonization_tool.py::TestPopHarmonization::test_harmonize_pop_success PASSED [ 64%]
Run Tests (3.10)	UNKNOWN STEP	2025-08-21T04:36:23.8536115Z tests/unit/test_harmonization_tool.py::TestPopHarmonization::test_generate_progression_pop PASSED [ 64%]
Run Tests (3.10)	UNKNOWN STEP	2025-08-21T04:36:24.9238596Z tests/unit/test_harmonization_tool.py::TestPopHarmonization::test_create_pop_voicing_power_chord PASSED [ 65%]
Run Tests (3.10)	UNKNOWN STEP	2025-08-21T04:36:26.0029937Z tests/unit/test_harmonization_tool.py::TestPopHarmonization::test_create_pop_voicing_triad PASSED [ 65%]
Run Tests (3.10)	UNKNOWN STEP	2025-08-21T04:36:27.0713665Z tests/unit/test_harmonization_tool.py::TestPopHarmonization::test_create_pop_voicing_fallback PASSED [ 65%]
Run Tests (3.10)	UNKNOWN STEP	2025-08-21T04:36:28.1390583Z tests/unit/test_harmonization_tool.py::TestModalHarmonization::test_harmonize_modal_success PASSED [ 66%]
Run Tests (3.10)	UNKNOWN STEP	2025-08-21T04:36:29.2078780Z tests/unit/test_harmonization_tool.py::TestModalHarmonization::test_detect_mode_mixolydian PASSED [ 66%]
Run Tests (3.10)	UNKNOWN STEP	2025-08-21T04:36:30.3445345Z tests/unit/test_harmonization_tool.py::TestModalHarmonization::test_detect_mode_dorian PASSED [ 66%]
Run Tests (3.10)	UNKNOWN STEP	2025-08-21T04:36:31.4102073Z tests/unit/test_harmonization_tool.py::TestModalHarmonization::test_detect_mode_lydian PASSED [ 66%]
Run Tests (3.10)	UNKNOWN STEP	2025-08-21T04:36:32.4752877Z tests/unit/test_harmonization_tool.py::TestModalHarmonization::test_detect_mode_default PASSED [ 67%]
Run Tests (3.10)	UNKNOWN STEP	2025-08-21T04:36:33.5412829Z tests/unit/test_harmonization_tool.py::TestModalHarmonization::test_generate_progression_modal PASSED [ 67%]
Run Tests (3.10)	UNKNOWN STEP	2025-08-21T04:36:34.6192500Z tests/unit/test_harmonization_tool.py::TestModalHarmonization::test_create_modal_voicing PASSED [ 67%]
Run Tests (3.10)	UNKNOWN STEP	2025-08-21T04:36:35.6869935Z tests/unit/test_harmonization_tool.py::TestModalHarmonization::test_create_modal_voicing_fallback PASSED [ 67%]
Run Tests (3.10)	UNKNOWN STEP	2025-08-21T04:36:36.8378939Z tests/unit/test_harmonization_tool.py::TestVoiceLeadingAnalysis::test_check_voice_leading_success PASSED [ 68%]
Run Tests (3.10)	UNKNOWN STEP	2025-08-21T04:36:37.9033307Z tests/unit/test_harmonization_tool.py::TestVoiceLeadingAnalysis::test_check_voice_leading_parallel_fifths PASSED [ 68%]
Run Tests (3.10)	UNKNOWN STEP	2025-08-21T04:36:38.9676794Z tests/unit/test_harmonization_tool.py::TestVoiceLeadingAnalysis::test_check_voice_leading_parallel_octaves PASSED [ 68%]
Run Tests (3.10)	UNKNOWN STEP	2025-08-21T04:36:40.0713779Z tests/unit/test_harmonization_tool.py::TestVoiceLeadingAnalysis::test_check_voice_leading_single_part PASSED [ 69%]
Run Tests (3.10)	UNKNOWN STEP	2025-08-21T04:36:41.1415657Z tests/unit/test_harmonization_tool.py::TestVoiceLeadingAnalysis::test_check_voice_leading_pop_style_leniency PASSED [ 69%]
Run Tests (3.10)	UNKNOWN STEP	2025-08-21T04:36:42.2112998Z tests/unit/test_harmonization_tool.py::TestUtilityMethods::test_analyze_harmonic_rhythm PASSED [ 69%]
Run Tests (3.10)	UNKNOWN STEP	2025-08-21T04:36:43.3796298Z tests/unit/test_harmonization_tool.py::TestUtilityMethods::test_analyze_harmonic_rhythm_empty PASSED [ 69%]
Run Tests (3.10)	UNKNOWN STEP	2025-08-21T04:36:44.4444148Z tests/unit/test_harmonization_tool.py::TestUtilityMethods::test_generate_explanations PASSED [ 70%]
Run Tests (3.10)	UNKNOWN STEP	2025-08-21T04:36:45.5099566Z tests/unit/test_harmonization_tool.py::TestUtilityMethods::test_get_style_characteristics PASSED [ 70%]
Run Tests (3.10)	UNKNOWN STEP	2025-08-21T04:36:46.5763451Z tests/unit/test_harmonization_tool.py::TestUtilityMethods::test_contains_progression PASSED [ 70%]
Run Tests (3.10)	UNKNOWN STEP	2025-08-21T04:36:47.6813585Z tests/unit/test_harmonization_tool.py::TestIntegrationAndEndToEnd::test_execute_complete_flow_classical PASSED [ 70%]
Run Tests (3.10)	UNKNOWN STEP	2025-08-21T04:36:48.9984464Z tests/unit/test_harmonization_tool.py::TestIntegrationAndEndToEnd::test_execute_complete_flow_all_styles PASSED [ 71%]
Run Tests (3.10)	UNKNOWN STEP	2025-08-21T04:36:50.1094074Z tests/unit/test_harmonization_tool.py::TestIntegrationAndEndToEnd::test_execute_with_constraints PASSED [ 71%]
Run Tests (3.10)	UNKNOWN STEP	2025-08-21T04:36:51.1770292Z tests/unit/test_harmonization_tool.py::TestIntegrationAndEndToEnd::test_execute_empty_melody_error PASSED [ 71%]
Run Tests (3.10)	UNKNOWN STEP	2025-08-21T04:36:51.7286425Z ##[error]The operation was canceled.
Run Tests (3.10)	UNKNOWN STEP	2025-08-21T04:36:51.7350536Z ##[group]Run actions/upload-artifact@v4
Run Tests (3.10)	UNKNOWN STEP	2025-08-21T04:36:51.7350801Z with:
Run Tests (3.10)	UNKNOWN STEP	2025-08-21T04:36:51.7350983Z   name: test-results-3.10
Run Tests (3.10)	UNKNOWN STEP	2025-08-21T04:36:51.7351186Z   path: junit/
Run Tests (3.10)	UNKNOWN STEP	2025-08-21T04:36:51.7351375Z   if-no-files-found: warn
Run Tests (3.10)	UNKNOWN STEP	2025-08-21T04:36:51.7351578Z   compression-level: 6
Run Tests (3.10)	UNKNOWN STEP	2025-08-21T04:36:51.7351774Z   overwrite: false
Run Tests (3.10)	UNKNOWN STEP	2025-08-21T04:36:51.7351962Z   include-hidden-files: false
Run Tests (3.10)	UNKNOWN STEP	2025-08-21T04:36:51.7352173Z env:
Run Tests (3.10)	UNKNOWN STEP	2025-08-21T04:36:51.7352332Z   PYTHON_VERSION: 3.11
Run Tests (3.10)	UNKNOWN STEP	2025-08-21T04:36:51.7352565Z   UV_CACHE_DIR: /home/runner/work/_temp/setup-uv-cache
Run Tests (3.10)	UNKNOWN STEP	2025-08-21T04:36:51.7352855Z ##[endgroup]
Run Tests (3.10)	UNKNOWN STEP	2025-08-21T04:36:51.9678894Z ##[warning]No files were found with the provided path: junit/. No artifacts will be uploaded.
Run Tests (3.10)	UNKNOWN STEP	2025-08-21T04:36:51.9900284Z Post job cleanup.
Run Tests (3.10)	UNKNOWN STEP	2025-08-21T04:36:52.0881683Z [command]/usr/bin/git version
Run Tests (3.10)	UNKNOWN STEP	2025-08-21T04:36:52.0913119Z git version 2.51.0
Run Tests (3.10)	UNKNOWN STEP	2025-08-21T04:36:52.0973764Z Temporarily overriding HOME='/home/runner/work/_temp/cf21bcfe-b8fa-43a0-8a91-ffa97567e775' before making global git config changes
Run Tests (3.10)	UNKNOWN STEP	2025-08-21T04:36:52.0976419Z Adding repository directory to the temporary git global config as a safe directory
Run Tests (3.10)	UNKNOWN STEP	2025-08-21T04:36:52.0981555Z [command]/usr/bin/git config --global --add safe.directory /home/runner/work/music21-mcp-server/music21-mcp-server
Run Tests (3.10)	UNKNOWN STEP	2025-08-21T04:36:52.1047728Z [command]/usr/bin/git config --local --name-only --get-regexp core\.sshCommand
Run Tests (3.10)	UNKNOWN STEP	2025-08-21T04:36:52.1093583Z [command]/usr/bin/git submodule foreach --recursive sh -c "git config --local --name-only --get-regexp 'core\.sshCommand' && git config --local --unset-all 'core.sshCommand' || :"
Run Tests (3.10)	UNKNOWN STEP	2025-08-21T04:36:52.1435260Z [command]/usr/bin/git config --local --name-only --get-regexp http\.https\:\/\/github\.com\/\.extraheader
Run Tests (3.10)	UNKNOWN STEP	2025-08-21T04:36:52.1445929Z http.https://github.com/.extraheader
Run Tests (3.10)	UNKNOWN STEP	2025-08-21T04:36:52.1462061Z [command]/usr/bin/git config --local --unset-all http.https://github.com/.extraheader
Run Tests (3.10)	UNKNOWN STEP	2025-08-21T04:36:52.1504549Z [command]/usr/bin/git submodule foreach --recursive sh -c "git config --local --name-only --get-regexp 'http\.https\:\/\/github\.com\/\.extraheader' && git config --local --unset-all 'http.https://github.com/.extraheader' || :"
Run Tests (3.10)	UNKNOWN STEP	2025-08-21T04:36:52.1891515Z Cleaning up orphan processes
Run Tests (3.10)	UNKNOWN STEP	2025-08-21T04:36:52.2173284Z Terminate orphan process: pid (4225) (uv)
Run Tests (3.10)	UNKNOWN STEP	2025-08-21T04:36:52.2198486Z Terminate orphan process: pid (4228) (pytest)
Build Documentation	UNKNOWN STEP	﻿2025-08-21T04:32:21.0006494Z Current runner version: '2.328.0'
Build Documentation	UNKNOWN STEP	2025-08-21T04:32:21.0029181Z ##[group]Runner Image Provisioner
Build Documentation	UNKNOWN STEP	2025-08-21T04:32:21.0030156Z Hosted Compute Agent
Build Documentation	UNKNOWN STEP	2025-08-21T04:32:21.0030748Z Version: 20250818.377
Build Documentation	UNKNOWN STEP	2025-08-21T04:32:21.0031373Z Commit: 3c593e9f75fe0b87e893bca80d6e12ba089c61fc
Build Documentation	UNKNOWN STEP	2025-08-21T04:32:21.0032078Z Build Date: 2025-08-18T14:52:18Z
Build Documentation	UNKNOWN STEP	2025-08-21T04:32:21.0032711Z ##[endgroup]
Build Documentation	UNKNOWN STEP	2025-08-21T04:32:21.0033223Z ##[group]Operating System
Build Documentation	UNKNOWN STEP	2025-08-21T04:32:21.0033782Z Ubuntu
Build Documentation	UNKNOWN STEP	2025-08-21T04:32:21.0034299Z 24.04.2
Build Documentation	UNKNOWN STEP	2025-08-21T04:32:21.0034753Z LTS
Build Documentation	UNKNOWN STEP	2025-08-21T04:32:21.0035248Z ##[endgroup]
Build Documentation	UNKNOWN STEP	2025-08-21T04:32:21.0035693Z ##[group]Runner Image
Build Documentation	UNKNOWN STEP	2025-08-21T04:32:21.0036299Z Image: ubuntu-24.04
Build Documentation	UNKNOWN STEP	2025-08-21T04:32:21.0036770Z Version: 20250818.1.0
Build Documentation	UNKNOWN STEP	2025-08-21T04:32:21.0037748Z Included Software: https://github.com/actions/runner-images/blob/ubuntu24/20250818.1/images/ubuntu/Ubuntu2404-Readme.md
Build Documentation	UNKNOWN STEP	2025-08-21T04:32:21.0039399Z Image Release: https://github.com/actions/runner-images/releases/tag/ubuntu24%2F20250818.1
Build Documentation	UNKNOWN STEP	2025-08-21T04:32:21.0040746Z ##[endgroup]
Build Documentation	UNKNOWN STEP	2025-08-21T04:32:21.0041791Z ##[group]GITHUB_TOKEN Permissions
Build Documentation	UNKNOWN STEP	2025-08-21T04:32:21.0043615Z Contents: read
Build Documentation	UNKNOWN STEP	2025-08-21T04:32:21.0044269Z Metadata: read
Build Documentation	UNKNOWN STEP	2025-08-21T04:32:21.0044817Z Packages: read
Build Documentation	UNKNOWN STEP	2025-08-21T04:32:21.0045335Z ##[endgroup]
Build Documentation	UNKNOWN STEP	2025-08-21T04:32:21.0047508Z Secret source: Actions
Build Documentation	UNKNOWN STEP	2025-08-21T04:32:21.0048200Z Prepare workflow directory
Build Documentation	UNKNOWN STEP	2025-08-21T04:32:21.0437908Z Prepare all required actions
Build Documentation	UNKNOWN STEP	2025-08-21T04:32:21.0476910Z Getting action download info
Build Documentation	UNKNOWN STEP	2025-08-21T04:32:21.4752756Z Download action repository 'actions/checkout@v4' (SHA:08eba0b27e820071cde6df949e0beb9ba4906955)
Build Documentation	UNKNOWN STEP	2025-08-21T04:32:21.5636271Z Download action repository 'astral-sh/setup-uv@v3' (SHA:caf0cab7a618c569241d31dcd442f54681755d39)
Build Documentation	UNKNOWN STEP	2025-08-21T04:32:22.1699554Z Complete job name: Build Documentation
Build Documentation	UNKNOWN STEP	2025-08-21T04:32:22.2449666Z ##[group]Run actions/checkout@v4
Build Documentation	UNKNOWN STEP	2025-08-21T04:32:22.2450784Z with:
Build Documentation	UNKNOWN STEP	2025-08-21T04:32:22.2451277Z   repository: brightlikethelight/music21-mcp-server
Build Documentation	UNKNOWN STEP	2025-08-21T04:32:22.2452043Z   token: ***
Build Documentation	UNKNOWN STEP	2025-08-21T04:32:22.2452452Z   ssh-strict: true
Build Documentation	UNKNOWN STEP	2025-08-21T04:32:22.2452846Z   ssh-user: git
Build Documentation	UNKNOWN STEP	2025-08-21T04:32:22.2453251Z   persist-credentials: true
Build Documentation	UNKNOWN STEP	2025-08-21T04:32:22.2453695Z   clean: true
Build Documentation	UNKNOWN STEP	2025-08-21T04:32:22.2454099Z   sparse-checkout-cone-mode: true
Build Documentation	UNKNOWN STEP	2025-08-21T04:32:22.2454567Z   fetch-depth: 1
Build Documentation	UNKNOWN STEP	2025-08-21T04:32:22.2454956Z   fetch-tags: false
Build Documentation	UNKNOWN STEP	2025-08-21T04:32:22.2455342Z   show-progress: true
Build Documentation	UNKNOWN STEP	2025-08-21T04:32:22.2455750Z   lfs: false
Build Documentation	UNKNOWN STEP	2025-08-21T04:32:22.2456119Z   submodules: false
Build Documentation	UNKNOWN STEP	2025-08-21T04:32:22.2456517Z   set-safe-directory: true
Build Documentation	UNKNOWN STEP	2025-08-21T04:32:22.2457149Z env:
Build Documentation	UNKNOWN STEP	2025-08-21T04:32:22.2457522Z   PYTHON_VERSION: 3.11
Build Documentation	UNKNOWN STEP	2025-08-21T04:32:22.2457953Z   UV_CACHE_DIR: /tmp/.uv-cache
Build Documentation	UNKNOWN STEP	2025-08-21T04:32:22.2458397Z ##[endgroup]
Build Documentation	UNKNOWN STEP	2025-08-21T04:32:22.3523493Z Syncing repository: brightlikethelight/music21-mcp-server
Build Documentation	UNKNOWN STEP	2025-08-21T04:32:22.3525389Z ##[group]Getting Git version info
Build Documentation	UNKNOWN STEP	2025-08-21T04:32:22.3526176Z Working directory is '/home/runner/work/music21-mcp-server/music21-mcp-server'
Build Documentation	UNKNOWN STEP	2025-08-21T04:32:22.3527261Z [command]/usr/bin/git version
Build Documentation	UNKNOWN STEP	2025-08-21T04:32:22.3563548Z git version 2.51.0
Build Documentation	UNKNOWN STEP	2025-08-21T04:32:22.3589408Z ##[endgroup]
Build Documentation	UNKNOWN STEP	2025-08-21T04:32:22.3611119Z Temporarily overriding HOME='/home/runner/work/_temp/99370eef-367f-4134-97ba-6cce851385c3' before making global git config changes
Build Documentation	UNKNOWN STEP	2025-08-21T04:32:22.3612648Z Adding repository directory to the temporary git global config as a safe directory
Build Documentation	UNKNOWN STEP	2025-08-21T04:32:22.3616530Z [command]/usr/bin/git config --global --add safe.directory /home/runner/work/music21-mcp-server/music21-mcp-server
Build Documentation	UNKNOWN STEP	2025-08-21T04:32:22.3650298Z Deleting the contents of '/home/runner/work/music21-mcp-server/music21-mcp-server'
Build Documentation	UNKNOWN STEP	2025-08-21T04:32:22.3653673Z ##[group]Initializing the repository
Build Documentation	UNKNOWN STEP	2025-08-21T04:32:22.3657471Z [command]/usr/bin/git init /home/runner/work/music21-mcp-server/music21-mcp-server
Build Documentation	UNKNOWN STEP	2025-08-21T04:32:22.3735939Z hint: Using 'master' as the name for the initial branch. This default branch name
Build Documentation	UNKNOWN STEP	2025-08-21T04:32:22.3737593Z hint: is subject to change. To configure the initial branch name to use in all
Build Documentation	UNKNOWN STEP	2025-08-21T04:32:22.3739058Z hint: of your new repositories, which will suppress this warning, call:
Build Documentation	UNKNOWN STEP	2025-08-21T04:32:22.3740419Z hint:
Build Documentation	UNKNOWN STEP	2025-08-21T04:32:22.3741318Z hint: 	git config --global init.defaultBranch <name>
Build Documentation	UNKNOWN STEP	2025-08-21T04:32:22.3742374Z hint:
Build Documentation	UNKNOWN STEP	2025-08-21T04:32:22.3743356Z hint: Names commonly chosen instead of 'master' are 'main', 'trunk' and
Build Documentation	UNKNOWN STEP	2025-08-21T04:32:22.3745000Z hint: 'development'. The just-created branch can be renamed via this command:
Build Documentation	UNKNOWN STEP	2025-08-21T04:32:22.3746299Z hint:
Build Documentation	UNKNOWN STEP	2025-08-21T04:32:22.3746933Z hint: 	git branch -m <name>
Build Documentation	UNKNOWN STEP	2025-08-21T04:32:22.3747681Z hint:
Build Documentation	UNKNOWN STEP	2025-08-21T04:32:22.3748659Z hint: Disable this message with "git config set advice.defaultBranchName false"
Build Documentation	UNKNOWN STEP	2025-08-21T04:32:22.3750889Z Initialized empty Git repository in /home/runner/work/music21-mcp-server/music21-mcp-server/.git/
Build Documentation	UNKNOWN STEP	2025-08-21T04:32:22.3754088Z [command]/usr/bin/git remote add origin https://github.com/brightlikethelight/music21-mcp-server
Build Documentation	UNKNOWN STEP	2025-08-21T04:32:22.3789650Z ##[endgroup]
Build Documentation	UNKNOWN STEP	2025-08-21T04:32:22.3791104Z ##[group]Disabling automatic garbage collection
Build Documentation	UNKNOWN STEP	2025-08-21T04:32:22.3794577Z [command]/usr/bin/git config --local gc.auto 0
Build Documentation	UNKNOWN STEP	2025-08-21T04:32:22.3823346Z ##[endgroup]
Build Documentation	UNKNOWN STEP	2025-08-21T04:32:22.3824548Z ##[group]Setting up auth
Build Documentation	UNKNOWN STEP	2025-08-21T04:32:22.3830801Z [command]/usr/bin/git config --local --name-only --get-regexp core\.sshCommand
Build Documentation	UNKNOWN STEP	2025-08-21T04:32:22.3861179Z [command]/usr/bin/git submodule foreach --recursive sh -c "git config --local --name-only --get-regexp 'core\.sshCommand' && git config --local --unset-all 'core.sshCommand' || :"
Build Documentation	UNKNOWN STEP	2025-08-21T04:32:22.4138939Z [command]/usr/bin/git config --local --name-only --get-regexp http\.https\:\/\/github\.com\/\.extraheader
Build Documentation	UNKNOWN STEP	2025-08-21T04:32:22.4169571Z [command]/usr/bin/git submodule foreach --recursive sh -c "git config --local --name-only --get-regexp 'http\.https\:\/\/github\.com\/\.extraheader' && git config --local --unset-all 'http.https://github.com/.extraheader' || :"
Build Documentation	UNKNOWN STEP	2025-08-21T04:32:22.4386763Z [command]/usr/bin/git config --local http.https://github.com/.extraheader AUTHORIZATION: basic ***
Build Documentation	UNKNOWN STEP	2025-08-21T04:32:22.4429651Z ##[endgroup]
Build Documentation	UNKNOWN STEP	2025-08-21T04:32:22.4431287Z ##[group]Fetching the repository
Build Documentation	UNKNOWN STEP	2025-08-21T04:32:22.4439235Z [command]/usr/bin/git -c protocol.version=2 fetch --no-tags --prune --no-recurse-submodules --depth=1 origin +9d8df043cf11fb0d04458db3b85ff4ca4514fbe1:refs/remotes/origin/main
Build Documentation	UNKNOWN STEP	2025-08-21T04:32:22.9643723Z From https://github.com/brightlikethelight/music21-mcp-server
Build Documentation	UNKNOWN STEP	2025-08-21T04:32:22.9645109Z  * [new ref]         9d8df043cf11fb0d04458db3b85ff4ca4514fbe1 -> origin/main
Build Documentation	UNKNOWN STEP	2025-08-21T04:32:22.9671328Z ##[endgroup]
Build Documentation	UNKNOWN STEP	2025-08-21T04:32:22.9673132Z ##[group]Determining the checkout info
Build Documentation	UNKNOWN STEP	2025-08-21T04:32:22.9675079Z ##[endgroup]
Build Documentation	UNKNOWN STEP	2025-08-21T04:32:22.9679177Z [command]/usr/bin/git sparse-checkout disable
Build Documentation	UNKNOWN STEP	2025-08-21T04:32:22.9720067Z [command]/usr/bin/git config --local --unset-all extensions.worktreeConfig
Build Documentation	UNKNOWN STEP	2025-08-21T04:32:22.9754789Z ##[group]Checking out the ref
Build Documentation	UNKNOWN STEP	2025-08-21T04:32:22.9757223Z [command]/usr/bin/git checkout --progress --force -B main refs/remotes/origin/main
Build Documentation	UNKNOWN STEP	2025-08-21T04:32:22.9929281Z Switched to a new branch 'main'
Build Documentation	UNKNOWN STEP	2025-08-21T04:32:22.9932389Z branch 'main' set up to track 'origin/main'.
Build Documentation	UNKNOWN STEP	2025-08-21T04:32:22.9938800Z ##[endgroup]
Build Documentation	UNKNOWN STEP	2025-08-21T04:32:22.9971594Z [command]/usr/bin/git log -1 --format=%H
Build Documentation	UNKNOWN STEP	2025-08-21T04:32:22.9993734Z 9d8df043cf11fb0d04458db3b85ff4ca4514fbe1
Build Documentation	UNKNOWN STEP	2025-08-21T04:32:23.0256223Z ##[group]Run astral-sh/setup-uv@v3
Build Documentation	UNKNOWN STEP	2025-08-21T04:32:23.0257294Z with:
Build Documentation	UNKNOWN STEP	2025-08-21T04:32:23.0257969Z   version: latest
Build Documentation	UNKNOWN STEP	2025-08-21T04:32:23.0259107Z   github-token: ***
Build Documentation	UNKNOWN STEP	2025-08-21T04:32:23.0260216Z   enable-cache: false
Build Documentation	UNKNOWN STEP	2025-08-21T04:32:23.0261147Z   cache-dependency-glob: **/uv.lock
Build Documentation	UNKNOWN STEP	2025-08-21T04:32:23.0262167Z   prune-cache: true
Build Documentation	UNKNOWN STEP	2025-08-21T04:32:23.0262915Z env:
Build Documentation	UNKNOWN STEP	2025-08-21T04:32:23.0263602Z   PYTHON_VERSION: 3.11
Build Documentation	UNKNOWN STEP	2025-08-21T04:32:23.0264471Z   UV_CACHE_DIR: /tmp/.uv-cache
Build Documentation	UNKNOWN STEP	2025-08-21T04:32:23.0265368Z ##[endgroup]
Build Documentation	UNKNOWN STEP	2025-08-21T04:32:23.1896414Z Downloading uv from "https://github.com/astral-sh/uv/releases/latest/download/uv-x86_64-unknown-linux-gnu.tar.gz" ...
Build Documentation	UNKNOWN STEP	2025-08-21T04:32:23.7276348Z [command]/usr/bin/tar xz --warning=no-unknown-keyword --overwrite -C /home/runner/work/_temp/27890f01-2f3d-46f8-86aa-a67f68b8c929 -f /home/runner/work/_temp/913971fb-6218-41e7-852e-5d3f39123814
Build Documentation	UNKNOWN STEP	2025-08-21T04:32:24.1240128Z Added /opt/hostedtoolcache/uv/0.8.12/x86_64 to the path
Build Documentation	UNKNOWN STEP	2025-08-21T04:32:24.1241383Z Added /home/runner/.local/bin to the path
Build Documentation	UNKNOWN STEP	2025-08-21T04:32:24.1245696Z Successfully installed uv version 0.8.12
Build Documentation	UNKNOWN STEP	2025-08-21T04:32:24.1268007Z Set UV_CACHE_DIR to /home/runner/work/_temp/setup-uv-cache
Build Documentation	UNKNOWN STEP	2025-08-21T04:32:24.1393229Z ##[group]Run uv python install 3.11
Build Documentation	UNKNOWN STEP	2025-08-21T04:32:24.1393817Z [36;1muv python install 3.11[0m
Build Documentation	UNKNOWN STEP	2025-08-21T04:32:24.1463564Z shell: /usr/bin/bash -e {0}
Build Documentation	UNKNOWN STEP	2025-08-21T04:32:24.1464051Z env:
Build Documentation	UNKNOWN STEP	2025-08-21T04:32:24.1464439Z   PYTHON_VERSION: 3.11
Build Documentation	UNKNOWN STEP	2025-08-21T04:32:24.1464928Z   UV_CACHE_DIR: /home/runner/work/_temp/setup-uv-cache
Build Documentation	UNKNOWN STEP	2025-08-21T04:32:24.1465446Z ##[endgroup]
Build Documentation	UNKNOWN STEP	2025-08-21T04:32:24.2409633Z Downloading cpython-3.11.13-linux-x86_64-gnu (download) (27.7MiB)
Build Documentation	UNKNOWN STEP	2025-08-21T04:32:25.0519184Z  Downloading cpython-3.11.13-linux-x86_64-gnu (download)
Build Documentation	UNKNOWN STEP	2025-08-21T04:32:25.0606032Z Installed Python 3.11.13 in 899ms
Build Documentation	UNKNOWN STEP	2025-08-21T04:32:25.0608129Z  + cpython-3.11.13-linux-x86_64-gnu (python3.11)
Build Documentation	UNKNOWN STEP	2025-08-21T04:32:25.0666227Z ##[group]Run uv sync --dev
Build Documentation	UNKNOWN STEP	2025-08-21T04:32:25.0666589Z [36;1muv sync --dev[0m
Build Documentation	UNKNOWN STEP	2025-08-21T04:32:25.0666883Z [36;1muv add --dev sphinx sphinx-rtd-theme[0m
Build Documentation	UNKNOWN STEP	2025-08-21T04:32:25.0709559Z shell: /usr/bin/bash -e {0}
Build Documentation	UNKNOWN STEP	2025-08-21T04:32:25.0709986Z env:
Build Documentation	UNKNOWN STEP	2025-08-21T04:32:25.0710210Z   PYTHON_VERSION: 3.11
Build Documentation	UNKNOWN STEP	2025-08-21T04:32:25.0710489Z   UV_CACHE_DIR: /home/runner/work/_temp/setup-uv-cache
Build Documentation	UNKNOWN STEP	2025-08-21T04:32:25.0710819Z ##[endgroup]
Build Documentation	UNKNOWN STEP	2025-08-21T04:32:25.2050895Z Using CPython 3.11.13
Build Documentation	UNKNOWN STEP	2025-08-21T04:32:25.2051688Z Creating virtual environment at: .venv
Build Documentation	UNKNOWN STEP	2025-08-21T04:32:25.2126046Z Resolved 104 packages in 0.98ms
Build Documentation	UNKNOWN STEP	2025-08-21T04:32:25.2241566Z    Building music21-mcp-server @ file:///home/runner/work/music21-mcp-server/music21-mcp-server
Build Documentation	UNKNOWN STEP	2025-08-21T04:32:25.2473880Z Downloading scipy (33.6MiB)
Build Documentation	UNKNOWN STEP	2025-08-21T04:32:25.2530221Z Downloading kiwisolver (1.4MiB)
Build Documentation	UNKNOWN STEP	2025-08-21T04:32:25.2535971Z Downloading matplotlib (8.2MiB)
Build Documentation	UNKNOWN STEP	2025-08-21T04:32:25.2540259Z Downloading cryptography (4.2MiB)
Build Documentation	UNKNOWN STEP	2025-08-21T04:32:25.2542778Z Downloading pygments (1.2MiB)
Build Documentation	UNKNOWN STEP	2025-08-21T04:32:25.2546693Z Downloading fonttools (4.7MiB)
Build Documentation	UNKNOWN STEP	2025-08-21T04:32:25.2557173Z Downloading numpy (16.1MiB)
Build Documentation	UNKNOWN STEP	2025-08-21T04:32:25.2563711Z Downloading pip (1.7MiB)
Build Documentation	UNKNOWN STEP	2025-08-21T04:32:25.2566020Z Downloading setuptools (1.1MiB)
Build Documentation	UNKNOWN STEP	2025-08-21T04:32:25.2582400Z Downloading pydantic-core (1.9MiB)
Build Documentation	UNKNOWN STEP	2025-08-21T04:32:25.2587785Z Downloading pillow (6.3MiB)
Build Documentation	UNKNOWN STEP	2025-08-21T04:32:25.2600129Z Downloading music21 (19.2MiB)
Build Documentation	UNKNOWN STEP	2025-08-21T04:32:25.7002814Z  Downloading kiwisolver
Build Documentation	UNKNOWN STEP	2025-08-21T04:32:25.7545820Z  Downloading pydantic-core
Build Documentation	UNKNOWN STEP	2025-08-21T04:32:25.8285993Z    Building midiutil==1.2.1
Build Documentation	UNKNOWN STEP	2025-08-21T04:32:26.0058526Z  Downloading pygments
Build Documentation	UNKNOWN STEP	2025-08-21T04:32:26.0279975Z  Downloading cryptography
Build Documentation	UNKNOWN STEP	2025-08-21T04:32:26.1187554Z  Downloading pip
Build Documentation	UNKNOWN STEP	2025-08-21T04:32:26.1333904Z  Downloading fonttools
Build Documentation	UNKNOWN STEP	2025-08-21T04:32:26.1536860Z  Downloading setuptools
Build Documentation	UNKNOWN STEP	2025-08-21T04:32:26.1603904Z  Downloading pillow
Build Documentation	UNKNOWN STEP	2025-08-21T04:32:26.3838552Z  Downloading matplotlib
Build Documentation	UNKNOWN STEP	2025-08-21T04:32:26.7630511Z       Built music21-mcp-server @ file:///home/runner/work/music21-mcp-server/music21-mcp-server
Build Documentation	UNKNOWN STEP	2025-08-21T04:32:26.7747944Z  Downloading numpy
Build Documentation	UNKNOWN STEP	2025-08-21T04:32:26.9626786Z       Built midiutil==1.2.1
Build Documentation	UNKNOWN STEP	2025-08-21T04:32:27.0438727Z  Downloading scipy
Build Documentation	UNKNOWN STEP	2025-08-21T04:32:27.6969494Z  Downloading music21
Build Documentation	UNKNOWN STEP	2025-08-21T04:32:27.6972348Z Prepared 98 packages in 2.48s
Build Documentation	UNKNOWN STEP	2025-08-21T04:32:27.9276461Z Installed 98 packages in 230ms
Build Documentation	UNKNOWN STEP	2025-08-21T04:32:27.9278993Z  + aiofiles==24.1.0
Build Documentation	UNKNOWN STEP	2025-08-21T04:32:27.9279579Z  + annotated-types==0.7.0
Build Documentation	UNKNOWN STEP	2025-08-21T04:32:27.9280261Z  + anyio==4.9.0
Build Documentation	UNKNOWN STEP	2025-08-21T04:32:27.9280653Z  + attrs==25.3.0
Build Documentation	UNKNOWN STEP	2025-08-21T04:32:27.9281046Z  + authlib==1.6.0
Build Documentation	UNKNOWN STEP	2025-08-21T04:32:27.9281430Z  + bandit==1.8.6
Build Documentation	UNKNOWN STEP	2025-08-21T04:32:27.9281818Z  + bleach==6.2.0
Build Documentation	UNKNOWN STEP	2025-08-21T04:32:27.9282211Z  + boolean-py==5.0
Build Documentation	UNKNOWN STEP	2025-08-21T04:32:27.9283177Z  + cachecontrol==0.14.3
Build Documentation	UNKNOWN STEP	2025-08-21T04:32:27.9283613Z  + cachetools==6.1.0
Build Documentation	UNKNOWN STEP	2025-08-21T04:32:27.9284011Z  + certifi==2025.7.14
Build Documentation	UNKNOWN STEP	2025-08-21T04:32:27.9284432Z  + cffi==1.17.1
Build Documentation	UNKNOWN STEP	2025-08-21T04:32:27.9284849Z  + chardet==5.2.0
Build Documentation	UNKNOWN STEP	2025-08-21T04:32:27.9285327Z  + charset-normalizer==3.4.2
Build Documentation	UNKNOWN STEP	2025-08-21T04:32:27.9285827Z  + click==8.2.1
Build Documentation	UNKNOWN STEP	2025-08-21T04:32:27.9286237Z  + contourpy==1.3.2
Build Documentation	UNKNOWN STEP	2025-08-21T04:32:27.9286664Z  + cryptography==45.0.5
Build Documentation	UNKNOWN STEP	2025-08-21T04:32:27.9287104Z  + cycler==0.12.1
Build Documentation	UNKNOWN STEP	2025-08-21T04:32:27.9287563Z  + cyclonedx-python-lib==9.1.0
Build Documentation	UNKNOWN STEP	2025-08-21T04:32:27.9288053Z  + defusedxml==0.7.1
Build Documentation	UNKNOWN STEP	2025-08-21T04:32:27.9288477Z  + dparse==0.6.4
Build Documentation	UNKNOWN STEP	2025-08-21T04:32:27.9288868Z  + exceptiongroup==1.3.0
Build Documentation	UNKNOWN STEP	2025-08-21T04:32:27.9289246Z  + fastapi==0.116.1
Build Documentation	UNKNOWN STEP	2025-08-21T04:32:27.9289564Z  + fastmcp==2.9.0
Build Documentation	UNKNOWN STEP	2025-08-21T04:32:27.9290061Z  + filelock==3.12.4
Build Documentation	UNKNOWN STEP	2025-08-21T04:32:27.9290399Z  + fonttools==4.59.0
Build Documentation	UNKNOWN STEP	2025-08-21T04:32:27.9290724Z  + h11==0.16.0
Build Documentation	UNKNOWN STEP	2025-08-21T04:32:27.9291022Z  + httpcore==1.0.9
Build Documentation	UNKNOWN STEP	2025-08-21T04:32:27.9291346Z  + httpx==0.28.1
Build Documentation	UNKNOWN STEP	2025-08-21T04:32:27.9291664Z  + httpx-sse==0.4.1
Build Documentation	UNKNOWN STEP	2025-08-21T04:32:27.9291965Z  + idna==3.10
Build Documentation	UNKNOWN STEP	2025-08-21T04:32:27.9292253Z  + jinja2==3.1.6
Build Documentation	UNKNOWN STEP	2025-08-21T04:32:27.9292546Z  + joblib==1.5.1
Build Documentation	UNKNOWN STEP	2025-08-21T04:32:27.9293129Z  + jsonpickle==4.1.1
Build Documentation	UNKNOWN STEP	2025-08-21T04:32:27.9293483Z  + jsonschema==4.25.0
Build Documentation	UNKNOWN STEP	2025-08-21T04:32:27.9293878Z  + jsonschema-specifications==2025.4.1
Build Documentation	UNKNOWN STEP	2025-08-21T04:32:27.9294325Z  + kiwisolver==1.4.8
Build Documentation	UNKNOWN STEP	2025-08-21T04:32:27.9294674Z  + license-expression==30.4.4
Build Documentation	UNKNOWN STEP	2025-08-21T04:32:27.9295079Z  + markdown-it-py==3.0.0
Build Documentation	UNKNOWN STEP	2025-08-21T04:32:27.9295429Z  + markupsafe==3.0.2
Build Documentation	UNKNOWN STEP	2025-08-21T04:32:27.9295777Z  + marshmallow==4.0.0
Build Documentation	UNKNOWN STEP	2025-08-21T04:32:27.9296102Z  + matplotlib==3.10.3
Build Documentation	UNKNOWN STEP	2025-08-21T04:32:27.9296429Z  + mcp==1.12.0
Build Documentation	UNKNOWN STEP	2025-08-21T04:32:27.9296726Z  + mdurl==0.1.2
Build Documentation	UNKNOWN STEP	2025-08-21T04:32:27.9297036Z  + midiutil==1.2.1
Build Documentation	UNKNOWN STEP	2025-08-21T04:32:27.9297376Z  + more-itertools==10.7.0
Build Documentation	UNKNOWN STEP	2025-08-21T04:32:27.9297724Z  + msgpack==1.1.1
Build Documentation	UNKNOWN STEP	2025-08-21T04:32:27.9298042Z  + music21==9.7.1
Build Documentation	UNKNOWN STEP	2025-08-21T04:32:27.9298680Z  + music21-mcp-server==1.0.0 (from file:///home/runner/work/music21-mcp-server/music21-mcp-server)
Build Documentation	UNKNOWN STEP	2025-08-21T04:32:27.9299419Z  + numpy==2.3.1
Build Documentation	UNKNOWN STEP	2025-08-21T04:32:27.9299746Z  + openapi-pydantic==0.5.1
Build Documentation	UNKNOWN STEP	2025-08-21T04:32:27.9300281Z  + packageurl-python==0.17.1
Build Documentation	UNKNOWN STEP	2025-08-21T04:32:27.9300670Z  + packaging==25.0
Build Documentation	UNKNOWN STEP	2025-08-21T04:32:27.9301015Z  + pathvalidate==3.3.1
Build Documentation	UNKNOWN STEP	2025-08-21T04:32:27.9301352Z  + pbr==6.1.1
Build Documentation	UNKNOWN STEP	2025-08-21T04:32:27.9301669Z  + pillow==11.3.0
Build Documentation	UNKNOWN STEP	2025-08-21T04:32:27.9301977Z  + pip==25.1.1
Build Documentation	UNKNOWN STEP	2025-08-21T04:32:27.9302274Z  + pip-api==0.0.34
Build Documentation	UNKNOWN STEP	2025-08-21T04:32:27.9302607Z  + pip-audit==2.9.0
Build Documentation	UNKNOWN STEP	2025-08-21T04:32:27.9302972Z  + pip-requirements-parser==32.0.1
Build Documentation	UNKNOWN STEP	2025-08-21T04:32:27.9303412Z  + platformdirs==4.3.8
Build Documentation	UNKNOWN STEP	2025-08-21T04:32:27.9303757Z  + psutil==6.0.0
Build Documentation	UNKNOWN STEP	2025-08-21T04:32:27.9304094Z  + py-serializable==2.1.0
Build Documentation	UNKNOWN STEP	2025-08-21T04:32:27.9304452Z  + pycparser==2.22
Build Documentation	UNKNOWN STEP	2025-08-21T04:32:27.9304821Z  + pydantic==2.11.7
Build Documentation	UNKNOWN STEP	2025-08-21T04:32:27.9305202Z  + pydantic-core==2.33.2
Build Documentation	UNKNOWN STEP	2025-08-21T04:32:27.9305575Z  + pydantic-settings==2.10.1
Build Documentation	UNKNOWN STEP	2025-08-21T04:32:27.9305974Z  + pygments==2.19.2
Build Documentation	UNKNOWN STEP	2025-08-21T04:32:27.9306288Z  + pyparsing==3.2.3
Build Documentation	UNKNOWN STEP	2025-08-21T04:32:27.9306638Z  + python-dateutil==2.9.0.post0
Build Documentation	UNKNOWN STEP	2025-08-21T04:32:27.9307048Z  + python-dotenv==1.1.1
Build Documentation	UNKNOWN STEP	2025-08-21T04:32:27.9307409Z  + python-multipart==0.0.20
Build Documentation	UNKNOWN STEP	2025-08-21T04:32:27.9307801Z  + pyyaml==6.0.2
Build Documentation	UNKNOWN STEP	2025-08-21T04:32:27.9308114Z  + referencing==0.36.2
Build Documentation	UNKNOWN STEP	2025-08-21T04:32:27.9308453Z  + requests==2.32.4
Build Documentation	UNKNOWN STEP	2025-08-21T04:32:27.9368938Z  + rich==14.0.0
Build Documentation	UNKNOWN STEP	2025-08-21T04:32:27.9369296Z  + rpds-py==0.26.0
Build Documentation	UNKNOWN STEP	2025-08-21T04:32:27.9369601Z  + ruamel-yaml==0.18.14
Build Documentation	UNKNOWN STEP	2025-08-21T04:32:27.9370108Z  + ruamel-yaml-clib==0.2.12
Build Documentation	UNKNOWN STEP	2025-08-21T04:32:27.9370459Z  + safety==3.2.9
Build Documentation	UNKNOWN STEP	2025-08-21T04:32:27.9370838Z  + safety-schemas==0.0.5
Build Documentation	UNKNOWN STEP	2025-08-21T04:32:27.9371212Z  + scipy==1.16.0
Build Documentation	UNKNOWN STEP	2025-08-21T04:32:27.9371574Z  + setuptools==80.9.0
Build Documentation	UNKNOWN STEP	2025-08-21T04:32:27.9372000Z  + shellingham==1.5.4
Build Documentation	UNKNOWN STEP	2025-08-21T04:32:27.9372390Z  + six==1.17.0
Build Documentation	UNKNOWN STEP	2025-08-21T04:32:27.9372711Z  + sniffio==1.3.1
Build Documentation	UNKNOWN STEP	2025-08-21T04:32:27.9373112Z  + sortedcontainers==2.4.0
Build Documentation	UNKNOWN STEP	2025-08-21T04:32:27.9373452Z  + sse-starlette==2.4.1
Build Documentation	UNKNOWN STEP	2025-08-21T04:32:27.9374024Z  + starlette==0.47.2
Build Documentation	UNKNOWN STEP	2025-08-21T04:32:27.9374330Z  + stevedore==5.4.1
Build Documentation	UNKNOWN STEP	2025-08-21T04:32:27.9374631Z  + toml==0.10.2
Build Documentation	UNKNOWN STEP	2025-08-21T04:32:27.9374916Z  + typer==0.16.0
Build Documentation	UNKNOWN STEP	2025-08-21T04:32:27.9375251Z  + typing-extensions==4.14.1
Build Documentation	UNKNOWN STEP	2025-08-21T04:32:27.9375622Z  + typing-inspection==0.4.1
Build Documentation	UNKNOWN STEP	2025-08-21T04:32:27.9376029Z  + urllib3==2.5.0
Build Documentation	UNKNOWN STEP	2025-08-21T04:32:27.9376333Z  + uvicorn==0.35.0
Build Documentation	UNKNOWN STEP	2025-08-21T04:32:27.9376659Z  + webcolors==24.11.1
Build Documentation	UNKNOWN STEP	2025-08-21T04:32:27.9376996Z  + webencodings==0.5.1
Build Documentation	UNKNOWN STEP	2025-08-21T04:32:28.3187777Z Resolved 120 packages in 316ms
Build Documentation	UNKNOWN STEP	2025-08-21T04:32:28.3494112Z    Building music21-mcp-server @ file:///home/runner/work/music21-mcp-server/music21-mcp-server
Build Documentation	UNKNOWN STEP	2025-08-21T04:32:28.3631101Z Downloading sphinx (3.4MiB)
Build Documentation	UNKNOWN STEP	2025-08-21T04:32:28.3631506Z Downloading babel (9.7MiB)
Build Documentation	UNKNOWN STEP	2025-08-21T04:32:28.5864871Z Downloading sphinx-rtd-theme (7.3MiB)
Build Documentation	UNKNOWN STEP	2025-08-21T04:32:28.6844908Z  Downloading sphinx-rtd-theme
Build Documentation	UNKNOWN STEP	2025-08-21T04:32:28.7197554Z  Downloading sphinx
Build Documentation	UNKNOWN STEP	2025-08-21T04:32:28.8278635Z  Downloading babel
Build Documentation	UNKNOWN STEP	2025-08-21T04:32:28.9118594Z       Built music21-mcp-server @ file:///home/runner/work/music21-mcp-server/music21-mcp-server
Build Documentation	UNKNOWN STEP	2025-08-21T04:32:28.9126220Z Prepared 16 packages in 564ms
Build Documentation	UNKNOWN STEP	2025-08-21T04:32:28.9132372Z Uninstalled 1 package in 0.49ms
Build Documentation	UNKNOWN STEP	2025-08-21T04:32:28.9655242Z Installed 16 packages in 52ms
Build Documentation	UNKNOWN STEP	2025-08-21T04:32:28.9655730Z  + alabaster==1.0.0
Build Documentation	UNKNOWN STEP	2025-08-21T04:32:28.9656061Z  + babel==2.17.0
Build Documentation	UNKNOWN STEP	2025-08-21T04:32:28.9656494Z  + docutils==0.21.2
Build Documentation	UNKNOWN STEP	2025-08-21T04:32:28.9656780Z  + imagesize==1.4.1
Build Documentation	UNKNOWN STEP	2025-08-21T04:32:28.9658723Z  ~ music21-mcp-server==1.0.0 (from file:///home/runner/work/music21-mcp-server/music21-mcp-server)
Build Documentation	UNKNOWN STEP	2025-08-21T04:32:28.9659439Z  + roman-numerals-py==3.1.0
Build Documentation	UNKNOWN STEP	2025-08-21T04:32:28.9659974Z  + snowballstemmer==3.0.1
Build Documentation	UNKNOWN STEP	2025-08-21T04:32:28.9660298Z  + sphinx==8.2.3
Build Documentation	UNKNOWN STEP	2025-08-21T04:32:28.9660602Z  + sphinx-rtd-theme==3.0.2
Build Documentation	UNKNOWN STEP	2025-08-21T04:32:28.9660954Z  + sphinxcontrib-applehelp==2.0.0
Build Documentation	UNKNOWN STEP	2025-08-21T04:32:28.9661327Z  + sphinxcontrib-devhelp==2.0.0
Build Documentation	UNKNOWN STEP	2025-08-21T04:32:28.9661731Z  + sphinxcontrib-htmlhelp==2.1.0
Build Documentation	UNKNOWN STEP	2025-08-21T04:32:28.9662526Z  + sphinxcontrib-jquery==4.1
Build Documentation	UNKNOWN STEP	2025-08-21T04:32:28.9662890Z  + sphinxcontrib-jsmath==1.0.1
Build Documentation	UNKNOWN STEP	2025-08-21T04:32:28.9663243Z  + sphinxcontrib-qthelp==2.0.0
Build Documentation	UNKNOWN STEP	2025-08-21T04:32:28.9663637Z  + sphinxcontrib-serializinghtml==2.0.0
Build Documentation	UNKNOWN STEP	2025-08-21T04:32:28.9798109Z ##[group]Run # Check if Sphinx docs exist and build them
Build Documentation	UNKNOWN STEP	2025-08-21T04:32:28.9798530Z [36;1m# Check if Sphinx docs exist and build them[0m
Build Documentation	UNKNOWN STEP	2025-08-21T04:32:28.9798868Z [36;1mif [ -d "docs" ] && [ -f "docs/Makefile" ]; then[0m
Build Documentation	UNKNOWN STEP	2025-08-21T04:32:28.9799188Z [36;1m  cd docs && uv run make html SPHINXOPTS="-W"[0m
Build Documentation	UNKNOWN STEP	2025-08-21T04:32:28.9799460Z [36;1melif [ -d "docs" ]; then[0m
Build Documentation	UNKNOWN STEP	2025-08-21T04:32:28.9800755Z [36;1m  echo "Documentation directory exists but no Sphinx Makefile found"[0m
Build Documentation	UNKNOWN STEP	2025-08-21T04:32:28.9801304Z [36;1m  echo "Validating markdown files instead..."[0m
Build Documentation	UNKNOWN STEP	2025-08-21T04:32:28.9801652Z [36;1m  find docs -name "*.md" -exec echo "✓ Found: {}" \;[0m
Build Documentation	UNKNOWN STEP	2025-08-21T04:32:28.9801938Z [36;1melse[0m
Build Documentation	UNKNOWN STEP	2025-08-21T04:32:28.9802216Z [36;1m  echo "No documentation directory found, skipping docs build"[0m
Build Documentation	UNKNOWN STEP	2025-08-21T04:32:28.9802529Z [36;1mfi[0m
Build Documentation	UNKNOWN STEP	2025-08-21T04:32:28.9843876Z shell: /usr/bin/bash -e {0}
Build Documentation	UNKNOWN STEP	2025-08-21T04:32:28.9844103Z env:
Build Documentation	UNKNOWN STEP	2025-08-21T04:32:28.9844309Z   PYTHON_VERSION: 3.11
Build Documentation	UNKNOWN STEP	2025-08-21T04:32:28.9844553Z   UV_CACHE_DIR: /home/runner/work/_temp/setup-uv-cache
Build Documentation	UNKNOWN STEP	2025-08-21T04:32:28.9844839Z ##[endgroup]
Build Documentation	UNKNOWN STEP	2025-08-21T04:32:28.9903969Z Documentation directory exists but no Sphinx Makefile found
Build Documentation	UNKNOWN STEP	2025-08-21T04:32:28.9904540Z Validating markdown files instead...
Build Documentation	UNKNOWN STEP	2025-08-21T04:32:28.9929361Z ✓ Found: docs/examples.md
Build Documentation	UNKNOWN STEP	2025-08-21T04:32:28.9938984Z ✓ Found: docs/architecture.md
Build Documentation	UNKNOWN STEP	2025-08-21T04:32:28.9948822Z ✓ Found: docs/MCP_EXAMPLES.md
Build Documentation	UNKNOWN STEP	2025-08-21T04:32:28.9958112Z ✓ Found: docs/MCP_TOOLS.md
Build Documentation	UNKNOWN STEP	2025-08-21T04:32:28.9967685Z ✓ Found: docs/git-workflow.md
Build Documentation	UNKNOWN STEP	2025-08-21T04:32:28.9977098Z ✓ Found: docs/WORKFLOW_TEMPLATES.md
Build Documentation	UNKNOWN STEP	2025-08-21T04:32:28.9987454Z ✓ Found: docs/getting-started.md
Build Documentation	UNKNOWN STEP	2025-08-21T04:32:28.9996822Z ✓ Found: docs/MCP_CATEGORIES.md
Build Documentation	UNKNOWN STEP	2025-08-21T04:32:29.0006359Z ✓ Found: docs/simplified-api.md
Build Documentation	UNKNOWN STEP	2025-08-21T04:32:29.0016067Z ✓ Found: docs/MCP_INSTALLATION.md
Build Documentation	UNKNOWN STEP	2025-08-21T04:32:29.0025584Z ✓ Found: docs/MCP_REGISTRY_SUBMISSION.md
Build Documentation	UNKNOWN STEP	2025-08-21T04:32:29.0083024Z Post job cleanup.
Build Documentation	UNKNOWN STEP	2025-08-21T04:32:29.1630136Z Post job cleanup.
Build Documentation	UNKNOWN STEP	2025-08-21T04:32:29.2545126Z [command]/usr/bin/git version
Build Documentation	UNKNOWN STEP	2025-08-21T04:32:29.2579735Z git version 2.51.0
Build Documentation	UNKNOWN STEP	2025-08-21T04:32:29.2623602Z Temporarily overriding HOME='/home/runner/work/_temp/df28c6a2-8c4c-4eb2-a0d3-69e9984d3cf3' before making global git config changes
Build Documentation	UNKNOWN STEP	2025-08-21T04:32:29.2624930Z Adding repository directory to the temporary git global config as a safe directory
Build Documentation	UNKNOWN STEP	2025-08-21T04:32:29.2630077Z [command]/usr/bin/git config --global --add safe.directory /home/runner/work/music21-mcp-server/music21-mcp-server
Build Documentation	UNKNOWN STEP	2025-08-21T04:32:29.2665751Z [command]/usr/bin/git config --local --name-only --get-regexp core\.sshCommand
Build Documentation	UNKNOWN STEP	2025-08-21T04:32:29.2698161Z [command]/usr/bin/git submodule foreach --recursive sh -c "git config --local --name-only --get-regexp 'core\.sshCommand' && git config --local --unset-all 'core.sshCommand' || :"
Build Documentation	UNKNOWN STEP	2025-08-21T04:32:29.2924145Z [command]/usr/bin/git config --local --name-only --get-regexp http\.https\:\/\/github\.com\/\.extraheader
Build Documentation	UNKNOWN STEP	2025-08-21T04:32:29.2944035Z http.https://github.com/.extraheader
Build Documentation	UNKNOWN STEP	2025-08-21T04:32:29.2956090Z [command]/usr/bin/git config --local --unset-all http.https://github.com/.extraheader
Build Documentation	UNKNOWN STEP	2025-08-21T04:32:29.2985979Z [command]/usr/bin/git submodule foreach --recursive sh -c "git config --local --name-only --get-regexp 'http\.https\:\/\/github\.com\/\.extraheader' && git config --local --unset-all 'http.https://github.com/.extraheader' || :"
Build Documentation	UNKNOWN STEP	2025-08-21T04:32:29.3306005Z Cleaning up orphan processes
